Compiling 1 files with Solc 0.8.30
Solc 0.8.30 finished in 554.97ms
Compiler run successful with warnings:
Warning (2519): This declaration shadows an existing declaration.
  --> src/Keys.sol:92:21:
   |
92 |     function record(bytes32 typeId, bytes memory data) internal pure returns (bytes32) {
   |                     ^^^^^^^^^^^^^^
Note: The shadowed declaration is here:
  --> src/Keys.sol:88:5:
   |
88 |     function typeId(bytes32 shape, bytes32[] memory refTypes, bytes32 ruleId) internal pure returns (bytes32) {
   |     ^ (Relevant source part starts here and spans across multiple lines).

Warning (2519): This declaration shadows an existing declaration.
  --> src/Keys.sol:97:29:
   |
97 |     function recordFromHash(bytes32 typeId, bytes32 bodyHash) internal pure returns (bytes32) {
   |                             ^^^^^^^^^^^^^^
Note: The shadowed declaration is here:
  --> src/Keys.sol:88:5:
   |
88 |     function typeId(bytes32 shape, bytes32[] memory refTypes, bytes32 ruleId) internal pure returns (bytes32) {
   |     ^ (Relevant source part starts here and spans across multiple lines).

Warning (2519): This declaration shadows an existing declaration.
   --> src/Keys.sol:117:22:
    |
117 |     function posting(bytes32 typeId, uint8 kind, uint8 ordinal, bytes32 valueKey) internal pure returns (bytes32) {
    |                      ^^^^^^^^^^^^^^
Note: The shadowed declaration is here:
  --> src/Keys.sol:88:5:
   |
88 |     function typeId(bytes32 shape, bytes32[] memory refTypes, bytes32 ruleId) internal pure returns (bytes32) {
   |     ^ (Relevant source part starts here and spans across multiple lines).

Warning (2519): This declaration shadows an existing declaration.
   --> src/Keys.sol:121:25:
    |
121 |     function byTypeList(bytes32 typeId) internal pure returns (bytes32) {
    |                         ^^^^^^^^^^^^^^
Note: The shadowed declaration is here:
  --> src/Keys.sol:88:5:
   |
88 |     function typeId(bytes32 shape, bytes32[] memory refTypes, bytes32 ruleId) internal pure returns (bytes32) {
   |     ^ (Relevant source part starts here and spans across multiple lines).

warning[unsafe-typecast]: typecasts that can truncate values should be checked
   ╭▸ test/NoteProfile.sol:21:31
   │
21 │         if(magic!=(version==0?bytes4("NTV1"):version==1?bytes4("NT11"):bytes4("NTV2")))return(false,"",false,false);
   │                               ━━━━━━━━━━━━━━
   │
   ├ note: consider disabling this lint if you're certain the cast is safe
   │
   │       // casting to 'bytes4' is safe because [explain why]
   │       // forge-lint: disable-next-line(unsafe-typecast)
   │
   │
   ╰ help: https://book.getfoundry.sh/reference/forge/forge-lint#unsafe-typecast

warning[unsafe-typecast]: typecasts that can truncate values should be checked
    ╭▸ src/TypeRegistry.sol:166:54
    │
166 │         _activation[typeId][1]=Activation(address(0),uint48(epoch),uint40(block.number),bytes32(0));
    │                                                      ━━━━━━━━━━━━━
    │
    ├ note: consider disabling this lint if you're certain the cast is safe
    │
    │       // casting to 'uint48' is safe because [explain why]
    │       // forge-lint: disable-next-line(unsafe-typecast)
    │
    │
    ╰ help: https://book.getfoundry.sh/reference/forge/forge-lint#unsafe-typecast

warning[unsafe-typecast]: typecasts that can truncate values should be checked
    ╭▸ src/Ledger.sol:312:55
    │
312 │         return keccak256(abi.encode(HEAD_SNAPSHOT_V2, uint8(meta), uint32(meta >> 8), uint64((meta >> 40) & GUARD), h.target));
    │                                                       ━━━━━━━━━━━
    │
    ├ note: consider disabling this lint if you're certain the cast is safe
    │
    │       // casting to 'uint8' is safe because [explain why]
    │       // forge-lint: disable-next-line(unsafe-typecast)
    │
    │
    ╰ help: https://book.getfoundry.sh/reference/forge/forge-lint#unsafe-typecast

warning[unsafe-typecast]: typecasts that can truncate values should be checked
    ╭▸ src/TypeRegistry.sol:246:59
    │
246 │         _activation[typeId][index] = Activation(acceptor, uint48(e), uint40(block.number), codehash);
    │                                                           ━━━━━━━━━
    │
    ├ note: consider disabling this lint if you're certain the cast is safe
    │
    │       // casting to 'uint48' is safe because [explain why]
    │       // forge-lint: disable-next-line(unsafe-typecast)
    │
    │
    ╰ help: https://book.getfoundry.sh/reference/forge/forge-lint#unsafe-typecast

warning[unsafe-typecast]: typecasts that can truncate values should be checked
   ╭▸ test/NoteProfile.sol:21:57
   │
21 │         if(magic!=(version==0?bytes4("NTV1"):version==1?bytes4("NT11"):bytes4("NTV2")))return(false,"",false,false);
   │                                                         ━━━━━━━━━━━━━━
   │
   ├ note: consider disabling this lint if you're certain the cast is safe
   │
   │       // casting to 'bytes4' is safe because [explain why]
   │       // forge-lint: disable-next-line(unsafe-typecast)
   │
   │
   ╰ help: https://book.getfoundry.sh/reference/forge/forge-lint#unsafe-typecast

warning[unsafe-typecast]: typecasts that can truncate values should be checked
   ╭▸ test/NoteProfile.sol:21:72
   │
21 │         if(magic!=(version==0?bytes4("NTV1"):version==1?bytes4("NT11"):bytes4("NTV2")))return(false,"",false,false);
   │                                                                        ━━━━━━━━━━━━━━
   │
   ├ note: consider disabling this lint if you're certain the cast is safe
   │
   │       // casting to 'bytes4' is safe because [explain why]
   │       // forge-lint: disable-next-line(unsafe-typecast)
   │
   │
   ╰ help: https://book.getfoundry.sh/reference/forge/forge-lint#unsafe-typecast

warning[unsafe-typecast]: typecasts that can truncate values should be checked
    ╭▸ src/IndexModule.sol:481:17
    │
481 │         return (uint64(hw), uint64(hw >> 64), uint64((hw >> 128) & GUARD), uint16(hw >> 176));
    │                 ━━━━━━━━━━
    │
    ├ note: consider disabling this lint if you're certain the cast is safe
    │
    │       // casting to 'uint64' is safe because [explain why]
    │       // forge-lint: disable-next-line(unsafe-typecast)
    │
    │
    ╰ help: https://book.getfoundry.sh/reference/forge/forge-lint#unsafe-typecast

warning[unsafe-typecast]: typecasts that can truncate values should be checked
    ╭▸ src/IndexModule.sol:481:29
    │
481 │         return (uint64(hw), uint64(hw >> 64), uint64((hw >> 128) & GUARD), uint16(hw >> 176));
    │                             ━━━━━━━━━━━━━━━━
    │
    ├ note: consider disabling this lint if you're certain the cast is safe
    │
    │       // casting to 'uint64' is safe because [explain why]
    │       // forge-lint: disable-next-line(unsafe-typecast)
    │
    │
    ╰ help: https://book.getfoundry.sh/reference/forge/forge-lint#unsafe-typecast

warning[unsafe-typecast]: typecasts that can truncate values should be checked
    ╭▸ src/IndexModule.sol:481:76
    │
481 │         return (uint64(hw), uint64(hw >> 64), uint64((hw >> 128) & GUARD), uint16(hw >> 176));
    │                                                                            ━━━━━━━━━━━━━━━━━
    │
    ├ note: consider disabling this lint if you're certain the cast is safe
    │
    │       // casting to 'uint16' is safe because [explain why]
    │       // forge-lint: disable-next-line(unsafe-typecast)
    │
    │
    ╰ help: https://book.getfoundry.sh/reference/forge/forge-lint#unsafe-typecast

warning[unsafe-typecast]: typecasts that can truncate values should be checked
    ╭▸ src/IndexModule.sol:486:13
    │
486 │         if (uint64(hw) == 1) return index == 0 ? (hw >> 128) & GUARD : 0;
    │             ━━━━━━━━━━
    │
    ├ note: consider disabling this lint if you're certain the cast is safe
    │
    │       // casting to 'uint64' is safe because [explain why]
    │       // forge-lint: disable-next-line(unsafe-typecast)
    │
    │
    ╰ help: https://book.getfoundry.sh/reference/forge/forge-lint#unsafe-typecast

warning[unsafe-typecast]: typecasts that can truncate values should be checked
    ╭▸ src/IndexModule.sol:492:24
    │
492 │         uint64 count = uint64(hw);
    │                        ━━━━━━━━━━
    │
    ├ note: consider disabling this lint if you're certain the cast is safe
    │
    │       // casting to 'uint64' is safe because [explain why]
    │       // forge-lint: disable-next-line(unsafe-typecast)
    │
    │
    ╰ help: https://book.getfoundry.sh/reference/forge/forge-lint#unsafe-typecast

warning[unsafe-typecast]: typecasts that can truncate values should be checked
    ╭▸ src/IndexModule.sol:501:24
    │
501 │         uint64 count = uint64(hw);
    │                        ━━━━━━━━━━
    │
    ├ note: consider disabling this lint if you're certain the cast is safe
    │
    │       // casting to 'uint64' is safe because [explain why]
    │       // forge-lint: disable-next-line(unsafe-typecast)
    │
    │
    ╰ help: https://book.getfoundry.sh/reference/forge/forge-lint#unsafe-typecast

warning[unsafe-typecast]: typecasts that can truncate values should be checked
    ╭▸ src/IndexModule.sol:502:23
    │
502 │         uint64 live = uint64(hw >> 64);
    │                       ━━━━━━━━━━━━━━━━
    │
    ├ note: consider disabling this lint if you're certain the cast is safe
    │
    │       // casting to 'uint64' is safe because [explain why]
    │       // forge-lint: disable-next-line(unsafe-typecast)
    │
    │
    ╰ help: https://book.getfoundry.sh/reference/forge/forge-lint#unsafe-typecast

warning[unsafe-typecast]: typecasts that can truncate values should be checked
    ╭▸ src/Ledger.sol:312:68
    │
312 │         return keccak256(abi.encode(HEAD_SNAPSHOT_V2, uint8(meta), uint32(meta >> 8), uint64((meta >> 40) & GUARD), h.target));
    │                                                                    ━━━━━━━━━━━━━━━━━
    │
    ├ note: consider disabling this lint if you're certain the cast is safe
    │
    │       // casting to 'uint32' is safe because [explain why]
    │       // forge-lint: disable-next-line(unsafe-typecast)
    │
    │
    ╰ help: https://book.getfoundry.sh/reference/forge/forge-lint#unsafe-typecast

warning[unsafe-typecast]: typecasts that can truncate values should be checked
    ╭▸ src/IndexModule.sol:516:23
    │
516 │         uint64 live = uint64(hw >> 64);
    │                       ━━━━━━━━━━━━━━━━
    │
    ├ note: consider disabling this lint if you're certain the cast is safe
    │
    │       // casting to 'uint64' is safe because [explain why]
    │       // forge-lint: disable-next-line(unsafe-typecast)
    │
    │
    ╰ help: https://book.getfoundry.sh/reference/forge/forge-lint#unsafe-typecast

warning[unsafe-typecast]: typecasts that can truncate values should be checked
    ╭▸ src/Ledger.sol:457:88
    │
457 │         emit Published(p.publication, p.publicationId, p.author, p.proofKind, p.first, uint16(n));
    │                                                                                        ━━━━━━━━━
    │
    ├ note: consider disabling this lint if you're certain the cast is safe
    │
    │       // casting to 'uint16' is safe because [explain why]
    │       // forge-lint: disable-next-line(unsafe-typecast)
    │
    │
    ╰ help: https://book.getfoundry.sh/reference/forge/forge-lint#unsafe-typecast

warning[unsafe-typecast]: typecasts that can truncate values should be checked
    ╭▸ src/Ledger.sol:478:17
    │
478 │         p.ord = uint64(c);
    │                 ━━━━━━━━━
    │
    ├ note: consider disabling this lint if you're certain the cast is safe
    │
    │       // casting to 'uint64' is safe because [explain why]
    │       // forge-lint: disable-next-line(unsafe-typecast)
    │
    │
    ╰ help: https://book.getfoundry.sh/reference/forge/forge-lint#unsafe-typecast

warning[unsafe-typecast]: typecasts that can truncate values should be checked
    ╭▸ src/Ledger.sol:479:21
    │
479 │         p.records = uint64(c >> 64);
    │                     ━━━━━━━━━━━━━━━
    │
    ├ note: consider disabling this lint if you're certain the cast is safe
    │
    │       // casting to 'uint64' is safe because [explain why]
    │       // forge-lint: disable-next-line(unsafe-typecast)
    │
    │
    ╰ help: https://book.getfoundry.sh/reference/forge/forge-lint#unsafe-typecast

warning[unsafe-typecast]: typecasts that can truncate values should be checked
    ╭▸ src/Ledger.sol:480:22
    │
480 │         p.bindings = uint64(c >> 128);
    │                      ━━━━━━━━━━━━━━━━
    │
    ├ note: consider disabling this lint if you're certain the cast is safe
    │
    │       // casting to 'uint64' is safe because [explain why]
    │       // forge-lint: disable-next-line(unsafe-typecast)
    │
    │
    ╰ help: https://book.getfoundry.sh/reference/forge/forge-lint#unsafe-typecast

warning[unsafe-typecast]: typecasts that can truncate values should be checked
    ╭▸ src/Ledger.sol:481:31
    │
481 │         uint64 publications = uint64(c >> 192);
    │                               ━━━━━━━━━━━━━━━━
    │
    ├ note: consider disabling this lint if you're certain the cast is safe
    │
    │       // casting to 'uint64' is safe because [explain why]
    │       // forge-lint: disable-next-line(unsafe-typecast)
    │
    │
    ╰ help: https://book.getfoundry.sh/reference/forge/forge-lint#unsafe-typecast

warning[unsafe-typecast]: typecasts that can truncate values should be checked
    ╭▸ src/Ledger.sol:482:21
    │
482 │         if (p.ord + uint64(n) >= GUARD || publications >= GUARD - 1) revert E_BOUNDS(1);
    │                     ━━━━━━━━━
    │
    ├ note: consider disabling this lint if you're certain the cast is safe
    │
    │       // casting to 'uint64' is safe because [explain why]
    │       // forge-lint: disable-next-line(unsafe-typecast)
    │
    │
    ╰ help: https://book.getfoundry.sh/reference/forge/forge-lint#unsafe-typecast

warning[unsafe-typecast]: typecasts that can truncate values should be checked
    ╭▸ src/Ledger.sol:488:36
    │
488 │         _writeEvidence(p, p.first, uint16(n));
    │                                    ━━━━━━━━━
    │
    ├ note: consider disabling this lint if you're certain the cast is safe
    │
    │       // casting to 'uint16' is safe because [explain why]
    │       // forge-lint: disable-next-line(unsafe-typecast)
    │
    │
    ╰ help: https://book.getfoundry.sh/reference/forge/forge-lint#unsafe-typecast

warning[unsafe-typecast]: typecasts that can truncate values should be checked
    ╭▸ src/Ledger.sol:645:40
    │
645 │         if (!ok || ret.length != 32 || bytes32(ret) != bytes32(uint256(1))) {
    │                                        ━━━━━━━━━━━━
    │
    ├ note: consider disabling this lint if you're certain the cast is safe
    │
    │       // casting to 'bytes32' is safe because [explain why]
    │       // forge-lint: disable-next-line(unsafe-typecast)
    │
    │
    ╰ help: https://book.getfoundry.sh/reference/forge/forge-lint#unsafe-typecast

warning[unsafe-typecast]: typecasts that can truncate values should be checked
    ╭▸ src/Ledger.sol:657:23
    │
657 │         uint8 state = uint8(meta);
    │                       ━━━━━━━━━━━
    │
    ├ note: consider disabling this lint if you're certain the cast is safe
    │
    │       // casting to 'uint8' is safe because [explain why]
    │       // forge-lint: disable-next-line(unsafe-typecast)
    │
    │
    ╰ help: https://book.getfoundry.sh/reference/forge/forge-lint#unsafe-typecast

warning[unsafe-typecast]: typecasts that can truncate values should be checked
    ╭▸ src/Ledger.sol:658:27
    │
658 │         uint32 revision = uint32(meta >> 8);
    │                           ━━━━━━━━━━━━━━━━━
    │
    ├ note: consider disabling this lint if you're certain the cast is safe
    │
    │       // casting to 'uint32' is safe because [explain why]
    │       // forge-lint: disable-next-line(unsafe-typecast)
    │
    │
    ╰ help: https://book.getfoundry.sh/reference/forge/forge-lint#unsafe-typecast

warning[unsafe-typecast]: typecasts that can truncate values should be checked
    ╭▸ src/Ledger.sol:706:13
    │
706 │         if (uint8(meta) != 1) revert E_NOT_LIVE(key);
    │             ━━━━━━━━━━━
    │
    ├ note: consider disabling this lint if you're certain the cast is safe
    │
    │       // casting to 'uint8' is safe because [explain why]
    │       // forge-lint: disable-next-line(unsafe-typecast)
    │
    │
    ╰ help: https://book.getfoundry.sh/reference/forge/forge-lint#unsafe-typecast

warning[unsafe-typecast]: typecasts that can truncate values should be checked
    ╭▸ src/Ledger.sol:707:27
    │
707 │         uint32 revision = uint32(meta >> 8);
    │                           ━━━━━━━━━━━━━━━━━
    │
    ├ note: consider disabling this lint if you're certain the cast is safe
    │
    │       // casting to 'uint32' is safe because [explain why]
    │       // forge-lint: disable-next-line(unsafe-typecast)
    │
    │
    ╰ help: https://book.getfoundry.sh/reference/forge/forge-lint#unsafe-typecast

warning[unsafe-typecast]: typecasts that can truncate values should be checked
    ╭▸ src/Ledger.sol:758:46
    │
758 │         AdmissionRow storage tr = _admission[uint64(t)];
    │                                              ━━━━━━━━━
    │
    ├ note: consider disabling this lint if you're certain the cast is safe
    │
    │       // casting to 'uint64' is safe because [explain why]
    │       // forge-lint: disable-next-line(unsafe-typecast)
    │
    │
    ╰ help: https://book.getfoundry.sh/reference/forge/forge-lint#unsafe-typecast

warning[unsafe-typecast]: typecasts that can truncate values should be checked
    ╭▸ src/Ledger.sol:760:20
    │
760 │         uint8 tk = uint8(tm & 0xF);
    │                    ━━━━━━━━━━━━━━━
    │
    ├ note: consider disabling this lint if you're certain the cast is safe
    │
    │       // casting to 'uint8' is safe because [explain why]
    │       // forge-lint: disable-next-line(unsafe-typecast)
    │
    │
    ╰ help: https://book.getfoundry.sh/reference/forge/forge-lint#unsafe-typecast

warning[unsafe-typecast]: typecasts that can truncate values should be checked
    ╭▸ src/Ledger.sol:915:22
    │
915 │         uint8 kind = uint8(m & 0xF);
    │                      ━━━━━━━━━━━━━━
    │
    ├ note: consider disabling this lint if you're certain the cast is safe
    │
    │       // casting to 'uint8' is safe because [explain why]
    │       // forge-lint: disable-next-line(unsafe-typecast)
    │
    │
    ╰ help: https://book.getfoundry.sh/reference/forge/forge-lint#unsafe-typecast

warning[unsafe-typecast]: typecasts that can truncate values should be checked
    ╭▸ src/Ledger.sol:919:22
    │
919 │         activation = uint16(m >> 152);
    │                      ━━━━━━━━━━━━━━━━
    │
    ├ note: consider disabling this lint if you're certain the cast is safe
    │
    │       // casting to 'uint16' is safe because [explain why]
    │       // forge-lint: disable-next-line(unsafe-typecast)
    │
    │
    ╰ help: https://book.getfoundry.sh/reference/forge/forge-lint#unsafe-typecast

warning[unsafe-typecast]: typecasts that can truncate values should be checked
    ╭▸ src/Ledger.sol:941:57
    │
941 │         return ok && data.length == 32 ? uint64(uint256(bytes32(data))) : 0;
    │                                                         ━━━━━━━━━━━━━
    │
    ├ note: consider disabling this lint if you're certain the cast is safe
    │
    │       // casting to 'bytes32' is safe because [explain why]
    │       // forge-lint: disable-next-line(unsafe-typecast)
    │
    │
    ╰ help: https://book.getfoundry.sh/reference/forge/forge-lint#unsafe-typecast

warning[unsafe-typecast]: typecasts that can truncate values should be checked
    ╭▸ src/Ledger.sol:988:26
    │
988 │         firstAdmission = uint64(meta & GUARD);
    │                          ━━━━━━━━━━━━━━━━━━━━
    │
    ├ note: consider disabling this lint if you're certain the cast is safe
    │
    │       // casting to 'uint64' is safe because [explain why]
    │       // forge-lint: disable-next-line(unsafe-typecast)
    │
    │
    ╰ help: https://book.getfoundry.sh/reference/forge/forge-lint#unsafe-typecast

warning[unsafe-typecast]: typecasts that can truncate values should be checked
    ╭▸ src/Ledger.sol:989:23
    │
989 │         occurrences = uint32(meta >> 80);
    │                       ━━━━━━━━━━━━━━━━━━
    │
    ├ note: consider disabling this lint if you're certain the cast is safe
    │
    │       // casting to 'uint32' is safe because [explain why]
    │       // forge-lint: disable-next-line(unsafe-typecast)
    │
    │
    ╰ help: https://book.getfoundry.sh/reference/forge/forge-lint#unsafe-typecast

warning[unsafe-typecast]: typecasts that can truncate values should be checked
    ╭▸ src/Ledger.sol:990:30
    │
990 │         data = _loadBody(id, uint32(meta >> 48));
    │                              ━━━━━━━━━━━━━━━━━━
    │
    ├ note: consider disabling this lint if you're certain the cast is safe
    │
    │       // casting to 'uint32' is safe because [explain why]
    │       // forge-lint: disable-next-line(unsafe-typecast)
    │
    │
    ╰ help: https://book.getfoundry.sh/reference/forge/forge-lint#unsafe-typecast

warning[unsafe-typecast]: typecasts that can truncate values should be checked
     ╭▸ src/Ledger.sol:1008:16
     │
1008 │         kind = uint8(m & 0xF);
     │                ━━━━━━━━━━━━━━
     │
     ├ note: consider disabling this lint if you're certain the cast is safe
     │
     │       // casting to 'uint8' is safe because [explain why]
     │       // forge-lint: disable-next-line(unsafe-typecast)
     │
     │
     ╰ help: https://book.getfoundry.sh/reference/forge/forge-lint#unsafe-typecast

warning[unsafe-typecast]: typecasts that can truncate values should be checked
     ╭▸ src/Ledger.sol:1012:28
     │
1012 │         expectedRevision = uint32(m >> 116);
     │                            ━━━━━━━━━━━━━━━━
     │
     ├ note: consider disabling this lint if you're certain the cast is safe
     │
     │       // casting to 'uint32' is safe because [explain why]
     │       // forge-lint: disable-next-line(unsafe-typecast)
     │
     │
     ╰ help: https://book.getfoundry.sh/reference/forge/forge-lint#unsafe-typecast

warning[unsafe-typecast]: typecasts that can truncate values should be checked
     ╭▸ src/Ledger.sol:1040:26
     │
1040 │         author = address(uint160(w0));
     │                          ━━━━━━━━━━━
     │
     ├ note: consider disabling this lint if you're certain the cast is safe
     │
     │       // casting to 'uint160' is safe because [explain why]
     │       // forge-lint: disable-next-line(unsafe-typecast)
     │
     │
     ╰ help: https://book.getfoundry.sh/reference/forge/forge-lint#unsafe-typecast

warning[unsafe-typecast]: typecasts that can truncate values should be checked
     ╭▸ src/Ledger.sol:1047:17
     │
1047 │         nonce = uint64(w3);
     │                 ━━━━━━━━━━
     │
     ├ note: consider disabling this lint if you're certain the cast is safe
     │
     │       // casting to 'uint64' is safe because [explain why]
     │       // forge-lint: disable-next-line(unsafe-typecast)
     │
     │
     ╰ help: https://book.getfoundry.sh/reference/forge/forge-lint#unsafe-typecast

warning[unsafe-typecast]: typecasts that can truncate values should be checked
     ╭▸ src/Ledger.sol:1048:20
     │
1048 │         deadline = uint64(w3 >> 64);
     │                    ━━━━━━━━━━━━━━━━
     │
     ├ note: consider disabling this lint if you're certain the cast is safe
     │
     │       // casting to 'uint64' is safe because [explain why]
     │       // forge-lint: disable-next-line(unsafe-typecast)
     │
     │
     ╰ help: https://book.getfoundry.sh/reference/forge/forge-lint#unsafe-typecast

warning[unsafe-typecast]: typecasts that can truncate values should be checked
     ╭▸ src/Ledger.sol:1062:17
     │
1062 │         state = uint8(m);
     │                 ━━━━━━━━
     │
     ├ note: consider disabling this lint if you're certain the cast is safe
     │
     │       // casting to 'uint8' is safe because [explain why]
     │       // forge-lint: disable-next-line(unsafe-typecast)
     │
     │
     ╰ help: https://book.getfoundry.sh/reference/forge/forge-lint#unsafe-typecast

warning[unsafe-typecast]: typecasts that can truncate values should be checked
     ╭▸ src/Ledger.sol:1063:20
     │
1063 │         revision = uint32(m >> 8);
     │                    ━━━━━━━━━━━━━━
     │
     ├ note: consider disabling this lint if you're certain the cast is safe
     │
     │       // casting to 'uint32' is safe because [explain why]
     │       // forge-lint: disable-next-line(unsafe-typecast)
     │
     │
     ╰ help: https://book.getfoundry.sh/reference/forge/forge-lint#unsafe-typecast

warning[unsafe-typecast]: typecasts that can truncate values should be checked
     ╭▸ src/Ledger.sol:1076:17
     │
1076 │         state = uint8(m);
     │                 ━━━━━━━━
     │
     ├ note: consider disabling this lint if you're certain the cast is safe
     │
     │       // casting to 'uint8' is safe because [explain why]
     │       // forge-lint: disable-next-line(unsafe-typecast)
     │
     │
     ╰ help: https://book.getfoundry.sh/reference/forge/forge-lint#unsafe-typecast

warning[unsafe-typecast]: typecasts that can truncate values should be checked
     ╭▸ src/Ledger.sol:1077:20
     │
1077 │         revision = uint32(m >> 8);
     │                    ━━━━━━━━━━━━━━
     │
     ├ note: consider disabling this lint if you're certain the cast is safe
     │
     │       // casting to 'uint32' is safe because [explain why]
     │       // forge-lint: disable-next-line(unsafe-typecast)
     │
     │
     ╰ help: https://book.getfoundry.sh/reference/forge/forge-lint#unsafe-typecast

warning[unsafe-typecast]: typecasts that can truncate values should be checked
     ╭▸ src/Ledger.sol:1093:17
     │
1093 │         return (uint64(c), uint64(c >> 64), uint64(c >> 128), uint64(c >> 192));
     │                 ━━━━━━━━━
     │
     ├ note: consider disabling this lint if you're certain the cast is safe
     │
     │       // casting to 'uint64' is safe because [explain why]
     │       // forge-lint: disable-next-line(unsafe-typecast)
     │
     │
     ╰ help: https://book.getfoundry.sh/reference/forge/forge-lint#unsafe-typecast

warning[unsafe-typecast]: typecasts that can truncate values should be checked
     ╭▸ src/Ledger.sol:1093:28
     │
1093 │         return (uint64(c), uint64(c >> 64), uint64(c >> 128), uint64(c >> 192));
     │                            ━━━━━━━━━━━━━━━
     │
     ├ note: consider disabling this lint if you're certain the cast is safe
     │
     │       // casting to 'uint64' is safe because [explain why]
     │       // forge-lint: disable-next-line(unsafe-typecast)
     │
     │
     ╰ help: https://book.getfoundry.sh/reference/forge/forge-lint#unsafe-typecast

warning[unsafe-typecast]: typecasts that can truncate values should be checked
     ╭▸ src/Ledger.sol:1093:45
     │
1093 │         return (uint64(c), uint64(c >> 64), uint64(c >> 128), uint64(c >> 192));
     │                                             ━━━━━━━━━━━━━━━━
     │
     ├ note: consider disabling this lint if you're certain the cast is safe
     │
     │       // casting to 'uint64' is safe because [explain why]
     │       // forge-lint: disable-next-line(unsafe-typecast)
     │
     │
     ╰ help: https://book.getfoundry.sh/reference/forge/forge-lint#unsafe-typecast

warning[unsafe-typecast]: typecasts that can truncate values should be checked
     ╭▸ src/Ledger.sol:1093:63
     │
1093 │         return (uint64(c), uint64(c >> 64), uint64(c >> 128), uint64(c >> 192));
     │                                                               ━━━━━━━━━━━━━━━━
     │
     ├ note: consider disabling this lint if you're certain the cast is safe
     │
     │       // casting to 'uint64' is safe because [explain why]
     │       // forge-lint: disable-next-line(unsafe-typecast)
     │
     │
     ╰ help: https://book.getfoundry.sh/reference/forge/forge-lint#unsafe-typecast
