Compiling 21 files with Solc 0.8.30
Solc 0.8.30 finished in 64.00s
Compiler run successful with warnings:
Warning (2519): This declaration shadows an existing declaration.
  --> src/Keys.sol:92:21:
   |
92 |     function record(bytes32 typeId, bytes memory data) internal pure returns (bytes32) {
   |                     ^^^^^^^^^^^^^^
Note: The shadowed declaration is here:
  --> src/Keys.sol:88:5:
   |
88 |     function typeId(bytes32 shape, bytes32[] memory refTypes, bytes32 ruleId) internal pure returns (bytes32) {
   |     ^ (Relevant source part starts here and spans across multiple lines).

Warning (2519): This declaration shadows an existing declaration.
  --> src/Keys.sol:97:29:
   |
97 |     function recordFromHash(bytes32 typeId, bytes32 bodyHash) internal pure returns (bytes32) {
   |                             ^^^^^^^^^^^^^^
Note: The shadowed declaration is here:
  --> src/Keys.sol:88:5:
   |
88 |     function typeId(bytes32 shape, bytes32[] memory refTypes, bytes32 ruleId) internal pure returns (bytes32) {
   |     ^ (Relevant source part starts here and spans across multiple lines).

Warning (2519): This declaration shadows an existing declaration.
   --> src/Keys.sol:117:22:
    |
117 |     function posting(bytes32 typeId, uint8 kind, uint8 ordinal, bytes32 valueKey) internal pure returns (bytes32) {
    |                      ^^^^^^^^^^^^^^
Note: The shadowed declaration is here:
  --> src/Keys.sol:88:5:
   |
88 |     function typeId(bytes32 shape, bytes32[] memory refTypes, bytes32 ruleId) internal pure returns (bytes32) {
   |     ^ (Relevant source part starts here and spans across multiple lines).

Warning (2519): This declaration shadows an existing declaration.
   --> src/Keys.sol:121:25:
    |
121 |     function byTypeList(bytes32 typeId) internal pure returns (bytes32) {
    |                         ^^^^^^^^^^^^^^
Note: The shadowed declaration is here:
  --> src/Keys.sol:88:5:
   |
88 |     function typeId(bytes32 shape, bytes32[] memory refTypes, bytes32 ruleId) internal pure returns (bytes32) {
   |     ^ (Relevant source part starts here and spans across multiple lines).

Warning (2072): Unused local variable.
  --> test/LedgerImport.t.sol:46:42:
   |
46 |         (Ledger.Action[] memory rebuilt, bytes32 h, bytes32 digest, address recovered, bool ok) = fresh.reconstruct(ledger, pub);
   |                                          ^^^^^^^^^

Warning (2018): Function state mutability can be restricted to view
  --> test/FilesDirectoryProfile.t.sol:60:5:
   |
60 |     function test_directory_pin_rejects_wrong_rule_hash() public {
   |     ^ (Relevant source part starts here and spans across multiple lines).

Warning (3860): Contract initcode size is 85357 bytes and exceeds 49152 bytes (a limit introduced in Shanghai). This contract may not be deployable on Mainnet. Consider enabling the optimizer (with a low "runs" value!), turning off revert strings, or using libraries.
   --> test/CoreOrderedAcceptance.t.sol:141:1:
    |
141 | contract CallbackOwner {
    | ^ (Relevant source part starts here and spans across multiple lines).

Warning (3860): Contract initcode size is 291723 bytes and exceeds 49152 bytes (a limit introduced in Shanghai). This contract may not be deployable on Mainnet. Consider enabling the optimizer (with a low "runs" value!), turning off revert strings, or using libraries.
   --> test/CoreOrderedAcceptance.t.sol:205:1:
    |
205 | contract CoreOrderedAcceptanceTest is LabBase {
    | ^ (Relevant source part starts here and spans across multiple lines).

Warning (3860): Contract initcode size is 158783 bytes and exceeds 49152 bytes (a limit introduced in Shanghai). This contract may not be deployable on Mainnet. Consider enabling the optimizer (with a low "runs" value!), turning off revert strings, or using libraries.
  --> test/FilesDirectoryProfile.t.sol:11:1:
   |
11 | contract FilesDirectoryProfileTest is LabBase {
   | ^ (Relevant source part starts here and spans across multiple lines).

Warning (3860): Contract initcode size is 123848 bytes and exceeds 49152 bytes (a limit introduced in Shanghai). This contract may not be deployable on Mainnet. Consider enabling the optimizer (with a low "runs" value!), turning off revert strings, or using libraries.
  --> test/FilesCarrierProfile.t.sol:10:1:
   |
10 | contract FilesCarrierProfileTest is LabBase {
   | ^ (Relevant source part starts here and spans across multiple lines).

Warning (3860): Contract initcode size is 204281 bytes and exceeds 49152 bytes (a limit introduced in Shanghai). This contract may not be deployable on Mainnet. Consider enabling the optimizer (with a low "runs" value!), turning off revert strings, or using libraries.
  --> test/FilesCarrierProfile.t.sol:71:1:
   |
71 | contract FilesCarrierIndexTest is FilesDirectoryProfileTest {
   | ^ (Relevant source part starts here and spans across multiple lines).

Warning (3860): Contract initcode size is 288334 bytes and exceeds 49152 bytes (a limit introduced in Shanghai). This contract may not be deployable on Mainnet. Consider enabling the optimizer (with a low "runs" value!), turning off revert strings, or using libraries.
  --> test/FilesPageReader.t.sol:14:1:
   |
14 | contract FilesPageReaderTest is FilesCarrierIndexTest {
   | ^ (Relevant source part starts here and spans across multiple lines).

Warning (3860): Contract initcode size is 301999 bytes and exceeds 49152 bytes (a limit introduced in Shanghai). This contract may not be deployable on Mainnet. Consider enabling the optimizer (with a low "runs" value!), turning off revert strings, or using libraries.
  --> test/DescribedTypeParticipation.t.sol:10:1:
   |
10 | contract DescribedTypeParticipationTest is FilesPageReaderTest {
   | ^ (Relevant source part starts here and spans across multiple lines).

Warning (3860): Contract initcode size is 149602 bytes and exceeds 49152 bytes (a limit introduced in Shanghai). This contract may not be deployable on Mainnet. Consider enabling the optimizer (with a low "runs" value!), turning off revert strings, or using libraries.
  --> test/DescribedTypeProfile.t.sol:26:1:
   |
26 | contract DescribedTypeProfileTest is LabBase {
   | ^ (Relevant source part starts here and spans across multiple lines).

Warning (3860): Contract initcode size is 146731 bytes and exceeds 49152 bytes (a limit introduced in Shanghai). This contract may not be deployable on Mainnet. Consider enabling the optimizer (with a low "runs" value!), turning off revert strings, or using libraries.
  --> test/Falsify.t.sol:61:1:
   |
61 | contract FalsifyTest is LabBase {
   | ^ (Relevant source part starts here and spans across multiple lines).

Warning (3860): Contract initcode size is 138193 bytes and exceeds 49152 bytes (a limit introduced in Shanghai). This contract may not be deployable on Mainnet. Consider enabling the optimizer (with a low "runs" value!), turning off revert strings, or using libraries.
  --> test/LabelType.t.sol:16:1:
   |
16 | contract LabelTypeTest is LabBase {
   | ^ (Relevant source part starts here and spans across multiple lines).

Warning (3860): Contract initcode size is 128524 bytes and exceeds 49152 bytes (a limit introduced in Shanghai). This contract may not be deployable on Mainnet. Consider enabling the optimizer (with a low "runs" value!), turning off revert strings, or using libraries.
  --> test/LedgerEvidence.t.sol:13:1:
   |
13 | contract LedgerEvidenceTest is LabBase {
   | ^ (Relevant source part starts here and spans across multiple lines).

Warning (3860): Contract initcode size is 126440 bytes and exceeds 49152 bytes (a limit introduced in Shanghai). This contract may not be deployable on Mainnet. Consider enabling the optimizer (with a low "runs" value!), turning off revert strings, or using libraries.
  --> test/LedgerImport.t.sol:14:1:
   |
14 | contract LedgerImportTest is LabBase {
   | ^ (Relevant source part starts here and spans across multiple lines).

Warning (3860): Contract initcode size is 146783 bytes and exceeds 49152 bytes (a limit introduced in Shanghai). This contract may not be deployable on Mainnet. Consider enabling the optimizer (with a low "runs" value!), turning off revert strings, or using libraries.
  --> test/LedgerMatrix.t.sol:14:1:
   |
14 | contract LedgerMatrixTest is LabBase {
   | ^ (Relevant source part starts here and spans across multiple lines).

Warning (3860): Contract initcode size is 162281 bytes and exceeds 49152 bytes (a limit introduced in Shanghai). This contract may not be deployable on Mainnet. Consider enabling the optimizer (with a low "runs" value!), turning off revert strings, or using libraries.
  --> test/PublicationPreparation.t.sol:30:1:
   |
30 | contract PublicationPreparationTest is LabBase {
   | ^ (Relevant source part starts here and spans across multiple lines).

Warning (3860): Contract initcode size is 116207 bytes and exceeds 49152 bytes (a limit introduced in Shanghai). This contract may not be deployable on Mainnet. Consider enabling the optimizer (with a low "runs" value!), turning off revert strings, or using libraries.
  --> test/ReadSetCarrier.t.sol:15:1:
   |
15 | contract ReadSetCarrierTest is LabBase {
   | ^ (Relevant source part starts here and spans across multiple lines).


Ran 3 tests for test/LabelType.t.sol:LabelTypeTest
[PASS] test_label_acceptor_is_a_lab_convention_utf8_1_to_255() (gas: 149167)
[PASS] test_label_admission_rejects_non_utf8_empty_and_over_255() (gas: 2676535)
[PASS] test_label_fresh_republished_omitted_and_hash_only_retrieval() (gas: 6483722)
Suite result: ok. 3 passed; 0 failed; 0 skipped; finished in 15.74ms (5.03ms CPU time)

Ran 4 tests for test/ReadSetCarrier.t.sol:ReadSetCarrierTest
[PASS] testCorruptPrefixSizeAndHashCannotMasqueradeAsReadSet() (gas: 1556745)
[PASS] testLargeReadSetLivesInCarrierAndRepeatCreatesNothing() (gas: 8850295)
[PASS] testRejectedPublicationRollsBackCarrierNoncePointerEvidenceAndAuthorNonce() (gas: 1703758)
[PASS] testUnknownAndCanonicalEmptyRemainDifferent() (gas: 856502)
Suite result: ok. 4 passed; 0 failed; 0 skipped; finished in 19.11ms (9.31ms CPU time)

Ran 9 tests for test/PublicationPreparation.t.sol:PublicationPreparationTest
[PASS] test_admission_action_bound_is_early_but_public_profile_getter_stays_available() (gas: 542659)
[PASS] test_changed_helper_code_is_refused_before_preparation() (gas: 44871)
[PASS] test_guard_hash_mismatch_precedes_stale_head_and_bad_signature() (gas: 221961)
[PASS] test_guarded_proxy_uses_proxy_heads_not_relayer_and_preserves_exact_preimage() (gas: 6543879)
[PASS] test_maximum_guard_preimage_survives_preparation_and_deduplicates() (gas: 7487112)
[PASS] test_native_preparation_is_static_544_bytes_and_uses_actual_caller() (gas: 11426136)
[PASS] test_native_preparation_rejects_wrong_return_sizes_before_any_write() (gas: 104302)
[PASS] test_preparation_preserves_bounded_errors_and_refuses_oversized_error_copy() (gas: 65292)
[PASS] test_unused_preparation_ceiling_is_not_an_outer_gas_reserve() (gas: 691825)
Suite result: ok. 9 passed; 0 failed; 0 skipped; finished in 20.45ms (9.88ms CPU time)

Ran 5 tests for test/LedgerImport.t.sol:LedgerImportTest
[PASS] test_contract_principal_is_origin_qualified() (gas: 8464599)
[PASS] test_cursor_rejects_stale_basis_and_dedupes_names() (gas: 4329950)
[PASS] test_fresh_reader_reconstructs_identical_digest_with_negatives() (gas: 2425182)
[PASS] test_import_of_native_source_is_unsupported_and_fails_closed() (gas: 8513897)
[PASS] test_import_requires_destination_authorization_and_keeps_identity() (gas: 18296188)
Suite result: ok. 5 passed; 0 failed; 0 skipped; finished in 25.14ms (14.65ms CPU time)

Ran 7 tests for test/LedgerEvidence.t.sol:LedgerEvidenceTest
[PASS] test_exact_native_retry_is_noop() (gas: 1037753)
[PASS] test_page_across_mutation_cursor_law() (gas: 5971122)
[PASS] test_reconstruction_from_state_only_all_kinds() (gas: 2519001)
[PASS] test_rename_move_recreate_old_path_keeps_identity() (gas: 6780738)
[PASS] test_same_batch_typed_reference_and_wrong_type() (gas: 2428048)
[PASS] test_signature_binds_every_field() (gas: 2259254)
[PASS] test_subject_id_portable_across_fresh_deployment() (gas: 9231225)
Suite result: ok. 7 passed; 0 failed; 0 skipped; finished in 26.90ms (14.14ms CPU time)

Ran 11 tests for test/Falsify.t.sol:FalsifyTest
[PASS] test_F1a_grade0_import_is_unsupported_and_mints_nothing() (gas: 910640)
[PASS] test_F1b_grade0_import_by_contract_is_unsupported_and_mints_nothing() (gas: 440600)
[PASS] test_F2_signed_source_packet_authorizes_nothing_at_the_destination() (gas: 2993765)
[PASS] test_F3_type_identity_is_exact_and_immutable() (gas: 6209076)
[PASS] test_F4_policy_activation_is_separate_from_identity_and_basis_is_recorded() (gas: 2676732)
[PASS] test_F5a_activate_zero_keeps_the_mandatory_rule() (gas: 2266657)
[PASS] test_F5b_permissive_policy_keeps_the_mandatory_rule() (gas: 2367525)
[PASS] test_F5c_policy_adds_constraints_but_cannot_remove_them() (gas: 2912398)
[PASS] test_F5d_mutable_mandatory_acceptor_is_a_documented_gap_not_detected() (gas: 1589056)
[PASS] test_R3_import_reruns_destination_policy_and_retains_source_basis() (gas: 15690138)
[PASS] test_R3_signature_under_epoch_N_rejected_after_activation_old_evidence_reconstructs() (gas: 1896509)
Suite result: ok. 11 passed; 0 failed; 0 skipped; finished in 33.02ms (13.09ms CPU time)

Ran 12 tests for test/LedgerMatrix.t.sol:LedgerMatrixTest
[PASS] test_binding_role_demands_target_type() (gas: 3879309)
[PASS] test_checked_references_direct_batch_dedup_reuse() (gas: 5491304)
[PASS] test_failed_acceptance_rolls_back_publication() (gas: 4550137)
[PASS] test_failed_index_module_reverts_and_coverage_is_honest() (gas: 2252042)
[PASS] test_folder_listing_mask_count_and_paging() (gas: 5733419)
[PASS] test_history_as_of_tombstone_and_rebind() (gas: 3710288)
[PASS] test_native_single_author_lifecycle() (gas: 2839871)
[PASS] test_native_two_authors_lens_mask_fallthrough() (gas: 2572786)
[PASS] test_signed_single_author() (gas: 2197243)
[PASS] test_signed_two_authors_and_reconstruction() (gas: 2321228)
[PASS] test_stale_cas_and_not_live() (gas: 3438586)
[PASS] test_two_authors_identical_record_and_withdraw() (gas: 2369039)
Suite result: ok. 12 passed; 0 failed; 0 skipped; finished in 34.11ms (24.44ms CPU time)

Ran 16 tests for test/CoreOrderedAcceptance.t.sol:CoreOrderedAcceptanceTest
[PASS] test_callback_cannot_reenter_mutation_configuration_or_proxy_upgrade() (gas: 24819830)
[PASS] test_callback_returndata_is_bounded_before_copy() (gas: 794942)
[PASS] test_duplicate_reuse_withdraw_and_binding_prefix_agreement() (gas: 6051381)
[PASS] test_earlier_same_batch_reference_succeeds_future_reference_rolls_back() (gas: 1885029)
[PASS] test_eight_reference_quota_mutable_dependency_and_application_atomicity() (gas: 13242434)
Logs:
  8-ref guarded app warm call gas: 1186329

[PASS] test_final_phase_is_static_and_rolls_back_prefix_writes() (gas: 1133883)
[PASS] test_fixed_dispatch_identity_mismatch_fails_closed() (gas: 720194)
[PASS] test_legacy_fallback_index_cannot_skip_mandatory_final_phase() (gas: 2187210)
[PASS] test_low_work_55_leaf_publication_uses_actual_gas_not_unused_allowance() (gas: 5764121)
Logs:
  55 CREATE warm call gas: 5726993

[PASS] test_noncontiguous_required_index_refuses_without_laundering_coverage() (gas: 1795789)
[PASS] test_prefix_and_final_failure_restore_all_state() (gas: 10722257)
[PASS] test_prefix_and_final_spend_one_joint_allowance() (gas: 11455009)
[PASS] test_registry_and_execution_drift_roll_back_before_next_rule() (gas: 76722075)
[PASS] test_runtime_and_initcode_fit_ordinary_deployment_limits() (gas: 18201)
[PASS] test_static_codecs_preserve_registered_hashes_and_refuse_unknown_profiles() (gas: 112794)
Logs:
  read-set 2x1 warm call gas: 17029
  two-action profile warm call gas: 28451

[PASS] test_static_type_rule_cannot_mutate_dependency() (gas: 1198696)
Suite result: ok. 16 passed; 0 failed; 0 skipped; finished in 34.15ms (31.60ms CPU time)

Ran 25 tests for test/DescribedTypeParticipation.t.sol:DescribedTypeParticipationTest
[PASS] test_carrier_child_reverse_parent_postings_and_reuse() (gas: 3897609)
[PASS] test_directory_exact_body_length_required() (gas: 1075202)
[PASS] test_directory_pin_rejects_wrong_rule_hash() (gas: 26501)
[PASS] test_file_subject_parent_raw_ingress_rejected() (gas: 2444777)
[PASS] test_lookalike_type_with_wrong_rule_is_not_a_directory() (gas: 3665878)
[PASS] test_missing_zero_and_wrong_length_directory_seeds_rejected() (gas: 1863606)
[PASS] test_nonexistent_parent_raw_ingress_rejected() (gas: 2048068)
[PASS] test_page_conflict_keeps_file_tag_and_unknown_revision_tag() (gas: 13068571)
[PASS] test_page_continuations_bind_caller_filter_basis_and_swap_removal() (gas: 14540671)
[PASS] test_page_fault_matrix_matches_independent_point_and_name_oracles() (gas: 17401271)
[PASS] test_page_forged_terminal_cannot_license_whole_query_absence() (gas: 15269252)
[PASS] test_page_header_helper_refuses_unguarded_external_use() (gas: 10931621)
[PASS] test_page_masked_budget_exhaustion_is_partial_not_empty() (gas: 13382744)
[PASS] test_page_name_header_and_tag_failures_keep_known_axes() (gas: 12469611)
[PASS] test_page_partial_family_coverage_is_unknown() (gas: 10990319)
[PASS] test_page_unavailable_head_keeps_selected_placement_name_and_file_tag() (gas: 11724347)
[PASS] test_page_uncertain_join_cannot_license_filtered_empty_origin() (gas: 12345929)
[PASS] test_page_unsupported_header_cannot_disappear_under_filter() (gas: 12178482)
[PASS] test_registration_preserves_pending_signed_bytes_and_owned_query_policy_change_invalidates() (gas: 18699505)
[PASS] test_required_index_failure_rolls_back_whole_signed_batch() (gas: 1606081)
[PASS] test_self_link_raw_ingress_rejected() (gas: 2637647)
[PASS] test_unrelated_record_parent_raw_ingress_rejected() (gas: 2625481)
[PASS] test_unrelated_record_target_raw_ingress_rejected() (gas: 3192311)
[PASS] test_valid_directory_bootstrap_and_nested_file_without_head() (gas: 5231244)
[PASS] test_withdrawn_descriptor_remains_valid_and_bind_before_name_parent_publish_is_atomic() (gas: 3252065)
Suite result: ok. 25 passed; 0 failed; 0 skipped; finished in 34.76ms (72.71ms CPU time)

Ran 20 tests for test/DescribedTypeProfile.t.sol:DescribedTypeProfileTest
[PASS] test_all_kinds_optional_presence_and_checked_reference_projection() (gas: 6180354)
[PASS] test_custom_another_realm_requires_its_own_binding_but_preserves_portable_identity() (gas: 16918887)
[PASS] test_custom_bad_bool_oversized_return_exhaustion_and_code_drift_refuse() (gas: 4697485)
[PASS] test_custom_instance_valid_structure_and_callback_both_mandatory() (gas: 4841807)
[PASS] test_custom_signature_scope_and_same_code_different_state_squatting() (gas: 2655934)
[PASS] test_descriptor_canonicality_and_body_negative_matrix() (gas: 5424706)
[PASS] test_descriptor_code_and_bounded_registry_return_are_rechecked() (gas: 2179443)
[PASS] test_direct_forged_context_and_fake_ledger_cannot_impersonate() (gas: 3090549)
[PASS] test_final_failure_rolls_back_described_records_and_nonce() (gas: 1217171)
[PASS] test_note_maxima_and_max_descriptor_field_reference_body_bytes_combination() (gas: 8293491)
[PASS] test_ordered_prefix_custom_reads_and_whole_batch_rollback() (gas: 4501192)
[PASS] test_portable_destination_unchanged_declaration_and_custom_retention_only() (gas: 6876596)
[PASS] test_public_registration_retains_bytes_and_requires_structure() (gas: 1562892)
[PASS] test_public_relayer_wrong_signature_zero_custom_fields_and_opaque_boundary() (gas: 741229)
[PASS] test_retained_declaration_before_opaque_registration_does_not_install_interpretation() (gas: 925863)
[PASS] test_signed_native_duplicate_and_portable_record_identity() (gas: 14026409)
[PASS] test_unknown_future_leaf_refuses_before_callback_registration() (gas: 713355)
[PASS] test_unknown_publish_and_reuse_refuse_initial_profile() (gas: 40912)
[PASS] test_wrong_local_authority_chain_and_custom_code_refuse_atomically() (gas: 2707440)
[PASS] test_zero_field_unit_type_requires_exact_empty_body() (gas: 1502875)
Suite result: ok. 20 passed; 0 failed; 0 skipped; finished in 34.77ms (31.08ms CPU time)

Ran 10 test suites in 43.61ms (278.15ms CPU time): 112 tests passed, 0 failed, 0 skipped (112 total tests)
