No files changed, compilation skipped

Ran 1 test for test/DescribedTypeProfile.t.sol:DescribedTypeProfileTest
[FAIL: E_REJECTED(0, 0x893544baacdb665cd8c368d49244147e4a7fdd8ed2501fa741b85cdfe029f556)] test_custom_instance_valid_structure_and_callback_both_mandatory() (gas: 2619923)
Traces:
  [21845826] DescribedTypeProfileTest::setUp()
    ├─ [0] VM::warp(1700000000 [1.7e9])
    │   └─ ← [Return]
    ├─ [3844939] → new TypeRegistry@0x5615dEB798BB3E4dFa0139dFa1b3D433Cc23b72f
    │   ├─ [877924] → new DescribedTypeRule@0x104fBc016F4bb334D775a19E8A6510109AC63E00
    │   │   └─ ← [Return] 4385 bytes of code
    │   └─ ← [Return] 14654 bytes of code
    ├─ [123178] → new MockAcceptor@0x2e234DAe75C793f67A35089C9d99245E1C58470b
    │   └─ ← [Return] 615 bytes of code
    ├─ [7180218] → new Ledger@0xF62849F9A0B5Bf2913b396098F7c7019b51A820a
    │   ├─ [2245409] → new PublicationSupport@0x4f81992FCe2E1846dD528eC0102e6eE1f61ed3e2
    │   │   └─ ← [Return] 11215 bytes of code
    │   └─ ← [Return] 24247 bytes of code
    ├─ [3987396] → new IndexModule@0x5991A2dF15A8F6A256D3Ec51E99254Cd3fb576A9
    │   ├─ [874939] → new IndexReplayDecoder@0x5B0091f49210e7B2A57B03dfE1AB9D08289d9294
    │   │   ├─ [1341] Ledger::layoutId() [staticcall]
    │   │   │   └─ ← [Return] 0xf20ada07eabba123a843f9a671911f449c50bf068af1213118b5a13b43fd1b31
    │   │   └─ ← [Return] 4359 bytes of code
    │   ├─ [3218] Ledger::counts() [staticcall]
    │   │   └─ ← [Return] 0, 0, 0, 0
    │   ├─ emit FamilyDeclared(family: 0x1fd035d41e55e585706a270bca0fa36d150e1cc27de3a1b40654d1835f64287e, mandatory: true, fromAdmission: 1)
    │   ├─ emit FamilyDeclared(family: 0xde538e29eab73663949ae6239c90dea8948cf7297cf44d0c79621ef8bf06e8ab, mandatory: true, fromAdmission: 1)
    │   ├─ emit FamilyDeclared(family: 0xf564f360d1f5b65aacc3b70b5aa8bfd24bfcf28df404557ac647ae8d94954eb4, mandatory: true, fromAdmission: 1)
    │   ├─ emit FamilyDeclared(family: 0xe4f7cc7ff76622e194a3ef2a8f23d6632b91cfda1f803fa443e9e04e43baa270, mandatory: true, fromAdmission: 1)
    │   ├─ emit FamilyDeclared(family: 0xd674025fa1091f86834d22a642451cc45057f55537c4b4e65ee1139c390d1b8a, mandatory: true, fromAdmission: 1)
    │   ├─ emit FamilyDeclared(family: 0x03b682942778e8b9a07a8448019ba6862fac962d963305b6b7b613a80d29f2c4, mandatory: true, fromAdmission: 1)
    │   ├─ emit FamilyDeclared(family: 0x77b478e9ae9182fa4afb6af49a4b8b55c121d339d14f0df963ed8eb50225beca, mandatory: true, fromAdmission: 1)
    │   ├─ emit FamilyDeclared(family: 0x29d3bea0a01e3e26f8a6ae33a62bc05c74281c8a392b910123320f4dfa13a897, mandatory: true, fromAdmission: 1)
    │   ├─ emit FamilyDeclared(family: 0x3c7499618de14cb82dd05236b307f25a4b2da74ae9727c00b07f2f76a9476258, mandatory: true, fromAdmission: 1)
    │   ├─ emit FamilyDeclared(family: 0xcc34c9c731a73d96bf89953e1479bc76faf75cadd9a9d2301c35fc5978b30aac, mandatory: true, fromAdmission: 1)
    │   └─ ← [Return] 12897 bytes of code
    ├─ [33280] Ledger::setIndexModule(IndexModule: [0x5991A2dF15A8F6A256D3Ec51E99254Cd3fb576A9])
    │   ├─ emit IndexModuleSet(module: IndexModule: [0x5991A2dF15A8F6A256D3Ec51E99254Cd3fb576A9])
    │   ├─ [2447] IndexModule::generation() [staticcall]
    │   │   └─ ← [Return] 0
    │   ├─ emit ExecutionChanged(executionSet: 0x38c88f095b7c25b905257cd25cb63fc85b9d01297159a05720b570e8257c9638, revision: 2)
    │   └─ ← [Stop]
    ├─ [2888240] → new LensReader@0xc7183455a4C133Ae270771860664b6B7ec320bB1
    │   └─ ← [Return] 14422 bytes of code
    ├─ [432580] → new Actor@0xa0Cb889707d426A7A386870A03bc70d1b0697598
    │   └─ ← [Return] 2159 bytes of code
    ├─ [432580] → new Actor@0x1d1499e622D69689cdf9004d05Ec547d650Ff211
    │   └─ ← [Return] 2159 bytes of code
    ├─ [660579] → new Consumer@0xA4AD4f68d0b91CFD19687c881e50f3A00242828c
    │   └─ ← [Return] 3298 bytes of code
    ├─ [802646] → new Reconstructor@0x03A6a84cD762D9707A21605b548aaaB891562aAb
    │   └─ ← [Return] 4009 bytes of code
    ├─ [0] VM::addr(<pk>) [staticcall]
    │   └─ ← [Return] 0xe05fcC23807536bEe418f142D19fa0d21BB0cfF7
    ├─ [0] VM::addr(<pk>) [staticcall]
    │   └─ ← [Return] 0x0376AAc07Ad725E01357B1725B5ceC61aE10473c
    ├─ [71119] → new MinBodyAcceptor@0xD6BbDE9174b1CdAa358d2Cf4D57D1a9F7178FBfF
    │   └─ ← [Return] 354 bytes of code
    ├─ [71119] → new MinBodyAcceptor@0x15cF58144EF33af1e14b5208015d11F9143E27b9
    │   └─ ← [Return] 354 bytes of code
    ├─ [124159] TypeRegistry::register(0xcde0354ba21b75c3a1ab88546911ea621263d535d76ee05983d95aa655f85068, MinBodyAcceptor: [0xD6BbDE9174b1CdAa358d2Cf4D57D1a9F7178FBfF], [])
    │   ├─ emit TypeRegistered(typeId: 0x8dc6ca2f53167978c472b0237d9f93d21a729ec7ae9398542333790921eacccd, shape: 0xcde0354ba21b75c3a1ab88546911ea621263d535d76ee05983d95aa655f85068, ruleId: 0x3290daa44199a5c045d55f2620e2fa1199733a6ea41b567abd73adf8b4863778, mandatoryAcceptor: MinBodyAcceptor: [0xD6BbDE9174b1CdAa358d2Cf4D57D1a9F7178FBfF], refCount: 0)
    │   ├─ emit PolicyActivated(typeId: 0x8dc6ca2f53167978c472b0237d9f93d21a729ec7ae9398542333790921eacccd, activation: 1, acceptor: 0x0000000000000000000000000000000000000000, acceptorCodehash: 0x0000000000000000000000000000000000000000000000000000000000000000, epoch: 1)
    │   └─ ← [Return] 0x8dc6ca2f53167978c472b0237d9f93d21a729ec7ae9398542333790921eacccd
    ├─ [82130] TypeRegistry::register(0xb803b0740e42bb813308b09bdd8757b2847430b4dde7249e148c1b71ee8ff0f7, 0x0000000000000000000000000000000000000000, [])
    │   ├─ emit TypeRegistered(typeId: 0xd8ca3e1560afcaeb12756b15399dad59f78e70e49ea9c4415501fe8bcd8f3bf2, shape: 0xb803b0740e42bb813308b09bdd8757b2847430b4dde7249e148c1b71ee8ff0f7, ruleId: 0x0000000000000000000000000000000000000000000000000000000000000000, mandatoryAcceptor: 0x0000000000000000000000000000000000000000, refCount: 0)
    │   ├─ emit PolicyActivated(typeId: 0xd8ca3e1560afcaeb12756b15399dad59f78e70e49ea9c4415501fe8bcd8f3bf2, activation: 1, acceptor: 0x0000000000000000000000000000000000000000, acceptorCodehash: 0x0000000000000000000000000000000000000000000000000000000000000000, epoch: 2)
    │   └─ ← [Return] 0xd8ca3e1560afcaeb12756b15399dad59f78e70e49ea9c4415501fe8bcd8f3bf2
    ├─ [82130] TypeRegistry::register(0x089e89ac79be382b5051ee54411ad06893426d15b1eb67458c48d95d3c8dd7ef, 0x0000000000000000000000000000000000000000, [])
    │   ├─ emit TypeRegistered(typeId: 0x589d5624cb9167094eb8ee549683bdadc765c77ed4f894308dd376bbebc30019, shape: 0x089e89ac79be382b5051ee54411ad06893426d15b1eb67458c48d95d3c8dd7ef, ruleId: 0x0000000000000000000000000000000000000000000000000000000000000000, mandatoryAcceptor: 0x0000000000000000000000000000000000000000, refCount: 0)
    │   ├─ emit PolicyActivated(typeId: 0x589d5624cb9167094eb8ee549683bdadc765c77ed4f894308dd376bbebc30019, activation: 1, acceptor: 0x0000000000000000000000000000000000000000, acceptorCodehash: 0x0000000000000000000000000000000000000000000000000000000000000000, epoch: 3)
    │   └─ ← [Return] 0x589d5624cb9167094eb8ee549683bdadc765c77ed4f894308dd376bbebc30019
    ├─ [166816] TypeRegistry::register(0x20bd50a4112086884183185adad5624590d31448d53976ac022d55bb46de0e98, MinBodyAcceptor: [0x15cF58144EF33af1e14b5208015d11F9143E27b9], [0x589d5624cb9167094eb8ee549683bdadc765c77ed4f894308dd376bbebc30019, 0x589d5624cb9167094eb8ee549683bdadc765c77ed4f894308dd376bbebc30019])
    │   ├─ emit TypeRegistered(typeId: 0x788a9122fa52ecc91196206eb5f5837b27daa19565d99dc8b7f7d3e3f48a4dab, shape: 0x20bd50a4112086884183185adad5624590d31448d53976ac022d55bb46de0e98, ruleId: 0x242bff2d56cff1e45aaef4c1b15eba9b21438d8148135e2d2089b9a77bf30001, mandatoryAcceptor: MinBodyAcceptor: [0x15cF58144EF33af1e14b5208015d11F9143E27b9], refCount: 2)
    │   ├─ emit PolicyActivated(typeId: 0x788a9122fa52ecc91196206eb5f5837b27daa19565d99dc8b7f7d3e3f48a4dab, activation: 1, acceptor: 0x0000000000000000000000000000000000000000, acceptorCodehash: 0x0000000000000000000000000000000000000000000000000000000000000000, epoch: 4)
    │   └─ ← [Return] 0x788a9122fa52ecc91196206eb5f5837b27daa19565d99dc8b7f7d3e3f48a4dab
    ├─ [48829] TypeRegistry::activate(0x8dc6ca2f53167978c472b0237d9f93d21a729ec7ae9398542333790921eacccd, MockAcceptor: [0x2e234DAe75C793f67A35089C9d99245E1C58470b])
    │   ├─ emit PolicyActivated(typeId: 0x8dc6ca2f53167978c472b0237d9f93d21a729ec7ae9398542333790921eacccd, activation: 2, acceptor: MockAcceptor: [0x2e234DAe75C793f67A35089C9d99245E1C58470b], acceptorCodehash: 0xe94b5d5b8f895347bc5c2556addcb1321392bedab866e7f49663a7a99f85de6c, epoch: 5)
    │   └─ ← [Return] 2
    ├─ [48829] TypeRegistry::activate(0x788a9122fa52ecc91196206eb5f5837b27daa19565d99dc8b7f7d3e3f48a4dab, MockAcceptor: [0x2e234DAe75C793f67A35089C9d99245E1C58470b])
    │   ├─ emit PolicyActivated(typeId: 0x788a9122fa52ecc91196206eb5f5837b27daa19565d99dc8b7f7d3e3f48a4dab, activation: 2, acceptor: MockAcceptor: [0x2e234DAe75C793f67A35089C9d99245E1C58470b], acceptorCodehash: 0xe94b5d5b8f895347bc5c2556addcb1321392bedab866e7f49663a7a99f85de6c, epoch: 6)
    │   └─ ← [Return] 2
    └─ ← [Return]

  [2619923] DescribedTypeProfileTest::test_custom_instance_valid_structure_and_callback_both_mandatory()
    ├─ [452] TypeRegistry::describedRule() [staticcall]
    │   └─ ← [Return] DescribedTypeRule: [0x104fBc016F4bb334D775a19E8A6510109AC63E00]
    ├─ [253322] → new DescribedPredicateFixture@0x212224D2F2d262cd093eE13240ca4873fcCBbA3C
    │   └─ ← [Return] 1043 bytes of code
    ├─ [5429] TypeRegistry::describedTypeId(0x01010101e05fcc23807536bee418f142d19fa0d21bb0cff7637573746f6d2d6e6f74650000000000000000000000000000000000000000003e15d0b76d768939979bb72b6cef9795747b6bb9d0ebcfd3bce24c2cfbfdbe5a00044e6f74650000000000000000000000000000000000000000000000000000000000000001000000000000000000000000000000000000000000000000000000000000006507000000000000000000000000000000000000000000000000000000000000000000000100000000000000000000000000000000000000000000000000000000000004000000000000000000000000000000000000000000000000000000000000000000) [staticcall]
    │   └─ ← [Return] 0x893544baacdb665cd8c368d49244147e4a7fdd8ed2501fa741b85cdfe029f556
    ├─ [503] TypeRegistry::declarationDigest(0x893544baacdb665cd8c368d49244147e4a7fdd8ed2501fa741b85cdfe029f556) [staticcall]
    │   └─ ← [Return] 0xa2677991d6ca037d5280cb062ec6255869c3703d51e4bf783b703c3e942581b8
    ├─ [0] VM::sign("<pk>", 0xa2677991d6ca037d5280cb062ec6255869c3703d51e4bf783b703c3e942581b8) [staticcall]
    │   └─ ← [Return] 28, 0xe0df10a65e68707d03e2f74b7f26db5753795aadff51e48a9307fbd58250da96, 0x0d58c864b47fb8045490288ee5d05742fc32178cccf116bcd7dee1effbe85ee8
    ├─ [8243] TypeRegistry::bindingPreimage(0x01010101e05fcc23807536bee418f142d19fa0d21bb0cff7637573746f6d2d6e6f74650000000000000000000000000000000000000000003e15d0b76d768939979bb72b6cef9795747b6bb9d0ebcfd3bce24c2cfbfdbe5a00044e6f74650000000000000000000000000000000000000000000000000000000000000001000000000000000000000000000000000000000000000000000000000000006507000000000000000000000000000000000000000000000000000000000000000000000100000000000000000000000000000000000000000000000000000000000004000000000000000000000000000000000000000000000000000000000000000000, DescribedPredicateFixture: [0x212224D2F2d262cd093eE13240ca4873fcCBbA3C], Ledger: [0xF62849F9A0B5Bf2913b396098F7c7019b51A820a]) [staticcall]
    │   └─ ← [Return] 0x86ccab28e71397f9a44f290ec228761342b5086e872b9e04f1dee324c23b516509110ac3ae8e5f53b9ae715b7124c7002bc91237c7d482bfb263052b83aab11c476e1a9fb7c7a4202cfcea5afb1394f6c55ce07adbb827ba931dd5137e89096ba6effac709ef5db4c61de7d6f0deeefc9d10bec966818d87b249b57d5f382d980000000000000000000000000000000000000000000000000000000000007a690000000000000000000000005615deb798bb3e4dfa0139dfa1b3d433cc23b72f893544baacdb665cd8c368d49244147e4a7fdd8ed2501fa741b85cdfe029f556000000000000000000000000f62849f9a0b5bf2913b396098f7c7019b51a820a000000000000000000000000212224d2f2d262cd093ee13240ca4873fccbba3c3e15d0b76d768939979bb72b6cef9795747b6bb9d0ebcfd3bce24c2cfbfdbe5a0000000000000000000000000000000000000000000000000000000000000001000000000000000000000000e05fcc23807536bee418f142d19fa0d21bb0cff7
    ├─ [0] VM::sign("<pk>", 0x6814a88407d8ac5715307935751017765145dfea7eb10481a83fcc78bc566bb5) [staticcall]
    │   └─ ← [Return] 27, 0x878c051dc62213b14d876b0c020ae0fb3793a0673105543491f1adeb3f1a19f3, 0x50b7289f2030775dfc6b897a6a7f32aa7f5d12618f59ba5d2f5fed4895a58191
    ├─ [1702805] TypeRegistry::registerDescribed(0x01010101e05fcc23807536bee418f142d19fa0d21bb0cff7637573746f6d2d6e6f74650000000000000000000000000000000000000000003e15d0b76d768939979bb72b6cef9795747b6bb9d0ebcfd3bce24c2cfbfdbe5a00044e6f74650000000000000000000000000000000000000000000000000000000000000001000000000000000000000000000000000000000000000000000000000000006507000000000000000000000000000000000000000000000000000000000000000000000100000000000000000000000000000000000000000000000000000000000004000000000000000000000000000000000000000000000000000000000000000000, 0xe0df10a65e68707d03e2f74b7f26db5753795aadff51e48a9307fbd58250da960d58c864b47fb8045490288ee5d05742fc32178cccf116bcd7dee1effbe85ee81c, DescribedPredicateFixture: [0x212224D2F2d262cd093eE13240ca4873fcCBbA3C], Ledger: [0xF62849F9A0B5Bf2913b396098F7c7019b51A820a], 0x878c051dc62213b14d876b0c020ae0fb3793a0673105543491f1adeb3f1a19f350b7289f2030775dfc6b897a6a7f32aa7f5d12618f59ba5d2f5fed4895a581911b)
    │   ├─ [3000] PRECOMPILES::ecrecover(0xa2677991d6ca037d5280cb062ec6255869c3703d51e4bf783b703c3e942581b8, 28, 101712199891332265394277191742518527274861096216606212174241740015353612786326, 6036932637555738671495284815046413225970896506327882863909864777275138399976) [staticcall]
    │   │   └─ ← [Return] 0xe05fcC23807536bEe418f142D19fa0d21BB0cfF7
    │   ├─ [52763] → new <unknown>@0x037eDa3aDB1198021A9b2e88C22B464fD38db3f3
    │   │   └─ ← [Return] 259 bytes of code
    │   ├─ emit DeclarationRetained(typeId: 0x893544baacdb665cd8c368d49244147e4a7fdd8ed2501fa741b85cdfe029f556, blob: 0x037eDa3aDB1198021A9b2e88C22B464fD38db3f3)
    │   ├─ [878] Ledger::registry() [staticcall]
    │   │   └─ ← [Return] TypeRegistry: [0x5615dEB798BB3E4dFa0139dFa1b3D433Cc23b72f]
    │   ├─ [3000] PRECOMPILES::ecrecover(0x6814a88407d8ac5715307935751017765145dfea7eb10481a83fcc78bc566bb5, 27, 61309628459245975720610320785181199637977090882654198415209769375513332816371, 36508641259391078305351635679181570618385786385595951114400611816748452512145) [staticcall]
    │   │   └─ ← [Return] 0xe05fcC23807536bEe418f142D19fa0d21BB0cfF7
    │   ├─ [877924] → new DescribedTypeRule@0x4649d8e910f2ef6aFb8a9AF3F6729E12c83316d3
    │   │   └─ ← [Return] 4385 bytes of code
    │   ├─ emit TypeRegistered(typeId: 0x893544baacdb665cd8c368d49244147e4a7fdd8ed2501fa741b85cdfe029f556, shape: 0xce6199efc95745f11898b2bdc4f785e73e9da9dd9b8c9629acc52f6d7911044a, ruleId: 0x476e1a9fb7c7a4202cfcea5afb1394f6c55ce07adbb827ba931dd5137e89096b, mandatoryAcceptor: DescribedTypeRule: [0x4649d8e910f2ef6aFb8a9AF3F6729E12c83316d3], refCount: 0)
    │   ├─ emit PolicyActivated(typeId: 0x893544baacdb665cd8c368d49244147e4a7fdd8ed2501fa741b85cdfe029f556, activation: 1, acceptor: 0x0000000000000000000000000000000000000000, acceptorCodehash: 0x0000000000000000000000000000000000000000000000000000000000000000, epoch: 6)
    │   ├─ emit DescribedInstalled(typeId: 0x893544baacdb665cd8c368d49244147e4a7fdd8ed2501fa741b85cdfe029f556, bindingId: 0x6814a88407d8ac5715307935751017765145dfea7eb10481a83fcc78bc566bb5, catalogRevision: 1)
    │   └─ ← [Return] 0x893544baacdb665cd8c368d49244147e4a7fdd8ed2501fa741b85cdfe029f556
    ├─ [2165] TypeRegistry::describedInfo(0x893544baacdb665cd8c368d49244147e4a7fdd8ed2501fa741b85cdfe029f556) [staticcall]
    │   └─ ← [Return] Info({ blob: 0x037eDa3aDB1198021A9b2e88C22B464fD38db3f3, mandatory: 0x4649d8e910f2ef6aFb8a9AF3F6729E12c83316d3, shape: 0xce6199efc95745f11898b2bdc4f785e73e9da9dd9b8c9629acc52f6d7911044a, rule: 0x476e1a9fb7c7a4202cfcea5afb1394f6c55ce07adbb827ba931dd5137e89096b, custom: 0x212224D2F2d262cd093eE13240ca4873fcCBbA3C, allowedLedger: 0xF62849F9A0B5Bf2913b396098F7c7019b51A820a, bindingId: 0x6814a88407d8ac5715307935751017765145dfea7eb10481a83fcc78bc566bb5 })
    ├─ [452] TypeRegistry::describedRule() [staticcall]
    │   └─ ← [Return] DescribedTypeRule: [0x104fBc016F4bb334D775a19E8A6510109AC63E00]
    ├─ [2841] TypeRegistry::bindingAddress(0x6814a88407d8ac5715307935751017765145dfea7eb10481a83fcc78bc566bb5) [staticcall]
    │   └─ ← [Return] DescribedTypeRule: [0x4649d8e910f2ef6aFb8a9AF3F6729E12c83316d3]
    ├─ [452] TypeRegistry::describedRule() [staticcall]
    │   └─ ← [Return] DescribedTypeRule: [0x104fBc016F4bb334D775a19E8A6510109AC63E00]
    ├─ [586734] Ledger::publish(0x893544baacdb665cd8c368d49244147e4a7fdd8ed2501fa741b85cdfe029f556, 0x00026869)
    │   ├─ [57778] PublicationSupport::prepareNative(0, 0x000000000000000000000000000000000000000000000000000000000000002000000000000000000000000000000000000000000000000000000000000000010000000000000000000000000000000000000000000000000000000000000001893544baacdb665cd8c368d49244147e4a7fdd8ed2501fa741b85cdfe029f556415dcfac74453ba606b2a78ae227b61cba05c96e228b70fc11e308da3e072d5a000000000000000000000000000000000000000000000000000000000000000000000000000000000000000000000000000000000000000000000000000000000000000000000000000000000000000000000000000000000000000000000000000000000000000000000000000000000000000000000000000000000000000000000000000000000000000000000000000000000000000000000000000000000000000000000000000000000000000000000000000000000000000000000000) [delegatecall]
    │   │   ├─ [3818] Ledger::realmOrigin() [staticcall]
    │   │   │   └─ ← [Return] 0x834bc21e5103f48baf24ad08bb7914026ead6fe12d2e7937391df64dad2a2fdf
    │   │   ├─ [878] Ledger::registry() [staticcall]
    │   │   │   └─ ← [Return] TypeRegistry: [0x5615dEB798BB3E4dFa0139dFa1b3D433Cc23b72f]
    │   │   ├─ [573] TypeRegistry::epoch() [staticcall]
    │   │   │   └─ ← [Return] 6
    │   │   ├─ [1242] TypeRegistry::typeInfo(0x893544baacdb665cd8c368d49244147e4a7fdd8ed2501fa741b85cdfe029f556) [staticcall]
    │   │   │   └─ ← [Return] true, DescribedTypeRule: [0x4649d8e910f2ef6aFb8a9AF3F6729E12c83316d3], 0x476e1a9fb7c7a4202cfcea5afb1394f6c55ce07adbb827ba931dd5137e89096b, 0x0000000000000000000000000000000000000000, 0x0000000000000000000000000000000000000000000000000000000000000000, 0, 1
    │   │   ├─ [2521] Ledger::indexModule() [staticcall]
    │   │   │   └─ ← [Return] IndexModule: [0x5991A2dF15A8F6A256D3Ec51E99254Cd3fb576A9]
    │   │   ├─ [37425] IndexModule::manifestHash() [staticcall]
    │   │   │   └─ ← [Return] 0x05e15134dd1dd1de62b055f05dfe3ba533d4fa8751cf67b5d017b004dd053480
    │   │   └─ ← [Return] Result({ author: 0x7FA9385bE102ac3EAc297483Dd6233D62b3e1496, author32: 0x2dc97c2ba20d89ca7247827b30d08eeaa3822c4831f5b42f3c19164d43e1dfe7, creator: 0x2dc97c2ba20d89ca7247827b30d08eeaa3822c4831f5b42f3c19164d43e1dfe7, imported: false, proofKind: 1, v: 0, nonce: 0, deadline: 0, r: 0x0000000000000000000000000000000000000000000000000000000000000000, s: 0x0000000000000000000000000000000000000000000000000000000000000000, acceptanceProfile: 0x5eef7ba05e91855e3dd0199d3ddd461ea8db9ce9e5c16cbf3195d5f62518c5a5, indexObligations: 0xfda025dd6c6575e0e64d6c955a6f32ae18863cab3e0d05836ad321654c4893ad, actionsHash: 0xd93c97efc96ce60f61ff5ce34e53121ffeb813a57f7f78745036f316087f2108, execution: 0x0000000000000000000000000000000000000000000000000000000000000000, intentHash: 0x0000000000000000000000000000000000000000000000000000000000000000, readsHash: 0x0000000000000000000000000000000000000000000000000000000000000000, format: 0 })
    │   ├─ [573] TypeRegistry::epoch() [staticcall]
    │   │   └─ ← [Return] 6
    │   ├─ [2447] IndexModule::generation() [staticcall]
    │   │   └─ ← [Return] 0
    │   ├─ [858] PublicationSupport::legacyDigest(0x503f99d3d2b2f5d98e7138a8b0ad41e58527b4f9e3a1974f485b238cf1f58f09, 0xa1f677df361c0235b1979e7c31d89bcad72b78744ae472963d3bc9f12b384374, [0x684016e05741dc9d511ff3520a16e1da90a35be14b76f9e12ef0287b9beae39f, 0x4248604a48b20c1488ebbd239bc249acb67416b5ab54146836ede4ffa271efba, 0x0000000000000000000000007fa9385be102ac3eac297483dd6233d62b3e1496, 0x0000000000000000000000000000000000000000000000000000000000000000, 0x0000000000000000000000000000000000000000000000000000000000000000, 0x5eef7ba05e91855e3dd0199d3ddd461ea8db9ce9e5c16cbf3195d5f62518c5a5, 0xfda025dd6c6575e0e64d6c955a6f32ae18863cab3e0d05836ad321654c4893ad], 0xd93c97efc96ce60f61ff5ce34e53121ffeb813a57f7f78745036f316087f2108) [staticcall]
    │   │   └─ ← [Return] 0x8715b5dddc9b835d049221b784e5eea3c1b894295d4722851d9a2c58d3a35e42
    │   ├─ [447] IndexModule::generation() [staticcall]
    │   │   └─ ← [Return] 0
    │   ├─ [4502] PublicationSupport::indexAllowance(IndexModule: [0x5991A2dF15A8F6A256D3Ec51E99254Cd3fb576A9], TypeRegistry: [0x5615dEB798BB3E4dFa0139dFa1b3D433Cc23b72f], 0x000000000000000000000000000000000000000000000000000000000000002000000000000000000000000000000000000000000000000000000000000000010000000000000000000000000000000000000000000000000000000000000001893544baacdb665cd8c368d49244147e4a7fdd8ed2501fa741b85cdfe029f556415dcfac74453ba606b2a78ae227b61cba05c96e228b70fc11e308da3e072d5a000000000000000000000000000000000000000000000000000000000000000000000000000000000000000000000000000000000000000000000000000000000000000000000000000000000000000000000000000000000000000000000000000000000000000000000000000000000000000000000000000000000000000000000000000000000000000000000000000000000000000000000000000000000000000000000000000000000000000000000000000000000000000000000000) [staticcall]
    │   │   ├─ [276] IndexModule::fieldProfile() [staticcall]
    │   │   │   └─ ← [Return] 0x0000000000000000000000000000000000000000
    │   │   ├─ [1242] TypeRegistry::typeInfo(0x893544baacdb665cd8c368d49244147e4a7fdd8ed2501fa741b85cdfe029f556) [staticcall]
    │   │   │   └─ ← [Return] true, DescribedTypeRule: [0x4649d8e910f2ef6aFb8a9AF3F6729E12c83316d3], 0x476e1a9fb7c7a4202cfcea5afb1394f6c55ce07adbb827ba931dd5137e89096b, 0x0000000000000000000000000000000000000000, 0x0000000000000000000000000000000000000000000000000000000000000000, 0, 1
    │   │   └─ ← [Return] 375600 [3.756e5]
    │   ├─ [1242] TypeRegistry::typeInfo(0x893544baacdb665cd8c368d49244147e4a7fdd8ed2501fa741b85cdfe029f556) [staticcall]
    │   │   └─ ← [Return] true, DescribedTypeRule: [0x4649d8e910f2ef6aFb8a9AF3F6729E12c83316d3], 0x476e1a9fb7c7a4202cfcea5afb1394f6c55ce07adbb827ba931dd5137e89096b, 0x0000000000000000000000000000000000000000, 0x0000000000000000000000000000000000000000000000000000000000000000, 0, 1
    │   ├─ [17649] DescribedTypeRule::accept(0x893544baacdb665cd8c368d49244147e4a7fdd8ed2501fa741b85cdfe029f556, 0x00026869, []) [staticcall]
    │   │   ├─ [878] Ledger::registry() [staticcall]
    │   │   │   └─ ← [Return] TypeRegistry: [0x5615dEB798BB3E4dFa0139dFa1b3D433Cc23b72f]
    │   │   ├─ [2165] TypeRegistry::describedInfo(0x893544baacdb665cd8c368d49244147e4a7fdd8ed2501fa741b85cdfe029f556) [staticcall]
    │   │   │   └─ ← [Return] Info({ blob: 0x037eDa3aDB1198021A9b2e88C22B464fD38db3f3, mandatory: 0x4649d8e910f2ef6aFb8a9AF3F6729E12c83316d3, shape: 0xce6199efc95745f11898b2bdc4f785e73e9da9dd9b8c9629acc52f6d7911044a, rule: 0x476e1a9fb7c7a4202cfcea5afb1394f6c55ce07adbb827ba931dd5137e89096b, custom: 0x212224D2F2d262cd093eE13240ca4873fcCBbA3C, allowedLedger: 0xF62849F9A0B5Bf2913b396098F7c7019b51A820a, bindingId: 0x6814a88407d8ac5715307935751017765145dfea7eb10481a83fcc78bc566bb5 })
    │   │   ├─ [863] TypeRegistry::refTypes(0x893544baacdb665cd8c368d49244147e4a7fdd8ed2501fa741b85cdfe029f556) [staticcall]
    │   │   │   └─ ← [Return] []
    │   │   ├─ [1714] Ledger::acceptDescribed(Ledger: [0xF62849F9A0B5Bf2913b396098F7c7019b51A820a], 0x893544baacdb665cd8c368d49244147e4a7fdd8ed2501fa741b85cdfe029f556, 0x00026869, []) [staticcall]
    │   │   │   └─ ← [Revert] unrecognized function selector 0x2e580aac for contract 0xF62849F9A0B5Bf2913b396098F7c7019b51A820a, which has no fallback function.
    │   │   └─ ← [Return] false
    │   └─ ← [Revert] E_REJECTED(0, 0x893544baacdb665cd8c368d49244147e4a7fdd8ed2501fa741b85cdfe029f556)
    └─ ← [Revert] E_REJECTED(0, 0x893544baacdb665cd8c368d49244147e4a7fdd8ed2501fa741b85cdfe029f556)

Backtrace:
  at Ledger.acceptDescribed
  at DescribedTypeRule.accept
  at Ledger.publish
  at DescribedTypeProfileTest.test_custom_instance_valid_structure_and_callback_both_mandatory

Suite result: FAILED. 0 passed; 1 failed; 0 skipped; finished in 2.24ms (703.38µs CPU time)

Ran 1 test suite in 7.53ms (2.24ms CPU time): 0 tests passed, 1 failed, 0 skipped (1 total tests)

Failing tests:
Encountered 1 failing test in test/DescribedTypeProfile.t.sol:DescribedTypeProfileTest
[FAIL: E_REJECTED(0, 0x893544baacdb665cd8c368d49244147e4a7fdd8ed2501fa741b85cdfe029f556)] test_custom_instance_valid_structure_and_callback_both_mandatory() (gas: 2619923)

Encountered a total of 1 failing tests, 0 tests succeeded

Tip: Run `forge test --rerun` to retry only the 1 failed test
