Compiling 2 files with Solc 0.8.30
Solc 0.8.30 finished in 12.84s
Compiler run successful with warnings:
Warning (2519): This declaration shadows an existing declaration.
  --> src/Keys.sol:92:21:
   |
92 |     function record(bytes32 typeId, bytes memory data) internal pure returns (bytes32) {
   |                     ^^^^^^^^^^^^^^
Note: The shadowed declaration is here:
  --> src/Keys.sol:88:5:
   |
88 |     function typeId(bytes32 shape, bytes32[] memory refTypes, bytes32 ruleId) internal pure returns (bytes32) {
   |     ^ (Relevant source part starts here and spans across multiple lines).

Warning (2519): This declaration shadows an existing declaration.
  --> src/Keys.sol:97:29:
   |
97 |     function recordFromHash(bytes32 typeId, bytes32 bodyHash) internal pure returns (bytes32) {
   |                             ^^^^^^^^^^^^^^
Note: The shadowed declaration is here:
  --> src/Keys.sol:88:5:
   |
88 |     function typeId(bytes32 shape, bytes32[] memory refTypes, bytes32 ruleId) internal pure returns (bytes32) {
   |     ^ (Relevant source part starts here and spans across multiple lines).

Warning (2519): This declaration shadows an existing declaration.
   --> src/Keys.sol:117:22:
    |
117 |     function posting(bytes32 typeId, uint8 kind, uint8 ordinal, bytes32 valueKey) internal pure returns (bytes32) {
    |                      ^^^^^^^^^^^^^^
Note: The shadowed declaration is here:
  --> src/Keys.sol:88:5:
   |
88 |     function typeId(bytes32 shape, bytes32[] memory refTypes, bytes32 ruleId) internal pure returns (bytes32) {
   |     ^ (Relevant source part starts here and spans across multiple lines).

Warning (2519): This declaration shadows an existing declaration.
   --> src/Keys.sol:121:25:
    |
121 |     function byTypeList(bytes32 typeId) internal pure returns (bytes32) {
    |                         ^^^^^^^^^^^^^^
Note: The shadowed declaration is here:
  --> src/Keys.sol:88:5:
   |
88 |     function typeId(bytes32 shape, bytes32[] memory refTypes, bytes32 ruleId) internal pure returns (bytes32) {
   |     ^ (Relevant source part starts here and spans across multiple lines).

Warning (3860): Contract initcode size is 85357 bytes and exceeds 49152 bytes (a limit introduced in Shanghai). This contract may not be deployable on Mainnet. Consider enabling the optimizer (with a low "runs" value!), turning off revert strings, or using libraries.
   --> test/CoreOrderedAcceptance.t.sol:141:1:
    |
141 | contract CallbackOwner {
    | ^ (Relevant source part starts here and spans across multiple lines).

Warning (3860): Contract initcode size is 291473 bytes and exceeds 49152 bytes (a limit introduced in Shanghai). This contract may not be deployable on Mainnet. Consider enabling the optimizer (with a low "runs" value!), turning off revert strings, or using libraries.
   --> test/CoreOrderedAcceptance.t.sol:205:1:
    |
205 | contract CoreOrderedAcceptanceTest is LabBase {
    | ^ (Relevant source part starts here and spans across multiple lines).


Ran 1 test for test/CoreOrderedAcceptance.t.sol:CoreOrderedAcceptanceTest
[FAIL: E_UNKNOWN_TYPE(0x000000000000000000000000000000000000000000000000000000000000007b)] test_static_codecs_preserve_hashes_order_and_unknown_type_behavior() (gas: 65015)
Logs:
  read-set 2x1 warm call gas: 17029

Suite result: FAILED. 0 passed; 1 failed; 0 skipped; finished in 3.48ms (955.17µs CPU time)

Ran 1 test suite in 5.42ms (3.48ms CPU time): 0 tests passed, 1 failed, 0 skipped (1 total tests)

Failing tests:
Encountered 1 failing test in test/CoreOrderedAcceptance.t.sol:CoreOrderedAcceptanceTest
[FAIL: E_UNKNOWN_TYPE(0x000000000000000000000000000000000000000000000000000000000000007b)] test_static_codecs_preserve_hashes_order_and_unknown_type_behavior() (gas: 65015)

Encountered a total of 1 failing tests, 0 tests succeeded

Tip: Run `forge test --rerun` to retry only the 1 failed test
