Compiling 2 files with Solc 0.8.30
Solc 0.8.30 finished in 6.22s
Compiler run successful with warnings:
Warning (2519): This declaration shadows an existing declaration.
  --> src/Keys.sol:92:21:
   |
92 |     function record(bytes32 typeId, bytes memory data) internal pure returns (bytes32) {
   |                     ^^^^^^^^^^^^^^
Note: The shadowed declaration is here:
  --> src/Keys.sol:88:5:
   |
88 |     function typeId(bytes32 shape, bytes32[] memory refTypes, bytes32 ruleId) internal pure returns (bytes32) {
   |     ^ (Relevant source part starts here and spans across multiple lines).

Warning (2519): This declaration shadows an existing declaration.
  --> src/Keys.sol:97:29:
   |
97 |     function recordFromHash(bytes32 typeId, bytes32 bodyHash) internal pure returns (bytes32) {
   |                             ^^^^^^^^^^^^^^
Note: The shadowed declaration is here:
  --> src/Keys.sol:88:5:
   |
88 |     function typeId(bytes32 shape, bytes32[] memory refTypes, bytes32 ruleId) internal pure returns (bytes32) {
   |     ^ (Relevant source part starts here and spans across multiple lines).

Warning (2519): This declaration shadows an existing declaration.
   --> src/Keys.sol:117:22:
    |
117 |     function posting(bytes32 typeId, uint8 kind, uint8 ordinal, bytes32 valueKey) internal pure returns (bytes32) {
    |                      ^^^^^^^^^^^^^^
Note: The shadowed declaration is here:
  --> src/Keys.sol:88:5:
   |
88 |     function typeId(bytes32 shape, bytes32[] memory refTypes, bytes32 ruleId) internal pure returns (bytes32) {
   |     ^ (Relevant source part starts here and spans across multiple lines).

Warning (2519): This declaration shadows an existing declaration.
   --> src/Keys.sol:121:25:
    |
121 |     function byTypeList(bytes32 typeId) internal pure returns (bytes32) {
    |                         ^^^^^^^^^^^^^^
Note: The shadowed declaration is here:
  --> src/Keys.sol:88:5:
   |
88 |     function typeId(bytes32 shape, bytes32[] memory refTypes, bytes32 ruleId) internal pure returns (bytes32) {
   |     ^ (Relevant source part starts here and spans across multiple lines).

Warning (2018): Function state mutability can be restricted to pure
  --> test/DescribedTypeProfile.t.sol:52:5:
   |
52 |     function signature(uint256 key,bytes32 digest) internal view returns(bytes memory){
   |     ^ (Relevant source part starts here and spans across multiple lines).

Warning (3860): Contract initcode size is 131490 bytes and exceeds 49152 bytes (a limit introduced in Shanghai). This contract may not be deployable on Mainnet. Consider enabling the optimizer (with a low "runs" value!), turning off revert strings, or using libraries.
  --> test/DescribedTypeProfile.t.sol:23:1:
   |
23 | contract DescribedTypeProfileTest is LabBase {
   | ^ (Relevant source part starts here and spans across multiple lines).


Ran 11 tests for test/DescribedTypeProfile.t.sol:DescribedTypeProfileTest
[PASS] test_custom_bad_bool_oversized_return_exhaustion_and_code_drift_refuse() (gas: 4417008)
[FAIL: E_REJECTED(0, 0x893544baacdb665cd8c368d49244147e4a7fdd8ed2501fa741b85cdfe029f556)] test_custom_instance_valid_structure_and_callback_both_mandatory() (gas: 2619923)
[PASS] test_custom_signature_scope_and_same_code_different_state_squatting() (gas: 2656002)
[PASS] test_descriptor_canonicality_and_body_negative_matrix() (gas: 5420838)
[FAIL: E_REJECTED(0, 0x893544baacdb665cd8c368d49244147e4a7fdd8ed2501fa741b85cdfe029f556)] test_direct_forged_context_and_fake_ledger_cannot_impersonate() (gas: 2785642)
[PASS] test_final_failure_rolls_back_described_records_and_nonce() (gas: 1216364)
[PASS] test_portable_destination_unchanged_declaration_and_custom_retention_only() (gas: 6825513)
[PASS] test_public_registration_retains_bytes_and_requires_structure() (gas: 1561769)
[PASS] test_public_relayer_wrong_signature_zero_custom_fields_and_opaque_boundary() (gas: 740626)
[PASS] test_unknown_future_leaf_refuses_before_callback_registration() (gas: 713130)
[PASS] test_unknown_publish_and_reuse_refuse_initial_profile() (gas: 40648)
Suite result: FAILED. 9 passed; 2 failed; 0 skipped; finished in 13.23ms (41.04ms CPU time)

Ran 1 test suite in 21.46ms (13.23ms CPU time): 9 tests passed, 2 failed, 0 skipped (11 total tests)

Failing tests:
Encountered 2 failing tests in test/DescribedTypeProfile.t.sol:DescribedTypeProfileTest
[FAIL: E_REJECTED(0, 0x893544baacdb665cd8c368d49244147e4a7fdd8ed2501fa741b85cdfe029f556)] test_custom_instance_valid_structure_and_callback_both_mandatory() (gas: 2619923)
[FAIL: E_REJECTED(0, 0x893544baacdb665cd8c368d49244147e4a7fdd8ed2501fa741b85cdfe029f556)] test_direct_forged_context_and_fake_ledger_cannot_impersonate() (gas: 2785642)

Encountered a total of 2 failing tests, 9 tests succeeded

Tip: Run `forge test --rerun` to retry only the 2 failed tests
