Compiling 1 files with Solc 0.8.30
Solc 0.8.30 finished in 6.78s
Compiler run successful with warnings:
Warning (2519): This declaration shadows an existing declaration.
  --> src/Keys.sol:92:21:
   |
92 |     function record(bytes32 typeId, bytes memory data) internal pure returns (bytes32) {
   |                     ^^^^^^^^^^^^^^
Note: The shadowed declaration is here:
  --> src/Keys.sol:88:5:
   |
88 |     function typeId(bytes32 shape, bytes32[] memory refTypes, bytes32 ruleId) internal pure returns (bytes32) {
   |     ^ (Relevant source part starts here and spans across multiple lines).

Warning (2519): This declaration shadows an existing declaration.
  --> src/Keys.sol:97:29:
   |
97 |     function recordFromHash(bytes32 typeId, bytes32 bodyHash) internal pure returns (bytes32) {
   |                             ^^^^^^^^^^^^^^
Note: The shadowed declaration is here:
  --> src/Keys.sol:88:5:
   |
88 |     function typeId(bytes32 shape, bytes32[] memory refTypes, bytes32 ruleId) internal pure returns (bytes32) {
   |     ^ (Relevant source part starts here and spans across multiple lines).

Warning (2519): This declaration shadows an existing declaration.
   --> src/Keys.sol:117:22:
    |
117 |     function posting(bytes32 typeId, uint8 kind, uint8 ordinal, bytes32 valueKey) internal pure returns (bytes32) {
    |                      ^^^^^^^^^^^^^^
Note: The shadowed declaration is here:
  --> src/Keys.sol:88:5:
   |
88 |     function typeId(bytes32 shape, bytes32[] memory refTypes, bytes32 ruleId) internal pure returns (bytes32) {
   |     ^ (Relevant source part starts here and spans across multiple lines).

Warning (2519): This declaration shadows an existing declaration.
   --> src/Keys.sol:121:25:
    |
121 |     function byTypeList(bytes32 typeId) internal pure returns (bytes32) {
    |                         ^^^^^^^^^^^^^^
Note: The shadowed declaration is here:
  --> src/Keys.sol:88:5:
   |
88 |     function typeId(bytes32 shape, bytes32[] memory refTypes, bytes32 ruleId) internal pure returns (bytes32) {
   |     ^ (Relevant source part starts here and spans across multiple lines).

Warning (3860): Contract initcode size is 143832 bytes and exceeds 49152 bytes (a limit introduced in Shanghai). This contract may not be deployable on Mainnet. Consider enabling the optimizer (with a low "runs" value!), turning off revert strings, or using libraries.
  --> test/DescribedTypeProfile.t.sol:23:1:
   |
23 | contract DescribedTypeProfileTest is LabBase {
   | ^ (Relevant source part starts here and spans across multiple lines).


Ran 1 test for test/DescribedTypeProfile.t.sol:DescribedTypeProfileTest
[FAIL: E_DESCRIPTOR()] test_zero_field_unit_type_requires_exact_empty_body() (gas: 10139)
Suite result: FAILED. 0 passed; 1 failed; 0 skipped; finished in 2.07ms (33.50µs CPU time)

Ran 1 test suite in 4.90ms (2.07ms CPU time): 0 tests passed, 1 failed, 0 skipped (1 total tests)

Failing tests:
Encountered 1 failing test in test/DescribedTypeProfile.t.sol:DescribedTypeProfileTest
[FAIL: E_DESCRIPTOR()] test_zero_field_unit_type_requires_exact_empty_body() (gas: 10139)

Encountered a total of 1 failing tests, 0 tests succeeded

Tip: Run `forge test --rerun` to retry only the 1 failed test
