Compiling 16 files with Solc 0.8.30
Solc 0.8.30 finished in 197.51s
Compiler run successful with warnings:
Warning (2519): This declaration shadows an existing declaration.
  --> src/Keys.sol:88:21:
   |
88 |     function record(bytes32 typeId, bytes memory data) internal pure returns (bytes32) {
   |                     ^^^^^^^^^^^^^^
Note: The shadowed declaration is here:
  --> src/Keys.sol:84:5:
   |
84 |     function typeId(bytes32 shape, bytes32[] memory refTypes, bytes32 ruleId) internal pure returns (bytes32) {
   |     ^ (Relevant source part starts here and spans across multiple lines).

Warning (2519): This declaration shadows an existing declaration.
  --> src/Keys.sol:93:29:
   |
93 |     function recordFromHash(bytes32 typeId, bytes32 bodyHash) internal pure returns (bytes32) {
   |                             ^^^^^^^^^^^^^^
Note: The shadowed declaration is here:
  --> src/Keys.sol:84:5:
   |
84 |     function typeId(bytes32 shape, bytes32[] memory refTypes, bytes32 ruleId) internal pure returns (bytes32) {
   |     ^ (Relevant source part starts here and spans across multiple lines).

Warning (2519): This declaration shadows an existing declaration.
   --> src/Keys.sol:113:22:
    |
113 |     function posting(bytes32 typeId, uint8 kind, uint8 ordinal, bytes32 valueKey) internal pure returns (bytes32) {
    |                      ^^^^^^^^^^^^^^
Note: The shadowed declaration is here:
  --> src/Keys.sol:84:5:
   |
84 |     function typeId(bytes32 shape, bytes32[] memory refTypes, bytes32 ruleId) internal pure returns (bytes32) {
   |     ^ (Relevant source part starts here and spans across multiple lines).

Warning (2519): This declaration shadows an existing declaration.
   --> src/Keys.sol:117:25:
    |
117 |     function byTypeList(bytes32 typeId) internal pure returns (bytes32) {
    |                         ^^^^^^^^^^^^^^
Note: The shadowed declaration is here:
  --> src/Keys.sol:84:5:
   |
84 |     function typeId(bytes32 shape, bytes32[] memory refTypes, bytes32 ruleId) internal pure returns (bytes32) {
   |     ^ (Relevant source part starts here and spans across multiple lines).

Warning (2519): This declaration shadows an existing declaration.
   --> test/FilesJoined.t.sol:487:14:
    |
487 |             (uint8 status, uint64 from, uint64 through) = filesIndex.coverage(filesIndex.FAMILY_FILES_PARENT(), 0);
    |              ^^^^^^^^^^^^
Note: The shadowed declaration is here:
   --> test/FilesJoined.t.sol:513:10:
    |
513 |         (uint8 status, uint64 from, uint64 through) =
    |          ^^^^^^^^^^^^

Warning (2519): This declaration shadows an existing declaration.
   --> test/FilesJoined.t.sol:487:28:
    |
487 |             (uint8 status, uint64 from, uint64 through) = filesIndex.coverage(filesIndex.FAMILY_FILES_PARENT(), 0);
    |                            ^^^^^^^^^^^
Note: The shadowed declaration is here:
   --> test/FilesJoined.t.sol:513:24:
    |
513 |         (uint8 status, uint64 from, uint64 through) =
    |                        ^^^^^^^^^^^

Warning (2519): This declaration shadows an existing declaration.
   --> test/FilesJoined.t.sol:487:41:
    |
487 |             (uint8 status, uint64 from, uint64 through) = filesIndex.coverage(filesIndex.FAMILY_FILES_PARENT(), 0);
    |                                         ^^^^^^^^^^^^^^
Note: The shadowed declaration is here:
   --> test/FilesJoined.t.sol:513:37:
    |
513 |         (uint8 status, uint64 from, uint64 through) =
    |                                     ^^^^^^^^^^^^^^

Warning (2519): This declaration shadows an existing declaration.
   --> test/FilesNames.t.sol:297:14:
    |
297 |             (bool ok, bytes memory err) = address(reader).staticcall(abi.encodeCall(reader.readName, (position, MOUNT, role, bad)));
    |              ^^^^^^^
Note: The shadowed declaration is here:
   --> test/FilesNames.t.sol:301:10:
    |
301 |         (bool ok, bytes memory err) = address(reader).staticcall(abi.encodeCall(reader.readName,
    |          ^^^^^^^

Warning (2519): This declaration shadows an existing declaration.
   --> test/FilesNames.t.sol:297:23:
    |
297 |             (bool ok, bytes memory err) = address(reader).staticcall(abi.encodeCall(reader.readName, (position, MOUNT, role, bad)));
    |                       ^^^^^^^^^^^^^^^^
Note: The shadowed declaration is here:
   --> test/FilesNames.t.sol:301:19:
    |
301 |         (bool ok, bytes memory err) = address(reader).staticcall(abi.encodeCall(reader.readName,
    |                   ^^^^^^^^^^^^^^^^

Warning (2519): This declaration shadows an existing declaration.
   --> test/IndexConfigExpectation.t.sol:146:14:
    |
146 |             (uint64 publication, uint64 first) = bob.execute(one(aPublish(BINARY, bobBodies[0])), bobBodies);
    |              ^^^^^^^^^^^^^^^^^^
Note: The shadowed declaration is here:
   --> test/IndexConfigExpectation.t.sol:168:10:
    |
168 |         (uint64 publication, uint64 first) = ledger.executeSigned(intent, actions, bodies, signature);
    |          ^^^^^^^^^^^^^^^^^^

Warning (2519): This declaration shadows an existing declaration.
   --> test/IndexConfigExpectation.t.sol:146:34:
    |
146 |             (uint64 publication, uint64 first) = bob.execute(one(aPublish(BINARY, bobBodies[0])), bobBodies);
    |                                  ^^^^^^^^^^^^
Note: The shadowed declaration is here:
   --> test/IndexConfigExpectation.t.sol:168:30:
    |
168 |         (uint64 publication, uint64 first) = ledger.executeSigned(intent, actions, bodies, signature);
    |                              ^^^^^^^^^^^^

Warning (2018): Function state mutability can be restricted to view
  --> test/FilesDirectoryProfile.t.sol:60:5:
   |
60 |     function test_directory_pin_rejects_wrong_rule_hash() public {
   |     ^ (Relevant source part starts here and spans across multiple lines).

Warning (2018): Function state mutability can be restricted to view
  --> test/FoundationGuard.t.sol:60:5:
   |
60 |     function testReadSetRejectsDuplicatesLengthsAndBounds() public {
   |     ^ (Relevant source part starts here and spans across multiple lines).

Warning (3860): Contract initcode size is 81712 bytes and exceeds 49152 bytes (a limit introduced in Shanghai). This contract may not be deployable on Mainnet. Consider enabling the optimizer (with a low "runs" value!), turning off revert strings, or using libraries.
  --> test/FilesCarrierProfile.t.sol:10:1:
   |
10 | contract FilesCarrierProfileTest is LabBase {
   | ^ (Relevant source part starts here and spans across multiple lines).

Warning (3860): Contract initcode size is 127086 bytes and exceeds 49152 bytes (a limit introduced in Shanghai). This contract may not be deployable on Mainnet. Consider enabling the optimizer (with a low "runs" value!), turning off revert strings, or using libraries.
  --> test/FilesCarrierProfile.t.sol:71:1:
   |
71 | contract FilesCarrierIndexTest is FilesDirectoryProfileTest {
   | ^ (Relevant source part starts here and spans across multiple lines).

Warning (3860): Contract initcode size is 207655 bytes and exceeds 49152 bytes (a limit introduced in Shanghai). This contract may not be deployable on Mainnet. Consider enabling the optimizer (with a low "runs" value!), turning off revert strings, or using libraries.
  --> test/FilesPageReader.t.sol:14:1:
   |
14 | contract FilesPageReaderTest is FilesCarrierIndexTest {
   | ^ (Relevant source part starts here and spans across multiple lines).

Warning (3860): Contract initcode size is 214736 bytes and exceeds 49152 bytes (a limit introduced in Shanghai). This contract may not be deployable on Mainnet. Consider enabling the optimizer (with a low "runs" value!), turning off revert strings, or using libraries.
  --> test/CoreReadCostAudit.t.sol:11:1:
   |
11 | contract CoreReadCostAuditTest is FilesPageReaderTest {
   | ^ (Relevant source part starts here and spans across multiple lines).

Warning (3860): Contract initcode size is 212679 bytes and exceeds 49152 bytes (a limit introduced in Shanghai). This contract may not be deployable on Mainnet. Consider enabling the optimizer (with a low "runs" value!), turning off revert strings, or using libraries.
  --> test/FilesBytework.t.sol:10:1:
   |
10 | contract FilesByteworkTest is FilesPageReaderTest {
   | ^ (Relevant source part starts here and spans across multiple lines).

Warning (3860): Contract initcode size is 180691 bytes and exceeds 49152 bytes (a limit introduced in Shanghai). This contract may not be deployable on Mainnet. Consider enabling the optimizer (with a low "runs" value!), turning off revert strings, or using libraries.
  --> test/FilesJoined.t.sol:14:1:
   |
14 | contract FilesJoinedTest is LabBase {
   | ^ (Relevant source part starts here and spans across multiple lines).

Warning (3860): Contract initcode size is 170851 bytes and exceeds 49152 bytes (a limit introduced in Shanghai). This contract may not be deployable on Mainnet. Consider enabling the optimizer (with a low "runs" value!), turning off revert strings, or using libraries.
 --> test/FilesLiveIndex.t.sol:9:1:
  |
9 | contract FilesLiveIndexTest is FilesNamesTest {
  | ^ (Relevant source part starts here and spans across multiple lines).

Warning (3860): Contract initcode size is 81465 bytes and exceeds 49152 bytes (a limit introduced in Shanghai). This contract may not be deployable on Mainnet. Consider enabling the optimizer (with a low "runs" value!), turning off revert strings, or using libraries.
 --> test/FoundationGuard.t.sol:9:1:
  |
9 | contract FoundationGuardTest is LabBase {
  | ^ (Relevant source part starts here and spans across multiple lines).

Warning (3860): Contract initcode size is 140878 bytes and exceeds 49152 bytes (a limit introduced in Shanghai). This contract may not be deployable on Mainnet. Consider enabling the optimizer (with a low "runs" value!), turning off revert strings, or using libraries.
  --> test/FoundationUpgrade.t.sol:36:1:
   |
36 | contract FoundationUpgradeTest is LabBase {
   | ^ (Relevant source part starts here and spans across multiple lines).

Warning (3860): Contract initcode size is 102577 bytes and exceeds 49152 bytes (a limit introduced in Shanghai). This contract may not be deployable on Mainnet. Consider enabling the optimizer (with a low "runs" value!), turning off revert strings, or using libraries.
  --> test/GuardedRecovery.t.sol:12:1:
   |
12 | contract GuardedRecoveryTest is LabBase {
   | ^ (Relevant source part starts here and spans across multiple lines).

Warning (3860): Contract initcode size is 140263 bytes and exceeds 49152 bytes (a limit introduced in Shanghai). This contract may not be deployable on Mainnet. Consider enabling the optimizer (with a low "runs" value!), turning off revert strings, or using libraries.
  --> test/IncomingQuotes.t.sol:18:1:
   |
18 | contract IncomingQuotesTest is LabBase {
   | ^ (Relevant source part starts here and spans across multiple lines).

Warning (3860): Contract initcode size is 94876 bytes and exceeds 49152 bytes (a limit introduced in Shanghai). This contract may not be deployable on Mainnet. Consider enabling the optimizer (with a low "runs" value!), turning off revert strings, or using libraries.
  --> test/IndexConfigExpectation.t.sol:27:1:
   |
27 | contract IndexConfigExpectationTest is LabBase {
   | ^ (Relevant source part starts here and spans across multiple lines).

Warning (3860): Contract initcode size is 104540 bytes and exceeds 49152 bytes (a limit introduced in Shanghai). This contract may not be deployable on Mainnet. Consider enabling the optimizer (with a low "runs" value!), turning off revert strings, or using libraries.
  --> test/LedgerMatrix.t.sol:14:1:
   |
14 | contract LedgerMatrixTest is LabBase {
   | ^ (Relevant source part starts here and spans across multiple lines).


Ran 2 tests for test/FilesBytework.t.sol:FilesNameByteBoundaryTest
[PASS] test_bytework_name_copy_exact_lengths() (gas: 1976603)
[PASS] test_bytework_name_decoder_rejects_malformed_bounds() (gas: 1547976)
Suite result: ok. 2 passed; 0 failed; 0 skipped; finished in 4.85ms (4.42ms CPU time)

Ran 5 tests for test/IndexConfigExpectation.t.sol:IndexConfigExpectationTest
[PASS] test_actual_module_replacement_rejects_old_signature() (gas: 2089828)
[PASS] test_default_unset_index_keeps_zero_obligation_and_unknown_listing() (gas: 8593052)
[PASS] test_internal_required_declarations_are_constructor_only() (gas: 1313874)
[PASS] test_required_downgrade_refuses_without_invalidating_signed_publication() (gas: 1511878)
[PASS] test_signed_write_survives_other_author_optional_and_generation_progress() (gas: 3493662)
Suite result: ok. 5 passed; 0 failed; 0 skipped; finished in 22.59ms (15.19ms CPU time)

Ran 10 tests for test/FoundationGuard.t.sol:FoundationGuardTest
[PASS] testDifferentGuardsDoNotAliasAtSameNonce() (gas: 937631)
[PASS] testGuardedBindingEpochAndIndexABAAreStale() (gas: 778557)
[PASS] testGuardedRequiredIndexFailureRollsBackReadSetAndAllEffects() (gas: 1195199)
[PASS] testGuardedSignatureRetainsFullReadSetAndCannotBeStripped() (gas: 880978)
[PASS] testReadSetMutationOmissionAndPrincipalOrderRejected() (gas: 213203)
[PASS] testReadSetRejectsDuplicatesLengthsAndBounds() (gas: 668437)
[PASS] testRetainsNativePrincipalWithoutAccountReclassification() (gas: 633285)
[PASS] testSamePublicationMultipleWritesCheckOnlyPreState() (gas: 1609334)
[PASS] testSameTargetNewRevisionAndLowerIncludedAuthorAreStale() (gas: 2163744)
[PASS] testSelectedSourceAndDestinationGuardEveryIncludedHead() (gas: 2224460)
Suite result: ok. 10 passed; 0 failed; 0 skipped; finished in 41.59ms (35.59ms CPU time)

Ran 7 tests for test/FoundationUpgrade.t.sol:FoundationUpgradeTest
[PASS] testExplicitListConflictAndHistoricalKeysNeverReclassifyAccounts() (gas: 2293229)
[PASS] testGenesisChainChangeRefusesIngressButNotHistoricalOrigin() (gas: 63426)
[PASS] testPopulatedUpgradePreservesRootsMaskHistoryAndWithdrawal() (gas: 3255520)
[PASS] testProxyExplicitlyRejectsEmptyCallsAndEther() (gas: 50188)
[PASS] testProxyLegacyIngressExplicitlyUnsupportedDirectStillSupported() (gas: 737065)
[PASS] testRollbackAndSameCodeReactivationCannotReviveSignedPlan() (gas: 162829)
[PASS] testUpgradeRejectsUnauthorizedAndIncompatibleTargetsAtomically() (gas: 27563913)
Suite result: ok. 7 passed; 0 failed; 0 skipped; finished in 36.65ms (27.04ms CPU time)

Ran 13 tests for test/FilesCarrierProfile.t.sol:FilesCarrierProfileTest
[PASS] test_bytes_and_concept_limits() (gas: 3476847)
[PASS] test_bytes_maximum_payload_admission() (gas: 1445591)
[PASS] test_bytes_supplied_digest_must_match_payload() (gas: 538096)
[PASS] test_descriptor_extra_missing_length_rejected() (gas: 1484464)
[PASS] test_empty_and_binary_descriptor_accepted() (gas: 2375010)
[PASS] test_encrypted_public_plaintext_fingerprint_rejected_direct_core() (gas: 2019300)
[PASS] test_encryption_canonical_parameters_required() (gas: 2004979)
[PASS] test_external_requires_empty_inline_sentinel() (gas: 2172818)
[PASS] test_inline_target_length_hash_and_type_rejected() (gas: 2507131)
[PASS] test_maximum_inline_descriptor_inside_mandatory_budget() (gas: 2073662)
[PASS] test_root_child_exact_lineage_and_finite_parent_profiles() (gas: 6654900)
[PASS] test_signed_batch_rejection_rolls_back_prior_create_and_publication() (gas: 1310126)
[PASS] test_unsupported_algorithm_carrier_media_rejected() (gas: 1707468)
Suite result: ok. 13 passed; 0 failed; 0 skipped; finished in 50.54ms (51.80ms CPU time)

Ran 12 tests for test/LedgerMatrix.t.sol:LedgerMatrixTest
[PASS] test_binding_role_demands_target_type() (gas: 3565756)
[PASS] test_checked_references_direct_batch_dedup_reuse() (gas: 4787862)
[PASS] test_failed_acceptance_rolls_back_publication() (gas: 4163069)
[PASS] test_failed_index_module_reverts_and_coverage_is_honest() (gas: 2106453)
[PASS] test_folder_listing_mask_count_and_paging() (gas: 5444118)
[PASS] test_history_as_of_tombstone_and_rebind() (gas: 3294696)
[PASS] test_native_single_author_lifecycle() (gas: 2648017)
[PASS] test_native_two_authors_lens_mask_fallthrough() (gas: 2460253)
[PASS] test_signed_single_author() (gas: 1936218)
[PASS] test_signed_two_authors_and_reconstruction() (gas: 2207805)
[PASS] test_stale_cas_and_not_live() (gas: 3113011)
[PASS] test_two_authors_identical_record_and_withdraw() (gas: 2110344)
Suite result: ok. 12 passed; 0 failed; 0 skipped; finished in 86.08ms (80.99ms CPU time)

Ran 12 tests for test/GuardedRecovery.t.sol:GuardedRecoveryTest
[PASS] test_changed_source_realm_and_origin_rejected_mid_prefix() (gas: 3547677)
[PASS] test_equal_revision_different_target_cannot_start_recovery() (gas: 2699915)
[PASS] test_exact_front_run_reconciles_and_continues_prefix() (gas: 3519436)
[PASS] test_independent_other_author_interleaving_preserves_prefix() (gas: 3835480)
[PASS] test_legacy_signed_claim_rejected() (gas: 531017)
[PASS] test_linked_duplicate_rejects_inconsistent_readset_preimage() (gas: 2268894)
[PASS] test_original_author_recovery_preserves_subject_and_duplicate_has_no_effect() (gas: 2277263)
[PASS] test_rejected_policy_rolls_back_helper_core_and_index_then_retry_succeeds() (gas: 3213847)
[PASS] test_required_index_rejection_rolls_back_progress_publication_and_subject() (gas: 3251144)
[PASS] test_sixty_four_source_actions_leave_no_room_for_statement() (gas: 5050326)
[PASS] test_tampered_statement_and_post_front_run_interleaving_rejected() (gas: 2669971)
[PASS] test_wrong_author_lineage_prefix_and_withdraw_rejected() (gas: 2090387)
Suite result: ok. 12 passed; 0 failed; 0 skipped; finished in 133.27ms (126.22ms CPU time)

Ran 13 tests for test/FilesCarrierProfile.t.sol:FilesCarrierIndexTest
[PASS] test_carrier_child_reverse_parent_postings_and_reuse() (gas: 3309950)
[PASS] test_directory_exact_body_length_required() (gas: 935210)
[PASS] test_directory_pin_rejects_wrong_rule_hash() (gas: 25907)
[PASS] test_file_subject_parent_raw_ingress_rejected() (gas: 2230191)
[PASS] test_lookalike_type_with_wrong_rule_is_not_a_directory() (gas: 3259877)
[PASS] test_missing_zero_and_wrong_length_directory_seeds_rejected() (gas: 1591580)
[PASS] test_nonexistent_parent_raw_ingress_rejected() (gas: 1885337)
[PASS] test_required_index_failure_rolls_back_whole_signed_batch() (gas: 1492727)
[PASS] test_self_link_raw_ingress_rejected() (gas: 2368263)
[PASS] test_unrelated_record_parent_raw_ingress_rejected() (gas: 2356226)
[PASS] test_unrelated_record_target_raw_ingress_rejected() (gas: 2838462)
[PASS] test_valid_directory_bootstrap_and_nested_file_without_head() (gas: 4588048)
[PASS] test_withdrawn_descriptor_remains_valid_and_bind_before_name_parent_publish_is_atomic() (gas: 2867962)
Suite result: ok. 13 passed; 0 failed; 0 skipped; finished in 143.15ms (53.06ms CPU time)

Ran 26 tests for test/FilesBytework.t.sol:FilesByteworkTest
[PASS] test_bytework_nonmatching_search_keeps_unknown_axes() (gas: 11714669)
[PASS] test_bytework_substring_boundaries() (gas: 14020424)
[PASS] test_carrier_child_reverse_parent_postings_and_reuse() (gas: 3309961)
[PASS] test_directory_exact_body_length_required() (gas: 935353)
[PASS] test_directory_pin_rejects_wrong_rule_hash() (gas: 26171)
[PASS] test_file_subject_parent_raw_ingress_rejected() (gas: 2230334)
[PASS] test_lookalike_type_with_wrong_rule_is_not_a_directory() (gas: 3259888)
[PASS] test_missing_zero_and_wrong_length_directory_seeds_rejected() (gas: 1591750)
[PASS] test_nonexistent_parent_raw_ingress_rejected() (gas: 1885359)
[PASS] test_page_conflict_keeps_file_tag_and_unknown_revision_tag() (gas: 11799496)
[PASS] test_page_continuations_bind_caller_filter_basis_and_swap_removal() (gas: 13001486)
[PASS] test_page_fault_matrix_matches_independent_point_and_name_oracles() (gas: 16175300)
[PASS] test_page_forged_terminal_cannot_license_whole_query_absence() (gas: 13668049)
[PASS] test_page_header_helper_refuses_unguarded_external_use() (gas: 9873388)
[PASS] test_page_masked_budget_exhaustion_is_partial_not_empty() (gas: 11954218)
[PASS] test_page_name_header_and_tag_failures_keep_known_axes() (gas: 11207125)
[PASS] test_page_partial_family_coverage_is_unknown() (gas: 9925767)
[PASS] test_page_unavailable_head_keeps_selected_placement_name_and_file_tag() (gas: 10603139)
[PASS] test_page_uncertain_join_cannot_license_filtered_empty_origin() (gas: 11140500)
[PASS] test_page_unsupported_header_cannot_disappear_under_filter() (gas: 10946475)
[PASS] test_required_index_failure_rolls_back_whole_signed_batch() (gas: 1493215)
[PASS] test_self_link_raw_ingress_rejected() (gas: 2368516)
[PASS] test_unrelated_record_parent_raw_ingress_rejected() (gas: 2356501)
[PASS] test_unrelated_record_target_raw_ingress_rejected() (gas: 2838605)
[PASS] test_valid_directory_bootstrap_and_nested_file_without_head() (gas: 4588325)
[PASS] test_withdrawn_descriptor_remains_valid_and_bind_before_name_parent_publish_is_atomic() (gas: 2868442)
Suite result: ok. 26 passed; 0 failed; 0 skipped; finished in 225.70ms (282.76ms CPU time)

Ran 16 tests for test/FilesLiveIndex.t.sol:FilesLiveIndexTest
[PASS] test_explicit_live_swap_removal_invalidates_unpinned_continuation() (gas: 3806584)
[PASS] test_guarded_name_basis_tracks_execution_without_admission_change() (gas: 2039486)
[PASS] test_live_32_renames_scan_one_not_33() (gas: 27716632)
[PASS] test_live_address_explicit_parity_after_swap_removal() (gas: 5366636)
[PASS] test_live_higher_mask_still_suppresses_lower_positive_candidate() (gas: 2912043)
[PASS] test_live_late_attachment_never_claims_complete_empty() (gas: 7147840)
[PASS] test_live_rebind_is_not_duplicate_and_restore_readds_once() (gas: 3214471)
[PASS] test_live_removal_swaps_dense_candidate_without_erasing_audit() (gas: 5250217)
[PASS] test_live_swap_removal_invalidates_unpinned_continuation() (gas: 3778039)
[PASS] test_names_ascii_grammar_refuses_unsupported_bytes_without_normalizing() (gas: 7065762)
[PASS] test_names_forged_earlier_metadata_refuses_without_membership_change() (gas: 3748106)
[PASS] test_names_last_occurrence_withdrawal_preserves_name_membership_and_contents() (gas: 3253364)
[PASS] test_names_missing_signed_and_generic_ingress_roll_back() (gas: 3418593)
[PASS] test_names_multiple_positions_and_reused_name_without_republication() (gas: 4045689)
[PASS] test_names_response_faults_preserve_membership_and_reject_mixed_basis() (gas: 13905180)
[PASS] test_names_signed_name_after_bind_and_parent_maintenance() (gas: 2896418)
Suite result: ok. 16 passed; 0 failed; 0 skipped; finished in 233.05ms (315.57ms CPU time)

Ran 16 tests for test/IncomingQuotes.t.sol:IncomingQuotesTest
[PASS] test_64_returned_ids_fit_Page_4096_bound() (gas: 36762949)
[PASS] test_B_only_auxiliary_zero_occurrence_record_still_returned() (gas: 3546717)
[PASS] test_binding_backlink_rebind_unbind_preserved_and_retained_membership_unchanged() (gas: 4508916)
[PASS] test_each_cursor_commitment_mutation_and_same_graph_cross_mode_replay_rejected() (gas: 10043521)
[PASS] test_exactly_one_pair_reference_and_reciprocal_ledger_required() (gas: 6705181)
[PASS] test_full_signed_schedule_old_and_current_against_current_tail() (gas: 10164390)
[PASS] test_gapped_and_optional_family_never_complete() (gas: 4593614)
[PASS] test_generation_invalidation_and_changed_attachment_rejected() (gas: 10340727)
[PASS] test_invalid_budget_basis_absent_or_wrong_target_rejected() (gas: 2107079)
[PASS] test_late_attachment_exhausted_partial_never_complete() (gas: 7600566)
[PASS] test_max64_action_distinct_quote_targets_existing_callback_allowance() (gas: 52391261)
[PASS] test_required_family_downgrades_refuse_and_queries_remain_complete() (gas: 2505237)
[PASS] test_retained_revisions_and_cross_page_reuse_both_readers() (gas: 5312785)
[PASS] test_runtime_pins_rechecked_for_ledger_index_and_rule() (gas: 1837082)
[PASS] test_scan_works_with_original_nonselective_index() (gas: 12672302)
[PASS] test_wrong_source_ordinal_rule_shape_and_code_constructor_rejected() (gas: 1893269)
Suite result: ok. 16 passed; 0 failed; 0 skipped; finished in 112.36ms (346.73ms CPU time)

Ran 17 tests for test/FilesJoined.t.sol:FilesJoinedTest
[PASS] test_absent_masked_and_wrong_target_tags_remain_qualified() (gas: 6912509)
[PASS] test_cold_large_root_and_child_headers_accept() (gas: 5169570)
[PASS] test_complete_one_page_folder_tag_join_is_not_point_evidence() (gas: 9126604)
[PASS] test_conflict_preserves_both_exact_revisions() (gas: 7615889)
[PASS] test_index_constructor_pins_exact_reviewed_profile() (gas: 4521585)
[PASS] test_missing_unrelated_and_wrong_file_parents_roll_back() (gas: 8687302)
[PASS] test_partial_stale_and_wrong_index_reads_fail_closed() (gas: 9023791)
[PASS] test_point_selection_applies_revision_tag_after_head() (gas: 8720670)
[PASS] test_reader_rechecks_parent_and_scope_coverage() (gas: 9109739)
[PASS] test_reader_rejects_nonprofile_and_wrong_file_selected_records() (gas: 7741636)
[PASS] test_real_files_move_reuse_whiteout_restore() (gas: 20644262)
[PASS] test_real_files_two_name_churn_requires_four_scans() (gas: 10609828)
[PASS] test_required_parent_callback_failure_rolls_back() (gas: 7255932)
[PASS] test_reuse_does_not_duplicate_parent_membership() (gas: 5107402)
[PASS] test_revision_acceptance_history() (gas: 5041460)
[PASS] test_revision_acceptance_history_and_parent_backlinks() (gas: 5094179)
[PASS] test_root_requires_existing_nonzero_file_and_shape() (gas: 3439691)
Suite result: ok. 17 passed; 0 failed; 0 skipped; finished in 237.38ms (365.69ms CPU time)

Ran 27 tests for test/CoreReadCostAudit.t.sol:CoreReadCostAuditTest
[PASS] test_audit_long_valid_names_filter_cost() (gas: 114865395)
Logs:
  candidate budget: 1
  short-negative warm call gas: 296154
  long-negative warm call gas: 560039
  long-negative success: 1
  candidate budget: 4
  short-negative warm call gas: 921177
  long-negative warm call gas: 1703044
  long-negative success: 1
  candidate budget: 8
  short-negative warm call gas: 1761665
  long-negative warm call gas: 3228841
  long-negative success: 1
  candidate budget: 32
  short-negative warm call gas: 6848891
  long-negative warm call gas: 12427828
  long-negative success: 1

[PASS] test_audit_unrelated_admission_invalidates_contract_page() (gas: 12973643)
Logs:
  classification: unrelated admission forces paid-current-state page restart; archived RPC snapshots are a separate browser capability

[PASS] test_audit_valid_long_name_single_bind_within_index_bound() (gas: 10798406)
Logs:
  Name255 native single bind warm gas: 774748

[PASS] test_carrier_child_reverse_parent_postings_and_reuse() (gas: 3309961)
[PASS] test_directory_exact_body_length_required() (gas: 935353)
[PASS] test_directory_pin_rejects_wrong_rule_hash() (gas: 26171)
[PASS] test_file_subject_parent_raw_ingress_rejected() (gas: 2230393)
[PASS] test_lookalike_type_with_wrong_rule_is_not_a_directory() (gas: 3259947)
[PASS] test_missing_zero_and_wrong_length_directory_seeds_rejected() (gas: 1591750)
[PASS] test_nonexistent_parent_raw_ingress_rejected() (gas: 1885421)
[PASS] test_page_conflict_keeps_file_tag_and_unknown_revision_tag() (gas: 11799497)
[PASS] test_page_continuations_bind_caller_filter_basis_and_swap_removal() (gas: 13001466)
[PASS] test_page_fault_matrix_matches_independent_point_and_name_oracles() (gas: 16175272)
[PASS] test_page_forged_terminal_cannot_license_whole_query_absence() (gas: 13668051)
[PASS] test_page_header_helper_refuses_unguarded_external_use() (gas: 9873389)
[PASS] test_page_masked_budget_exhaustion_is_partial_not_empty() (gas: 11954219)
[PASS] test_page_name_header_and_tag_failures_keep_known_axes() (gas: 11207097)
[PASS] test_page_partial_family_coverage_is_unknown() (gas: 9925768)
[PASS] test_page_unavailable_head_keeps_selected_placement_name_and_file_tag() (gas: 10603140)
[PASS] test_page_uncertain_join_cannot_license_filtered_empty_origin() (gas: 11140436)
[PASS] test_page_unsupported_header_cannot_disappear_under_filter() (gas: 10946476)
[PASS] test_required_index_failure_rolls_back_whole_signed_batch() (gas: 1493186)
[PASS] test_self_link_raw_ingress_rejected() (gas: 2368575)
[PASS] test_unrelated_record_parent_raw_ingress_rejected() (gas: 2356565)
[PASS] test_unrelated_record_target_raw_ingress_rejected() (gas: 2838664)
[PASS] test_valid_directory_bootstrap_and_nested_file_without_head() (gas: 4588325)
[PASS] test_withdrawn_descriptor_remains_valid_and_bind_before_name_parent_publish_is_atomic() (gas: 2868416)
Suite result: ok. 27 passed; 0 failed; 0 skipped; finished in 399.69ms (641.70ms CPU time)

Ran 13 test suites in 403.44ms (1.73s CPU time): 176 tests passed, 0 failed, 0 skipped (176 total tests)
