Compiling 17 files with Solc 0.8.30
Solc 0.8.30 finished in 48.54s
Compiler run successful with warnings:
Warning (2519): This declaration shadows an existing declaration.
  --> src/Keys.sol:88:21:
   |
88 |     function record(bytes32 typeId, bytes memory data) internal pure returns (bytes32) {
   |                     ^^^^^^^^^^^^^^
Note: The shadowed declaration is here:
  --> src/Keys.sol:84:5:
   |
84 |     function typeId(bytes32 shape, bytes32[] memory refTypes, bytes32 ruleId) internal pure returns (bytes32) {
   |     ^ (Relevant source part starts here and spans across multiple lines).

Warning (2519): This declaration shadows an existing declaration.
  --> src/Keys.sol:93:29:
   |
93 |     function recordFromHash(bytes32 typeId, bytes32 bodyHash) internal pure returns (bytes32) {
   |                             ^^^^^^^^^^^^^^
Note: The shadowed declaration is here:
  --> src/Keys.sol:84:5:
   |
84 |     function typeId(bytes32 shape, bytes32[] memory refTypes, bytes32 ruleId) internal pure returns (bytes32) {
   |     ^ (Relevant source part starts here and spans across multiple lines).

Warning (2519): This declaration shadows an existing declaration.
   --> src/Keys.sol:113:22:
    |
113 |     function posting(bytes32 typeId, uint8 kind, uint8 ordinal, bytes32 valueKey) internal pure returns (bytes32) {
    |                      ^^^^^^^^^^^^^^
Note: The shadowed declaration is here:
  --> src/Keys.sol:84:5:
   |
84 |     function typeId(bytes32 shape, bytes32[] memory refTypes, bytes32 ruleId) internal pure returns (bytes32) {
   |     ^ (Relevant source part starts here and spans across multiple lines).

Warning (2519): This declaration shadows an existing declaration.
   --> src/Keys.sol:117:25:
    |
117 |     function byTypeList(bytes32 typeId) internal pure returns (bytes32) {
    |                         ^^^^^^^^^^^^^^
Note: The shadowed declaration is here:
  --> src/Keys.sol:84:5:
   |
84 |     function typeId(bytes32 shape, bytes32[] memory refTypes, bytes32 ruleId) internal pure returns (bytes32) {
   |     ^ (Relevant source part starts here and spans across multiple lines).

Warning (5574): Contract code size is 25039 bytes and exceeds 24576 bytes (a limit introduced in Spurious Dragon). This contract may not be deployable on Mainnet. Consider enabling the optimizer (with a low "runs" value!), turning off revert strings, or using libraries.
  --> src/Ledger.sol:33:1:
   |
33 | contract Ledger {
   | ^ (Relevant source part starts here and spans across multiple lines).

Warning (3860): Contract initcode size is 71381 bytes and exceeds 49152 bytes (a limit introduced in Shanghai). This contract may not be deployable on Mainnet. Consider enabling the optimizer (with a low "runs" value!), turning off revert strings, or using libraries.
  --> test/CoreAcceptanceAudit.t.sol:24:1:
   |
24 | contract CoreAcceptanceAuditTest is LabBase {
   | ^ (Relevant source part starts here and spans across multiple lines).

Warning (3860): Contract initcode size is 140482 bytes and exceeds 49152 bytes (a limit introduced in Shanghai). This contract may not be deployable on Mainnet. Consider enabling the optimizer (with a low "runs" value!), turning off revert strings, or using libraries.
   --> test/CoreOrderedAcceptance.t.sol:137:1:
    |
137 | contract CoreOrderedAcceptanceTest is LabBase {
    | ^ (Relevant source part starts here and spans across multiple lines).


Ran 2 tests for test/CoreAcceptanceAudit.t.sol:CoreAcceptanceAuditTest
[PASS] test_audit_singleton_separate_publication_negative_control() (gas: 1442436)
[PASS] test_indexed_rule_observes_ordered_prefix_and_rolls_back() (gas: 1253269)
Suite result: ok. 2 passed; 0 failed; 0 skipped; finished in 23.30ms (9.85ms CPU time)

Ran 5 tests for test/CoreOrderedAcceptance.t.sol:CoreOrderedAcceptanceTest
[PASS] test_callback_cannot_reenter_mutation_configuration_or_proxy_upgrade() (gas: 14323475)
[PASS] test_duplicate_reuse_withdraw_and_binding_prefix_agreement() (gas: 3045228)
[PASS] test_eight_reference_quota_mutable_dependency_and_application_atomicity() (gas: 7984627)
Logs:
  8-ref guarded app warm call gas: 950216

[PASS] test_legacy_fallback_index_cannot_skip_mandatory_final_phase() (gas: 691633)
[PASS] test_prefix_and_final_failure_restore_all_state() (gas: 4848037)
Suite result: ok. 5 passed; 0 failed; 0 skipped; finished in 30.23ms (32.26ms CPU time)

Ran 2 test suites in 45.95ms (53.53ms CPU time): 7 tests passed, 0 failed, 0 skipped (7 total tests)
