Compiling 13 files with Solc 0.8.30
Solc 0.8.30 finished in 49.15s
Compiler run successful with warnings:
Warning (2519): This declaration shadows an existing declaration.
  --> src/Keys.sol:88:21:
   |
88 |     function record(bytes32 typeId, bytes memory data) internal pure returns (bytes32) {
   |                     ^^^^^^^^^^^^^^
Note: The shadowed declaration is here:
  --> src/Keys.sol:84:5:
   |
84 |     function typeId(bytes32 shape, bytes32[] memory refTypes, bytes32 ruleId) internal pure returns (bytes32) {
   |     ^ (Relevant source part starts here and spans across multiple lines).

Warning (2519): This declaration shadows an existing declaration.
  --> src/Keys.sol:93:29:
   |
93 |     function recordFromHash(bytes32 typeId, bytes32 bodyHash) internal pure returns (bytes32) {
   |                             ^^^^^^^^^^^^^^
Note: The shadowed declaration is here:
  --> src/Keys.sol:84:5:
   |
84 |     function typeId(bytes32 shape, bytes32[] memory refTypes, bytes32 ruleId) internal pure returns (bytes32) {
   |     ^ (Relevant source part starts here and spans across multiple lines).

Warning (2519): This declaration shadows an existing declaration.
   --> src/Keys.sol:113:22:
    |
113 |     function posting(bytes32 typeId, uint8 kind, uint8 ordinal, bytes32 valueKey) internal pure returns (bytes32) {
    |                      ^^^^^^^^^^^^^^
Note: The shadowed declaration is here:
  --> src/Keys.sol:84:5:
   |
84 |     function typeId(bytes32 shape, bytes32[] memory refTypes, bytes32 ruleId) internal pure returns (bytes32) {
   |     ^ (Relevant source part starts here and spans across multiple lines).

Warning (2519): This declaration shadows an existing declaration.
   --> src/Keys.sol:117:25:
    |
117 |     function byTypeList(bytes32 typeId) internal pure returns (bytes32) {
    |                         ^^^^^^^^^^^^^^
Note: The shadowed declaration is here:
  --> src/Keys.sol:84:5:
   |
84 |     function typeId(bytes32 shape, bytes32[] memory refTypes, bytes32 ruleId) internal pure returns (bytes32) {
   |     ^ (Relevant source part starts here and spans across multiple lines).

Warning (5574): Contract code size is 24727 bytes and exceeds 24576 bytes (a limit introduced in Spurious Dragon). This contract may not be deployable on Mainnet. Consider enabling the optimizer (with a low "runs" value!), turning off revert strings, or using libraries.
  --> src/Ledger.sol:33:1:
   |
33 | contract Ledger {
   | ^ (Relevant source part starts here and spans across multiple lines).

Warning (3860): Contract initcode size is 70809 bytes and exceeds 49152 bytes (a limit introduced in Shanghai). This contract may not be deployable on Mainnet. Consider enabling the optimizer (with a low "runs" value!), turning off revert strings, or using libraries.
  --> test/CoreAcceptanceAudit.t.sol:24:1:
   |
24 | contract CoreAcceptanceAuditTest is LabBase {
   | ^ (Relevant source part starts here and spans across multiple lines).

Warning (3860): Contract initcode size is 146792 bytes and exceeds 49152 bytes (a limit introduced in Shanghai). This contract may not be deployable on Mainnet. Consider enabling the optimizer (with a low "runs" value!), turning off revert strings, or using libraries.
   --> test/CoreOrderedAcceptance.t.sol:155:1:
    |
155 | contract CoreOrderedAcceptanceTest is LabBase {
    | ^ (Relevant source part starts here and spans across multiple lines).


Ran 2 tests for test/CoreAcceptanceAudit.t.sol:CoreAcceptanceAuditTest
[PASS] test_audit_singleton_separate_publication_negative_control() (gas: 1441629)
[PASS] test_indexed_rule_observes_ordered_prefix_and_rolls_back() (gas: 1252955)
Suite result: ok. 2 passed; 0 failed; 0 skipped; finished in 20.07ms (6.30ms CPU time)

Ran 10 tests for test/CoreOrderedAcceptance.t.sol:CoreOrderedAcceptanceTest
[PASS] test_callback_cannot_reenter_mutation_configuration_or_proxy_upgrade() (gas: 14093066)
[PASS] test_duplicate_reuse_withdraw_and_binding_prefix_agreement() (gas: 3036177)
[PASS] test_earlier_same_batch_reference_succeeds_future_reference_rolls_back() (gas: 1635208)
[PASS] test_eight_reference_quota_mutable_dependency_and_application_atomicity() (gas: 9159473)
Logs:
  8-ref guarded app warm call gas: 947692

[PASS] test_fixed_dispatch_identity_mismatch_fails_closed() (gas: 1228144)
[PASS] test_legacy_fallback_index_cannot_skip_mandatory_final_phase() (gas: 2048553)
[PASS] test_low_work_55_leaf_publication_uses_actual_gas_not_unused_allowance() (gas: 5200061)
Logs:
  55 CREATE warm call gas: 5162555

[PASS] test_noncontiguous_required_index_refuses_without_laundering_coverage() (gas: 1670538)
[PASS] test_prefix_and_final_failure_restore_all_state() (gas: 4844426)
[PASS] test_static_type_rule_cannot_mutate_dependency() (gas: 1138496)
Suite result: ok. 10 passed; 0 failed; 0 skipped; finished in 29.24ms (51.20ms CPU time)

Ran 2 test suites in 44.06ms (49.31ms CPU time): 12 tests passed, 0 failed, 0 skipped (12 total tests)
