Compiling 15 files with Solc 0.8.30
Solc 0.8.30 finished in 61.68s
Compiler run successful with warnings:
Warning (2519): This declaration shadows an existing declaration.
  --> src/Keys.sol:88:21:
   |
88 |     function record(bytes32 typeId, bytes memory data) internal pure returns (bytes32) {
   |                     ^^^^^^^^^^^^^^
Note: The shadowed declaration is here:
  --> src/Keys.sol:84:5:
   |
84 |     function typeId(bytes32 shape, bytes32[] memory refTypes, bytes32 ruleId) internal pure returns (bytes32) {
   |     ^ (Relevant source part starts here and spans across multiple lines).

Warning (2519): This declaration shadows an existing declaration.
  --> src/Keys.sol:93:29:
   |
93 |     function recordFromHash(bytes32 typeId, bytes32 bodyHash) internal pure returns (bytes32) {
   |                             ^^^^^^^^^^^^^^
Note: The shadowed declaration is here:
  --> src/Keys.sol:84:5:
   |
84 |     function typeId(bytes32 shape, bytes32[] memory refTypes, bytes32 ruleId) internal pure returns (bytes32) {
   |     ^ (Relevant source part starts here and spans across multiple lines).

Warning (2519): This declaration shadows an existing declaration.
   --> src/Keys.sol:113:22:
    |
113 |     function posting(bytes32 typeId, uint8 kind, uint8 ordinal, bytes32 valueKey) internal pure returns (bytes32) {
    |                      ^^^^^^^^^^^^^^
Note: The shadowed declaration is here:
  --> src/Keys.sol:84:5:
   |
84 |     function typeId(bytes32 shape, bytes32[] memory refTypes, bytes32 ruleId) internal pure returns (bytes32) {
   |     ^ (Relevant source part starts here and spans across multiple lines).

Warning (2519): This declaration shadows an existing declaration.
   --> src/Keys.sol:117:25:
    |
117 |     function byTypeList(bytes32 typeId) internal pure returns (bytes32) {
    |                         ^^^^^^^^^^^^^^
Note: The shadowed declaration is here:
  --> src/Keys.sol:84:5:
   |
84 |     function typeId(bytes32 shape, bytes32[] memory refTypes, bytes32 ruleId) internal pure returns (bytes32) {
   |     ^ (Relevant source part starts here and spans across multiple lines).

Warning (2018): Function state mutability can be restricted to view
  --> test/FoundationGuard.t.sol:60:5:
   |
60 |     function testReadSetRejectsDuplicatesLengthsAndBounds() public {
   |     ^ (Relevant source part starts here and spans across multiple lines).

Warning (3860): Contract initcode size is 76456 bytes and exceeds 49152 bytes (a limit introduced in Shanghai). This contract may not be deployable on Mainnet. Consider enabling the optimizer (with a low "runs" value!), turning off revert strings, or using libraries.
  --> test/CoreAcceptanceAudit.t.sol:24:1:
   |
24 | contract CoreAcceptanceAuditTest is LabBase {
   | ^ (Relevant source part starts here and spans across multiple lines).

Warning (3860): Contract initcode size is 164290 bytes and exceeds 49152 bytes (a limit introduced in Shanghai). This contract may not be deployable on Mainnet. Consider enabling the optimizer (with a low "runs" value!), turning off revert strings, or using libraries.
   --> test/CoreOrderedAcceptance.t.sol:193:1:
    |
193 | contract CoreOrderedAcceptanceTest is LabBase {
    | ^ (Relevant source part starts here and spans across multiple lines).

Warning (3860): Contract initcode size is 82901 bytes and exceeds 49152 bytes (a limit introduced in Shanghai). This contract may not be deployable on Mainnet. Consider enabling the optimizer (with a low "runs" value!), turning off revert strings, or using libraries.
 --> test/FoundationGuard.t.sol:9:1:
  |
9 | contract FoundationGuardTest is LabBase {
  | ^ (Relevant source part starts here and spans across multiple lines).


Ran 3 tests for test/CoreAcceptanceAudit.t.sol:CoreAcceptanceAuditTest
[PASS] test_audit_singleton_separate_publication_negative_control() (gas: 1455163)
[PASS] test_indexed_rule_observes_ordered_prefix_and_rolls_back() (gas: 1259930)
[PASS] test_ordered_singleton_rejection_across_native_signed_and_guarded_ingress() (gas: 4921555)
Suite result: ok. 3 passed; 0 failed; 0 skipped; finished in 34.36ms (17.11ms CPU time)

Ran 10 tests for test/FoundationGuard.t.sol:FoundationGuardTest
[PASS] testDifferentGuardsDoNotAliasAtSameNonce() (gas: 969091)
[PASS] testGuardedBindingEpochAndIndexABAAreStale() (gas: 802146)
[PASS] testGuardedRequiredIndexFailureRollsBackReadSetAndAllEffects() (gas: 1206695)
[PASS] testGuardedSignatureRetainsFullReadSetAndCannotBeStripped() (gas: 902443)
[PASS] testReadSetMutationOmissionAndPrincipalOrderRejected() (gas: 247997)
[PASS] testReadSetRejectsDuplicatesLengthsAndBounds() (gas: 727701)
[PASS] testRetainsNativePrincipalWithoutAccountReclassification() (gas: 644602)
[PASS] testSamePublicationMultipleWritesCheckOnlyPreState() (gas: 1646072)
[PASS] testSameTargetNewRevisionAndLowerIncludedAuthorAreStale() (gas: 2232256)
[PASS] testSelectedSourceAndDestinationGuardEveryIncludedHead() (gas: 2289550)
Suite result: ok. 10 passed; 0 failed; 0 skipped; finished in 41.55ms (81.74ms CPU time)

Ran 15 tests for test/CoreOrderedAcceptance.t.sol:CoreOrderedAcceptanceTest
[PASS] test_callback_cannot_reenter_mutation_configuration_or_proxy_upgrade() (gas: 15018015)
[PASS] test_callback_returndata_is_bounded_before_copy() (gas: 759077)
[PASS] test_duplicate_reuse_withdraw_and_binding_prefix_agreement() (gas: 3080032)
[PASS] test_earlier_same_batch_reference_succeeds_future_reference_rolls_back() (gas: 1655640)
[PASS] test_eight_reference_quota_mutable_dependency_and_application_atomicity() (gas: 9349739)
Logs:
  8-ref guarded app warm call gas: 966254

[PASS] test_final_phase_is_static_and_rolls_back_prefix_writes() (gas: 1097837)
[PASS] test_fixed_dispatch_identity_mismatch_fails_closed() (gas: 661604)
[PASS] test_legacy_fallback_index_cannot_skip_mandatory_final_phase() (gas: 2067656)
[PASS] test_low_work_55_leaf_publication_uses_actual_gas_not_unused_allowance() (gas: 5545360)
Logs:
  55 CREATE warm call gas: 5508327

[PASS] test_noncontiguous_required_index_refuses_without_laundering_coverage() (gas: 1695230)
[PASS] test_prefix_and_final_failure_restore_all_state() (gas: 4873979)
[PASS] test_prefix_and_final_spend_one_joint_allowance() (gas: 5640009)
[PASS] test_registry_and_execution_drift_roll_back_before_next_rule() (gas: 47141900)
[PASS] test_runtime_and_initcode_fit_ordinary_deployment_limits() (gas: 15544)
[PASS] test_static_type_rule_cannot_mutate_dependency() (gas: 1143705)
Suite result: ok. 15 passed; 0 failed; 0 skipped; finished in 41.62ms (64.24ms CPU time)

Ran 3 test suites in 55.49ms (117.53ms CPU time): 28 tests passed, 0 failed, 0 skipped (28 total tests)
