Compiling 2 files with Solc 0.8.30
Solc 0.8.30 finished in 24.39s
Compiler run successful with warnings:
Warning (2519): This declaration shadows an existing declaration.
  --> src/Keys.sol:88:21:
   |
88 |     function record(bytes32 typeId, bytes memory data) internal pure returns (bytes32) {
   |                     ^^^^^^^^^^^^^^
Note: The shadowed declaration is here:
  --> src/Keys.sol:84:5:
   |
84 |     function typeId(bytes32 shape, bytes32[] memory refTypes, bytes32 ruleId) internal pure returns (bytes32) {
   |     ^ (Relevant source part starts here and spans across multiple lines).

Warning (2519): This declaration shadows an existing declaration.
  --> src/Keys.sol:93:29:
   |
93 |     function recordFromHash(bytes32 typeId, bytes32 bodyHash) internal pure returns (bytes32) {
   |                             ^^^^^^^^^^^^^^
Note: The shadowed declaration is here:
  --> src/Keys.sol:84:5:
   |
84 |     function typeId(bytes32 shape, bytes32[] memory refTypes, bytes32 ruleId) internal pure returns (bytes32) {
   |     ^ (Relevant source part starts here and spans across multiple lines).

Warning (2519): This declaration shadows an existing declaration.
   --> src/Keys.sol:113:22:
    |
113 |     function posting(bytes32 typeId, uint8 kind, uint8 ordinal, bytes32 valueKey) internal pure returns (bytes32) {
    |                      ^^^^^^^^^^^^^^
Note: The shadowed declaration is here:
  --> src/Keys.sol:84:5:
   |
84 |     function typeId(bytes32 shape, bytes32[] memory refTypes, bytes32 ruleId) internal pure returns (bytes32) {
   |     ^ (Relevant source part starts here and spans across multiple lines).

Warning (2519): This declaration shadows an existing declaration.
   --> src/Keys.sol:117:25:
    |
117 |     function byTypeList(bytes32 typeId) internal pure returns (bytes32) {
    |                         ^^^^^^^^^^^^^^
Note: The shadowed declaration is here:
  --> src/Keys.sol:84:5:
   |
84 |     function typeId(bytes32 shape, bytes32[] memory refTypes, bytes32 ruleId) internal pure returns (bytes32) {
   |     ^ (Relevant source part starts here and spans across multiple lines).

Warning (3860): Contract initcode size is 137540 bytes and exceeds 49152 bytes (a limit introduced in Shanghai). This contract may not be deployable on Mainnet. Consider enabling the optimizer (with a low "runs" value!), turning off revert strings, or using libraries.
   --> test/CoreOrderedAcceptance.t.sol:137:1:
    |
137 | contract CoreOrderedAcceptanceTest is LabBase {
    | ^ (Relevant source part starts here and spans across multiple lines).


Ran 5 tests for test/CoreOrderedAcceptance.t.sol:CoreOrderedAcceptanceTest
[PASS] test_callback_cannot_reenter_mutation_configuration_or_proxy_upgrade() (gas: 13731800)
[PASS] test_duplicate_reuse_withdraw_and_binding_prefix_agreement() (gas: 3016932)
[PASS] test_eight_reference_quota_mutable_dependency_and_application_atomicity() (gas: 7928150)
Logs:
  8-ref guarded app warm call gas: 945798

[FAIL: missing final ABI silently accepted] test_legacy_fallback_index_cannot_skip_mandatory_final_phase() (gas: 685341)
[PASS] test_prefix_and_final_failure_restore_all_state() (gas: 4819238)
Suite result: FAILED. 4 passed; 1 failed; 0 skipped; finished in 22.55ms (23.76ms CPU time)

Ran 1 test suite in 36.35ms (22.55ms CPU time): 4 tests passed, 1 failed, 0 skipped (5 total tests)

Failing tests:
Encountered 1 failing test in test/CoreOrderedAcceptance.t.sol:CoreOrderedAcceptanceTest
[FAIL: missing final ABI silently accepted] test_legacy_fallback_index_cannot_skip_mandatory_final_phase() (gas: 685341)

Encountered a total of 1 failing tests, 4 tests succeeded

Tip: Run `forge test --rerun` to retry only the 1 failed test
