[    0.0s] cell plan: 23 keys (1 optional: joined/a1-without-placement); selected 1: joined/paid-slice
[    0.2s] rpc http://127.0.0.1:61995; artifacts /tmp/efs-paid-b-build-20260913.EK7l5n/out; scratch /tmp/efs-paid-b-run-20260913.Kf4SOz; report /tmp/efs-paid-b-run-20260913.Kf4SOz/measure.json
[    0.2s]   tx   deploy TypeRegistry (nonce 0) sending 0xb5cc22a7bd3cbd098cb582541113c47e814ee7126f3560335948a087d832fdf5
[    0.3s]   tx   deploy TypeRegistry: block 1 gas 758965 status 1
[    0.3s] deploy TypeRegistry: 0x5FbDB2315678afecb367f032d93F642f64180aa3 block 1 gas 758965 runtime 3270 B
[    0.3s]   tx   deploy MockAcceptor (nonce 1) sending 0x2f9e63cb5bb6fe9c21f364d48d34ed3da0e717ab13667771f991766e5564b8de
[    0.3s]   tx   deploy MockAcceptor: block 2 gas 186188 status 1
[    0.3s] deploy MockAcceptor: 0xe7f1725E7734CE288F8367e1Bb143E90bb3F0512 block 2 gas 186188 runtime 615 B
[    0.3s]   tx   deploy QuoteAcceptor (nonce 2) sending 0x723ba61b669d4a6f6a946d12e06f029f1406be52e0915ea73ae1f0853b3f460a
[    0.3s]   tx   deploy QuoteAcceptor: block 3 gas 189620 status 1
[    0.3s] deploy QuoteAcceptor: 0x9fE46736679d2D9a65F0992F2272dE9f3c7fa6e0 block 3 gas 189620 runtime 631 B
[    0.3s]   tx   deploy LabelAcceptor (nonce 3) sending 0x06b7eb22968604601f674dfd754da5fd45150b920c559c975f686f0ada965dde
[    0.3s]   tx   deploy LabelAcceptor: block 4 gas 274605 status 1
[    0.3s] deploy LabelAcceptor: 0xCf7Ed3AccA5a467e9e704C703E8D87F634fB0Fc9 block 4 gas 274605 runtime 1024 B
[    0.3s]   tx   deploy Ledger (nonce 4) sending 0x81eb0c8f1cc0eb8ae56ac4cb1e1cbb0499d15321c320f3965f1eb623e408c1f2
[    0.4s]   tx   deploy Ledger: block 5 gas 3792016 status 1
[    0.5s] deploy Ledger: 0xDc64a140Aa3E981100a9becA4E685f962f0cF6C9 block 5 gas 3792016 runtime 17280 B
[    0.5s]   tx   deploy IndexModule (nonce 5) sending 0xec64808bcb8c10ca339189b6c39cb530dd5af14448fac8cc63790ccd25b71754
[    0.5s]   tx   deploy IndexModule: block 6 gas 1094744 status 1
[    0.5s] deploy IndexModule: 0x5FC8d32690cc91D4c39d9d3abcBD16989F875707 block 6 gas 1094744 runtime 4127 B
[    0.5s]   tx   deploy FailingIndexModule (nonce 6) sending 0x769ad03aff22a96964bd27a9609672b1247d8c777b9998ab577b79364588c7d6
[    0.5s]   tx   deploy FailingIndexModule: block 7 gas 104895 status 1
[    0.5s] deploy FailingIndexModule: 0x0165878A594ca255338adfa4d48449f69242Eb8F block 7 gas 104895 runtime 238 B
[    0.5s]   tx   deploy LensReader (nonce 7) sending 0xd7f039d9a4a6a099dd0e673ba33389e64403040d5bacde8097cdce9d2a217da8
[    0.5s]   tx   deploy LensReader: block 8 gas 2092476 status 1
[    0.5s] deploy LensReader: 0xa513E6E4b8f2a923D98304ec87F64353C4D5C853 block 8 gas 2092476 runtime 9445 B
[    0.5s]   tx   deploy Actor (nonce 8) sending 0xc55225707e2819878211b980df6e68fa791c3d87435562ce89fa121bb4943437
[    0.5s]   tx   deploy Actor: block 9 gas 520548 status 1
[    0.5s] deploy Actor: 0x2279B7A0a67DB372996a5FaB50D91eAA73d2eBe6 block 9 gas 520548 runtime 2159 B
[    0.5s]   tx   deploy Actor (nonce 9) sending 0x48afb78eb3a2c18b3afed530b10cbfc5bcd32b8ab8b591d55f391a422ab1f41d
[    0.5s]   tx   deploy Actor: block 10 gas 520548 status 1
[    0.5s] deploy Actor: 0x8A791620dd6260079BF849Dc5567aDC3F2FdC318 block 10 gas 520548 runtime 2159 B
[    0.5s]   tx   deploy Consumer (nonce 10) sending 0xc357797ded38a9d207bfd96596ed3864ec7bf07d67c8ea9c641f2612e6b64a8b
[    0.5s]   tx   deploy Consumer: block 11 gas 766587 status 1
[    0.5s] deploy Consumer: 0x610178dA211FEF7D417bC0e6FeD39F05609AD788 block 11 gas 766587 runtime 3298 B
[    0.5s]   tx   deploy Reconstructor (nonce 11) sending 0xbc59d62c5d9498310a2e23336ea15671a0531ed92e2c61773c2dba304195383f
[    0.5s]   tx   deploy Reconstructor: block 12 gas 849309 status 1
[    0.5s] deploy Reconstructor: 0xB7f8BC63BbcaD18155201308C8f3540b07f84F5e block 12 gas 849309 runtime 3683 B
[    0.5s]   tx   deploy StrictQuoteAcceptor (nonce 12) sending 0xff013780dcdd0a77da432ae8b9d215fdb651d379c439ac8fb94a14d0f4e0df02
[    0.5s]   tx   deploy StrictQuoteAcceptor: block 13 gas 127375 status 1
[    0.5s] deploy StrictQuoteAcceptor: 0xA51c1fc2f0D1a1b8494Ed1FE312d7C3a78Ed91C0 block 13 gas 127375 runtime 343 B
[    0.5s]   tx   deploy MinBodyAcceptor (nonce 13) sending 0xc8d1ecdf70b0c8fcbd27926a0ee16b4bba5dcaa15e9004780bb56015248f3bd8
[    0.5s]   tx   deploy MinBodyAcceptor: block 14 gas 130859 status 1
[    0.5s] deploy MinBodyAcceptor: 0x0DCd1Bf9A1b36cE34237eEaFef220932846BCD82 block 14 gas 130859 runtime 354 B
[    0.5s]   tx   deploy MinBodyAcceptor (nonce 14) sending 0x110ecda341acaa7081124e8832f103cbfbcc10b79d5a671f76795e2d01d56696
[    0.5s]   tx   deploy MinBodyAcceptor: block 15 gas 130859 status 1
[    0.5s] deploy MinBodyAcceptor: 0x9A676e781A523b5d0C0e43731313A708CB607508 block 15 gas 130859 runtime 354 B
[    0.5s]   tx   deploy StatelessConsumer (nonce 15) sending 0xf47215aef0ffdb2c901b32f34c05e9d3747c481a24ff4284d2de69d5b8d768d6
[    0.5s]   tx   deploy StatelessConsumer: block 16 gas 820862 status 1
[    0.5s] deploy StatelessConsumer: 0x0B306BF915C4d645ff596e518fAf3F9669b97016 block 16 gas 820862 runtime 3548 B
[    0.6s]   tx   setup: attach index module (nonce 16) sending 0x0c5b46c48df84db9a89f37a7def7cd16210d0995e7b991f4aee0780715cb90ee
[    0.6s]   tx   setup: attach index module: block 17 gas 45139 status 1
[    0.6s]   tx   setup: register QUOTE (mandatory MinBodyAcceptor(32): immutable threshold, part of the id; id derived by the registry) (nonce 17) sending 0xa549883f2000103233fffe579edc70e73aab541176f958d62355446a1b008375
[    0.6s]   tx   setup: register QUOTE (mandatory MinBodyAcceptor(32): immutable threshold, part of the id; id derived by the registry): block 18 gas 148387 status 1
[    0.6s]   type QUOTE: 0xd0d50396827db3463e745e32cd3d94939c3ae87487dafd7b39042a2910b84142 (log == typeIdOf == local derivation)
[    0.6s]   tx   setup: register BINARY (no acceptor; id derived by the registry) (nonce 18) sending 0x0c44bce94675a1ff91e2413b3492f43f2bc0095b73f74c2a95b1677db8904f47
[    0.6s]   tx   setup: register BINARY (no acceptor; id derived by the registry): block 19 gas 108418 status 1
[    0.6s]   type BINARY: 0xd8ca3e1560afcaeb12756b15399dad59f78e70e49ea9c4415501fe8bcd8f3bf2 (log == typeIdOf == local derivation)
[    0.6s]   tx   setup: register ITEM (no acceptor; id derived by the registry) (nonce 19) sending 0xc522589a6b5f6279d4c784870930a0a2f85cc7b830feab2b8c24d91b85094e93
[    0.6s]   tx   setup: register ITEM (no acceptor; id derived by the registry): block 20 gas 108418 status 1
[    0.6s]   type ITEM: 0x589d5624cb9167094eb8ee549683bdadc765c77ed4f894308dd376bbebc30019 (log == typeIdOf == local derivation)
[    0.6s]   tx   setup: register PAIR (mandatory MinBodyAcceptor(96); refs [ITEM, ITEM]; id derived by the registry) (nonce 20) sending 0x870a1069e712c31862b611f75cc081c733f5c1fbdb2f927f6ee12b58afbf8e07
[    0.6s]   tx   setup: register PAIR (mandatory MinBodyAcceptor(96); refs [ITEM, ITEM]; id derived by the registry): block 21 gas 196856 status 1
[    0.6s]   type PAIR: 0x98f15a281c3cdd9d4aabe4708ae98ab46688ebb588db2876ee56d2c9413ed691 (log == typeIdOf == local derivation)
[    0.6s]   tx   setup: register QUOTE_J (QuoteAcceptor: 160-byte shape, scale 6, bounds; refs [PAIR]; id derived by the registry) (nonce 21) sending 0xad17f126bb5d58bc9aefb28322c8efe8303f44198928bc1181bb9f84163574a6
[    0.6s]   tx   setup: register QUOTE_J (QuoteAcceptor: 160-byte shape, scale 6, bounds; refs [PAIR]; id derived by the registry): block 22 gas 174039 status 1
[    0.6s]   type QUOTE_J: 0x2db40fc5c9f87fff9029aba18f5e7a0bf1ffaee89f584eb521b7395c0d57ea21 (log == typeIdOf == local derivation)
[    0.6s]   tx   setup: register LABEL (LabelAcceptor: exact UTF-8, 1..255 bytes; no refs; id derived by the registry) (nonce 22) sending 0x6e6f666caa81270e334a2fcdac286f73bee9899eda7d3ccd20e93a0319b4d151
[    0.6s]   tx   setup: register LABEL (LabelAcceptor: exact UTF-8, 1..255 bytes; no refs; id derived by the registry): block 23 gas 131287 status 1
[    0.6s]   type LABEL: 0x71b905d7ca9fb16dc4857596667c1b17b929fe5cbe26244fcc7fab4c7ac90308 (log == typeIdOf == local derivation)
[    0.6s]   tx   setup: activate MockAcceptor (mode 0) as QUOTE ADDITIONAL policy row 2 (mutable test double; its refusal is E_POLICY_REJECTED) (nonce 23) sending 0x3d20fa58d44d8f8fb2a43c0948dd842a486f9de184a90b614dab0da8fd7b2cf7
[    0.6s]   tx   setup: activate MockAcceptor (mode 0) as QUOTE ADDITIONAL policy row 2 (mutable test double; its refusal is E_POLICY_REJECTED): block 24 gas 82530 status 1
[    0.6s]   tx   setup: activate MockAcceptor (mode 0) as PAIR ADDITIONAL policy row 2 (mutable test double; its refusal is E_POLICY_REJECTED) (nonce 24) sending 0x58fdda5859cebfa21ebd85354922fc4fd5056e4f4985a5dce0c331ecdcf5d89a
[    0.6s]   tx   setup: activate MockAcceptor (mode 0) as PAIR ADDITIONAL policy row 2 (mutable test double; its refusal is E_POLICY_REJECTED): block 25 gas 82530 status 1
[    0.6s]   tx   deploy JoinedConsumer (nonce 25) sending 0xfc4500620669ac05633fa3312d36015dc0e54aacfb395b90b1c4999f9d1bb5d1
[    0.6s]   tx   deploy JoinedConsumer: block 26 gas 3048572 status 1
[    0.6s] deploy JoinedConsumer: 0x4A679253410272dd5232B3Ff7cF5dbB88f295319 block 26 gas 3048572 runtime 13852 B
[    0.6s] sealed initial state: snapshot 0x0 at block 26 0xf2a481b31f66f7877932accbd6acfe8c1d9ae319cc7ca6d217263c9c7f4d5080
[    0.7s] cell native-one/quote: skipped (not selected)
[    0.7s] cell signed-one/quote: skipped (not selected)
[    0.7s] cell native-two/quote: skipped (not selected)
[    0.7s] cell signed-two/quote: skipped (not selected)
[    0.7s] cell native-one/binary: skipped (not selected)
[    0.7s] cell signed-one/binary: skipped (not selected)
[    0.7s] cell native-two/binary: skipped (not selected)
[    0.7s] cell signed-two/binary: skipped (not selected)
[    0.7s] cell fresh/contract-fresh-body: skipped (not selected)
[    0.7s] cell fresh/contract-existing-body: skipped (not selected)
[    0.7s] cell fresh/exact-retry: skipped (not selected)
[    0.7s] cell failure-rows: skipped (not selected)
[    0.7s] cell joined/steps-1-6: skipped (not selected)
[    0.7s] cell joined/paid-slice: evm_revert to 0x0
[    0.7s] cell joined/paid-slice: after revert block 26 0xf2a481b31f66f7877932accbd6acfe8c1d9ae319cc7ca6d217263c9c7f4d5080 nonce latest 26 pending 26 automine true gasPrice 7991972165; re-sealed as 0x1
[    0.7s] cell joined/paid-slice: baseline raw harvest at block 26 (before the first transaction)
[    0.7s] cell joined/paid-slice: body
[    0.7s]   tx   paid/setup/step1 (operator: ITEM_ETH, ITEM_USDC, PAIR_ETH_USDC in one native batch; identical to joined/step1) (nonce 26) sending 0xa5b53450c1e6218c00f260ce4a6b980757cc79d2612c8ce2ae637187e5dcc07e
[    0.8s]   tx   paid/setup/step1 (operator: ITEM_ETH, ITEM_USDC, PAIR_ETH_USDC in one native batch; identical to joined/step1): block 27 gas 921085 status 1
[    0.8s]   tx   paid/setup/A1 (AUTHOR_A signed: create FILE_QUOTE + publish QUOTE_A1 + head + the ONE /swaps placement + market tag; one combined receipt) (nonce 27) sending 0x2c9aa822cdbfc815a4a63419bcddc8c402e4167aab9ff5139c45e626fe524649
[    1.0s]   tx   paid/setup/A1 (AUTHOR_A signed: create FILE_QUOTE + publish QUOTE_A1 + head + the ONE /swaps placement + market tag; one combined receipt): block 28 gas 1614433 status 1
[    1.0s]   tx   paid/setup/A2 (AUTHOR_A signed: publish QUOTE_A2 + CAS head rev 1 -> 2; A1 retained in history; the placement is untouched) (nonce 28) sending 0x1f952baec14b51051ff946731b83066b594859cdc029d1ab63e7e1e8ad4e3344
[    1.1s]   tx   paid/setup/A2 (AUTHOR_A signed: publish QUOTE_A2 + CAS head rev 1 -> 2; A1 retained in history; the placement is untouched): block 29 gas 658913 status 1
[    1.1s]   tx   paid/setup/B1 (AUTHOR_B, the producer contract: publish QUOTE_B1 + B head rev 1; NO FOLDER bind — a competing content head only, never a second placement) (nonce 29) sending 0xfc01a25049f3d79d9bdad7ba5f06d216d33f4aea90c40002dee4f94094d515bc
[    1.2s]   tx   paid/setup/B1 (AUTHOR_B, the producer contract: publish QUOTE_B1 + B head rev 1; NO FOLDER bind — a competing content head only, never a second placement): block 30 gas 796542 status 1
[    1.3s]   seal paid/point-a-first: evm_revert(0x2) -> block 30 0x0c1ac2563650fe4b20aa0e9432465dc1c5d065f22ad9eae739e157a82f3967a0; re-sealed as 0x3
[    1.3s]   tx   paid/point-a-first (nonce 0) sending 0x4939de5bfc3fc5be09ff7d2604108d421e16ba58fd55fba632918d0176da5f67
[    1.4s]   tx   paid/point-a-first: block 31 gas 153636 status 1
[    1.4s]   chk  paid/point-a-first/paid-result: match
[    1.4s]   paid paid/point-a-first: retained (abstractResult built) before the next revert
[    1.4s]   seal paid/list-a-first: evm_revert(0x3) -> block 30 0x0c1ac2563650fe4b20aa0e9432465dc1c5d065f22ad9eae739e157a82f3967a0; re-sealed as 0x4
[    1.4s]   tx   paid/list-a-first (nonce 0) sending 0x4bdb9feb2990990d8578056ac5e228b3e3b644a7e5286cb14207fc163cd3b510
[    1.5s]   tx   paid/list-a-first: block 31 gas 246606 status 1
[    1.5s]   chk  paid/list-a-first/paid-result: match
[    1.5s]   paid paid/list-a-first: retained (abstractResult built) before the next revert
[    1.5s]   seal paid/point-b-first: evm_revert(0x4) -> block 30 0x0c1ac2563650fe4b20aa0e9432465dc1c5d065f22ad9eae739e157a82f3967a0; re-sealed as 0x5
[    1.5s]   tx   paid/point-b-first (nonce 0) sending 0x8bf5431e5c6b9f618ef9d2a600f1b4430a505336a254b52a59d9f1f4a281b83f
[    1.6s]   tx   paid/point-b-first: block 31 gas 153884 status 1
[    1.7s]   chk  paid/point-b-first/paid-result: match
[    1.7s]   paid paid/point-b-first: retained (abstractResult built) before the next revert
[    1.7s]   seal paid/list-b-first: evm_revert(0x5) -> block 30 0x0c1ac2563650fe4b20aa0e9432465dc1c5d065f22ad9eae739e157a82f3967a0; re-sealed as 0x6
[    1.7s]   tx   paid/list-b-first (nonce 0) sending 0x39bf3c7cc877328be43bf46ffbfe17ccc91d973dd6104fff7e3039cf977d33b1
[    1.8s]   tx   paid/list-b-first: block 31 gas 254283 status 1
[    1.8s]   chk  paid/list-b-first/paid-result: match
[    1.8s]   paid paid/list-b-first: retained (abstractResult built) before the next revert
[    1.8s] cell joined/paid-slice: post raw harvest at block 31
[    1.8s] cell joined/paid-slice: done (8 txs, 267 raw reads incl. 108 baseline, 0 check mismatches)
[    1.9s] cell joined/a1-without-placement: skipped (not selected)
[    1.9s] cell label/hash-only-create: skipped (not selected)
[    1.9s] cell label/create+label-fresh: skipped (not selected)
[    1.9s] cell label/create+label-existing-republished: skipped (not selected)
[    1.9s] cell label/create+label-existing-omitted: skipped (not selected)
[    1.9s] cell policy/activate: skipped (not selected)
[    1.9s] cell failure/refused-re-registration: skipped (not selected)
[    1.9s] cell failure/unsupported-native-import: skipped (not selected)
[    1.9s] cell native-one-noindex/quote: skipped (not selected)
joined/paid-slice                        paid/caller-funding                                                                                         eth_getBalance 
joined/paid-slice                        paid/setup/step1 (operator: ITEM_ETH, ITEM_USDC, PAIR_ETH_USDC in one native batch; identical to joined/step1)     921085 1 
joined/paid-slice                        paid/setup/A1 (AUTHOR_A signed: create FILE_QUOTE + publish QUOTE_A1 + head + the ONE /swaps placement + market tag; one combined receipt)    1614433 1 
joined/paid-slice                        paid/setup/A2 (AUTHOR_A signed: publish QUOTE_A2 + CAS head rev 1 -> 2; A1 retained in history; the placement is untouched)     658913 1 
joined/paid-slice                        paid/setup/B1 (AUTHOR_B, the producer contract: publish QUOTE_B1 + B head rev 1; NO FOLDER bind — a competing content head only, never a second placement)     796542 1 
joined/paid-slice                        paid/seal                                                                                                    
joined/paid-slice                        paid/seal/a-placement-provenance                                                                             
joined/paid-slice                        paid/seal/no-b-placement                                                                                     
joined/paid-slice                        paid/point-a-first                                                                                   153636 1 [stateless consumer]
joined/paid-slice                        paid/list-a-first                                                                                    246606 1 [stateless consumer]
joined/paid-slice                        paid/point-b-first                                                                                   153884 1 [stateless consumer]
joined/paid-slice                        paid/list-b-first                                                                                    254283 1 [stateless consumer]
joined/paid-slice                        paid/ordering                                                                                                
joined/paid-slice                        paid/agreement                                                                                               
joined/paid-slice                        paid/cost-disclosure                                                                                        statement 
[    1.9s] wrote /tmp/efs-paid-b-run-20260913.Kf4SOz/measure.json
