✔ encrypted predecessors refuse implicit plaintext plans while explicit ciphertext edits and restores work (1403.469666ms)
{
  "url": "http://127.0.0.1:51724/",
  "rpc": "http://127.0.0.1:51712",
  "scratch": "/var/folders/xj/wwg7k2z54psbr2f_jb8xpytr0000gn/T/efs-compact-demo-xS9fvf",
  "warning": "DISPOSABLE LOCAL KEYS. GUARDED TYPED DIRECTORY GRAPH; NO GLOBAL TREE GUARANTEE."
}
Report: /var/folders/xj/wwg7k2z54psbr2f_jb8xpytr0000gn/T/efs-compact-demo-xS9fvf/carriers.json
✔ cold guarded Files preserve binary, descriptors, revision lineage and scoped Concept labels (3661.976625ms)
✔ explicit raw transport roundtrip verifies a real PNG independently of filename (24.736875ms)
✔ raw transport refuses credentials, redirects, excess streaming bytes and times out (58.204167ms)
✔ explicit byte-only local upload accepts a larger object by digest and refuses forged identity (6.287708ms)
✔ image decode is bounded first and every decoded bitmap is closed (0.485ms)
✔ binary and empty bytes retain their identity without UTF-8 conversion (5.872ms)
✔ descriptor fixed codec rejects malformed lengths, unsupported algorithms and noncanonical raw identities (0.776292ms)
✔ transport failure, corruption, truncation, oversize and unsupported carriage are distinct (0.478583ms)
✔ AES-GCM verifies ciphertext before key use and authenticates plaintext with supplied key (1.623917ms)
✔ encrypted descriptors forbid public plaintext fingerprints and report a local authenticated digest (0.993125ms)
✔ aborted opens never resolve as available (0.241542ms)
✔ exact ASCII path codec round trips and rejects normalization and ambiguous segments (1.477ms)
✔ bounded route returns identity and every selected edge provenance without a parent dictionary (0.211125ms)
✔ aliases are valid routes but repeated directory on the same route is a cycle (0.085875ms)
✔ absent masked unknown invalid non-directory and budget exhaustion remain distinct (0.168084ms)
✔ root-only path still requires one nonempty explicit Lens and truthful coverage (0.301708ms)
✔ legacy factory refuses a guarded manifest instead of silently signing the legacy format (0.88025ms)
✔ guarded Files factory rejects the earlier public-plaintext-fingerprint carrier profile before RPC (0.851166ms)
✔ legacy create retains its own-CAS overwrite semantics without adding a selected-destination read (21.235708ms)
✔ a missing Name preserves the positive member and resumable PARTIAL coverage (15.619792ms)
✔ corrupt names are integrity failures, never fixture labels or omitted members (12.59575ms)
✔ a terminal caller cursor cannot certify that the folder is empty (9.503208ms)
✔ mixed block/index contexts and forged context copies fail closed (9.222875ms)
✔ a higher author mask never falls through to a lower live HEAD (10.254042ms)
✔ File and selected revision tags retain their subjects and independent provenance (13.75675ms)
✔ no-tiebreak conflicts expose candidates without an overall selected revision (11.910833ms)
✔ oversized bodies are rejected before authorization (9.777417ms)
✔ create encodes File then document, retains Name reuse, and publishes atomically (12.494875ms)
✔ a new higher-author removal mask binds then unbinds using own CAS zero (13.086167ms)
✔ historical restore creates a child of current selection from historical bytes (15.2155ms)
✔ a stale own CAS is refused before send without automatic resigning (22.416208ms)
✔ response loss retains the exact pre-send journal and stays BROADCAST_UNKNOWN (28.403958ms)
✔ a successful receipt without canonical effects is not semantic success (28.368334ms)
✔ legacy recovery observes the receipt before preserving its existing context-failure rejection (23.97025ms)
✔ legacy local malformed envelope codecs reject before any RPC or journal write (24.885125ms)
✔ an unrelated receipt is not attributed to the authorized action or its cost (242.908709ms)
✔ edit uses the explicit manifest Lens, not merely the writing author (15.018209ms)
✔ selected HEAD drift requires fresh authorization even when own CAS stays zero (20.962417ms)
✔ lower-author source placement drift is checked before removal broadcast (19.750542ms)
✔ concurrent submit calls share one broadcast within the SDK instance (20.582708ms)
✔ unavailable no-tiebreak body preserves the known conflict and both authors (10.543333ms)
✔ an unavailable content response retains selected HEAD as UNKNOWN, never ABSENT (9.844083ms)
✔ a corrupt selected body is INVALID, not a verified document or absence (9.817667ms)
✔ durable journal failure prevents the external send (23.430833ms)
✔ response loss reconciles exact canonical admissions and heads after reload (49.202709ms)
✔ journal tampering cannot redirect reconciliation to a different publication (21.092625ms)
✔ first use publishes the exact Name bytes in the same atomic create batch (12.047417ms)
✔ move removes only the requested source and binds the named destination in one batch (13.464958ms)
✔ restoring placement binds the retained File without republishing its history or Name (12.341209ms)
✔ tag writes bind the exact File or selected revision subject (32.100917ms)
✔ a public direct Name read verifies a preimage without claiming membership (9.633875ms)
✔ code/index/profile mismatch fails closed instead of producing an empty read (21.514875ms)
✔ joined app lists headers without point bodies and hydrates only the selected file (15.604709ms)
✔ joined app retains query-qualified uncertain rows without a second local filter (2.306125ms)
✔ verified tiny PNG has a visible bounded frame and intrinsic dimensions (1.872541ms)
✔ direct hash edits and browser back/forward re-resolve actual app rows and breadcrumbs (2.415958ms)
✔ malformed and unavailable routes clear old actionable rows and can recover without reload (2.531709ms)
✔ superseded folder reads cannot render after a newer URL has resolved (1.375292ms)
✔ route change during preparation cancels the obsolete dialog before intent authorization (2.527583ms)
✔ route change after intent authorization still blocks the obsolete outer broadcast (3.741291ms)
✔ a cold malformed route refuses and refresh cannot silently select root (1.200667ms)
✔ late content hydration cannot replace the current route observation (1.204416ms)
✔ the exact hash guard cancels authorization before the browser delivers hashchange (1.735542ms)
✔ current-route writes still authorize, broadcast and reconcile normally (3.179208ms)
✔ legacy explicit-mount app ignores Directory URL routing without new dependencies (3.360167ms)
✔ rejected superseded same-URL Lens read cannot overwrite newer qualification (2.4865ms)
✔ current-generation rejected route read remains visibly unqualified and non-actionable (1.657375ms)
✔ carrier list never fetches payload and explicit open downloads exact invalid UTF-8 bytes (1.494791ms)
✔ opened encrypted UTF-8 keeps the actual app ordinary editor disabled (2.468041ms)
✔ malformed supplied key clears the open lifecycle and a corrected key can retry (1.634333ms)
✔ late carrier success or rejection cannot overwrite a new route or selection (3.523542ms)
✔ explicit external upload carries more than Core inline limit without lossy text conversion (3.8625ms)
✔ same-route selection or Lens change cancels late carrier results and releases an old preview URL (4.436334ms)
{
  "url": "http://127.0.0.1:51785/",
  "rpc": "http://127.0.0.1:51779",
  "scratch": "/var/folders/xj/wwg7k2z54psbr2f_jb8xpytr0000gn/T/efs-compact-demo-Ao9ya8",
  "warning": "DISPOSABLE LOCAL KEYS. GUARDED TYPED DIRECTORY GRAPH; NO GLOBAL TREE GUARANTEE."
}
✔ separate guarded browser entrypoint serves its profile modules and root-only configuration (325.514416ms)
Report: /var/folders/xj/wwg7k2z54psbr2f_jb8xpytr0000gn/T/efs-compact-demo-A0SnkW/directory.json
✔ typed Directory fixture bootstraps before admission one and cold opens nested placements (2772.53275ms)
▶ typed Directory source destination and mask races mine both orders without partial stale effects
  ✔ source/move-first (191.916667ms)
  ✔ source/competitor-first (201.937917ms)
  ✔ destination/move-first (165.401917ms)
  ✔ destination/competitor-first (170.605625ms)
  ✔ mask/move-first (164.134334ms)
  ✔ mask/competitor-first (168.183625ms)
Report: /var/folders/xj/wwg7k2z54psbr2f_jb8xpytr0000gn/T/efs-compact-demo-HYOhmf/directory-races.json
✔ typed Directory source destination and mask races mine both orders without partial stale effects (1569.063583ms)
✔ typed directory unknown kind qualifies membership without claiming an empty folder (0.676458ms)
✔ exhaustive filtered empty query is not described as an empty folder (0.108459ms)
✔ cost projection leads with Base and maps old config by ID without changing edited assumptions (10.025375ms)
✔ recent action table includes unknown and reverted receipts, deduplicates hashes, and qualifies the total (0.447ms)
✔ no receipts or missing assumptions never imply measured zero spending (0.155291ms)
✔ contradictory observations render once as unknown and table text cannot inject markup (0.107375ms)
✔ recent rows are bounded but totals cover every unique recorded action (0.276417ms)
✔ overflowing edited assumptions remain unknown instead of displaying infinite dollars (0.049125ms)
✔ unknown and partial zero-row observations never become empty folders (0.098791ms)
✔ known members survive unavailable or invalid names (0.137959ms)
✔ tag filter distinguishes File from revision and retains unevaluated subjects (0.103458ms)
✔ only qualified selected bytes can be opened or downloaded (0.056041ms)
✔ network estimate uses measured gas, gwei, ETH USD and explicit extra fee only (0.043292ms)
✔ cost totals deduplicate receipts, include reverted gas, and retain unknown costs (0.0755ms)
✔ contradictory receipts for one hash do not become a fabricated total (0.04975ms)
✔ parseable damaged journal hashes become unknown cost without breaking the screen (0.046958ms)
▶ guarded initial-context failure retains only independently refreshed receipt evidence
  ✔ unavailable/available (9.6065ms)
  ✔ unavailable/missing (8.679375ms)
  ✔ unavailable/offline (9.3235ms)
  ✔ missing-block/available (7.61725ms)
  ✔ missing-block/missing (6.46225ms)
  ✔ missing-block/offline (6.936083ms)
  ✔ unsupported/available (25.520625ms)
  ✔ unsupported/missing (26.17575ms)
  ✔ unsupported/offline (26.316083ms)
✔ guarded initial-context failure retains only independently refreshed receipt evidence (614.467333ms)
▶ guarded malformed local envelope bytes shapes and ranges reject before RPC or journal mutation
  ✔ body malformed hex (4.494583ms)
  ✔ body odd hex (3.884167ms)
  ✔ body wrong type (3.797958ms)
  ✔ signature malformed hex (6.4455ms)
  ✔ calldata malformed hex (6.522792ms)
  ✔ action shape (3.314708ms)
  ✔ action array shape (3.262042ms)
  ✔ action uint32 underflow (3.32675ms)
  ✔ action uint32 overflow (3.721916ms)
  ✔ intent uint64 overflow (3.671541ms)
  ✔ intent shape (3.709792ms)
  ✔ read-set array shape (3.640958ms)
  ✔ read-set bytes32 shape (3.877584ms)
  ✔ value quantity shape (3.535542ms)
✔ guarded malformed local envelope bytes shapes and ranges reject before RPC or journal mutation (378.555958ms)
✔ guarded environment deploys a reviewed proxy family without changing legacy defaults (257.537875ms)
▶ mined independent-author competition is rejected after preflight, in both transaction orders
  ✔ source-edit/competitor-first (391.238417ms)
  ✔ source-edit/victim-first (406.597875ms)
  ✔ higher-absent-live/competitor-first (280.616416ms)
  ✔ higher-absent-live/victim-first (285.001583ms)
  ✔ higher-mask/competitor-first (222.34475ms)
  ✔ higher-mask/victim-first (246.383958ms)
  ✔ included-lower/competitor-first (250.531209ms)
  ✔ included-lower/victim-first (269.749334ms)
  ✔ destination-replace/competitor-first (284.975125ms)
  ✔ destination-replace/victim-first (398.089958ms)
  ✔ destination-mask/competitor-first (261.468667ms)
  ✔ destination-mask/victim-first (252.055584ms)
  ✔ policy/competitor-first (229.449334ms)
  ✔ policy/victim-first (216.7055ms)
  ✔ unrelated/competitor-first (264.402542ms)
  ✔ unrelated/victim-first (251.134125ms)
Report: /var/folders/xj/wwg7k2z54psbr2f_jb8xpytr0000gn/T/efs-compact-demo-SsQXg7/guarded-ordering.json
✔ mined independent-author competition is rejected after preflight, in both transaction orders (4710.406ms)
Report: /var/folders/xj/wwg7k2z54psbr2f_jb8xpytr0000gn/T/efs-compact-demo-VjKMG3/guarded-engine.json
✔ guarded Files engine binds complete positions and independently verifies untrusted recovery envelopes (1323.837ms)
Report: /var/folders/xj/wwg7k2z54psbr2f_jb8xpytr0000gn/T/efs-compact-demo-pYeSMd/guarded-upgrades.json
✔ populated proxy upgrades preserve native application identity and fresh historical reconstruction across same-block schedules (1541.961417ms)
Report: /var/folders/xj/wwg7k2z54psbr2f_jb8xpytr0000gn/T/efs-compact-demo-s0VCXy/guarded-prague.json
✔ real Prague type-4 install change clear and reverted native delegation preserve the key principal (1091.324167ms)
Report: /var/folders/xj/wwg7k2z54psbr2f_jb8xpytr0000gn/T/efs-compact-demo-qa5Nte/guarded-costs.json
✔ whole-transaction guard retention costs remain within the explicit per-transaction cap (509.12725ms)
Report: /var/folders/xj/wwg7k2z54psbr2f_jb8xpytr0000gn/T/efs-compact-demo-ATEuo8/integration.json
✔ fresh compact chain: retained names, revisions, author selection and placement lifecycle (1940.878042ms)
✔ two valid HEAD updates in one block retain success of the superseded first publication (348.154459ms)
✔ joined pages qualify headers and own exact context Lens query continuations (1229.25175ms)
✔ failed Name-coordinate read preserves successful placement provenance (411.112833ms)
✔ benchmark mode retains append-only real receipt/input evidence without raw transactions in memory (294.759375ms)
Report: /var/folders/xj/wwg7k2z54psbr2f_jb8xpytr0000gn/T/efs-compact-demo-nJa3wA/joined-batch-preflight.json
✔ bounded scale seed uses real transactions for live churn and contributing-author controls (638.803541ms)
ℹ tests 152
ℹ suites 0
ℹ pass 152
ℹ fail 0
ℹ cancelled 0
ℹ skipped 0
ℹ todo 0
ℹ duration_ms 46304.065166
