Compiling 3 files with Solc 0.8.30
Solc 0.8.30 finished in 11.27s
Compiler run successful with warnings:
Warning (2519): This declaration shadows an existing declaration.
  --> src/Keys.sol:88:21:
   |
88 |     function record(bytes32 typeId, bytes memory data) internal pure returns (bytes32) {
   |                     ^^^^^^^^^^^^^^
Note: The shadowed declaration is here:
  --> src/Keys.sol:84:5:
   |
84 |     function typeId(bytes32 shape, bytes32[] memory refTypes, bytes32 ruleId) internal pure returns (bytes32) {
   |     ^ (Relevant source part starts here and spans across multiple lines).

Warning (2519): This declaration shadows an existing declaration.
  --> src/Keys.sol:93:29:
   |
93 |     function recordFromHash(bytes32 typeId, bytes32 bodyHash) internal pure returns (bytes32) {
   |                             ^^^^^^^^^^^^^^
Note: The shadowed declaration is here:
  --> src/Keys.sol:84:5:
   |
84 |     function typeId(bytes32 shape, bytes32[] memory refTypes, bytes32 ruleId) internal pure returns (bytes32) {
   |     ^ (Relevant source part starts here and spans across multiple lines).

Warning (2519): This declaration shadows an existing declaration.
   --> src/Keys.sol:113:22:
    |
113 |     function posting(bytes32 typeId, uint8 kind, uint8 ordinal, bytes32 valueKey) internal pure returns (bytes32) {
    |                      ^^^^^^^^^^^^^^
Note: The shadowed declaration is here:
  --> src/Keys.sol:84:5:
   |
84 |     function typeId(bytes32 shape, bytes32[] memory refTypes, bytes32 ruleId) internal pure returns (bytes32) {
   |     ^ (Relevant source part starts here and spans across multiple lines).

Warning (2519): This declaration shadows an existing declaration.
   --> src/Keys.sol:117:25:
    |
117 |     function byTypeList(bytes32 typeId) internal pure returns (bytes32) {
    |                         ^^^^^^^^^^^^^^
Note: The shadowed declaration is here:
  --> src/Keys.sol:84:5:
   |
84 |     function typeId(bytes32 shape, bytes32[] memory refTypes, bytes32 ruleId) internal pure returns (bytes32) {
   |     ^ (Relevant source part starts here and spans across multiple lines).

Warning (2018): Function state mutability can be restricted to view
  --> test/FilesDirectoryProfile.t.sol:60:5:
   |
60 |     function test_directory_pin_rejects_wrong_rule_hash() public {
   |     ^ (Relevant source part starts here and spans across multiple lines).

Warning (3860): Contract initcode size is 174337 bytes and exceeds 49152 bytes (a limit introduced in Shanghai). This contract may not be deployable on Mainnet. Consider enabling the optimizer (with a low "runs" value!), turning off revert strings, or using libraries.
  --> test/FilesPageReader.t.sol:12:1:
   |
12 | contract FilesPageReaderTest is FilesCarrierIndexTest {
   | ^ (Relevant source part starts here and spans across multiple lines).

Warning (3860): Contract initcode size is 83997 bytes and exceeds 49152 bytes (a limit introduced in Shanghai). This contract may not be deployable on Mainnet. Consider enabling the optimizer (with a low "runs" value!), turning off revert strings, or using libraries.
  --> test/LedgerEvidence.t.sol:13:1:
   |
13 | contract LedgerEvidenceTest is LabBase {
   | ^ (Relevant source part starts here and spans across multiple lines).


Ran 1 test for test/LedgerEvidence.t.sol:LedgerEvidenceTest
[PASS] test_page_across_mutation_cursor_law() (gas: 5473797)
Suite result: ok. 1 passed; 0 failed; 0 skipped; finished in 10.95ms (2.79ms CPU time)

Ran 10 tests for test/FilesPageReader.t.sol:FilesPageReaderTest
[PASS] test_page_conflict_keeps_file_tag_and_unknown_revision_tag() (gas: 11677536)
[PASS] test_page_continuations_bind_caller_filter_basis_and_swap_removal() (gas: 12844338)
[PASS] test_page_forged_terminal_cannot_license_whole_query_absence() (gas: 13518121)
[PASS] test_page_header_helper_refuses_unguarded_external_use() (gas: 9789788)
[PASS] test_page_masked_budget_exhaustion_is_partial_not_empty() (gas: 11821090)
[PASS] test_page_name_header_and_tag_failures_keep_known_axes() (gas: 11107796)
[PASS] test_page_partial_family_coverage_is_unknown() (gas: 9842135)
[PASS] test_page_unavailable_head_keeps_selected_placement_name_and_file_tag() (gas: 10506528)
[PASS] test_page_uncertain_join_cannot_license_filtered_empty_origin() (gas: 11050193)
[PASS] test_page_unsupported_header_cannot_disappear_under_filter() (gas: 10837627)
Suite result: ok. 10 passed; 0 failed; 0 skipped; finished in 12.86ms (31.52ms CPU time)

Ran 2 test suites in 23.22ms (23.80ms CPU time): 11 tests passed, 0 failed, 0 skipped (11 total tests)
