{"phase":"live","n":100,"elapsedMs":1355,"nodeRss":168640512,"nodePeakRss":168640512,"anvilRss":46678016,"outputBytes":1399248}
{"phase":"live","n":200,"elapsedMs":2185,"nodeRss":176898048,"nodePeakRss":176898048,"anvilRss":65699840,"outputBytes":2268022}
{"phase":"live","n":300,"elapsedMs":2990,"nodeRss":177569792,"nodePeakRss":177569792,"anvilRss":77594624,"outputBytes":3131749}
{"phase":"live","n":400,"elapsedMs":3802,"nodeRss":178208768,"nodePeakRss":178208768,"anvilRss":99385344,"outputBytes":3995493}
{"phase":"live","n":500,"elapsedMs":4612,"nodeRss":178470912,"nodePeakRss":178470912,"anvilRss":112361472,"outputBytes":4859237}
{"phase":"live","n":600,"elapsedMs":5422,"nodeRss":178487296,"nodePeakRss":178487296,"anvilRss":125632512,"outputBytes":5723032}
{"phase":"live","n":700,"elapsedMs":6236,"nodeRss":178618368,"nodePeakRss":178618368,"anvilRss":123256832,"outputBytes":6586827}
{"phase":"live","n":800,"elapsedMs":7552,"nodeRss":179486720,"nodePeakRss":179486720,"anvilRss":161710080,"outputBytes":7450622}
{"phase":"live","n":900,"elapsedMs":8888,"nodeRss":180486144,"nodePeakRss":180486144,"anvilRss":162856960,"outputBytes":8314465}
{"phase":"live","n":1000,"elapsedMs":10213,"nodeRss":180600832,"nodePeakRss":180600832,"anvilRss":164724736,"outputBytes":9178861}
{"phase":"read/live-sparse-1","n":1,"elapsedMs":10870,"nodeRss":303251456,"nodePeakRss":303251456,"anvilRss":168935424,"outputBytes":9187188}
{"phase":"read/live-sparse-8","n":8,"elapsedMs":11426,"nodeRss":306020352,"nodePeakRss":306020352,"anvilRss":199999488,"outputBytes":9195976}
{"phase":"read/live-sparse-32","n":32,"elapsedMs":13147,"nodeRss":362020864,"nodePeakRss":362020864,"anvilRss":212549632,"outputBytes":9206313}
{"phase":"read/live-sparse-64","n":64,"elapsedMs":16105,"nodeRss":418627584,"nodePeakRss":418791424,"anvilRss":225034240,"outputBytes":9218704}
{"phase":"lifetime","n":1000,"elapsedMs":20665,"nodeRss":426606592,"nodePeakRss":426606592,"anvilRss":404488192,"outputBytes":13690483}
{"phase":"lifetime","n":2000,"elapsedMs":26884,"nodeRss":353124352,"nodePeakRss":428687360,"anvilRss":396623872,"outputBytes":18163721}
{"phase":"lifetime","n":3000,"elapsedMs":33891,"nodeRss":335642624,"nodePeakRss":428687360,"anvilRss":403456000,"outputBytes":22690843}
{"phase":"lifetime","n":4000,"elapsedMs":42022,"nodeRss":340066304,"nodePeakRss":428687360,"anvilRss":479379456,"outputBytes":27164081}
{"phase":"lifetime","n":5000,"elapsedMs":50647,"nodeRss":342114304,"nodePeakRss":428687360,"anvilRss":621117440,"outputBytes":31637319}
{"phase":"lifetime","n":6000,"elapsedMs":60818,"nodeRss":344719360,"nodePeakRss":428687360,"anvilRss":621707264,"outputBytes":36164443}
{"phase":"lifetime","n":7000,"elapsedMs":71190,"nodeRss":347848704,"nodePeakRss":428687360,"anvilRss":615104512,"outputBytes":40637679}
{"phase":"lifetime","n":8000,"elapsedMs":83140,"nodeRss":339001344,"nodePeakRss":428687360,"anvilRss":601882624,"outputBytes":45110915}
{"phase":"lifetime","n":9000,"elapsedMs":95421,"nodeRss":343228416,"nodePeakRss":428687360,"anvilRss":603176960,"outputBytes":49638080}
{"phase":"lifetime","n":10000,"elapsedMs":109580,"nodeRss":346587136,"nodePeakRss":428687360,"anvilRss":604045312,"outputBytes":54131229}
{"phase":"read/lifetime-sparse-1","n":1,"elapsedMs":109767,"nodeRss":346587136,"nodePeakRss":428687360,"anvilRss":619413504,"outputBytes":54139534}
{"phase":"read/lifetime-sparse-8","n":8,"elapsedMs":109958,"nodeRss":346800128,"nodePeakRss":428687360,"anvilRss":637698048,"outputBytes":54148301}
{"phase":"read/lifetime-sparse-32","n":32,"elapsedMs":110152,"nodeRss":346800128,"nodePeakRss":428687360,"anvilRss":647086080,"outputBytes":54158617}
{"phase":"read/lifetime-sparse-64","n":64,"elapsedMs":110353,"nodeRss":346882048,"nodePeakRss":428687360,"anvilRss":658653184,"outputBytes":54170983}
{"phase":"seed-complete","n":10000,"elapsedMs":110357,"nodeRss":346882048,"nodePeakRss":428687360,"anvilRss":658653184,"outputBytes":54171203}
{"phase":"complete","n":16,"elapsedMs":110360,"nodeRss":347242496,"nodePeakRss":428687360,"anvilRss":658653184,"outputBytes":54470653}
JOINED_REPORT /var/folders/xj/wwg7k2z54psbr2f_jb8xpytr0000gn/T/efs-compact-demo-ACXPIe/joined-measurement.json
{"phase":"dense-authors","n":8,"elapsedMs":890,"nodeRss":359989248,"nodePeakRss":428687360,"anvilRss":34766848,"outputBytes":749450}
{"phase":"dense-authors","n":16,"elapsedMs":1376,"nodeRss":359989248,"nodePeakRss":428687360,"anvilRss":38928384,"outputBytes":952798}
{"phase":"dense-authors","n":24,"elapsedMs":1842,"nodeRss":360005632,"nodePeakRss":428687360,"anvilRss":43450368,"outputBytes":1151103}
{"phase":"dense-authors","n":32,"elapsedMs":2318,"nodeRss":359743488,"nodePeakRss":428687360,"anvilRss":44449792,"outputBytes":1349409}
{"phase":"dense-authors","n":40,"elapsedMs":2761,"nodeRss":359759872,"nodePeakRss":428687360,"anvilRss":50364416,"outputBytes":1547729}
{"phase":"dense-authors","n":48,"elapsedMs":3220,"nodeRss":359759872,"nodePeakRss":428687360,"anvilRss":53805056,"outputBytes":1746051}
{"phase":"dense-authors","n":56,"elapsedMs":3667,"nodeRss":359759872,"nodePeakRss":428687360,"anvilRss":54558720,"outputBytes":1944373}
{"phase":"dense-authors","n":64,"elapsedMs":4103,"nodeRss":359759872,"nodePeakRss":428687360,"anvilRss":55148544,"outputBytes":2142695}
{"phase":"seed-complete","n":64,"elapsedMs":4105,"nodeRss":359759872,"nodePeakRss":428687360,"anvilRss":55148544,"outputBytes":2142897}
{"phase":"read/dense-overlap-1","n":1,"elapsedMs":4163,"nodeRss":359759872,"nodePeakRss":428687360,"anvilRss":61063168,"outputBytes":2190821}
{"phase":"read/dense-overlap-8","n":8,"elapsedMs":4230,"nodeRss":359776256,"nodePeakRss":428687360,"anvilRss":70680576,"outputBytes":2199584}
{"phase":"read/dense-overlap-32","n":32,"elapsedMs":4321,"nodeRss":359923712,"nodePeakRss":428687360,"anvilRss":77152256,"outputBytes":2209896}
{"phase":"read/dense-overlap-64","n":64,"elapsedMs":4627,"nodeRss":360284160,"nodePeakRss":428687360,"anvilRss":85803008,"outputBytes":2222273}
{"phase":"read/dense-conflict-64","n":64,"elapsedMs":4940,"nodeRss":360529920,"nodePeakRss":428687360,"anvilRss":90636288,"outputBytes":2234660}
{"phase":"complete","n":10,"elapsedMs":4943,"nodeRss":360529920,"nodePeakRss":428687360,"anvilRss":90636288,"outputBytes":2234871}
JOINED_REPORT /var/folders/xj/wwg7k2z54psbr2f_jb8xpytr0000gn/T/efs-compact-demo-UTp2zV/joined-measurement.json
