✖ joined pages qualify headers and own exact context Lens query continuations (2170.364083ms)
✔ failed Name-coordinate read preserves successful placement provenance (450.099041ms)
ℹ tests 2
ℹ suites 0
ℹ pass 1
ℹ fail 1
ℹ cancelled 0
ℹ skipped 0
ℹ todo 0
ℹ duration_ms 5764.136

✖ failing tests:

test at browser/joined.integration.test.mjs:6:1
✖ joined pages qualify headers and own exact context Lens query continuations (2170.364083ms)
  AssertionError [ERR_ASSERTION]: warm page does not reclassify every author or repeat joins
      at TestContext.<anonymous> (file:///Users/james/Code/EFS/planning-warroom-b-run/Reviews/2026-09-12-efs-path-decision/lab-b/browser/joined.integration.test.mjs:27:3)
      at process.processTicksAndRejections (node:internal/process/task_queues:104:5)
      at async Test.run (node:internal/test_runner/test:1208:7)
      at async startSubtestAfterBootstrap (node:internal/test_runner/harness:385:3) {
    generatedMessage: false,
    code: 'ERR_ASSERTION',
    actual: false,
    expected: true,
    operator: '==',
    diff: 'simple'
  }
