✖ benchmark mode retains append-only real receipt/input evidence without raw transactions in memory (344.858834ms)
ℹ tests 1
ℹ suites 0
ℹ pass 0
ℹ fail 1
ℹ cancelled 0
ℹ skipped 0
ℹ todo 0
ℹ duration_ms 3420.366584

✖ failing tests:

test at script/joined-harness.test.mjs:8:1
✖ benchmark mode retains append-only real receipt/input evidence without raw transactions in memory (344.858834ms)
  AssertionError [ERR_ASSERTION]: explicit ephemeral benchmark RPC history
  + actual - expected
  
  + undefined
  - {
  -   states: 16,
  -   transactionBlocks: 32
  - }
  
      at TestContext.<anonymous> (file:///Users/james/Code/EFS/planning-warroom-b-run/Reviews/2026-09-12-efs-path-decision/lab-b/script/joined-harness.test.mjs:11:10)
      at async Test.run (node:internal/test_runner/test:1208:7)
      at async startSubtestAfterBootstrap (node:internal/test_runner/harness:385:3) {
    generatedMessage: false,
    code: 'ERR_ASSERTION',
    actual: undefined,
    expected: { states: 16, transactionBlocks: 32 },
    operator: 'deepStrictEqual',
    diff: 'simple'
  }
