✖ joined pages qualify headers and own exact context Lens query continuations (919.216541ms)
✔ failed Name-coordinate read preserves successful placement provenance (561.313ms)
ℹ tests 2
ℹ suites 0
ℹ pass 1
ℹ fail 1
ℹ cancelled 0
ℹ skipped 0
ℹ todo 0
ℹ duration_ms 4564.179167

✖ failing tests:

test at browser/joined.integration.test.mjs:6:1
✖ joined pages qualify headers and own exact context Lens query continuations (919.216541ms)
  AssertionError [ERR_ASSERTION]: Directory has no synthetic File HEAD
  + actual - expected
  
  + {
  +   admission: '0',
  +   author: '0x0000000000000000000000000000000000000000000000000000000000000000',
  +   revision: 0,
  +   status: 0,
  +   target: '0x0000000000000000000000000000000000000000000000000000000000000000'
  + }
  - null
  
      at TestContext.<anonymous> (file:///Users/james/Code/EFS/planning-warroom-b-run/Reviews/2026-09-12-efs-path-decision/lab-b/browser/joined.integration.test.mjs:34:10)
      at process.processTicksAndRejections (node:internal/process/task_queues:104:5)
      at async Test.run (node:internal/test_runner/test:1208:7)
      at async startSubtestAfterBootstrap (node:internal/test_runner/harness:385:3) {
    generatedMessage: false,
    code: 'ERR_ASSERTION',
    actual: { status: 0, target: '0x0000000000000000000000000000000000000000000000000000000000000000', revision: 0, author: '0x0000000000000000000000000000000000000000000000000000000000000000', admission: '0' },
    expected: null,
    operator: 'strictEqual',
    diff: 'simple'
  }
