Compiling 23 files with Solc 0.8.30
Solc 0.8.30 finished in 21.45s
Compiler run successful with warnings:
Warning (2519): This declaration shadows an existing declaration.
  --> src/Keys.sol:88:21:
   |
88 |     function record(bytes32 typeId, bytes memory data) internal pure returns (bytes32) {
   |                     ^^^^^^^^^^^^^^
Note: The shadowed declaration is here:
  --> src/Keys.sol:84:5:
   |
84 |     function typeId(bytes32 shape, bytes32[] memory refTypes, bytes32 ruleId) internal pure returns (bytes32) {
   |     ^ (Relevant source part starts here and spans across multiple lines).

Warning (2519): This declaration shadows an existing declaration.
  --> src/Keys.sol:93:29:
   |
93 |     function recordFromHash(bytes32 typeId, bytes32 bodyHash) internal pure returns (bytes32) {
   |                             ^^^^^^^^^^^^^^
Note: The shadowed declaration is here:
  --> src/Keys.sol:84:5:
   |
84 |     function typeId(bytes32 shape, bytes32[] memory refTypes, bytes32 ruleId) internal pure returns (bytes32) {
   |     ^ (Relevant source part starts here and spans across multiple lines).

Warning (2519): This declaration shadows an existing declaration.
   --> src/Keys.sol:113:22:
    |
113 |     function posting(bytes32 typeId, uint8 kind, uint8 ordinal, bytes32 valueKey) internal pure returns (bytes32) {
    |                      ^^^^^^^^^^^^^^
Note: The shadowed declaration is here:
  --> src/Keys.sol:84:5:
   |
84 |     function typeId(bytes32 shape, bytes32[] memory refTypes, bytes32 ruleId) internal pure returns (bytes32) {
   |     ^ (Relevant source part starts here and spans across multiple lines).

Warning (2519): This declaration shadows an existing declaration.
   --> src/Keys.sol:117:25:
    |
117 |     function byTypeList(bytes32 typeId) internal pure returns (bytes32) {
    |                         ^^^^^^^^^^^^^^
Note: The shadowed declaration is here:
  --> src/Keys.sol:84:5:
   |
84 |     function typeId(bytes32 shape, bytes32[] memory refTypes, bytes32 ruleId) internal pure returns (bytes32) {
   |     ^ (Relevant source part starts here and spans across multiple lines).

Warning (2018): Function state mutability can be restricted to view
  --> test/FilesDirectoryProfile.t.sol:60:5:
   |
60 |     function test_directory_pin_rejects_wrong_rule_hash() public {
   |     ^ (Relevant source part starts here and spans across multiple lines).

Warning (3860): Contract initcode size is 96217 bytes and exceeds 49152 bytes (a limit introduced in Shanghai). This contract may not be deployable on Mainnet. Consider enabling the optimizer (with a low "runs" value!), turning off revert strings, or using libraries.
  --> test/FilesDirectoryProfile.t.sol:11:1:
   |
11 | contract FilesDirectoryProfileTest is LabBase {
   | ^ (Relevant source part starts here and spans across multiple lines).

Warning (3860): Contract initcode size is 79321 bytes and exceeds 49152 bytes (a limit introduced in Shanghai). This contract may not be deployable on Mainnet. Consider enabling the optimizer (with a low "runs" value!), turning off revert strings, or using libraries.
  --> test/FilesCarrierProfile.t.sol:10:1:
   |
10 | contract FilesCarrierProfileTest is LabBase {
   | ^ (Relevant source part starts here and spans across multiple lines).

Warning (3860): Contract initcode size is 123470 bytes and exceeds 49152 bytes (a limit introduced in Shanghai). This contract may not be deployable on Mainnet. Consider enabling the optimizer (with a low "runs" value!), turning off revert strings, or using libraries.
  --> test/FilesCarrierProfile.t.sol:71:1:
   |
71 | contract FilesCarrierIndexTest is FilesDirectoryProfileTest {
   | ^ (Relevant source part starts here and spans across multiple lines).

Warning (3860): Contract initcode size is 162412 bytes and exceeds 49152 bytes (a limit introduced in Shanghai). This contract may not be deployable on Mainnet. Consider enabling the optimizer (with a low "runs" value!), turning off revert strings, or using libraries.
  --> test/FilesPageReader.t.sol:11:1:
   |
11 | contract FilesPageReaderTest is FilesCarrierIndexTest {
   | ^ (Relevant source part starts here and spans across multiple lines).


Ran 3 tests for test/FilesPageReader.t.sol:FilesPageReaderTest
[PASS] test_page_continuations_bind_caller_filter_basis_and_swap_removal() (gas: 12726441)
[PASS] test_page_name_header_and_tag_failures_keep_known_axes() (gas: 10797987)
[FAIL: unsupported selected row hidden by tag filter] test_page_unsupported_header_cannot_disappear_under_filter() (gas: 10716004)
Suite result: FAILED. 2 passed; 1 failed; 0 skipped; finished in 16.82ms (11.53ms CPU time)

Ran 1 test suite in 28.21ms (16.82ms CPU time): 2 tests passed, 1 failed, 0 skipped (3 total tests)

Failing tests:
Encountered 1 failing test in test/FilesPageReader.t.sol:FilesPageReaderTest
[FAIL: unsupported selected row hidden by tag filter] test_page_unsupported_header_cannot_disappear_under_filter() (gas: 10716004)

Encountered a total of 1 failing tests, 2 tests succeeded

Tip: Run `forge test --rerun` to retry only the 1 failed test
