Compiling 11 files with Solc 0.8.30
Solc 0.8.30 finished in 48.42s
Compiler run successful with warnings:
Warning (2519): This declaration shadows an existing declaration.
  --> src/Keys.sol:92:21:
   |
92 |     function record(bytes32 typeId, bytes memory data) internal pure returns (bytes32) {
   |                     ^^^^^^^^^^^^^^
Note: The shadowed declaration is here:
  --> src/Keys.sol:88:5:
   |
88 |     function typeId(bytes32 shape, bytes32[] memory refTypes, bytes32 ruleId) internal pure returns (bytes32) {
   |     ^ (Relevant source part starts here and spans across multiple lines).

Warning (2519): This declaration shadows an existing declaration.
  --> src/Keys.sol:97:29:
   |
97 |     function recordFromHash(bytes32 typeId, bytes32 bodyHash) internal pure returns (bytes32) {
   |                             ^^^^^^^^^^^^^^
Note: The shadowed declaration is here:
  --> src/Keys.sol:88:5:
   |
88 |     function typeId(bytes32 shape, bytes32[] memory refTypes, bytes32 ruleId) internal pure returns (bytes32) {
   |     ^ (Relevant source part starts here and spans across multiple lines).

Warning (2519): This declaration shadows an existing declaration.
   --> src/Keys.sol:117:22:
    |
117 |     function posting(bytes32 typeId, uint8 kind, uint8 ordinal, bytes32 valueKey) internal pure returns (bytes32) {
    |                      ^^^^^^^^^^^^^^
Note: The shadowed declaration is here:
  --> src/Keys.sol:88:5:
   |
88 |     function typeId(bytes32 shape, bytes32[] memory refTypes, bytes32 ruleId) internal pure returns (bytes32) {
   |     ^ (Relevant source part starts here and spans across multiple lines).

Warning (2519): This declaration shadows an existing declaration.
   --> src/Keys.sol:121:25:
    |
121 |     function byTypeList(bytes32 typeId) internal pure returns (bytes32) {
    |                         ^^^^^^^^^^^^^^
Note: The shadowed declaration is here:
  --> src/Keys.sol:88:5:
   |
88 |     function typeId(bytes32 shape, bytes32[] memory refTypes, bytes32 ruleId) internal pure returns (bytes32) {
   |     ^ (Relevant source part starts here and spans across multiple lines).

Warning (2519): This declaration shadows an existing declaration.
   --> test/FilesNames.t.sol:316:14:
    |
316 |             (bool ok, bytes memory err) = address(reader).staticcall(abi.encodeCall(reader.readName, (position, MOUNT, role, bad)));
    |              ^^^^^^^
Note: The shadowed declaration is here:
   --> test/FilesNames.t.sol:320:10:
    |
320 |         (bool ok, bytes memory err) = address(reader).staticcall(abi.encodeCall(reader.readName,
    |          ^^^^^^^

Warning (2519): This declaration shadows an existing declaration.
   --> test/FilesNames.t.sol:316:23:
    |
316 |             (bool ok, bytes memory err) = address(reader).staticcall(abi.encodeCall(reader.readName, (position, MOUNT, role, bad)));
    |                       ^^^^^^^^^^^^^^^^
Note: The shadowed declaration is here:
   --> test/FilesNames.t.sol:320:19:
    |
320 |         (bool ok, bytes memory err) = address(reader).staticcall(abi.encodeCall(reader.readName,
    |                   ^^^^^^^^^^^^^^^^

Warning (2018): Function state mutability can be restricted to view
  --> test/FilesDirectoryProfile.t.sol:60:5:
   |
60 |     function test_directory_pin_rejects_wrong_rule_hash() public {
   |     ^ (Relevant source part starts here and spans across multiple lines).

Warning (3860): Contract initcode size is 255696 bytes and exceeds 49152 bytes (a limit introduced in Shanghai). This contract may not be deployable on Mainnet. Consider enabling the optimizer (with a low "runs" value!), turning off revert strings, or using libraries.
  --> test/CoreIndexFiles.t.sol:10:1:
   |
10 | contract CoreIndexFilesTest is FilesCarrierIndexTest {
   | ^ (Relevant source part starts here and spans across multiple lines).

Warning (3860): Contract initcode size is 302629 bytes and exceeds 49152 bytes (a limit introduced in Shanghai). This contract may not be deployable on Mainnet. Consider enabling the optimizer (with a low "runs" value!), turning off revert strings, or using libraries.
  --> test/CoreIndexReplayFiles.t.sol:13:1:
   |
13 | contract CoreIndexReplayFilesTest is CoreIndexFilesTest {
   | ^ (Relevant source part starts here and spans across multiple lines).

Warning (3860): Contract initcode size is 152534 bytes and exceeds 49152 bytes (a limit introduced in Shanghai). This contract may not be deployable on Mainnet. Consider enabling the optimizer (with a low "runs" value!), turning off revert strings, or using libraries.
  --> test/DescribedTypeProfile.t.sol:26:1:
   |
26 | contract DescribedTypeProfileTest is LabBase {
   | ^ (Relevant source part starts here and spans across multiple lines).

Warning (3860): Contract initcode size is 210485 bytes and exceeds 49152 bytes (a limit introduced in Shanghai). This contract may not be deployable on Mainnet. Consider enabling the optimizer (with a low "runs" value!), turning off revert strings, or using libraries.
  --> test/FilesNames.t.sol:30:1:
   |
30 | contract FilesNamesTest is LabBase {
   | ^ (Relevant source part starts here and spans across multiple lines).

Warning (3860): Contract initcode size is 291266 bytes and exceeds 49152 bytes (a limit introduced in Shanghai). This contract may not be deployable on Mainnet. Consider enabling the optimizer (with a low "runs" value!), turning off revert strings, or using libraries.
  --> test/FilesPageReader.t.sol:14:1:
   |
14 | contract FilesPageReaderTest is FilesCarrierIndexTest {
   | ^ (Relevant source part starts here and spans across multiple lines).

Warning (3860): Contract initcode size is 335622 bytes and exceeds 49152 bytes (a limit introduced in Shanghai). This contract may not be deployable on Mainnet. Consider enabling the optimizer (with a low "runs" value!), turning off revert strings, or using libraries.
  --> test/FilesQueryOrigin.t.sol:10:1:
   |
10 | contract FilesQueryOriginTest is FilesPageReaderTest {
   | ^ (Relevant source part starts here and spans across multiple lines).

Warning (3860): Contract initcode size is 323415 bytes and exceeds 49152 bytes (a limit introduced in Shanghai). This contract may not be deployable on Mainnet. Consider enabling the optimizer (with a low "runs" value!), turning off revert strings, or using libraries.
  --> test/FilesRetainedQuery.t.sol:10:1:
   |
10 | contract FilesRetainedQueryTest is FilesPageReaderTest {
   | ^ (Relevant source part starts here and spans across multiple lines).

Warning (3860): Contract initcode size is 141125 bytes and exceeds 49152 bytes (a limit introduced in Shanghai). This contract may not be deployable on Mainnet. Consider enabling the optimizer (with a low "runs" value!), turning off revert strings, or using libraries.
  --> test/LabelType.t.sol:16:1:
   |
16 | contract LabelTypeTest is LabBase {
   | ^ (Relevant source part starts here and spans across multiple lines).


Ran 3 tests for test/LabelType.t.sol:LabelTypeTest
[PASS] test_label_acceptor_is_a_lab_convention_utf8_1_to_255() (gas: 149167)
[PASS] test_label_admission_rejects_non_utf8_empty_and_over_255() (gas: 2676253)
[PASS] test_label_fresh_republished_omitted_and_hash_only_retrieval() (gas: 6484635)
Suite result: ok. 3 passed; 0 failed; 0 skipped; finished in 8.17ms (6.11ms CPU time)

Ran 13 tests for test/FilesCarrierProfile.t.sol:FilesCarrierProfileTest
[PASS] test_bytes_and_concept_limits() (gas: 3849396)
[PASS] test_bytes_maximum_payload_admission() (gas: 1522382)
[PASS] test_bytes_supplied_digest_must_match_payload() (gas: 597309)
[PASS] test_descriptor_extra_missing_length_rejected() (gas: 1630293)
[PASS] test_empty_and_binary_descriptor_accepted() (gas: 2841323)
[PASS] test_encrypted_public_plaintext_fingerprint_rejected_direct_core() (gas: 2288200)
[PASS] test_encryption_canonical_parameters_required() (gas: 2273879)
[PASS] test_external_requires_empty_inline_sentinel() (gas: 2528082)
[PASS] test_inline_target_length_hash_and_type_rejected() (gas: 2880292)
[PASS] test_maximum_inline_descriptor_inside_mandatory_budget() (gas: 2273526)
[PASS] test_root_child_exact_lineage_and_finite_parent_profiles() (gas: 7839835)
[PASS] test_signed_batch_rejection_rolls_back_prior_create_and_publication() (gas: 1453317)
[PASS] test_unsupported_algorithm_carrier_media_rejected() (gas: 1888015)
Suite result: ok. 13 passed; 0 failed; 0 skipped; finished in 13.20ms (11.02ms CPU time)

Ran 9 tests for test/FilesNames.t.sol:FilesNamesTest
[PASS] test_guarded_name_basis_tracks_execution_without_admission_change() (gas: 2024498)
[PASS] test_name_grammar_exhaustive_bytes_and_255_boundaries() (gas: 561916)
[PASS] test_names_ascii_grammar_refuses_unsupported_bytes_without_normalizing() (gas: 7893682)
[PASS] test_names_forged_earlier_metadata_refuses_without_membership_change() (gas: 3728709)
[PASS] test_names_last_occurrence_withdrawal_preserves_name_membership_and_contents() (gas: 3228988)
[PASS] test_names_missing_signed_and_generic_ingress_roll_back() (gas: 3335795)
[PASS] test_names_multiple_positions_and_reused_name_without_republication() (gas: 4282841)
[PASS] test_names_response_faults_preserve_membership_and_reject_mixed_basis() (gas: 17049362)
[PASS] test_names_signed_name_after_bind_and_parent_maintenance() (gas: 2971257)
Suite result: ok. 9 passed; 0 failed; 0 skipped; finished in 29.25ms (25.80ms CPU time)

Ran 20 tests for test/DescribedTypeProfile.t.sol:DescribedTypeProfileTest
[PASS] test_all_kinds_optional_presence_and_checked_reference_projection() (gas: 6180172)
[PASS] test_custom_another_realm_requires_its_own_binding_but_preserves_portable_identity() (gas: 17509686)
[PASS] test_custom_bad_bool_oversized_return_exhaustion_and_code_drift_refuse() (gas: 4697331)
[PASS] test_custom_instance_valid_structure_and_callback_both_mandatory() (gas: 4841704)
[PASS] test_custom_signature_scope_and_same_code_different_state_squatting() (gas: 2655944)
[PASS] test_descriptor_canonicality_and_body_negative_matrix() (gas: 5424516)
[PASS] test_descriptor_code_and_bounded_registry_return_are_rechecked() (gas: 2179348)
[PASS] test_direct_forged_context_and_fake_ledger_cannot_impersonate() (gas: 3090579)
[PASS] test_final_failure_rolls_back_described_records_and_nonce() (gas: 1217271)
[PASS] test_note_maxima_and_max_descriptor_field_reference_body_bytes_combination() (gas: 8293527)
[PASS] test_ordered_prefix_custom_reads_and_whole_batch_rollback() (gas: 4501451)
[PASS] test_portable_destination_unchanged_declaration_and_custom_retention_only() (gas: 6876640)
[PASS] test_public_registration_retains_bytes_and_requires_structure() (gas: 1562829)
[PASS] test_public_relayer_wrong_signature_zero_custom_fields_and_opaque_boundary() (gas: 741229)
[PASS] test_retained_declaration_before_opaque_registration_does_not_install_interpretation() (gas: 925831)
[PASS] test_signed_native_duplicate_and_portable_record_identity() (gas: 14617470)
[PASS] test_unknown_future_leaf_refuses_before_callback_registration() (gas: 713506)
[PASS] test_unknown_publish_and_reuse_refuse_initial_profile() (gas: 41044)
[PASS] test_wrong_local_authority_chain_and_custom_code_refuse_atomically() (gas: 2707480)
[PASS] test_zero_field_unit_type_requires_exact_empty_body() (gas: 1502879)
Suite result: ok. 20 passed; 0 failed; 0 skipped; finished in 30.49ms (28.49ms CPU time)

Ran 18 tests for test/CoreIndexReplayFiles.t.sol:CoreIndexReplayFilesTest
[PASS] test_carrier_child_reverse_parent_postings_and_reuse() (gas: 4013446)
[PASS] test_ciphertext_digest_descriptor_revision_selected_file_and_final_names() (gas: 5479767)
[PASS] test_directory_exact_body_length_required() (gas: 1084622)
[PASS] test_directory_pin_rejects_wrong_rule_hash() (gas: 26348)
[PASS] test_file_subject_parent_raw_ingress_rejected() (gas: 2464599)
[PASS] test_later_name_cannot_repair_earlier_invalid_publication_during_replay() (gas: 10968599)
[PASS] test_lookalike_type_with_wrong_rule_is_not_a_directory() (gas: 3713686)
[PASS] test_missing_zero_and_wrong_length_directory_seeds_rejected() (gas: 1888920)
[PASS] test_nonexistent_parent_raw_ingress_rejected() (gas: 2066888)
[PASS] test_replayed_late_files_index_qualifies_actual_page_reader() (gas: 24883391)
[PASS] test_replayed_scope_stamps_dense_order_two_authors_two_folders() (gas: 17949744)
[PASS] test_required_index_failure_rolls_back_whole_signed_batch() (gas: 1623855)
[PASS] test_scope_code_pin_rejects_replacement_and_live_write() (gas: 10665855)
[PASS] test_self_link_raw_ingress_rejected() (gas: 2670315)
[PASS] test_unrelated_record_parent_raw_ingress_rejected() (gas: 2658056)
[PASS] test_unrelated_record_target_raw_ingress_rejected() (gas: 3238964)
[PASS] test_valid_directory_bootstrap_and_nested_file_without_head() (gas: 5279070)
[PASS] test_withdrawn_descriptor_remains_valid_and_bind_before_name_parent_publish_is_atomic() (gas: 3286129)
Suite result: ok. 18 passed; 0 failed; 0 skipped; finished in 41.54ms (40.08ms CPU time)

Ran 12 tests for test/FilesDirectoryProfile.t.sol:FilesDirectoryProfileTest
[PASS] test_directory_exact_body_length_required() (gas: 1050292)
[PASS] test_directory_pin_rejects_wrong_rule_hash() (gas: 26281)
[PASS] test_file_subject_parent_raw_ingress_rejected() (gas: 2415026)
[PASS] test_lookalike_type_with_wrong_rule_is_not_a_directory() (gas: 3631380)
[PASS] test_missing_zero_and_wrong_length_directory_seeds_rejected() (gas: 1796318)
[PASS] test_nonexistent_parent_raw_ingress_rejected() (gas: 2020825)
[PASS] test_required_index_failure_rolls_back_whole_signed_batch() (gas: 1581086)
[PASS] test_self_link_raw_ingress_rejected() (gas: 2607812)
[PASS] test_unrelated_record_parent_raw_ingress_rejected() (gas: 2595513)
[PASS] test_unrelated_record_target_raw_ingress_rejected() (gas: 3160068)
[PASS] test_valid_directory_bootstrap_and_nested_file_without_head() (gas: 5189328)
[PASS] test_withdrawn_descriptor_remains_valid_and_bind_before_name_parent_publish_is_atomic() (gas: 3219494)
Suite result: ok. 12 passed; 0 failed; 0 skipped; finished in 50.16ms (17.90ms CPU time)

Ran 31 tests for test/LiveFiles.t.sol:LiveFilesTest
[PASS] test_carrier_child_reverse_parent_postings_and_reuse() (gas: 4047235)
[PASS] test_directory_exact_body_length_required() (gas: 1103870)
[PASS] test_directory_pin_rejects_wrong_rule_hash() (gas: 26677)
[PASS] test_file_subject_parent_raw_ingress_rejected() (gas: 2491389)
[PASS] test_live_checked_composition_and_directed_parent_matrix() (gas: 15813281)
[PASS] test_live_child_parent_configuration_changes_exact_rule_identity() (gas: 848512)
[PASS] test_live_descriptor_admits_exact_recipe() (gas: 1238262)
[PASS] test_live_descriptor_exact_widths_context_and_cap() (gas: 5772732)
[PASS] test_live_descriptor_rejects_unselected_proxy_runtime() (gas: 824570)
[PASS] test_live_future_descriptor_and_lookalike_rejected_and_retention_survives_withdrawal() (gas: 4313562)
[PASS] test_live_helper_max_name_and_multi_bind_preserve_final_obligations() (gas: 4828492)
[PASS] test_live_helper_wrong_hash_or_ledger_refused_and_code_drift_rolls_back() (gas: 17659102)
[PASS] test_live_index_generic_refs_once_on_reuse() (gas: 11722191)
[PASS] test_live_index_refuses_missing_external_helper() (gas: 3001698)
[PASS] test_live_mounted_consumer_same_transaction_update_and_failure_masking() (gas: 16205338)
[PASS] test_live_observation_unsupported_chain_is_not_empty_success() (gas: 1256414)
[PASS] test_live_observation_zero_false_not_failure_and_shape_is_not_admission() (gas: 3566773)
[PASS] test_live_page_recognizes_exact_revision_without_reading_provider() (gas: 20738175)
[PASS] test_live_paid_duplicate_control_updates_provider_and_retains_output() (gas: 1648909)
[PASS] test_live_provider_code_drift_and_caller_context() (gas: 1299552)
[PASS] test_live_provider_parameter_is_part_of_exact_rule_identity() (gas: 571550)
[PASS] test_live_replay_preserves_facts_and_late_name_cannot_repair_history() (gas: 13576971)
[PASS] test_lookalike_type_with_wrong_rule_is_not_a_directory() (gas: 3746641)
[PASS] test_missing_zero_and_wrong_length_directory_seeds_rejected() (gas: 1929444)
[PASS] test_nonexistent_parent_raw_ingress_rejected() (gas: 2090369)
[PASS] test_required_index_failure_rolls_back_whole_signed_batch() (gas: 1644607)
[PASS] test_self_link_raw_ingress_rejected() (gas: 2697176)
[PASS] test_unrelated_record_parent_raw_ingress_rejected() (gas: 2685080)
[PASS] test_unrelated_record_target_raw_ingress_rejected() (gas: 3268862)
[PASS] test_valid_directory_bootstrap_and_nested_file_without_head() (gas: 5321584)
[PASS] test_withdrawn_descriptor_remains_valid_and_bind_before_name_parent_publish_is_atomic() (gas: 3317326)
Suite result: ok. 31 passed; 0 failed; 0 skipped; finished in 51.45ms (62.12ms CPU time)

Ran 24 tests for test/FilesPageReader.t.sol:FilesPageReaderTest
[PASS] test_carrier_child_reverse_parent_postings_and_reuse() (gas: 3897973)
[PASS] test_directory_exact_body_length_required() (gas: 1075095)
[PASS] test_directory_pin_rejects_wrong_rule_hash() (gas: 26523)
[PASS] test_file_subject_parent_raw_ingress_rejected() (gas: 2445004)
[PASS] test_lookalike_type_with_wrong_rule_is_not_a_directory() (gas: 3666284)
[PASS] test_missing_zero_and_wrong_length_directory_seeds_rejected() (gas: 1863202)
[PASS] test_nonexistent_parent_raw_ingress_rejected() (gas: 2048260)
[PASS] test_page_conflict_keeps_file_tag_and_unknown_revision_tag() (gas: 13070717)
[PASS] test_page_continuations_bind_caller_filter_basis_and_swap_removal() (gas: 14543469)
[PASS] test_page_fault_matrix_matches_independent_point_and_name_oracles() (gas: 17406289)
[PASS] test_page_forged_terminal_cannot_license_whole_query_absence() (gas: 15273138)
[PASS] test_page_header_helper_refuses_unguarded_external_use() (gas: 10932081)
[PASS] test_page_masked_budget_exhaustion_is_partial_not_empty() (gas: 13384619)
[PASS] test_page_name_header_and_tag_failures_keep_known_axes() (gas: 12473670)
[PASS] test_page_partial_family_coverage_is_unknown() (gas: 10990977)
[PASS] test_page_unavailable_head_keeps_selected_placement_name_and_file_tag() (gas: 11725553)
[PASS] test_page_uncertain_join_cannot_license_filtered_empty_origin() (gas: 12349095)
[PASS] test_page_unsupported_header_cannot_disappear_under_filter() (gas: 12179964)
[PASS] test_required_index_failure_rolls_back_whole_signed_batch() (gas: 1606730)
[PASS] test_self_link_raw_ingress_rejected() (gas: 2637985)
[PASS] test_unrelated_record_parent_raw_ingress_rejected() (gas: 2625708)
[PASS] test_unrelated_record_target_raw_ingress_rejected() (gas: 3192682)
[PASS] test_valid_directory_bootstrap_and_nested_file_without_head() (gas: 5231911)
[PASS] test_withdrawn_descriptor_remains_valid_and_bind_before_name_parent_publish_is_atomic() (gas: 3252644)
Suite result: ok. 24 passed; 0 failed; 0 skipped; finished in 52.21ms (57.23ms CPU time)

Ran 33 tests for test/FilesQueryOrigin.t.sol:FilesQueryOriginTest
[PASS] test_carrier_child_reverse_parent_postings_and_reuse() (gas: 3898011)
[PASS] test_directory_exact_body_length_required() (gas: 1075177)
[PASS] test_directory_pin_rejects_wrong_rule_hash() (gas: 26751)
[PASS] test_file_subject_parent_raw_ingress_rejected() (gas: 2445085)
[PASS] test_lookalike_type_with_wrong_rule_is_not_a_directory() (gas: 3666321)
[PASS] test_missing_zero_and_wrong_length_directory_seeds_rejected() (gas: 1863284)
[PASS] test_nonexistent_parent_raw_ingress_rejected() (gas: 2048307)
[PASS] test_page_conflict_keeps_file_tag_and_unknown_revision_tag() (gas: 13070918)
[PASS] test_page_continuations_bind_caller_filter_basis_and_swap_removal() (gas: 14543675)
[PASS] test_page_fault_matrix_matches_independent_point_and_name_oracles() (gas: 17406698)
[PASS] test_page_forged_terminal_cannot_license_whole_query_absence() (gas: 15273425)
[PASS] test_page_header_helper_refuses_unguarded_external_use() (gas: 10932295)
[PASS] test_page_masked_budget_exhaustion_is_partial_not_empty() (gas: 13384790)
[PASS] test_page_name_header_and_tag_failures_keep_known_axes() (gas: 12474013)
[PASS] test_page_partial_family_coverage_is_unknown() (gas: 10991124)
[PASS] test_page_unavailable_head_keeps_selected_placement_name_and_file_tag() (gas: 11725687)
[PASS] test_page_uncertain_join_cannot_license_filtered_empty_origin() (gas: 12349228)
[PASS] test_page_unsupported_header_cannot_disappear_under_filter() (gas: 12180181)
[PASS] test_query_empty_consumed_terminal_scopes_guarded_other_folder_allowed() (gas: 15496637)
[PASS] test_query_historical_heads_masks_first_head_tags_and_conflict() (gas: 25881379)
[PASS] test_query_missing_history_keeps_unknown_and_never_falls_through() (gas: 15860790)
[PASS] test_query_nested_origin_generation_epoch_execution_and_gap_refuse() (gas: 15603743)
[PASS] test_query_owned_negative_is_historical_not_current_authority() (gas: 13915487)
[PASS] test_query_owned_prefix_progress_and_reject_foreign_restart_suffix() (gas: 16209315)
[PASS] test_query_owned_unknown_and_old_empty_start_refuse_absence() (gas: 14690775)
[PASS] test_query_post_origin_withdrawal_preserves_retained_headers() (gas: 15197127)
[PASS] test_query_selected_overwrite_mask_swap_restore_refuse() (gas: 55373327)
[PASS] test_required_index_failure_rolls_back_whole_signed_batch() (gas: 1606962)
[PASS] test_self_link_raw_ingress_rejected() (gas: 2638176)
[PASS] test_unrelated_record_parent_raw_ingress_rejected() (gas: 2625921)
[PASS] test_unrelated_record_target_raw_ingress_rejected() (gas: 3192764)
[PASS] test_valid_directory_bootstrap_and_nested_file_without_head() (gas: 5232103)
[PASS] test_withdrawn_descriptor_remains_valid_and_bind_before_name_parent_publish_is_atomic() (gas: 3252851)
Suite result: ok. 33 passed; 0 failed; 0 skipped; finished in 52.26ms (142.11ms CPU time)

Ran 26 tests for test/FilesRetainedQuery.t.sol:FilesRetainedQueryTest
[PASS] test_carrier_child_reverse_parent_postings_and_reuse() (gas: 3897973)
[PASS] test_directory_exact_body_length_required() (gas: 1075117)
[PASS] test_directory_pin_rejects_wrong_rule_hash() (gas: 26567)
[PASS] test_file_subject_parent_raw_ingress_rejected() (gas: 2445026)
[PASS] test_lookalike_type_with_wrong_rule_is_not_a_directory() (gas: 3666284)
[PASS] test_missing_zero_and_wrong_length_directory_seeds_rejected() (gas: 1863224)
[PASS] test_nonexistent_parent_raw_ingress_rejected() (gas: 2048260)
[PASS] test_page_conflict_keeps_file_tag_and_unknown_revision_tag() (gas: 13070703)
[PASS] test_page_continuations_bind_caller_filter_basis_and_swap_removal() (gas: 14543457)
[PASS] test_page_fault_matrix_matches_independent_point_and_name_oracles() (gas: 17406316)
[PASS] test_page_forged_terminal_cannot_license_whole_query_absence() (gas: 15273148)
[PASS] test_page_header_helper_refuses_unguarded_external_use() (gas: 10932108)
[PASS] test_page_masked_budget_exhaustion_is_partial_not_empty() (gas: 13384624)
[PASS] test_page_name_header_and_tag_failures_keep_known_axes() (gas: 12473653)
[PASS] test_page_partial_family_coverage_is_unknown() (gas: 10991003)
[PASS] test_page_unavailable_head_keeps_selected_placement_name_and_file_tag() (gas: 11725507)
[PASS] test_page_uncertain_join_cannot_license_filtered_empty_origin() (gas: 12349078)
[PASS] test_page_unsupported_header_cannot_disappear_under_filter() (gas: 12179918)
[PASS] test_required_index_failure_rolls_back_whole_signed_batch() (gas: 1606774)
[PASS] test_retained_placement_uses_historical_higher_masks_and_origin_lengths() (gas: 15967744)
[PASS] test_retained_query_advances_across_selected_folder_churn() (gas: 17641177)
[PASS] test_self_link_raw_ingress_rejected() (gas: 2638029)
[PASS] test_unrelated_record_parent_raw_ingress_rejected() (gas: 2625752)
[PASS] test_unrelated_record_target_raw_ingress_rejected() (gas: 3192704)
[PASS] test_valid_directory_bootstrap_and_nested_file_without_head() (gas: 5231955)
[PASS] test_withdrawn_descriptor_remains_valid_and_bind_before_name_parent_publish_is_atomic() (gas: 3252720)
Suite result: ok. 26 passed; 0 failed; 0 skipped; finished in 53.50ms (78.57ms CPU time)

Ran 10 test suites in 54.91ms (382.24ms CPU time): 189 tests passed, 0 failed, 0 skipped (189 total tests)
