{
  runtime: 25050,
  initcode: 47074,
  runtimeLimit: 24576,
  initcodeLimit: 49152
}
node:internal/assert/utils:146
  throw error;
  ^

AssertionError [ERR_ASSERTION]: live index exceeds ordinary EIP-170 cap
    at [eval]:1:374
    at runScriptInThisContext (node:internal/vm:219:10)
    at node:internal/process/execution:483:12
    at [eval]-wrapper:6:24
    at runScriptInContext (node:internal/process/execution:481:60)
    at evalFunction (node:internal/process/execution:315:30)
    at evalTypeScript (node:internal/process/execution:327:3)
    at node:internal/main/eval_string:71:3 {
  generatedMessage: false,
  code: 'ERR_ASSERTION',
  actual: false,
  expected: true,
  operator: '==',
  diff: 'simple'
}

Node.js v26.0.0
