✔ legacy factory refuses a guarded manifest instead of silently signing the legacy format (0.909083ms)
✔ typed Record evidence has its own qualified point API, without extending Files profiles (16.950792ms)
✔ older registry descriptor accessor is explicitly unsupported and does not reinterpret a Record (20.920417ms)
✔ raw descriptor accessor bounds bytes, distinguishes unavailable/invalid, and leaves unknown codecs uninterpreted (54.678584ms)
✔ guarded Files factory rejects the earlier public-plaintext-fingerprint carrier profile before RPC (2.356459ms)
✔ legacy create retains its own-CAS overwrite semantics without adding a selected-destination read (16.540041ms)
✔ cache-backed public reads reuse exact bytes but independently fail reorg and final provider checks (12.985792ms)
✔ verified same-hash context reuse still acquires latest header and chain identity (10.844708ms)
✔ bounded independent groups preserve global order and indices across the 64-principal fixture (4.129666ms)
✔ concurrent same-hash pins keep one accounted evidence entry and distinct owned capabilities (24.42575ms)
✔ late deployment with proven genesis materialization can list, but missing provenance cannot (28.72025ms)
✔ pinned legacy index ABI preserves genesis attachment qualification without probing a new getter (28.591833ms)
✔ new provenance RPC refusal never falls back to genesis deployment time (13.530041ms)
✔ a missing Name preserves the positive member and resumable PARTIAL coverage (15.971667ms)
✔ corrupt names are integrity failures, never fixture labels or omitted members (13.612917ms)
✔ a terminal caller cursor cannot certify that the folder is empty (11.432958ms)
✔ mixed block/index contexts and forged context copies fail closed (11.497084ms)
✔ a higher author mask never falls through to a lower live HEAD (11.388792ms)
✔ File and selected revision tags retain their subjects and independent provenance (15.699917ms)
✔ tag assessments never infer a negative from missing or malformed discriminants (0.064875ms)
✔ point tag assessments preserve qualified positives negatives and RPC uncertainty (84.162708ms)
✔ missing conflicting and unavailable revisions have unknown tag assessment, never Directory N/A (39.088958ms)
✔ no-tiebreak conflicts expose candidates without an overall selected revision (13.62725ms)
✔ oversized bodies are rejected before authorization (10.995208ms)
✔ create encodes File then document, retains Name reuse, and publishes atomically (14.12025ms)
✔ a new higher-author removal mask binds then unbinds using own CAS zero (13.561709ms)
✔ historical restore creates a child of current selection from historical bytes (14.997041ms)
✔ a stale own CAS is refused before send without automatic resigning (23.536542ms)
✔ response loss retains the exact pre-send journal and stays BROADCAST_UNKNOWN (29.789833ms)
✔ a successful receipt without canonical effects is not semantic success (29.916916ms)
✔ legacy recovery observes the receipt before preserving its existing context-failure rejection (26.95075ms)
✔ legacy local malformed envelope codecs reject before any RPC or journal write (26.930834ms)
✔ an unrelated receipt is not attributed to the authorized action or its cost (262.000333ms)
✔ edit uses the explicit manifest Lens, not merely the writing author (15.427917ms)
✔ selected HEAD drift requires fresh authorization even when own CAS stays zero (23.8845ms)
✔ lower-author source placement drift is checked before removal broadcast (24.830625ms)
✔ concurrent submit calls share one broadcast within the SDK instance (23.517417ms)
✔ unavailable no-tiebreak body preserves the known conflict and both authors (12.85025ms)
✔ an unavailable content response retains selected HEAD as UNKNOWN, never ABSENT (11.864458ms)
✔ a corrupt selected body is INVALID, not a verified document or absence (12.767125ms)
✔ durable journal failure prevents the external send (21.589959ms)
✔ response loss reconciles exact canonical admissions and heads after reload (63.512708ms)
✔ journal tampering cannot redirect reconciliation to a different publication (29.922916ms)
✔ first use publishes the exact Name bytes in the same atomic create batch (14.711334ms)
✔ move removes only the requested source and binds the named destination in one batch (16.367209ms)
✔ restoring placement binds the retained File without republishing its history or Name (13.265791ms)
✔ tag writes bind the exact File or selected revision subject (29.813709ms)
✔ a public direct Name read verifies a preimage without claiming membership (11.97125ms)
✔ code/index/profile mismatch fails closed instead of producing an empty read (31.69825ms)
✔ sidecar verifies meaning separately from opaque references and joins every retained authorization byte (36.566458ms)
✔ missing required sidecars are partial, and unsupported bytes still cannot spoof a known shape (22.263208ms)
✔ standalone interpretation coverage cannot hide a missing referenced Record (4.142625ms)
✔ consumer exact projection needs approval and explicit rich loss; reads never authorize old writes (4.566958ms)
✔ independent finite reader consumes every literal field and exact identity (40.580125ms)
✔ malformed and unsupported never become valid empty data (5.683583ms)
✔ canonical descriptor rejects duplicates, trailing bytes, irrelevant bits and invalid bounds (5.109625ms)
✔ portable declaration rejects changed type, high s, noncanonical v and signature absence (3.156083ms)
✔ post-freeze independent literal unseen-weather-observation (42.166ms)
✔ post-freeze independent literal unseen-linked-weather-observation (5.913083ms)
✔ archive aggregate code budget refuses many individually valid-size Type sidecars (7.5265ms)
✔ offline guarded verifier derives exact signature evidence without RPC and rejects independent tamper classes (84.397584ms)
✔ final six argument guarded ABI admits exactly bounded maximal padding and refuses one byte over (29.836125ms)
✔ guarded source and archive cold readers are distinct from journal recovery (0.069584ms)
✔ a signed never-admitted claim cannot omit a zero-valued declared Record reference (9.048167ms)
✔ explicit compatible projections reuse text logic without erasing original bytes or title (2.298375ms)
✔ exact allowlist, malformed bytes, rich adapter and upstream qualification cannot silently become text (1.177291ms)
ℹ tests 66
ℹ suites 0
ℹ pass 66
ℹ fail 0
ℹ cancelled 0
ℹ skipped 0
ℹ todo 0
ℹ duration_ms 1486.132208
