No files changed, compilation skipped

╭-------------------------+------------------+-------------------+--------------------+---------------------╮
| Contract                | Runtime Size (B) | Initcode Size (B) | Runtime Margin (B) | Initcode Margin (B) |
+===========================================================================================================+
| Actor                   | 2,159            | 2,331             | 22,417             | 46,821              |
|-------------------------+------------------+-------------------+--------------------+---------------------|
| Consumer                | 3,298            | 3,457             | 21,278             | 45,695              |
|-------------------------+------------------+-------------------+--------------------+---------------------|
| FailingIndexModule      | 238              | 263               | 24,338             | 48,889              |
|-------------------------+------------------+-------------------+--------------------+---------------------|
| FaultyReads             | 7,738            | 8,008             | 16,838             | 41,144              |
|-------------------------+------------------+-------------------+--------------------+---------------------|
| Importer                | 1,663            | 1,689             | 22,913             | 47,463              |
|-------------------------+------------------+-------------------+--------------------+---------------------|
| IndexModule             | 4,127            | 5,490             | 20,449             | 43,662              |
|-------------------------+------------------+-------------------+--------------------+---------------------|
| JoinedConsumer          | 17,781           | 18,218            | 6,795              | 30,934              |
|-------------------------+------------------+-------------------+--------------------+---------------------|
| Keys                    | 57               | 85                | 24,519             | 49,067              |
|-------------------------+------------------+-------------------+--------------------+---------------------|
| LabelAcceptor           | 1,024            | 1,050             | 23,552             | 48,102              |
|-------------------------+------------------+-------------------+--------------------+---------------------|
| LateRefusingIndexModule | 4,433            | 5,837             | 20,143             | 43,315              |
|-------------------------+------------------+-------------------+--------------------+---------------------|
| Ledger                  | 17,280           | 17,670            | 7,296              | 31,482              |
|-------------------------+------------------+-------------------+--------------------+---------------------|
| LensReader              | 9,445            | 9,771             | 15,131             | 39,381              |
|-------------------------+------------------+-------------------+--------------------+---------------------|
| MinBodyAcceptor         | 354              | 472               | 24,222             | 48,680              |
|-------------------------+------------------+-------------------+--------------------+---------------------|
| MockAcceptor            | 615              | 641               | 23,961             | 48,511              |
|-------------------------+------------------+-------------------+--------------------+---------------------|
| PermissiveAcceptor      | 234              | 259               | 24,342             | 48,893              |
|-------------------------+------------------+-------------------+--------------------+---------------------|
| QuoteAcceptor           | 631              | 657               | 23,945             | 48,495              |
|-------------------------+------------------+-------------------+--------------------+---------------------|
| Reconstructor           | 3,683            | 3,709             | 20,893             | 45,443              |
|-------------------------+------------------+-------------------+--------------------+---------------------|
| StatelessConsumer       | 3,548            | 3,707             | 21,028             | 45,445              |
|-------------------------+------------------+-------------------+--------------------+---------------------|
| StrictQuoteAcceptor     | 343              | 369               | 24,233             | 48,783              |
|-------------------------+------------------+-------------------+--------------------+---------------------|
| TypeRegistry            | 3,270            | 3,329             | 21,306             | 45,823              |
╰-------------------------+------------------+-------------------+--------------------+---------------------╯

warning[unsafe-typecast]: typecasts that can truncate values should be checked
    ╭▸ src/TypeRegistry.sol:118:59
    │
118 │         _activation[typeId][index] = Activation(acceptor, uint48(e), uint40(block.number), codehash);
    │                                                           ━━━━━━━━━
    │
    ├ note: consider disabling this lint if you're certain the cast is safe
    │       
    │       // casting to 'uint48' is safe because [explain why]
    │       // forge-lint: disable-next-line(unsafe-typecast)
    │       
    │       
    ╰ help: https://book.getfoundry.sh/reference/forge/forge-lint#unsafe-typecast

warning[unsafe-typecast]: typecasts that can truncate values should be checked
    ╭▸ src/LensReader.sol:180:35
    │
180 │                     c.lensIndex = uint8(k);
    │                                   ━━━━━━━━
    │
    ├ note: consider disabling this lint if you're certain the cast is safe
    │       
    │       // casting to 'uint8' is safe because [explain why]
    │       // forge-lint: disable-next-line(unsafe-typecast)
    │       
    │       
    ╰ help: https://book.getfoundry.sh/reference/forge/forge-lint#unsafe-typecast

warning[unsafe-typecast]: typecasts that can truncate values should be checked
    ╭▸ src/LabHarness.sol:157:50
    │
157 │             actions[i] = rebuild(ledger, first + uint64(i));
    │                                                  ━━━━━━━━━
    │
    ├ note: consider disabling this lint if you're certain the cast is safe
    │       
    │       // casting to 'uint64' is safe because [explain why]
    │       // forge-lint: disable-next-line(unsafe-typecast)
    │       
    │       
    ╰ help: https://book.getfoundry.sh/reference/forge/forge-lint#unsafe-typecast

warning[unsafe-typecast]: typecasts that can truncate values should be checked
    ╭▸ src/IndexModule.sol:145:17
    │
145 │         return (uint64(hw), uint64(hw >> 64), uint64((hw >> 128) & GUARD), uint16(hw >> 176));
    │                 ━━━━━━━━━━
    │
    ├ note: consider disabling this lint if you're certain the cast is safe
    │       
    │       // casting to 'uint64' is safe because [explain why]
    │       // forge-lint: disable-next-line(unsafe-typecast)
    │       
    │       
    ╰ help: https://book.getfoundry.sh/reference/forge/forge-lint#unsafe-typecast

warning[block-timestamp]: usage of `block.timestamp` in a comparison may be manipulated by validators
    ╭▸ src/Ledger.sol:238:13
    │
238 │         if (block.timestamp > intent.deadline) revert E_EXPIRED(intent.deadline);
    │             ━━━━━━━━━━━━━━━━━━━━━━━━━━━━━━━━━
    │
    ╰ help: https://book.getfoundry.sh/reference/forge/forge-lint#block-timestamp

warning[unsafe-typecast]: typecasts that can truncate values should be checked
    ╭▸ src/IndexModule.sol:145:29
    │
145 │         return (uint64(hw), uint64(hw >> 64), uint64((hw >> 128) & GUARD), uint16(hw >> 176));
    │                             ━━━━━━━━━━━━━━━━
    │
    ├ note: consider disabling this lint if you're certain the cast is safe
    │       
    │       // casting to 'uint64' is safe because [explain why]
    │       // forge-lint: disable-next-line(unsafe-typecast)
    │       
    │       
    ╰ help: https://book.getfoundry.sh/reference/forge/forge-lint#unsafe-typecast

warning[unsafe-typecast]: typecasts that can truncate values should be checked
    ╭▸ src/IndexModule.sol:145:76
    │
145 │         return (uint64(hw), uint64(hw >> 64), uint64((hw >> 128) & GUARD), uint16(hw >> 176));
    │                                                                            ━━━━━━━━━━━━━━━━━
    │
    ├ note: consider disabling this lint if you're certain the cast is safe
    │       
    │       // casting to 'uint16' is safe because [explain why]
    │       // forge-lint: disable-next-line(unsafe-typecast)
    │       
    │       
    ╰ help: https://book.getfoundry.sh/reference/forge/forge-lint#unsafe-typecast

warning[unsafe-typecast]: typecasts that can truncate values should be checked
    ╭▸ src/LensReader.sol:192:36
    │
192 │                 page.hydrations += uint64(probes);
    │                                    ━━━━━━━━━━━━━━
    │
    ├ note: consider disabling this lint if you're certain the cast is safe
    │       
    │       // casting to 'uint64' is safe because [explain why]
    │       // forge-lint: disable-next-line(unsafe-typecast)
    │       
    │       
    ╰ help: https://book.getfoundry.sh/reference/forge/forge-lint#unsafe-typecast

warning[block-timestamp]: usage of `block.timestamp` in a comparison may be manipulated by validators
    ╭▸ src/Ledger.sol:314:17
    │
314 │             if (block.timestamp > dst.deadline) revert E_EXPIRED(dst.deadline);
    │                 ━━━━━━━━━━━━━━━━━━━━━━━━━━━━━━
    │
    ╰ help: https://book.getfoundry.sh/reference/forge/forge-lint#block-timestamp

warning[unsafe-typecast]: typecasts that can truncate values should be checked
    ╭▸ src/IndexModule.sol:159:24
    │
159 │         uint64 count = uint64(hw);
    │                        ━━━━━━━━━━
    │
    ├ note: consider disabling this lint if you're certain the cast is safe
    │       
    │       // casting to 'uint64' is safe because [explain why]
    │       // forge-lint: disable-next-line(unsafe-typecast)
    │       
    │       
    ╰ help: https://book.getfoundry.sh/reference/forge/forge-lint#unsafe-typecast

warning[unsafe-typecast]: typecasts that can truncate values should be checked
    ╭▸ src/IndexModule.sol:160:23
    │
160 │         uint64 live = uint64(hw >> 64);
    │                       ━━━━━━━━━━━━━━━━
    │
    ├ note: consider disabling this lint if you're certain the cast is safe
    │       
    │       // casting to 'uint64' is safe because [explain why]
    │       // forge-lint: disable-next-line(unsafe-typecast)
    │       
    │       
    ╰ help: https://book.getfoundry.sh/reference/forge/forge-lint#unsafe-typecast

warning[unsafe-typecast]: typecasts that can truncate values should be checked
    ╭▸ src/LensReader.sol:269:20
    │
269 │         revision = uint32(lo);
    │                    ━━━━━━━━━━
    │
    ├ note: consider disabling this lint if you're certain the cast is safe
    │       
    │       // casting to 'uint32' is safe because [explain why]
    │       // forge-lint: disable-next-line(unsafe-typecast)
    │       
    │       
    ╰ help: https://book.getfoundry.sh/reference/forge/forge-lint#unsafe-typecast

warning[unsafe-typecast]: typecasts that can truncate values should be checked
    ╭▸ src/IndexModule.sol:173:23
    │
173 │         uint64 live = uint64(hw >> 64);
    │                       ━━━━━━━━━━━━━━━━
    │
    ├ note: consider disabling this lint if you're certain the cast is safe
    │       
    │       // casting to 'uint64' is safe because [explain why]
    │       // forge-lint: disable-next-line(unsafe-typecast)
    │       
    │       
    ╰ help: https://book.getfoundry.sh/reference/forge/forge-lint#unsafe-typecast

warning[unsafe-typecast]: typecasts that can truncate values should be checked
    ╭▸ src/Ledger.sol:428:17
    │
428 │         p.ord = uint64(c);
    │                 ━━━━━━━━━
    │
    ├ note: consider disabling this lint if you're certain the cast is safe
    │       
    │       // casting to 'uint64' is safe because [explain why]
    │       // forge-lint: disable-next-line(unsafe-typecast)
    │       
    │       
    ╰ help: https://book.getfoundry.sh/reference/forge/forge-lint#unsafe-typecast

warning[unsafe-typecast]: typecasts that can truncate values should be checked
    ╭▸ src/Ledger.sol:429:21
    │
429 │         p.records = uint64(c >> 64);
    │                     ━━━━━━━━━━━━━━━
    │
    ├ note: consider disabling this lint if you're certain the cast is safe
    │       
    │       // casting to 'uint64' is safe because [explain why]
    │       // forge-lint: disable-next-line(unsafe-typecast)
    │       
    │       
    ╰ help: https://book.getfoundry.sh/reference/forge/forge-lint#unsafe-typecast

warning[unsafe-typecast]: typecasts that can truncate values should be checked
    ╭▸ src/Ledger.sol:430:22
    │
430 │         p.bindings = uint64(c >> 128);
    │                      ━━━━━━━━━━━━━━━━
    │
    ├ note: consider disabling this lint if you're certain the cast is safe
    │       
    │       // casting to 'uint64' is safe because [explain why]
    │       // forge-lint: disable-next-line(unsafe-typecast)
    │       
    │       
    ╰ help: https://book.getfoundry.sh/reference/forge/forge-lint#unsafe-typecast

warning[unsafe-typecast]: typecasts that can truncate values should be checked
    ╭▸ src/Ledger.sol:431:31
    │
431 │         uint64 publications = uint64(c >> 192);
    │                               ━━━━━━━━━━━━━━━━
    │
    ├ note: consider disabling this lint if you're certain the cast is safe
    │       
    │       // casting to 'uint64' is safe because [explain why]
    │       // forge-lint: disable-next-line(unsafe-typecast)
    │       
    │       
    ╰ help: https://book.getfoundry.sh/reference/forge/forge-lint#unsafe-typecast

warning[unsafe-typecast]: typecasts that can truncate values should be checked
    ╭▸ src/Ledger.sol:432:21
    │
432 │         if (p.ord + uint64(n) >= GUARD || publications >= GUARD - 1) revert E_BOUNDS(1);
    │                     ━━━━━━━━━
    │
    ├ note: consider disabling this lint if you're certain the cast is safe
    │       
    │       // casting to 'uint64' is safe because [explain why]
    │       // forge-lint: disable-next-line(unsafe-typecast)
    │       
    │       
    ╰ help: https://book.getfoundry.sh/reference/forge/forge-lint#unsafe-typecast

warning[unsafe-typecast]: typecasts that can truncate values should be checked
    ╭▸ src/Ledger.sol:438:36
    │
438 │         _writeEvidence(p, p.first, uint16(n));
    │                                    ━━━━━━━━━
    │
    ├ note: consider disabling this lint if you're certain the cast is safe
    │       
    │       // casting to 'uint16' is safe because [explain why]
    │       // forge-lint: disable-next-line(unsafe-typecast)
    │       
    │       
    ╰ help: https://book.getfoundry.sh/reference/forge/forge-lint#unsafe-typecast

warning[unsafe-typecast]: typecasts that can truncate values should be checked
    ╭▸ src/Ledger.sol:588:40
    │
588 │         if (!ok || ret.length != 32 || bytes32(ret) != bytes32(uint256(1))) {
    │                                        ━━━━━━━━━━━━
    │
    ├ note: consider disabling this lint if you're certain the cast is safe
    │       
    │       // casting to 'bytes32' is safe because [explain why]
    │       // forge-lint: disable-next-line(unsafe-typecast)
    │       
    │       
    ╰ help: https://book.getfoundry.sh/reference/forge/forge-lint#unsafe-typecast

warning[unsafe-typecast]: typecasts that can truncate values should be checked
    ╭▸ src/Ledger.sol:600:23
    │
600 │         uint8 state = uint8(meta);
    │                       ━━━━━━━━━━━
    │
    ├ note: consider disabling this lint if you're certain the cast is safe
    │       
    │       // casting to 'uint8' is safe because [explain why]
    │       // forge-lint: disable-next-line(unsafe-typecast)
    │       
    │       
    ╰ help: https://book.getfoundry.sh/reference/forge/forge-lint#unsafe-typecast

warning[unsafe-typecast]: typecasts that can truncate values should be checked
    ╭▸ src/Ledger.sol:601:27
    │
601 │         uint32 revision = uint32(meta >> 8);
    │                           ━━━━━━━━━━━━━━━━━
    │
    ├ note: consider disabling this lint if you're certain the cast is safe
    │       
    │       // casting to 'uint32' is safe because [explain why]
    │       // forge-lint: disable-next-line(unsafe-typecast)
    │       
    │       
    ╰ help: https://book.getfoundry.sh/reference/forge/forge-lint#unsafe-typecast

warning[unsafe-typecast]: typecasts that can truncate values should be checked
    ╭▸ src/Ledger.sol:649:13
    │
649 │         if (uint8(meta) != 1) revert E_NOT_LIVE(key);
    │             ━━━━━━━━━━━
    │
    ├ note: consider disabling this lint if you're certain the cast is safe
    │       
    │       // casting to 'uint8' is safe because [explain why]
    │       // forge-lint: disable-next-line(unsafe-typecast)
    │       
    │       
    ╰ help: https://book.getfoundry.sh/reference/forge/forge-lint#unsafe-typecast

warning[unsafe-typecast]: typecasts that can truncate values should be checked
    ╭▸ src/Ledger.sol:650:27
    │
650 │         uint32 revision = uint32(meta >> 8);
    │                           ━━━━━━━━━━━━━━━━━
    │
    ├ note: consider disabling this lint if you're certain the cast is safe
    │       
    │       // casting to 'uint32' is safe because [explain why]
    │       // forge-lint: disable-next-line(unsafe-typecast)
    │       
    │       
    ╰ help: https://book.getfoundry.sh/reference/forge/forge-lint#unsafe-typecast

warning[unsafe-typecast]: typecasts that can truncate values should be checked
    ╭▸ src/Ledger.sol:701:46
    │
701 │         AdmissionRow storage tr = _admission[uint64(t)];
    │                                              ━━━━━━━━━
    │
    ├ note: consider disabling this lint if you're certain the cast is safe
    │       
    │       // casting to 'uint64' is safe because [explain why]
    │       // forge-lint: disable-next-line(unsafe-typecast)
    │       
    │       
    ╰ help: https://book.getfoundry.sh/reference/forge/forge-lint#unsafe-typecast

warning[unsafe-typecast]: typecasts that can truncate values should be checked
    ╭▸ src/Ledger.sol:703:20
    │
703 │         uint8 tk = uint8(tm & 0xF);
    │                    ━━━━━━━━━━━━━━━
    │
    ├ note: consider disabling this lint if you're certain the cast is safe
    │       
    │       // casting to 'uint8' is safe because [explain why]
    │       // forge-lint: disable-next-line(unsafe-typecast)
    │       
    │       
    ╰ help: https://book.getfoundry.sh/reference/forge/forge-lint#unsafe-typecast

warning[unsafe-typecast]: typecasts that can truncate values should be checked
    ╭▸ src/Ledger.sol:781:22
    │
781 │         uint8 kind = uint8(m & 0xF);
    │                      ━━━━━━━━━━━━━━
    │
    ├ note: consider disabling this lint if you're certain the cast is safe
    │       
    │       // casting to 'uint8' is safe because [explain why]
    │       // forge-lint: disable-next-line(unsafe-typecast)
    │       
    │       
    ╰ help: https://book.getfoundry.sh/reference/forge/forge-lint#unsafe-typecast

warning[unsafe-typecast]: typecasts that can truncate values should be checked
    ╭▸ src/Ledger.sol:785:22
    │
785 │         activation = uint16(m >> 152);
    │                      ━━━━━━━━━━━━━━━━
    │
    ├ note: consider disabling this lint if you're certain the cast is safe
    │       
    │       // casting to 'uint16' is safe because [explain why]
    │       // forge-lint: disable-next-line(unsafe-typecast)
    │       
    │       
    ╰ help: https://book.getfoundry.sh/reference/forge/forge-lint#unsafe-typecast

warning[unsafe-typecast]: typecasts that can truncate values should be checked
    ╭▸ src/Ledger.sol:838:26
    │
838 │         firstAdmission = uint64(meta & GUARD);
    │                          ━━━━━━━━━━━━━━━━━━━━
    │
    ├ note: consider disabling this lint if you're certain the cast is safe
    │       
    │       // casting to 'uint64' is safe because [explain why]
    │       // forge-lint: disable-next-line(unsafe-typecast)
    │       
    │       
    ╰ help: https://book.getfoundry.sh/reference/forge/forge-lint#unsafe-typecast

warning[unsafe-typecast]: typecasts that can truncate values should be checked
    ╭▸ src/Ledger.sol:839:23
    │
839 │         occurrences = uint32(meta >> 80);
    │                       ━━━━━━━━━━━━━━━━━━
    │
    ├ note: consider disabling this lint if you're certain the cast is safe
    │       
    │       // casting to 'uint32' is safe because [explain why]
    │       // forge-lint: disable-next-line(unsafe-typecast)
    │       
    │       
    ╰ help: https://book.getfoundry.sh/reference/forge/forge-lint#unsafe-typecast

warning[unsafe-typecast]: typecasts that can truncate values should be checked
    ╭▸ src/Ledger.sol:840:30
    │
840 │         data = _loadBody(id, uint32(meta >> 48));
    │                              ━━━━━━━━━━━━━━━━━━
    │
    ├ note: consider disabling this lint if you're certain the cast is safe
    │       
    │       // casting to 'uint32' is safe because [explain why]
    │       // forge-lint: disable-next-line(unsafe-typecast)
    │       
    │       
    ╰ help: https://book.getfoundry.sh/reference/forge/forge-lint#unsafe-typecast

warning[unsafe-typecast]: typecasts that can truncate values should be checked
    ╭▸ src/Ledger.sol:858:16
    │
858 │         kind = uint8(m & 0xF);
    │                ━━━━━━━━━━━━━━
    │
    ├ note: consider disabling this lint if you're certain the cast is safe
    │       
    │       // casting to 'uint8' is safe because [explain why]
    │       // forge-lint: disable-next-line(unsafe-typecast)
    │       
    │       
    ╰ help: https://book.getfoundry.sh/reference/forge/forge-lint#unsafe-typecast

warning[unsafe-typecast]: typecasts that can truncate values should be checked
    ╭▸ src/Ledger.sol:862:28
    │
862 │         expectedRevision = uint32(m >> 116);
    │                            ━━━━━━━━━━━━━━━━
    │
    ├ note: consider disabling this lint if you're certain the cast is safe
    │       
    │       // casting to 'uint32' is safe because [explain why]
    │       // forge-lint: disable-next-line(unsafe-typecast)
    │       
    │       
    ╰ help: https://book.getfoundry.sh/reference/forge/forge-lint#unsafe-typecast

warning[unsafe-typecast]: typecasts that can truncate values should be checked
    ╭▸ src/Ledger.sol:890:26
    │
890 │         author = address(uint160(w0));
    │                          ━━━━━━━━━━━
    │
    ├ note: consider disabling this lint if you're certain the cast is safe
    │       
    │       // casting to 'uint160' is safe because [explain why]
    │       // forge-lint: disable-next-line(unsafe-typecast)
    │       
    │       
    ╰ help: https://book.getfoundry.sh/reference/forge/forge-lint#unsafe-typecast

warning[unsafe-typecast]: typecasts that can truncate values should be checked
    ╭▸ src/Ledger.sol:897:17
    │
897 │         nonce = uint64(w3);
    │                 ━━━━━━━━━━
    │
    ├ note: consider disabling this lint if you're certain the cast is safe
    │       
    │       // casting to 'uint64' is safe because [explain why]
    │       // forge-lint: disable-next-line(unsafe-typecast)
    │       
    │       
    ╰ help: https://book.getfoundry.sh/reference/forge/forge-lint#unsafe-typecast

warning[unsafe-typecast]: typecasts that can truncate values should be checked
    ╭▸ src/Ledger.sol:898:20
    │
898 │         deadline = uint64(w3 >> 64);
    │                    ━━━━━━━━━━━━━━━━
    │
    ├ note: consider disabling this lint if you're certain the cast is safe
    │       
    │       // casting to 'uint64' is safe because [explain why]
    │       // forge-lint: disable-next-line(unsafe-typecast)
    │       
    │       
    ╰ help: https://book.getfoundry.sh/reference/forge/forge-lint#unsafe-typecast

warning[unsafe-typecast]: typecasts that can truncate values should be checked
    ╭▸ src/Ledger.sol:912:17
    │
912 │         state = uint8(m);
    │                 ━━━━━━━━
    │
    ├ note: consider disabling this lint if you're certain the cast is safe
    │       
    │       // casting to 'uint8' is safe because [explain why]
    │       // forge-lint: disable-next-line(unsafe-typecast)
    │       
    │       
    ╰ help: https://book.getfoundry.sh/reference/forge/forge-lint#unsafe-typecast

warning[unsafe-typecast]: typecasts that can truncate values should be checked
    ╭▸ src/Ledger.sol:913:20
    │
913 │         revision = uint32(m >> 8);
    │                    ━━━━━━━━━━━━━━
    │
    ├ note: consider disabling this lint if you're certain the cast is safe
    │       
    │       // casting to 'uint32' is safe because [explain why]
    │       // forge-lint: disable-next-line(unsafe-typecast)
    │       
    │       
    ╰ help: https://book.getfoundry.sh/reference/forge/forge-lint#unsafe-typecast

warning[unsafe-typecast]: typecasts that can truncate values should be checked
    ╭▸ src/Ledger.sol:931:17
    │
931 │         return (uint64(c), uint64(c >> 64), uint64(c >> 128), uint64(c >> 192));
    │                 ━━━━━━━━━
    │
    ├ note: consider disabling this lint if you're certain the cast is safe
    │       
    │       // casting to 'uint64' is safe because [explain why]
    │       // forge-lint: disable-next-line(unsafe-typecast)
    │       
    │       
    ╰ help: https://book.getfoundry.sh/reference/forge/forge-lint#unsafe-typecast

warning[unsafe-typecast]: typecasts that can truncate values should be checked
    ╭▸ src/Ledger.sol:931:28
    │
931 │         return (uint64(c), uint64(c >> 64), uint64(c >> 128), uint64(c >> 192));
    │                            ━━━━━━━━━━━━━━━
    │
    ├ note: consider disabling this lint if you're certain the cast is safe
    │       
    │       // casting to 'uint64' is safe because [explain why]
    │       // forge-lint: disable-next-line(unsafe-typecast)
    │       
    │       
    ╰ help: https://book.getfoundry.sh/reference/forge/forge-lint#unsafe-typecast

warning[unsafe-typecast]: typecasts that can truncate values should be checked
    ╭▸ src/Ledger.sol:931:45
    │
931 │         return (uint64(c), uint64(c >> 64), uint64(c >> 128), uint64(c >> 192));
    │                                             ━━━━━━━━━━━━━━━━
    │
    ├ note: consider disabling this lint if you're certain the cast is safe
    │       
    │       // casting to 'uint64' is safe because [explain why]
    │       // forge-lint: disable-next-line(unsafe-typecast)
    │       
    │       
    ╰ help: https://book.getfoundry.sh/reference/forge/forge-lint#unsafe-typecast

warning[unsafe-typecast]: typecasts that can truncate values should be checked
    ╭▸ src/Ledger.sol:931:63
    │
931 │         return (uint64(c), uint64(c >> 64), uint64(c >> 128), uint64(c >> 192));
    │                                                               ━━━━━━━━━━━━━━━━
    │
    ├ note: consider disabling this lint if you're certain the cast is safe
    │       
    │       // casting to 'uint64' is safe because [explain why]
    │       // forge-lint: disable-next-line(unsafe-typecast)
    │       
    │       
    ╰ help: https://book.getfoundry.sh/reference/forge/forge-lint#unsafe-typecast

