✔ no pins keeps the runner explicitly diagnostic (2.271917ms)
✔ incomplete, malformed, unreadable and changed pins fail before module loading (1.219917ms)
✔ a pinned module must export both hook functions (0.933125ms)
✔ beforeFixture rejects malformed schema, metadata and context hashes (5.334167ms)
✔ an empty hook return is a malformed acknowledgement, not a controller exception (1.444542ms)
✔ beforeFixture rejects missing, extra, wrongly typed and mutated input fields with the exact path (10.632875ms)
✔ beforeFixture requires exact nonzero uint32 expectedRevision strings A_FIRST=2 and B_FIRST=1 (4.175125ms)
✔ REFUSE and rejected hooks stop the guarded continuation and retain failure status (1.944125ms)
✔ timeout clears its timer, blocks continuation, and late hook completion cannot race a send (47.167083ms)
✔ successful beforeFixture consumes a deep-copied ack and retains context, ack and comparison separately (2.469084ms)
✔ afterB1 validates stage binding and the complete sealed checkpoint before continuing (2.477208ms)
✔ afterB1 succeeds only after beforeFixture and preserves hook ordering (2.951083ms)
✔ consumerCheck catches a receipt-basis regression for every storing-consumer readback stage (5.490625ms)
✔ consumerCheck catches a dropped expected-field comparison by counting the mismatch (0.992792ms)
✔ report finalizer catches accepting a nonzero cell mismatch as a successful finish (1.608542ms)
✔ report finalizer catches rejecting a zero-mismatch run before successful finish (1.247875ms)
✔ failureRow catches accepting an unavailable expected selector (0.998208ms)
✔ failureRow catches accepting a wrong revert selector (0.969375ms)
✔ failureRow catches accepting changed state after the reverted transaction (0.79175ms)
✔ failureRow simulates the static probe FROM the actual sender and sends from that same wallet (0.957375ms)
✔ failureRow catches a caller-insensitive probe: E_ADMIN would be observed instead of E_TYPE_EXISTS without from (1.495166ms)
✔ failureRow asserts the decoded revert ARGUMENTS when expected arguments are given (3.621708ms)
✔ selectCells rejects unknown keys and empty selections before any chain starts, and keeps plan order (0.687458ms)
✔ joinBasis flags a basis whose policy row, codehash or epoch disagree with the registry row (0.530292ms)
✔ persist catches overwriting prior evidence when the replacement write fails (1.03125ms)
✔ watchdog failure marker catches exiting with initialized evidence still looking successful (0.49225ms)
✔ watchdog failure marker catches pretending evidence exists before report initialization (0.431416ms)
✔ abstractRow builds the arm-neutral comparison row with the RPC_OBSERVED grade and every required field (0.898791ms)
✔ abstractRow catches a missing, unknown, ordinal-labelled or point-charged-lookup row instead of defaulting it (0.7215ms)
✔ checkPaidRowOrdering accepts seal -> (revert -> first tx -> retained) x 4 and returns the rows in order (0.576792ms)
✔ checkPaidRowOrdering catches a second transaction on the same revert, a revert before retention, a wrong head, a wrong parent and an unretained row (0.64875ms)
✔ checkPaidRowOrdering catches a wrong timestamp, a wrong next-block timestamp, a non-zero transaction index and an extra transaction in the block (0.633458ms)
✔ deriveAbstractResult keeps the labels and outcomes only for a fully passing self-check (0.802167ms)
✔ deriveAbstractResult catches a replay that differs from the log: every derived field UNKNOWN, raw log and replay retained (0.773375ms)
✔ deriveAbstractResult catches a missing PaidResult log: UNKNOWN throughout, no log to cite, replay retained (0.583542ms)
✔ assertAnvilOnlyCells refuses the sealing cells without --anvil before any chain call and leaves the other cells alone (0.532291ms)
✔ assertUnrelatedCaller catches a caller that is the deployer, an author or a lab contract (case-insensitive) and pins wallet index 3 (0.792417ms)
✔ buildPaidCalls consumes controller-supplied lenses, Expect and PlacementExpect values verbatim (0.538917ms)
✔ controllerFailureRow maps timeout separately and records every other gate refusal without inventing a send (0.461875ms)
✔ evidenceCategoryOf maps the two proof kinds and refuses an unknown kind instead of defaulting (0.466416ms)
✔ selectCells keeps an optional cell out of the default and substring selections and admits it only by exact name (0.538416ms)
✔ deployAll catches attaching evidence sinks only after a deployment failure (1.14875ms)
ℹ tests 42
ℹ suites 0
ℹ pass 42
ℹ fail 0
ℹ cancelled 0
ℹ skipped 0
ℹ todo 0
ℹ duration_ms 154.366958
