Compiling 11 files with Solc 0.8.30
Solc 0.8.30 finished in 5.49s
Compiler run successful with warnings:
Warning (2519): This declaration shadows an existing declaration.
  --> src/Keys.sol:73:21:
   |
73 |     function record(bytes32 typeId, bytes memory data) internal pure returns (bytes32) {
   |                     ^^^^^^^^^^^^^^
Note: The shadowed declaration is here:
  --> src/Keys.sol:69:5:
   |
69 |     function typeId(bytes32 shape, bytes32[] memory refTypes, bytes32 ruleId) internal pure returns (bytes32) {
   |     ^ (Relevant source part starts here and spans across multiple lines).

Warning (2519): This declaration shadows an existing declaration.
  --> src/Keys.sol:78:29:
   |
78 |     function recordFromHash(bytes32 typeId, bytes32 bodyHash) internal pure returns (bytes32) {
   |                             ^^^^^^^^^^^^^^
Note: The shadowed declaration is here:
  --> src/Keys.sol:69:5:
   |
69 |     function typeId(bytes32 shape, bytes32[] memory refTypes, bytes32 ruleId) internal pure returns (bytes32) {
   |     ^ (Relevant source part starts here and spans across multiple lines).

Warning (2519): This declaration shadows an existing declaration.
  --> src/Keys.sol:98:22:
   |
98 |     function posting(bytes32 typeId, uint8 kind, uint8 ordinal, bytes32 valueKey) internal pure returns (bytes32) {
   |                      ^^^^^^^^^^^^^^
Note: The shadowed declaration is here:
  --> src/Keys.sol:69:5:
   |
69 |     function typeId(bytes32 shape, bytes32[] memory refTypes, bytes32 ruleId) internal pure returns (bytes32) {
   |     ^ (Relevant source part starts here and spans across multiple lines).

Warning (2519): This declaration shadows an existing declaration.
   --> src/Keys.sol:102:25:
    |
102 |     function byTypeList(bytes32 typeId) internal pure returns (bytes32) {
    |                         ^^^^^^^^^^^^^^
Note: The shadowed declaration is here:
  --> src/Keys.sol:69:5:
   |
69 |     function typeId(bytes32 shape, bytes32[] memory refTypes, bytes32 ruleId) internal pure returns (bytes32) {
   |     ^ (Relevant source part starts here and spans across multiple lines).

Warning (3860): Contract initcode size is 87927 bytes and exceeds 49152 bytes (a limit introduced in Shanghai). This contract may not be deployable on Mainnet. Consider enabling the optimizer (with a low "runs" value!), turning off revert strings, or using libraries.
  --> test/MatchedRollback.t.sol:29:1:
   |
29 | contract MatchedRollbackTest is LabBase {
   | ^ (Relevant source part starts here and spans across multiple lines).


Ran 4 tests for test/MatchedRollback.t.sol:MatchedRollbackTest
[PASS] test_direct_late_index_call_remains_ledger_only() (gas: 1046130)
[PASS] test_scale_seven_complete_a1_reverts_with_full_mandatory_error_and_s0() (gas: 2743871)
[FAIL: late market poison must refuse after normal maintenance] test_scale_six_complete_a1_late_tag_refusal_rolls_back_full_prefix() (gas: 3729301)
Traces:
  [3729301] MatchedRollbackTest::test_scale_six_complete_a1_late_tag_refusal_rolls_back_full_prefix()
    ├─ [3594] Ledger::principalOf(0xe05fcC23807536bEe418f142D19fa0d21BB0cfF7) [staticcall]
    │   └─ ← [Return] 0x000000000000000000000000e05fcc23807536bee418f142d19fa0d21bb0cff7
    ├─ [1094] Ledger::principalOf(0xe05fcC23807536bEe418f142D19fa0d21BB0cfF7) [staticcall]
    │   └─ ← [Return] 0x000000000000000000000000e05fcc23807536bee418f142d19fa0d21bb0cff7
    ├─ [1094] Ledger::principalOf(0xe05fcC23807536bEe418f142D19fa0d21BB0cfF7) [staticcall]
    │   └─ ← [Return] 0x000000000000000000000000e05fcc23807536bee418f142d19fa0d21bb0cff7
    ├─ [1094] Ledger::principalOf(0xe05fcC23807536bEe418f142D19fa0d21BB0cfF7) [staticcall]
    │   └─ ← [Return] 0x000000000000000000000000e05fcc23807536bee418f142d19fa0d21bb0cff7
    ├─ [967633] → new LateRefusingIndexModule@0x2a07706473244BC757E10F2a9E86fB532828afe3
    │   ├─ [2866] Ledger::counts() [staticcall]
    │   │   └─ ← [Return] 0, 0, 0, 0
    │   ├─ emit FamilyDeclared(family: 0x1fd035d41e55e585706a270bca0fa36d150e1cc27de3a1b40654d1835f64287e, mandatory: true, fromAdmission: 1)
    │   ├─ emit FamilyDeclared(family: 0xde538e29eab73663949ae6239c90dea8948cf7297cf44d0c79621ef8bf06e8ab, mandatory: true, fromAdmission: 1)
    │   ├─ emit FamilyDeclared(family: 0xf564f360d1f5b65aacc3b70b5aa8bfd24bfcf28df404557ac647ae8d94954eb4, mandatory: true, fromAdmission: 1)
    │   ├─ emit FamilyDeclared(family: 0xe4f7cc7ff76622e194a3ef2a8f23d6632b91cfda1f803fa443e9e04e43baa270, mandatory: true, fromAdmission: 1)
    │   ├─ emit FamilyDeclared(family: 0xd674025fa1091f86834d22a642451cc45057f55537c4b4e65ee1139c390d1b8a, mandatory: true, fromAdmission: 1)
    │   └─ ← [Return] 4196 bytes of code
    ├─ [6607] Ledger::setIndexModule(LateRefusingIndexModule: [0x2a07706473244BC757E10F2a9E86fB532828afe3])
    │   ├─ emit IndexModuleSet(module: LateRefusingIndexModule: [0x2a07706473244BC757E10F2a9E86fB532828afe3])
    │   └─ ← [Stop]
    ├─ [501] LateRefusingIndexModule::attachedFrom() [staticcall]
    │   └─ ← [Return] 1
    ├─ [625] LateRefusingIndexModule::lastProcessed() [staticcall]
    │   └─ ← [Return] 0
    ├─ [455] Ledger::indexModule() [staticcall]
    │   └─ ← [Return] LateRefusingIndexModule: [0x2a07706473244BC757E10F2a9E86fB532828afe3]
    ├─ [880415] Actor::execute([Action({ kind: 1, typeId: 0x589d5624cb9167094eb8ee549683bdadc765c77ed4f894308dd376bbebc30019, bodyHashOrRecordId: 0xb10e2d527612073b26eecdfd717e6a320cf44b4afac2b0732d9fcbe2b7fa0cf6, purpose: 0x0000000000000000000000000000000000000000000000000000000000000000, subject: 0x0000000000000000000000000000000000000000000000000000000000000000, role: 0x0000000000000000000000000000000000000000000000000000000000000000, target: 0x0000000000000000000000000000000000000000000000000000000000000000, expectedRevision: 0, salt: 0x0000000000000000000000000000000000000000000000000000000000000000 }), Action({ kind: 1, typeId: 0x589d5624cb9167094eb8ee549683bdadc765c77ed4f894308dd376bbebc30019, bodyHashOrRecordId: 0x405787fa12a823e0f2b7631cc41b3ba8828b3321ca811111fa75cd3aa3bb5ace, purpose: 0x0000000000000000000000000000000000000000000000000000000000000000, subject: 0x0000000000000000000000000000000000000000000000000000000000000000, role: 0x0000000000000000000000000000000000000000000000000000000000000000, target: 0x0000000000000000000000000000000000000000000000000000000000000000, expectedRevision: 0, salt: 0x0000000000000000000000000000000000000000000000000000000000000000 }), Action({ kind: 1, typeId: 0x98f15a281c3cdd9d4aabe4708ae98ab46688ebb588db2876ee56d2c9413ed691, bodyHashOrRecordId: 0xf5ecf0b3e8bbcba6b1c397f7dc2d1eb477cfc0906bae2c0851b77d85666de50e, purpose: 0x0000000000000000000000000000000000000000000000000000000000000000, subject: 0x0000000000000000000000000000000000000000000000000000000000000000, role: 0x0000000000000000000000000000000000000000000000000000000000000000, target: 0x0000000000000000000000000000000000000000000000000000000000000000, expectedRevision: 0, salt: 0x0000000000000000000000000000000000000000000000000000000000000000 })], [0x0000000000000000000000000000000000000000000000000000000000000001, 0x0000000000000000000000000000000000000000000000000000000000000002, 0xdcee1a18e773c4e23c675382b23918d0771ae6ff0a7f2c22d3e729874433182522ad273e9b5cb707fadf826bf174c50a895a558924cc7ff0cca702bffbc6c4a20000000000000000000000000000000000000000000000000000000000000001])
    │   ├─ [2886] Ledger::nonces(Actor: [0xa0Cb889707d426A7A386870A03bc70d1b0697598]) [staticcall]
    │   │   └─ ← [Return] 0
    │   ├─ [873142] Ledger::execute([Action({ kind: 1, typeId: 0x589d5624cb9167094eb8ee549683bdadc765c77ed4f894308dd376bbebc30019, bodyHashOrRecordId: 0xb10e2d527612073b26eecdfd717e6a320cf44b4afac2b0732d9fcbe2b7fa0cf6, purpose: 0x0000000000000000000000000000000000000000000000000000000000000000, subject: 0x0000000000000000000000000000000000000000000000000000000000000000, role: 0x0000000000000000000000000000000000000000000000000000000000000000, target: 0x0000000000000000000000000000000000000000000000000000000000000000, expectedRevision: 0, salt: 0x0000000000000000000000000000000000000000000000000000000000000000 }), Action({ kind: 1, typeId: 0x589d5624cb9167094eb8ee549683bdadc765c77ed4f894308dd376bbebc30019, bodyHashOrRecordId: 0x405787fa12a823e0f2b7631cc41b3ba8828b3321ca811111fa75cd3aa3bb5ace, purpose: 0x0000000000000000000000000000000000000000000000000000000000000000, subject: 0x0000000000000000000000000000000000000000000000000000000000000000, role: 0x0000000000000000000000000000000000000000000000000000000000000000, target: 0x0000000000000000000000000000000000000000000000000000000000000000, expectedRevision: 0, salt: 0x0000000000000000000000000000000000000000000000000000000000000000 }), Action({ kind: 1, typeId: 0x98f15a281c3cdd9d4aabe4708ae98ab46688ebb588db2876ee56d2c9413ed691, bodyHashOrRecordId: 0xf5ecf0b3e8bbcba6b1c397f7dc2d1eb477cfc0906bae2c0851b77d85666de50e, purpose: 0x0000000000000000000000000000000000000000000000000000000000000000, subject: 0x0000000000000000000000000000000000000000000000000000000000000000, role: 0x0000000000000000000000000000000000000000000000000000000000000000, target: 0x0000000000000000000000000000000000000000000000000000000000000000, expectedRevision: 0, salt: 0x0000000000000000000000000000000000000000000000000000000000000000 })], [0x0000000000000000000000000000000000000000000000000000000000000001, 0x0000000000000000000000000000000000000000000000000000000000000002, 0xdcee1a18e773c4e23c675382b23918d0771ae6ff0a7f2c22d3e729874433182522ad273e9b5cb707fadf826bf174c50a895a558924cc7ff0cca702bffbc6c4a20000000000000000000000000000000000000000000000000000000000000001], 0)
    │   │   ├─ [2441] TypeRegistry::epoch() [staticcall]
    │   │   │   └─ ← [Return] 7
    │   │   ├─ [9154] TypeRegistry::typeInfo(0x589d5624cb9167094eb8ee549683bdadc765c77ed4f894308dd376bbebc30019) [staticcall]
    │   │   │   └─ ← [Return] true, 0x0000000000000000000000000000000000000000, 0x0000000000000000000000000000000000000000000000000000000000000000, 0x0000000000000000000000000000000000000000, 0x0000000000000000000000000000000000000000000000000000000000000000, 0, 1
    │   │   ├─ [1154] TypeRegistry::typeInfo(0x589d5624cb9167094eb8ee549683bdadc765c77ed4f894308dd376bbebc30019) [staticcall]
    │   │   │   └─ ← [Return] true, 0x0000000000000000000000000000000000000000, 0x0000000000000000000000000000000000000000000000000000000000000000, 0x0000000000000000000000000000000000000000, 0x0000000000000000000000000000000000000000000000000000000000000000, 0, 1
    │   │   ├─ [9154] TypeRegistry::typeInfo(0x98f15a281c3cdd9d4aabe4708ae98ab46688ebb588db2876ee56d2c9413ed691) [staticcall]
    │   │   │   └─ ← [Return] true, MinBodyAcceptor: [0x15cF58144EF33af1e14b5208015d11F9143E27b9], 0x0f203846922aa3cb964edd7f1e28983ba9cecc624f10670a5a98ad81676a6ad9, MockAcceptor: [0x2e234DAe75C793f67A35089C9d99245E1C58470b], 0x31fe023d89d35e3f1e7a498cb90c68694ba5b4cc2f5f78e9f0e7464ce9e3aac4, 2, 2
    │   │   ├─ [1154] TypeRegistry::typeInfo(0x589d5624cb9167094eb8ee549683bdadc765c77ed4f894308dd376bbebc30019) [staticcall]
    │   │   │   └─ ← [Return] true, 0x0000000000000000000000000000000000000000, 0x0000000000000000000000000000000000000000000000000000000000000000, 0x0000000000000000000000000000000000000000, 0x0000000000000000000000000000000000000000000000000000000000000000, 0, 1
    │   │   ├─ emit Admitted(author: 0x48dacbce3fd7c9ac95afff5fd0afa396ad586efc33b7febdf55994386455ca80, scope: 0x589d5624cb9167094eb8ee549683bdadc765c77ed4f894308dd376bbebc30019, recordId: 0xdcee1a18e773c4e23c675382b23918d0771ae6ff0a7f2c22d3e7298744331825, admission: 1)
    │   │   ├─ [1154] TypeRegistry::typeInfo(0x589d5624cb9167094eb8ee549683bdadc765c77ed4f894308dd376bbebc30019) [staticcall]
    │   │   │   └─ ← [Return] true, 0x0000000000000000000000000000000000000000, 0x0000000000000000000000000000000000000000000000000000000000000000, 0x0000000000000000000000000000000000000000, 0x0000000000000000000000000000000000000000000000000000000000000000, 0, 1
    │   │   ├─ emit Admitted(author: 0x48dacbce3fd7c9ac95afff5fd0afa396ad586efc33b7febdf55994386455ca80, scope: 0x589d5624cb9167094eb8ee549683bdadc765c77ed4f894308dd376bbebc30019, recordId: 0x22ad273e9b5cb707fadf826bf174c50a895a558924cc7ff0cca702bffbc6c4a2, admission: 2)
    │   │   ├─ [1154] TypeRegistry::typeInfo(0x98f15a281c3cdd9d4aabe4708ae98ab46688ebb588db2876ee56d2c9413ed691) [staticcall]
    │   │   │   └─ ← [Return] true, MinBodyAcceptor: [0x15cF58144EF33af1e14b5208015d11F9143E27b9], 0x0f203846922aa3cb964edd7f1e28983ba9cecc624f10670a5a98ad81676a6ad9, MockAcceptor: [0x2e234DAe75C793f67A35089C9d99245E1C58470b], 0x31fe023d89d35e3f1e7a498cb90c68694ba5b4cc2f5f78e9f0e7464ce9e3aac4, 2, 2
    │   │   ├─ [7301] TypeRegistry::refTypes(0x98f15a281c3cdd9d4aabe4708ae98ab46688ebb588db2876ee56d2c9413ed691) [staticcall]
    │   │   │   └─ ← [Return] [0x589d5624cb9167094eb8ee549683bdadc765c77ed4f894308dd376bbebc30019, 0x589d5624cb9167094eb8ee549683bdadc765c77ed4f894308dd376bbebc30019]
    │   │   ├─ [447] MinBodyAcceptor::accept(0x98f15a281c3cdd9d4aabe4708ae98ab46688ebb588db2876ee56d2c9413ed691, 0xdcee1a18e773c4e23c675382b23918d0771ae6ff0a7f2c22d3e729874433182522ad273e9b5cb707fadf826bf174c50a895a558924cc7ff0cca702bffbc6c4a20000000000000000000000000000000000000000000000000000000000000001, [0xdcee1a18e773c4e23c675382b23918d0771ae6ff0a7f2c22d3e7298744331825, 0x22ad273e9b5cb707fadf826bf174c50a895a558924cc7ff0cca702bffbc6c4a2]) [staticcall]
    │   │   │   └─ ← [Return] true
    │   │   ├─ [4806] MockAcceptor::accept(0x98f15a281c3cdd9d4aabe4708ae98ab46688ebb588db2876ee56d2c9413ed691, 0xdcee1a18e773c4e23c675382b23918d0771ae6ff0a7f2c22d3e729874433182522ad273e9b5cb707fadf826bf174c50a895a558924cc7ff0cca702bffbc6c4a20000000000000000000000000000000000000000000000000000000000000001, [0xdcee1a18e773c4e23c675382b23918d0771ae6ff0a7f2c22d3e7298744331825, 0x22ad273e9b5cb707fadf826bf174c50a895a558924cc7ff0cca702bffbc6c4a2]) [staticcall]
    │   │   │   └─ ← [Return] true
    │   │   ├─ emit Admitted(author: 0x48dacbce3fd7c9ac95afff5fd0afa396ad586efc33b7febdf55994386455ca80, scope: 0x98f15a281c3cdd9d4aabe4708ae98ab46688ebb588db2876ee56d2c9413ed691, recordId: 0x8a5c2dad2ae16fc84b82733f634dfb672bd79e90dce25bf0627089c548fe8531, admission: 3)
    │   │   ├─ [164325] LateRefusingIndexModule::onAdmission(1, [Effect({ kind: 1, admission: 1, author: 0x48dacbce3fd7c9ac95afff5fd0afa396ad586efc33b7febdf55994386455ca80, recordId: 0xdcee1a18e773c4e23c675382b23918d0771ae6ff0a7f2c22d3e7298744331825, typeId: 0x589d5624cb9167094eb8ee549683bdadc765c77ed4f894308dd376bbebc30019, scopeKey: 0x0000000000000000000000000000000000000000000000000000000000000000, bindingKey: 0x0000000000000000000000000000000000000000000000000000000000000000, bindingOrdinal: 0, target: 0x0000000000000000000000000000000000000000000000000000000000000000, oldTarget: 0x0000000000000000000000000000000000000000000000000000000000000000, freshBinding: false, oldLive: false }), Effect({ kind: 1, admission: 2, author: 0x48dacbce3fd7c9ac95afff5fd0afa396ad586efc33b7febdf55994386455ca80, recordId: 0x22ad273e9b5cb707fadf826bf174c50a895a558924cc7ff0cca702bffbc6c4a2, typeId: 0x589d5624cb9167094eb8ee549683bdadc765c77ed4f894308dd376bbebc30019, scopeKey: 0x0000000000000000000000000000000000000000000000000000000000000000, bindingKey: 0x0000000000000000000000000000000000000000000000000000000000000000, bindingOrdinal: 0, target: 0x0000000000000000000000000000000000000000000000000000000000000000, oldTarget: 0x0000000000000000000000000000000000000000000000000000000000000000, freshBinding: false, oldLive: false }), Effect({ kind: 1, admission: 3, author: 0x48dacbce3fd7c9ac95afff5fd0afa396ad586efc33b7febdf55994386455ca80, recordId: 0x8a5c2dad2ae16fc84b82733f634dfb672bd79e90dce25bf0627089c548fe8531, typeId: 0x98f15a281c3cdd9d4aabe4708ae98ab46688ebb588db2876ee56d2c9413ed691, scopeKey: 0x0000000000000000000000000000000000000000000000000000000000000000, bindingKey: 0x0000000000000000000000000000000000000000000000000000000000000000, bindingOrdinal: 0, target: 0x0000000000000000000000000000000000000000000000000000000000000000, oldTarget: 0x0000000000000000000000000000000000000000000000000000000000000000, freshBinding: false, oldLive: false })])
    │   │   │   └─ ← [Stop]
    │   │   ├─ emit Published(publication: 1, publicationId: 0x144e9c035109391c28999747345d055a5ca82255e50b27a89c5f9b2c697ff3d4, author: Actor: [0xa0Cb889707d426A7A386870A03bc70d1b0697598], proofKind: 1, firstAdmission: 1, leafCount: 3)
    │   │   └─ ← [Return] 1, 1
    │   └─ ← [Return] 1, 1
    ├─ [395] Ledger::realmId() [staticcall]
    │   └─ ← [Return] 0x684016e05741dc9d511ff3520a16e1da90a35be14b76f9e12ef0287b9beae39f
    ├─ [0] VM::addr(<pk>) [staticcall]
    │   └─ ← [Return] 0xe05fcC23807536bEe418f142D19fa0d21BB0cfF7
    ├─ [15765] Ledger::acceptanceProfileOf([Action({ kind: 5, typeId: 0x0000000000000000000000000000000000000000000000000000000000000000, bodyHashOrRecordId: 0x0000000000000000000000000000000000000000000000000000000000000000, purpose: 0x0000000000000000000000000000000000000000000000000000000000000000, subject: 0x0000000000000000000000000000000000000000000000000000000000000000, role: 0x0000000000000000000000000000000000000000000000000000000000000000, target: 0x0000000000000000000000000000000000000000000000000000000000000000, expectedRevision: 0, salt: 0x0000000000000000000000000000000000000000000000000000000000000001 }), Action({ kind: 1, typeId: 0x2db40fc5c9f87fff9029aba18f5e7a0bf1ffaee89f584eb521b7395c0d57ea21, bodyHashOrRecordId: 0x8d2f0b7b4cd24cd9347501f0b05605482e3b4712abaaee32c1287eef69eefc55, purpose: 0x0000000000000000000000000000000000000000000000000000000000000000, subject: 0x0000000000000000000000000000000000000000000000000000000000000000, role: 0x0000000000000000000000000000000000000000000000000000000000000000, target: 0x0000000000000000000000000000000000000000000000000000000000000000, expectedRevision: 0, salt: 0x0000000000000000000000000000000000000000000000000000000000000000 }), Action({ kind: 3, typeId: 0x0000000000000000000000000000000000000000000000000000000000000000, bodyHashOrRecordId: 0x0000000000000000000000000000000000000000000000000000000000000000, purpose: 0x07167a05890e9fcaccbdf11abbb65a3aa14bccfe41825ce441803003862ce5df, subject: 0xf38a5ee5db5fec548416dac4db004d588b5fc06503ad270978d9d8f08e9b64a5, role: 0x0000000000000000000000000000000000000000000000000000000000000000, target: 0x939cfd72923d10d615557ff0b6c7b19b5f259692e9a71fb6c5f9b5ce03046655, expectedRevision: 0, salt: 0x0000000000000000000000000000000000000000000000000000000000000000 }), Action({ kind: 3, typeId: 0x0000000000000000000000000000000000000000000000000000000000000000, bodyHashOrRecordId: 0x0000000000000000000000000000000000000000000000000000000000000000, purpose: 0x58de23804076d1b785b7479ab38fe6ada246e62164776702f51a1c48ef98cf99, subject: 0x6b8f0ae148ccfbd232f2f5088f5758ca8158d5a69aaabdc7fd072cbf75be2dc9, role: 0xc7c63b8bafc33aa5221fea52672881776f7b9d1aa8eebc29f8c758178230dd1a, target: 0xf38a5ee5db5fec548416dac4db004d588b5fc06503ad270978d9d8f08e9b64a5, expectedRevision: 0, salt: 0x0000000000000000000000000000000000000000000000000000000000000000 }), Action({ kind: 3, typeId: 0x0000000000000000000000000000000000000000000000000000000000000000, bodyHashOrRecordId: 0x0000000000000000000000000000000000000000000000000000000000000000, purpose: 0x073e0a1a729959d841354dbb760bf57802acc034630defb75862e5dda0f72c18, subject: 0xf38a5ee5db5fec548416dac4db004d588b5fc06503ad270978d9d8f08e9b64a5, role: 0x8b30951df380b6b10da747e1167dd8e40bf8604c88c75b245dc172767f3b7320, target: 0xf38a5ee5db5fec548416dac4db004d588b5fc06503ad270978d9d8f08e9b64a5, expectedRevision: 0, salt: 0x0000000000000000000000000000000000000000000000000000000000000000 })]) [staticcall]
    │   ├─ [441] TypeRegistry::epoch() [staticcall]
    │   │   └─ ← [Return] 7
    │   ├─ [9154] TypeRegistry::typeInfo(0x2db40fc5c9f87fff9029aba18f5e7a0bf1ffaee89f584eb521b7395c0d57ea21) [staticcall]
    │   │   └─ ← [Return] true, QuoteAcceptor: [0x212224D2F2d262cd093eE13240ca4873fcCBbA3C], 0xa7499e4b804d8895cefb1463a08dee2517de9717eaba15d470e841cd00367fff, 0x0000000000000000000000000000000000000000, 0x0000000000000000000000000000000000000000000000000000000000000000, 1, 1
    │   └─ ← [Return] 0x24a874a9a9c4f15cbcda6a9448aae5474e06becdd4419455a263b130ed033c57
    ├─ [1272] Ledger::indexObligations() [staticcall]
    │   └─ ← [Return] 0xcc135f6ba32bbdbb9a806ff2a80704a78fb6ba78c0916636e2a2b8f0c0397518
    ├─ [2244] Ledger::intentDigest(Intent({ realmId: 0x684016e05741dc9d511ff3520a16e1da90a35be14b76f9e12ef0287b9beae39f, coreCodeCommitment: 0x8d8515f6c3bcfe36ad7422c67ece284c215a5b79e1ee2cc5afdd3f63d7cddcbe, author: 0xe05fcC23807536bEe418f142D19fa0d21BB0cfF7, nonce: 0, deadline: 1700003600 [1.7e9], acceptanceProfile: 0x24a874a9a9c4f15cbcda6a9448aae5474e06becdd4419455a263b130ed033c57, indexObligations: 0xcc135f6ba32bbdbb9a806ff2a80704a78fb6ba78c0916636e2a2b8f0c0397518 }), 0x30c303461ab5b4048d0b87a7232e523cbbdab8e5926abe9e0f6d0adcab830dd9) [staticcall]
    │   └─ ← [Return] 0xc9968752e4400446552fc26611a44e837d9654c8678d7a73951e18779cb1c7f2
    ├─ [0] VM::sign("<pk>", 0xc9968752e4400446552fc26611a44e837d9654c8678d7a73951e18779cb1c7f2) [staticcall]
    │   └─ ← [Return] 28, 0xdd6cc421ba76050c296a022d4310d2c0368d1f00047bc3a5371742d5f2bc8f32, 0x2c7a01c3de5180fa088f3d5eb2060f2ce910961ca4909a1f58ca2e075b3f74e6
    ├─ [1272] Ledger::indexObligations() [staticcall]
    │   └─ ← [Return] 0xcc135f6ba32bbdbb9a806ff2a80704a78fb6ba78c0916636e2a2b8f0c0397518
    ├─ [7765] Ledger::acceptanceProfileOf([Action({ kind: 5, typeId: 0x0000000000000000000000000000000000000000000000000000000000000000, bodyHashOrRecordId: 0x0000000000000000000000000000000000000000000000000000000000000000, purpose: 0x0000000000000000000000000000000000000000000000000000000000000000, subject: 0x0000000000000000000000000000000000000000000000000000000000000000, role: 0x0000000000000000000000000000000000000000000000000000000000000000, target: 0x0000000000000000000000000000000000000000000000000000000000000000, expectedRevision: 0, salt: 0x0000000000000000000000000000000000000000000000000000000000000001 }), Action({ kind: 1, typeId: 0x2db40fc5c9f87fff9029aba18f5e7a0bf1ffaee89f584eb521b7395c0d57ea21, bodyHashOrRecordId: 0x8d2f0b7b4cd24cd9347501f0b05605482e3b4712abaaee32c1287eef69eefc55, purpose: 0x0000000000000000000000000000000000000000000000000000000000000000, subject: 0x0000000000000000000000000000000000000000000000000000000000000000, role: 0x0000000000000000000000000000000000000000000000000000000000000000, target: 0x0000000000000000000000000000000000000000000000000000000000000000, expectedRevision: 0, salt: 0x0000000000000000000000000000000000000000000000000000000000000000 }), Action({ kind: 3, typeId: 0x0000000000000000000000000000000000000000000000000000000000000000, bodyHashOrRecordId: 0x0000000000000000000000000000000000000000000000000000000000000000, purpose: 0x07167a05890e9fcaccbdf11abbb65a3aa14bccfe41825ce441803003862ce5df, subject: 0xf38a5ee5db5fec548416dac4db004d588b5fc06503ad270978d9d8f08e9b64a5, role: 0x0000000000000000000000000000000000000000000000000000000000000000, target: 0x939cfd72923d10d615557ff0b6c7b19b5f259692e9a71fb6c5f9b5ce03046655, expectedRevision: 0, salt: 0x0000000000000000000000000000000000000000000000000000000000000000 }), Action({ kind: 3, typeId: 0x0000000000000000000000000000000000000000000000000000000000000000, bodyHashOrRecordId: 0x0000000000000000000000000000000000000000000000000000000000000000, purpose: 0x58de23804076d1b785b7479ab38fe6ada246e62164776702f51a1c48ef98cf99, subject: 0x6b8f0ae148ccfbd232f2f5088f5758ca8158d5a69aaabdc7fd072cbf75be2dc9, role: 0xc7c63b8bafc33aa5221fea52672881776f7b9d1aa8eebc29f8c758178230dd1a, target: 0xf38a5ee5db5fec548416dac4db004d588b5fc06503ad270978d9d8f08e9b64a5, expectedRevision: 0, salt: 0x0000000000000000000000000000000000000000000000000000000000000000 }), Action({ kind: 3, typeId: 0x0000000000000000000000000000000000000000000000000000000000000000, bodyHashOrRecordId: 0x0000000000000000000000000000000000000000000000000000000000000000, purpose: 0x073e0a1a729959d841354dbb760bf57802acc034630defb75862e5dda0f72c18, subject: 0xf38a5ee5db5fec548416dac4db004d588b5fc06503ad270978d9d8f08e9b64a5, role: 0x8b30951df380b6b10da747e1167dd8e40bf8604c88c75b245dc172767f3b7320, target: 0xf38a5ee5db5fec548416dac4db004d588b5fc06503ad270978d9d8f08e9b64a5, expectedRevision: 0, salt: 0x0000000000000000000000000000000000000000000000000000000000000000 })]) [staticcall]
    │   ├─ [441] TypeRegistry::epoch() [staticcall]
    │   │   └─ ← [Return] 7
    │   ├─ [1154] TypeRegistry::typeInfo(0x2db40fc5c9f87fff9029aba18f5e7a0bf1ffaee89f584eb521b7395c0d57ea21) [staticcall]
    │   │   └─ ← [Return] true, QuoteAcceptor: [0x212224D2F2d262cd093eE13240ca4873fcCBbA3C], 0xa7499e4b804d8895cefb1463a08dee2517de9717eaba15d470e841cd00367fff, 0x0000000000000000000000000000000000000000, 0x0000000000000000000000000000000000000000000000000000000000000000, 1, 1
    │   └─ ← [Return] 0x24a874a9a9c4f15cbcda6a9448aae5474e06becdd4419455a263b130ed033c57
    ├─ [866] Ledger::counts() [staticcall]
    │   └─ ← [Return] 3, 3, 0, 1
    ├─ [2886] Ledger::nonces(0xe05fcC23807536bEe418f142D19fa0d21BB0cfF7) [staticcall]
    │   └─ ← [Return] 0
    ├─ [455] Ledger::indexModule() [staticcall]
    │   └─ ← [Return] LateRefusingIndexModule: [0x2a07706473244BC757E10F2a9E86fB532828afe3]
    ├─ [501] LateRefusingIndexModule::attachedFrom() [staticcall]
    │   └─ ← [Return] 1
    ├─ [625] LateRefusingIndexModule::lastProcessed() [staticcall]
    │   └─ ← [Return] 3
    ├─ [587] LateRefusingIndexModule::lastPublication() [staticcall]
    │   └─ ← [Return] 1
    ├─ [345] LateRefusingIndexModule::generation() [staticcall]
    │   └─ ← [Return] 0
    ├─ [471] LateRefusingIndexModule::gapped() [staticcall]
    │   └─ ← [Return] false
    ├─ [148] LateRefusingIndexModule::FAMILY_SCOPE() [staticcall]
    │   └─ ← [Return] 0x1fd035d41e55e585706a270bca0fa36d150e1cc27de3a1b40654d1835f64287e
    ├─ [2588] LateRefusingIndexModule::coverage(0x1fd035d41e55e585706a270bca0fa36d150e1cc27de3a1b40654d1835f64287e, 0x0000000000000000000000000000000000000000000000000000000000000000) [staticcall]
    │   ├─ [866] Ledger::counts() [staticcall]
    │   │   └─ ← [Return] 3, 3, 0, 1
    │   └─ ← [Return] 2, 1, 3
    ├─ [417] LateRefusingIndexModule::FAMILY_HISTORY() [staticcall]
    │   └─ ← [Return] 0xde538e29eab73663949ae6239c90dea8948cf7297cf44d0c79621ef8bf06e8ab
    ├─ [2588] LateRefusingIndexModule::coverage(0xde538e29eab73663949ae6239c90dea8948cf7297cf44d0c79621ef8bf06e8ab, 0x0000000000000000000000000000000000000000000000000000000000000000) [staticcall]
    │   ├─ [866] Ledger::counts() [staticcall]
    │   │   └─ ← [Return] 3, 3, 0, 1
    │   └─ ← [Return] 2, 1, 3
    ├─ [395] LateRefusingIndexModule::FAMILY_BACKLINK() [staticcall]
    │   └─ ← [Return] 0xf564f360d1f5b65aacc3b70b5aa8bfd24bfcf28df404557ac647ae8d94954eb4
    ├─ [2588] LateRefusingIndexModule::coverage(0xf564f360d1f5b65aacc3b70b5aa8bfd24bfcf28df404557ac647ae8d94954eb4, 0x0000000000000000000000000000000000000000000000000000000000000000) [staticcall]
    │   ├─ [866] Ledger::counts() [staticcall]
    │   │   └─ ← [Return] 3, 3, 0, 1
    │   └─ ← [Return] 2, 1, 3
    ├─ [197] LateRefusingIndexModule::FAMILY_BY_TYPE() [staticcall]
    │   └─ ← [Return] 0xe4f7cc7ff76622e194a3ef2a8f23d6632b91cfda1f803fa443e9e04e43baa270
    ├─ [2588] LateRefusingIndexModule::coverage(0xe4f7cc7ff76622e194a3ef2a8f23d6632b91cfda1f803fa443e9e04e43baa270, 0x0000000000000000000000000000000000000000000000000000000000000000) [staticcall]
    │   ├─ [866] Ledger::counts() [staticcall]
    │   │   └─ ← [Return] 3, 3, 0, 1
    │   └─ ← [Return] 2, 1, 3
    ├─ [263] LateRefusingIndexModule::FAMILY_BY_AUTHOR() [staticcall]
    │   └─ ← [Return] 0xd674025fa1091f86834d22a642451cc45057f55537c4b4e65ee1139c390d1b8a
    ├─ [2588] LateRefusingIndexModule::coverage(0xd674025fa1091f86834d22a642451cc45057f55537c4b4e65ee1139c390d1b8a, 0x0000000000000000000000000000000000000000000000000000000000000000) [staticcall]
    │   ├─ [866] Ledger::counts() [staticcall]
    │   │   └─ ← [Return] 3, 3, 0, 1
    │   └─ ← [Return] 2, 1, 3
    ├─ [2025] Ledger::record(0xdcee1a18e773c4e23c675382b23918d0771ae6ff0a7f2c22d3e7298744331825) [staticcall]
    │   └─ ← [Return] 0x589d5624cb9167094eb8ee549683bdadc765c77ed4f894308dd376bbebc30019, 1, 1, 0x0000000000000000000000000000000000000000000000000000000000000001
    ├─ [2025] Ledger::record(0x22ad273e9b5cb707fadf826bf174c50a895a558924cc7ff0cca702bffbc6c4a2) [staticcall]
    │   └─ ← [Return] 0x589d5624cb9167094eb8ee549683bdadc765c77ed4f894308dd376bbebc30019, 2, 1, 0x0000000000000000000000000000000000000000000000000000000000000002
    ├─ [2635] Ledger::record(0x8a5c2dad2ae16fc84b82733f634dfb672bd79e90dce25bf0627089c548fe8531) [staticcall]
    │   └─ ← [Return] 0x98f15a281c3cdd9d4aabe4708ae98ab46688ebb588db2876ee56d2c9413ed691, 3, 1, 0xdcee1a18e773c4e23c675382b23918d0771ae6ff0a7f2c22d3e729874433182522ad273e9b5cb707fadf826bf174c50a895a558924cc7ff0cca702bffbc6c4a20000000000000000000000000000000000000000000000000000000000000001
    ├─ [5720] Ledger::record(0x939cfd72923d10d615557ff0b6c7b19b5f259692e9a71fb6c5f9b5ce03046655) [staticcall]
    │   └─ ← [Return] 0x0000000000000000000000000000000000000000000000000000000000000000, 0, 0, 0x
    ├─ [3175] Ledger::subjectCreatedAt(0xf38a5ee5db5fec548416dac4db004d588b5fc06503ad270978d9d8f08e9b64a5) [staticcall]
    │   └─ ← [Return] 0
    ├─ [15421] Ledger::evidence(2) [staticcall]
    │   └─ ← [Return] 0x0000000000000000000000000000000000000000, 0, 0, 0, 0, 0x0000000000000000000000000000000000000000000000000000000000000000, 0x0000000000000000000000000000000000000000000000000000000000000000, 0, 0, 0, 0x0000000000000000000000000000000000000000000000000000000000000000, 0x0000000000000000000000000000000000000000000000000000000000000000, 0x0000000000000000000000000000000000000000000000000000000000000000
    ├─ [20887] Ledger::sourceEvidence(2) [staticcall]
    │   └─ ← [Return] SourceEvidence({ realmId: 0x0000000000000000000000000000000000000000000000000000000000000000, coreCodeCommitment: 0x0000000000000000000000000000000000000000000000000000000000000000, acceptanceProfile: 0x0000000000000000000000000000000000000000000000000000000000000000, indexObligations: 0x0000000000000000000000000000000000000000000000000000000000000000, r: 0x0000000000000000000000000000000000000000000000000000000000000000, s: 0x0000000000000000000000000000000000000000000000000000000000000000, sourcePrincipal: 0x0000000000000000000000000000000000000000000000000000000000000000, author: 0x0000000000000000000000000000000000000000, nonce: 0, deadline: 0, v: 0, grade: 0 })
    ├─ [3241] Ledger::publicationOf(0x333b1376b2bed9c401e734be6afa80809fb8adfebe48893eea92d1e72a24faa6) [staticcall]
    │   └─ ← [Return] 0
    ├─ [7265] Ledger::admission(4) [staticcall]
    │   └─ ← [Return] 0, 0, 0, 0, 0, false, 0x0000000000000000000000000000000000000000000000000000000000000000, 0x0000000000000000000000000000000000000000000000000000000000000000
    ├─ [7265] Ledger::admission(5) [staticcall]
    │   └─ ← [Return] 0, 0, 0, 0, 0, false, 0x0000000000000000000000000000000000000000000000000000000000000000, 0x0000000000000000000000000000000000000000000000000000000000000000
    ├─ [7265] Ledger::admission(6) [staticcall]
    │   └─ ← [Return] 0, 0, 0, 0, 0, false, 0x0000000000000000000000000000000000000000000000000000000000000000, 0x0000000000000000000000000000000000000000000000000000000000000000
    ├─ [7265] Ledger::admission(7) [staticcall]
    │   └─ ← [Return] 0, 0, 0, 0, 0, false, 0x0000000000000000000000000000000000000000000000000000000000000000, 0x0000000000000000000000000000000000000000000000000000000000000000
    ├─ [7265] Ledger::admission(8) [staticcall]
    │   └─ ← [Return] 0, 0, 0, 0, 0, false, 0x0000000000000000000000000000000000000000000000000000000000000000, 0x0000000000000000000000000000000000000000000000000000000000000000
    ├─ [5548] Ledger::head(0xe3b433d16bd73e36cfc64a9a8527d5263f36c648ccd5018f16a29e74790027ab) [staticcall]
    │   └─ ← [Return] 0, 0, 0, 0, 0, 0x0000000000000000000000000000000000000000000000000000000000000000
    ├─ [5548] Ledger::head(0x29508140ed11e00d75e205718444b4113acbf972f7a05504f874edbf99694dbe) [staticcall]
    │   └─ ← [Return] 0, 0, 0, 0, 0, 0x0000000000000000000000000000000000000000000000000000000000000000
    ├─ [5548] Ledger::head(0x5765e6449d8537404367461493bd3f00b858fdd9908ec83aeb08973f0198e8ea) [staticcall]
    │   └─ ← [Return] 0, 0, 0, 0, 0, 0x0000000000000000000000000000000000000000000000000000000000000000
    ├─ [6622] Ledger::positionCell(0x3763cf737657937e5d5c2921955e78f7f3492cc80bf86f947891fa05c250a7ce) [staticcall]
    │   └─ ← [Return] 0x0000000000000000000000000000000000000000000000000000000000000000, 0x0000000000000000000000000000000000000000000000000000000000000000, 0x0000000000000000000000000000000000000000000000000000000000000000
    ├─ [6622] Ledger::positionCell(0x0ab270965ac71109062250c3555b016b9d24fd1adb8b8396802562de872bca1b) [staticcall]
    │   └─ ← [Return] 0x0000000000000000000000000000000000000000000000000000000000000000, 0x0000000000000000000000000000000000000000000000000000000000000000, 0x0000000000000000000000000000000000000000000000000000000000000000
    ├─ [6622] Ledger::positionCell(0x45cb7e5a3a69c17c5126fac713b01c23528c6fb6ee9247f904e26334e45bbb9d) [staticcall]
    │   └─ ← [Return] 0x0000000000000000000000000000000000000000000000000000000000000000, 0x0000000000000000000000000000000000000000000000000000000000000000, 0x0000000000000000000000000000000000000000000000000000000000000000
    ├─ [2516] Ledger::bindingPosition(1) [staticcall]
    │   └─ ← [Return] 0x0000000000000000000000000000000000000000000000000000000000000000
    ├─ [2516] Ledger::bindingPosition(2) [staticcall]
    │   └─ ← [Return] 0x0000000000000000000000000000000000000000000000000000000000000000
    ├─ [2516] Ledger::bindingPosition(3) [staticcall]
    │   └─ ← [Return] 0x0000000000000000000000000000000000000000000000000000000000000000
    ├─ [598] LateRefusingIndexModule::postingHead(0x056b052d92d4e78fa6d58b77cc3098b817586dfb45df57a828ca920dca277a2e) [staticcall]
    │   └─ ← [Return] 2, 2, 2, 0
    ├─ [649] LateRefusingIndexModule::postingWord(0x056b052d92d4e78fa6d58b77cc3098b817586dfb45df57a828ca920dca277a2e, 0) [staticcall]
    │   └─ ← [Return] 562949953421313 [5.629e14]
    ├─ [598] LateRefusingIndexModule::postingHead(0xc3cea6307fcd106804c04c06bf941d062d5f26cbc5b338f68333ec80159dd58c) [staticcall]
    │   └─ ← [Return] 1, 1, 3, 0
    ├─ [649] LateRefusingIndexModule::postingWord(0xc3cea6307fcd106804c04c06bf941d062d5f26cbc5b338f68333ec80159dd58c, 0) [staticcall]
    │   └─ ← [Return] 3
    ├─ [1350] Ledger::principalOf(Actor: [0xa0Cb889707d426A7A386870A03bc70d1b0697598]) [staticcall]
    │   └─ ← [Return] 0x48dacbce3fd7c9ac95afff5fd0afa396ad586efc33b7febdf55994386455ca80
    ├─ [598] LateRefusingIndexModule::postingHead(0x5eea4c9543febfa4ccef0e33aa18313617948ada869f1e7cb017eb7028d4c509) [staticcall]
    │   └─ ← [Return] 3, 3, 3, 0
    ├─ [649] LateRefusingIndexModule::postingWord(0x5eea4c9543febfa4ccef0e33aa18313617948ada869f1e7cb017eb7028d4c509, 0) [staticcall]
    │   └─ ← [Return] 237684487542793575730585272321 [2.376e29]
    ├─ [2598] LateRefusingIndexModule::postingHead(0x2253afa7e0aa1f769de77b84129c25c8272f32eede6e35dba6e5ceb2e5eb5682) [staticcall]
    │   └─ ← [Return] 0, 0, 0, 0
    ├─ [2649] LateRefusingIndexModule::postingWord(0x2253afa7e0aa1f769de77b84129c25c8272f32eede6e35dba6e5ceb2e5eb5682, 0) [staticcall]
    │   └─ ← [Return] 0
    ├─ [1094] Ledger::principalOf(0xe05fcC23807536bEe418f142D19fa0d21BB0cfF7) [staticcall]
    │   └─ ← [Return] 0x000000000000000000000000e05fcc23807536bee418f142d19fa0d21bb0cff7
    ├─ [2598] LateRefusingIndexModule::postingHead(0x034a2005df1073a1a6e9d89828426e05e5a1eaaa1de5181ae9020659e44dfa6f) [staticcall]
    │   └─ ← [Return] 0, 0, 0, 0
    ├─ [2649] LateRefusingIndexModule::postingWord(0x034a2005df1073a1a6e9d89828426e05e5a1eaaa1de5181ae9020659e44dfa6f, 0) [staticcall]
    │   └─ ← [Return] 0
    ├─ [1094] Ledger::principalOf(0xe05fcC23807536bEe418f142D19fa0d21BB0cfF7) [staticcall]
    │   └─ ← [Return] 0x000000000000000000000000e05fcc23807536bee418f142d19fa0d21bb0cff7
    ├─ [2598] LateRefusingIndexModule::postingHead(0xc052a3a687cdeca1d339e00e3f513bda51dae5c17340ca552ed308d9d2072a8b) [staticcall]
    │   └─ ← [Return] 0, 0, 0, 0
    ├─ [2649] LateRefusingIndexModule::postingWord(0xc052a3a687cdeca1d339e00e3f513bda51dae5c17340ca552ed308d9d2072a8b, 0) [staticcall]
    │   └─ ← [Return] 0
    ├─ [1094] Ledger::principalOf(0xe05fcC23807536bEe418f142D19fa0d21BB0cfF7) [staticcall]
    │   └─ ← [Return] 0x000000000000000000000000e05fcc23807536bee418f142d19fa0d21bb0cff7
    ├─ [2598] LateRefusingIndexModule::postingHead(0x0d84f2ca6d74f8f5be8a9f8a7839f8aa76079bc797802e71515fb03f3af0aeab) [staticcall]
    │   └─ ← [Return] 0, 0, 0, 0
    ├─ [2649] LateRefusingIndexModule::postingWord(0x0d84f2ca6d74f8f5be8a9f8a7839f8aa76079bc797802e71515fb03f3af0aeab, 0) [staticcall]
    │   └─ ← [Return] 0
    ├─ [1094] Ledger::principalOf(0xe05fcC23807536bEe418f142D19fa0d21BB0cfF7) [staticcall]
    │   └─ ← [Return] 0x000000000000000000000000e05fcc23807536bee418f142d19fa0d21bb0cff7
    ├─ [2598] LateRefusingIndexModule::postingHead(0x9ebb55d822296a51d0ccfb71c2def4eefb6a69dd2e47d4b04538ed462f3dae87) [staticcall]
    │   └─ ← [Return] 0, 0, 0, 0
    ├─ [2649] LateRefusingIndexModule::postingWord(0x9ebb55d822296a51d0ccfb71c2def4eefb6a69dd2e47d4b04538ed462f3dae87, 0) [staticcall]
    │   └─ ← [Return] 0
    ├─ [2598] LateRefusingIndexModule::postingHead(0xbdba7c00fe3c79bbe301f29c83e027437bfec2365bcd27ee1277b58544137767) [staticcall]
    │   └─ ← [Return] 0, 0, 0, 0
    ├─ [2649] LateRefusingIndexModule::postingWord(0xbdba7c00fe3c79bbe301f29c83e027437bfec2365bcd27ee1277b58544137767, 0) [staticcall]
    │   └─ ← [Return] 0
    ├─ [2598] LateRefusingIndexModule::postingHead(0x416cee088c4cc09df0445faa38bb22a6731c27a099cb43e7acf79a3c00996f34) [staticcall]
    │   └─ ← [Return] 0, 0, 0, 0
    ├─ [2649] LateRefusingIndexModule::postingWord(0x416cee088c4cc09df0445faa38bb22a6731c27a099cb43e7acf79a3c00996f34, 0) [staticcall]
    │   └─ ← [Return] 0
    ├─ [2598] LateRefusingIndexModule::postingHead(0x0cc3ad5dd0c186570d85dde1ec8ed510fdd711aacc3b3a051b25e9ebff9afff6) [staticcall]
    │   └─ ← [Return] 0, 0, 0, 0
    ├─ [2649] LateRefusingIndexModule::postingWord(0x0cc3ad5dd0c186570d85dde1ec8ed510fdd711aacc3b3a051b25e9ebff9afff6, 0) [staticcall]
    │   └─ ← [Return] 0
    ├─ [2598] LateRefusingIndexModule::postingHead(0x84ee7d247d71e2cd80987e9d9e4457ae512420a030009c22dc968625c492bc4b) [staticcall]
    │   └─ ← [Return] 0, 0, 0, 0
    ├─ [2649] LateRefusingIndexModule::postingWord(0x84ee7d247d71e2cd80987e9d9e4457ae512420a030009c22dc968625c492bc4b, 0) [staticcall]
    │   └─ ← [Return] 0
    ├─ [2598] LateRefusingIndexModule::postingHead(0x269852b195f85f6bd57fa6dc5b3ca46243d8fb48e23864dd1c3351ce8ae29c1b) [staticcall]
    │   └─ ← [Return] 0, 0, 0, 0
    ├─ [2649] LateRefusingIndexModule::postingWord(0x269852b195f85f6bd57fa6dc5b3ca46243d8fb48e23864dd1c3351ce8ae29c1b, 0) [staticcall]
    │   └─ ← [Return] 0
    ├─ [1421191] Ledger::executeSigned(Intent({ realmId: 0x684016e05741dc9d511ff3520a16e1da90a35be14b76f9e12ef0287b9beae39f, coreCodeCommitment: 0x8d8515f6c3bcfe36ad7422c67ece284c215a5b79e1ee2cc5afdd3f63d7cddcbe, author: 0xe05fcC23807536bEe418f142D19fa0d21BB0cfF7, nonce: 0, deadline: 1700003600 [1.7e9], acceptanceProfile: 0x24a874a9a9c4f15cbcda6a9448aae5474e06becdd4419455a263b130ed033c57, indexObligations: 0xcc135f6ba32bbdbb9a806ff2a80704a78fb6ba78c0916636e2a2b8f0c0397518 }), [Action({ kind: 5, typeId: 0x0000000000000000000000000000000000000000000000000000000000000000, bodyHashOrRecordId: 0x0000000000000000000000000000000000000000000000000000000000000000, purpose: 0x0000000000000000000000000000000000000000000000000000000000000000, subject: 0x0000000000000000000000000000000000000000000000000000000000000000, role: 0x0000000000000000000000000000000000000000000000000000000000000000, target: 0x0000000000000000000000000000000000000000000000000000000000000000, expectedRevision: 0, salt: 0x0000000000000000000000000000000000000000000000000000000000000001 }), Action({ kind: 1, typeId: 0x2db40fc5c9f87fff9029aba18f5e7a0bf1ffaee89f584eb521b7395c0d57ea21, bodyHashOrRecordId: 0x8d2f0b7b4cd24cd9347501f0b05605482e3b4712abaaee32c1287eef69eefc55, purpose: 0x0000000000000000000000000000000000000000000000000000000000000000, subject: 0x0000000000000000000000000000000000000000000000000000000000000000, role: 0x0000000000000000000000000000000000000000000000000000000000000000, target: 0x0000000000000000000000000000000000000000000000000000000000000000, expectedRevision: 0, salt: 0x0000000000000000000000000000000000000000000000000000000000000000 }), Action({ kind: 3, typeId: 0x0000000000000000000000000000000000000000000000000000000000000000, bodyHashOrRecordId: 0x0000000000000000000000000000000000000000000000000000000000000000, purpose: 0x07167a05890e9fcaccbdf11abbb65a3aa14bccfe41825ce441803003862ce5df, subject: 0xf38a5ee5db5fec548416dac4db004d588b5fc06503ad270978d9d8f08e9b64a5, role: 0x0000000000000000000000000000000000000000000000000000000000000000, target: 0x939cfd72923d10d615557ff0b6c7b19b5f259692e9a71fb6c5f9b5ce03046655, expectedRevision: 0, salt: 0x0000000000000000000000000000000000000000000000000000000000000000 }), Action({ kind: 3, typeId: 0x0000000000000000000000000000000000000000000000000000000000000000, bodyHashOrRecordId: 0x0000000000000000000000000000000000000000000000000000000000000000, purpose: 0x58de23804076d1b785b7479ab38fe6ada246e62164776702f51a1c48ef98cf99, subject: 0x6b8f0ae148ccfbd232f2f5088f5758ca8158d5a69aaabdc7fd072cbf75be2dc9, role: 0xc7c63b8bafc33aa5221fea52672881776f7b9d1aa8eebc29f8c758178230dd1a, target: 0xf38a5ee5db5fec548416dac4db004d588b5fc06503ad270978d9d8f08e9b64a5, expectedRevision: 0, salt: 0x0000000000000000000000000000000000000000000000000000000000000000 }), Action({ kind: 3, typeId: 0x0000000000000000000000000000000000000000000000000000000000000000, bodyHashOrRecordId: 0x0000000000000000000000000000000000000000000000000000000000000000, purpose: 0x073e0a1a729959d841354dbb760bf57802acc034630defb75862e5dda0f72c18, subject: 0xf38a5ee5db5fec548416dac4db004d588b5fc06503ad270978d9d8f08e9b64a5, role: 0x8b30951df380b6b10da747e1167dd8e40bf8604c88c75b245dc172767f3b7320, target: 0xf38a5ee5db5fec548416dac4db004d588b5fc06503ad270978d9d8f08e9b64a5, expectedRevision: 0, salt: 0x0000000000000000000000000000000000000000000000000000000000000000 })], [0x, 0x8a5c2dad2ae16fc84b82733f634dfb672bd79e90dce25bf0627089c548fe8531000000000000000000000000000000000000000000000000000000009502f9000000000000000000000000000000000000000000000000000000000000000006000000000000000000000000000000000000000000000000000000006b49d200ea51e8c38c6dcf2d50a91e3db4784be38aeaf3728d1ef153b525df484e652345, 0x, 0x, 0x], 0xdd6cc421ba76050c296a022d4310d2c0368d1f00047bc3a5371742d5f2bc8f322c7a01c3de5180fa088f3d5eb2060f2ce910961ca4909a1f58ca2e075b3f74e61c)
    │   ├─ [441] TypeRegistry::epoch() [staticcall]
    │   │   └─ ← [Return] 7
    │   ├─ [1154] TypeRegistry::typeInfo(0x2db40fc5c9f87fff9029aba18f5e7a0bf1ffaee89f584eb521b7395c0d57ea21) [staticcall]
    │   │   └─ ← [Return] true, QuoteAcceptor: [0x212224D2F2d262cd093eE13240ca4873fcCBbA3C], 0xa7499e4b804d8895cefb1463a08dee2517de9717eaba15d470e841cd00367fff, 0x0000000000000000000000000000000000000000, 0x0000000000000000000000000000000000000000000000000000000000000000, 1, 1
    │   ├─ [3000] PRECOMPILES::ecrecover(0xc9968752e4400446552fc26611a44e837d9654c8678d7a73951e18779cb1c7f2, 28, 100153312671496785050396611064125518086327436942667699994465501530417478274866, 20117332861915488336834400674333955676552598363723110232216545845938592117990) [staticcall]
    │   │   └─ ← [Return] 0xe05fcC23807536bEe418f142D19fa0d21BB0cfF7
    │   ├─ emit Admitted(author: 0x000000000000000000000000e05fcc23807536bee418f142d19fa0d21bb0cff7, scope: 0xf38a5ee5db5fec548416dac4db004d588b5fc06503ad270978d9d8f08e9b64a5, recordId: 0x0000000000000000000000000000000000000000000000000000000000000000, admission: 4)
    │   ├─ [1154] TypeRegistry::typeInfo(0x2db40fc5c9f87fff9029aba18f5e7a0bf1ffaee89f584eb521b7395c0d57ea21) [staticcall]
    │   │   └─ ← [Return] true, QuoteAcceptor: [0x212224D2F2d262cd093eE13240ca4873fcCBbA3C], 0xa7499e4b804d8895cefb1463a08dee2517de9717eaba15d470e841cd00367fff, 0x0000000000000000000000000000000000000000, 0x0000000000000000000000000000000000000000000000000000000000000000, 1, 1
    │   ├─ [5038] TypeRegistry::refTypes(0x2db40fc5c9f87fff9029aba18f5e7a0bf1ffaee89f584eb521b7395c0d57ea21) [staticcall]
    │   │   └─ ← [Return] [0x98f15a281c3cdd9d4aabe4708ae98ab46688ebb588db2876ee56d2c9413ed691]
    │   ├─ [998] QuoteAcceptor::accept(0x2db40fc5c9f87fff9029aba18f5e7a0bf1ffaee89f584eb521b7395c0d57ea21, 0x8a5c2dad2ae16fc84b82733f634dfb672bd79e90dce25bf0627089c548fe8531000000000000000000000000000000000000000000000000000000009502f9000000000000000000000000000000000000000000000000000000000000000006000000000000000000000000000000000000000000000000000000006b49d200ea51e8c38c6dcf2d50a91e3db4784be38aeaf3728d1ef153b525df484e652345, [0x8a5c2dad2ae16fc84b82733f634dfb672bd79e90dce25bf0627089c548fe8531]) [staticcall]
    │   │   └─ ← [Return] true
    │   ├─ emit Admitted(author: 0x000000000000000000000000e05fcc23807536bee418f142d19fa0d21bb0cff7, scope: 0x2db40fc5c9f87fff9029aba18f5e7a0bf1ffaee89f584eb521b7395c0d57ea21, recordId: 0x939cfd72923d10d615557ff0b6c7b19b5f259692e9a71fb6c5f9b5ce03046655, admission: 5)
    │   ├─ [2421] TypeRegistry::bindingRefType(0x07167a05890e9fcaccbdf11abbb65a3aa14bccfe41825ce441803003862ce5df, 0x0000000000000000000000000000000000000000000000000000000000000000) [staticcall]
    │   │   └─ ← [Return] 0x0000000000000000000000000000000000000000000000000000000000000000
    │   ├─ emit Admitted(author: 0x000000000000000000000000e05fcc23807536bee418f142d19fa0d21bb0cff7, scope: 0xd3ca2016fab275e3e54c75668977603dc0be5313a91cff6394ad3110dadc1054, recordId: 0x939cfd72923d10d615557ff0b6c7b19b5f259692e9a71fb6c5f9b5ce03046655, admission: 6)
    │   ├─ [2421] TypeRegistry::bindingRefType(0x58de23804076d1b785b7479ab38fe6ada246e62164776702f51a1c48ef98cf99, 0xc7c63b8bafc33aa5221fea52672881776f7b9d1aa8eebc29f8c758178230dd1a) [staticcall]
    │   │   └─ ← [Return] 0x0000000000000000000000000000000000000000000000000000000000000000
    │   ├─ emit Admitted(author: 0x000000000000000000000000e05fcc23807536bee418f142d19fa0d21bb0cff7, scope: 0xacdedd9616efb976bfcf2fa693c5d69d7b8be8854803dfd98ce51a3721bd8189, recordId: 0xf38a5ee5db5fec548416dac4db004d588b5fc06503ad270978d9d8f08e9b64a5, admission: 7)
    │   ├─ [2421] TypeRegistry::bindingRefType(0x073e0a1a729959d841354dbb760bf57802acc034630defb75862e5dda0f72c18, 0x8b30951df380b6b10da747e1167dd8e40bf8604c88c75b245dc172767f3b7320) [staticcall]
    │   │   └─ ← [Return] 0x0000000000000000000000000000000000000000000000000000000000000000
    │   ├─ emit Admitted(author: 0x000000000000000000000000e05fcc23807536bee418f142d19fa0d21bb0cff7, scope: 0xec70f47d0d57410e68dc860f66f319dfda74a14898c536db8a545c8775919a8f, recordId: 0xf38a5ee5db5fec548416dac4db004d588b5fc06503ad270978d9d8f08e9b64a5, admission: 8)
    │   ├─ [421797] LateRefusingIndexModule::onAdmission(2, [Effect({ kind: 5, admission: 4, author: 0x000000000000000000000000e05fcc23807536bee418f142d19fa0d21bb0cff7, recordId: 0xf38a5ee5db5fec548416dac4db004d588b5fc06503ad270978d9d8f08e9b64a5, typeId: 0x0000000000000000000000000000000000000000000000000000000000000000, scopeKey: 0x0000000000000000000000000000000000000000000000000000000000000000, bindingKey: 0x0000000000000000000000000000000000000000000000000000000000000000, bindingOrdinal: 0, target: 0x0000000000000000000000000000000000000000000000000000000000000000, oldTarget: 0x0000000000000000000000000000000000000000000000000000000000000000, freshBinding: false, oldLive: false }), Effect({ kind: 1, admission: 5, author: 0x000000000000000000000000e05fcc23807536bee418f142d19fa0d21bb0cff7, recordId: 0x939cfd72923d10d615557ff0b6c7b19b5f259692e9a71fb6c5f9b5ce03046655, typeId: 0x2db40fc5c9f87fff9029aba18f5e7a0bf1ffaee89f584eb521b7395c0d57ea21, scopeKey: 0x0000000000000000000000000000000000000000000000000000000000000000, bindingKey: 0x0000000000000000000000000000000000000000000000000000000000000000, bindingOrdinal: 0, target: 0x0000000000000000000000000000000000000000000000000000000000000000, oldTarget: 0x0000000000000000000000000000000000000000000000000000000000000000, freshBinding: false, oldLive: false }), Effect({ kind: 3, admission: 6, author: 0x000000000000000000000000e05fcc23807536bee418f142d19fa0d21bb0cff7, recordId: 0x939cfd72923d10d615557ff0b6c7b19b5f259692e9a71fb6c5f9b5ce03046655, typeId: 0x2db40fc5c9f87fff9029aba18f5e7a0bf1ffaee89f584eb521b7395c0d57ea21, scopeKey: 0xd3ca2016fab275e3e54c75668977603dc0be5313a91cff6394ad3110dadc1054, bindingKey: 0xe3b433d16bd73e36cfc64a9a8527d5263f36c648ccd5018f16a29e74790027ab, bindingOrdinal: 1, target: 0x939cfd72923d10d615557ff0b6c7b19b5f259692e9a71fb6c5f9b5ce03046655, oldTarget: 0x0000000000000000000000000000000000000000000000000000000000000000, freshBinding: true, oldLive: false }), Effect({ kind: 3, admission: 7, author: 0x000000000000000000000000e05fcc23807536bee418f142d19fa0d21bb0cff7, recordId: 0xf38a5ee5db5fec548416dac4db004d588b5fc06503ad270978d9d8f08e9b64a5, typeId: 0x0000000000000000000000000000000000000000000000000000000000000000, scopeKey: 0xacdedd9616efb976bfcf2fa693c5d69d7b8be8854803dfd98ce51a3721bd8189, bindingKey: 0x29508140ed11e00d75e205718444b4113acbf972f7a05504f874edbf99694dbe, bindingOrdinal: 2, target: 0xf38a5ee5db5fec548416dac4db004d588b5fc06503ad270978d9d8f08e9b64a5, oldTarget: 0x0000000000000000000000000000000000000000000000000000000000000000, freshBinding: true, oldLive: false }), Effect({ kind: 3, admission: 8, author: 0x000000000000000000000000e05fcc23807536bee418f142d19fa0d21bb0cff7, recordId: 0xf38a5ee5db5fec548416dac4db004d588b5fc06503ad270978d9d8f08e9b64a5, typeId: 0x0000000000000000000000000000000000000000000000000000000000000000, scopeKey: 0xec70f47d0d57410e68dc860f66f319dfda74a14898c536db8a545c8775919a8f, bindingKey: 0x5765e6449d8537404367461493bd3f00b858fdd9908ec83aeb08973f0198e8ea, bindingOrdinal: 3, target: 0xf38a5ee5db5fec548416dac4db004d588b5fc06503ad270978d9d8f08e9b64a5, oldTarget: 0x0000000000000000000000000000000000000000000000000000000000000000, freshBinding: true, oldLive: false })])
    │   │   └─ ← [Stop]
    │   ├─ emit Published(publication: 2, publicationId: 0x333b1376b2bed9c401e734be6afa80809fb8adfebe48893eea92d1e72a24faa6, author: 0xe05fcC23807536bEe418f142D19fa0d21BB0cfF7, proofKind: 2, firstAdmission: 4, leafCount: 5)
    │   └─ ← [Return] 2, 4
    └─ ← [Revert] late market poison must refuse after normal maintenance

Backtrace:
  at MatchedRollbackTest.test_scale_six_complete_a1_late_tag_refusal_rolls_back_full_prefix

[PASS] test_scale_six_complete_a1_zero_poison_calibrates_full_state() (gas: 3874125)
Suite result: FAILED. 3 passed; 1 failed; 0 skipped; finished in 13.12ms (9.94ms CPU time)

Ran 1 test suite in 27.23ms (13.12ms CPU time): 3 tests passed, 1 failed, 0 skipped (4 total tests)

Failing tests:
Encountered 1 failing test in test/MatchedRollback.t.sol:MatchedRollbackTest
[FAIL: late market poison must refuse after normal maintenance] test_scale_six_complete_a1_late_tag_refusal_rolls_back_full_prefix() (gas: 3729301)

Encountered a total of 1 failing tests, 3 tests succeeded

Tip: Run `forge test --rerun` to retry only the 1 failed test
