Solc 0.8.30 finished in 13.39s
Compiler run successful with warnings:
Warning (2519): This declaration shadows an existing declaration.
  --> src/Keys.sol:92:21:
   |
92 |     function record(bytes32 typeId, bytes memory data) internal pure returns (bytes32) {
   |                     ^^^^^^^^^^^^^^
Note: The shadowed declaration is here:
  --> src/Keys.sol:88:5:
   |
88 |     function typeId(bytes32 shape, bytes32[] memory refTypes, bytes32 ruleId) internal pure returns (bytes32) {
   |     ^ (Relevant source part starts here and spans across multiple lines).

Warning (2519): This declaration shadows an existing declaration.
  --> src/Keys.sol:97:29:
   |
97 |     function recordFromHash(bytes32 typeId, bytes32 bodyHash) internal pure returns (bytes32) {
   |                             ^^^^^^^^^^^^^^
Note: The shadowed declaration is here:
  --> src/Keys.sol:88:5:
   |
88 |     function typeId(bytes32 shape, bytes32[] memory refTypes, bytes32 ruleId) internal pure returns (bytes32) {
   |     ^ (Relevant source part starts here and spans across multiple lines).

Warning (2519): This declaration shadows an existing declaration.
   --> src/Keys.sol:117:22:
    |
117 |     function posting(bytes32 typeId, uint8 kind, uint8 ordinal, bytes32 valueKey) internal pure returns (bytes32) {
    |                      ^^^^^^^^^^^^^^
Note: The shadowed declaration is here:
  --> src/Keys.sol:88:5:
   |
88 |     function typeId(bytes32 shape, bytes32[] memory refTypes, bytes32 ruleId) internal pure returns (bytes32) {
   |     ^ (Relevant source part starts here and spans across multiple lines).

Warning (2519): This declaration shadows an existing declaration.
   --> src/Keys.sol:121:25:
    |
121 |     function byTypeList(bytes32 typeId) internal pure returns (bytes32) {
    |                         ^^^^^^^^^^^^^^
Note: The shadowed declaration is here:
  --> src/Keys.sol:88:5:
   |
88 |     function typeId(bytes32 shape, bytes32[] memory refTypes, bytes32 ruleId) internal pure returns (bytes32) {
   |     ^ (Relevant source part starts here and spans across multiple lines).

Warning (3860): Contract initcode size is 141870 bytes and exceeds 49152 bytes (a limit introduced in Shanghai). This contract may not be deployable on Mainnet. Consider enabling the optimizer (with a low "runs" value!), turning off revert strings, or using libraries.
  --> test/Guarded1271.t.sol:41:1:
   |
41 | contract Guarded1271Test is Guarded1271Harness {
   | ^ (Relevant source part starts here and spans across multiple lines).


Ran 1 test for test/Guarded1271.t.sol:Guarded1271Test
[PASS] test_later_action_rule_index_and_enclosing_app_rollback_evidence() (gas: 3656448)
Suite result: ok. 1 passed; 0 failed; 0 skipped; finished in 10.77ms (1.41ms CPU time)

Ran 1 test suite in 21.66ms (10.77ms CPU time): 1 tests passed, 0 failed, 0 skipped (1 total tests)
