Compiling 7 files with Solc 0.8.30
Solc 0.8.30 finished in 26.47s
Compiler run successful with warnings:
Warning (2519): This declaration shadows an existing declaration.
  --> src/Keys.sol:92:21:
   |
92 |     function record(bytes32 typeId, bytes memory data) internal pure returns (bytes32) {
   |                     ^^^^^^^^^^^^^^
Note: The shadowed declaration is here:
  --> src/Keys.sol:88:5:
   |
88 |     function typeId(bytes32 shape, bytes32[] memory refTypes, bytes32 ruleId) internal pure returns (bytes32) {
   |     ^ (Relevant source part starts here and spans across multiple lines).

Warning (2519): This declaration shadows an existing declaration.
  --> src/Keys.sol:97:29:
   |
97 |     function recordFromHash(bytes32 typeId, bytes32 bodyHash) internal pure returns (bytes32) {
   |                             ^^^^^^^^^^^^^^
Note: The shadowed declaration is here:
  --> src/Keys.sol:88:5:
   |
88 |     function typeId(bytes32 shape, bytes32[] memory refTypes, bytes32 ruleId) internal pure returns (bytes32) {
   |     ^ (Relevant source part starts here and spans across multiple lines).

Warning (2519): This declaration shadows an existing declaration.
   --> src/Keys.sol:117:22:
    |
117 |     function posting(bytes32 typeId, uint8 kind, uint8 ordinal, bytes32 valueKey) internal pure returns (bytes32) {
    |                      ^^^^^^^^^^^^^^
Note: The shadowed declaration is here:
  --> src/Keys.sol:88:5:
   |
88 |     function typeId(bytes32 shape, bytes32[] memory refTypes, bytes32 ruleId) internal pure returns (bytes32) {
   |     ^ (Relevant source part starts here and spans across multiple lines).

Warning (2519): This declaration shadows an existing declaration.
   --> src/Keys.sol:121:25:
    |
121 |     function byTypeList(bytes32 typeId) internal pure returns (bytes32) {
    |                         ^^^^^^^^^^^^^^
Note: The shadowed declaration is here:
  --> src/Keys.sol:88:5:
   |
88 |     function typeId(bytes32 shape, bytes32[] memory refTypes, bytes32 ruleId) internal pure returns (bytes32) {
   |     ^ (Relevant source part starts here and spans across multiple lines).

Warning (2018): Function state mutability can be restricted to view
  --> test/FilesDirectoryProfile.t.sol:60:5:
   |
60 |     function test_directory_pin_rejects_wrong_rule_hash() public {
   |     ^ (Relevant source part starts here and spans across multiple lines).

Warning (2018): Function state mutability can be restricted to view
  --> test/FoundationGuard.t.sol:60:5:
   |
60 |     function testReadSetRejectsDuplicatesLengthsAndBounds() public {
   |     ^ (Relevant source part starts here and spans across multiple lines).

Warning (3860): Contract initcode size is 316477 bytes and exceeds 49152 bytes (a limit introduced in Shanghai). This contract may not be deployable on Mainnet. Consider enabling the optimizer (with a low "runs" value!), turning off revert strings, or using libraries.
  --> test/FilesQueryOrigin.t.sol:10:1:
   |
10 | contract FilesQueryOriginTest is FilesPageReaderTest {
   | ^ (Relevant source part starts here and spans across multiple lines).

Warning (3860): Contract initcode size is 304270 bytes and exceeds 49152 bytes (a limit introduced in Shanghai). This contract may not be deployable on Mainnet. Consider enabling the optimizer (with a low "runs" value!), turning off revert strings, or using libraries.
  --> test/FilesRetainedQuery.t.sol:10:1:
   |
10 | contract FilesRetainedQueryTest is FilesPageReaderTest {
   | ^ (Relevant source part starts here and spans across multiple lines).

Warning (3860): Contract initcode size is 107495 bytes and exceeds 49152 bytes (a limit introduced in Shanghai). This contract may not be deployable on Mainnet. Consider enabling the optimizer (with a low "runs" value!), turning off revert strings, or using libraries.
 --> test/FoundationGuard.t.sol:9:1:
  |
9 | contract FoundationGuardTest is LabBase {
  | ^ (Relevant source part starts here and spans across multiple lines).

Warning (3860): Contract initcode size is 106899 bytes and exceeds 49152 bytes (a limit introduced in Shanghai). This contract may not be deployable on Mainnet. Consider enabling the optimizer (with a low "runs" value!), turning off revert strings, or using libraries.
 --> test/LensReview.t.sol:9:1:
  |
9 | contract LensReviewTest is LabBase {
  | ^ (Relevant source part starts here and spans across multiple lines).

Warning (3860): Contract initcode size is 99994 bytes and exceeds 49152 bytes (a limit introduced in Shanghai). This contract may not be deployable on Mainnet. Consider enabling the optimizer (with a low "runs" value!), turning off revert strings, or using libraries.
  --> test/ReadSetCarrier.t.sol:15:1:
   |
15 | contract ReadSetCarrierTest is LabBase {
   | ^ (Relevant source part starts here and spans across multiple lines).


Ran 3 tests for test/SelectionHead.t.sol:SelectionHeadTest
[PASS] test_selection_absent_live_mask_and_raw_guard_parity() (gas: 2141563)
[PASS] test_selection_malformed_raw_target_retained_and_wide_metadata() (gas: 74374)
[PASS] test_selection_newer_tombstone_retains_history_at_origin() (gas: 2182012)
Suite result: ok. 3 passed; 0 failed; 0 skipped; finished in 11.01ms (3.01ms CPU time)

Ran 7 tests for test/LensReview.t.sol:LensReviewTest
[PASS] testAddressAndPrincipalSelectionMaskConflictAndPagingParity() (gas: 5514372)
[PASS] testAddressAndPrincipalUnknownCoverageParity() (gas: 11304438)
[PASS] testExplicitAdmissionPinRemainsStricterThanLegacyAuditCursor() (gas: 2402289)
[PASS] testQualifiedHistoryRejectsOtherLedgersCompleteEmptyIndex() (gas: 15488101)
[PASS] testQualifiedListRejectsOtherLedgersCompleteEmptyIndex() (gas: 15495614)
[PASS] testQualifiedOwnershipValidDetachedAndZeroIndexControls() (gas: 4394580)
[PASS] testZeroExecutionRejectsEveryNoncanonicalFirstCursorField() (gas: 1522456)
Suite result: ok. 7 passed; 0 failed; 0 skipped; finished in 14.44ms (12.70ms CPU time)

Ran 4 tests for test/ReadSetCarrier.t.sol:ReadSetCarrierTest
[PASS] testCorruptPrefixSizeAndHashCannotMasqueradeAsReadSet() (gas: 1556132)
[PASS] testLargeReadSetLivesInCarrierAndRepeatCreatesNothing() (gas: 8849069)
[PASS] testRejectedPublicationRollsBackCarrierNoncePointerEvidenceAndAuthorNonce() (gas: 1703084)
[PASS] testUnknownAndCanonicalEmptyRemainDifferent() (gas: 855889)
Suite result: ok. 4 passed; 0 failed; 0 skipped; finished in 19.59ms (14.25ms CPU time)

Ran 24 tests for test/FilesPageReader.t.sol:FilesPageReaderTest
[PASS] test_carrier_child_reverse_parent_postings_and_reuse() (gas: 3887774)
[PASS] test_directory_exact_body_length_required() (gas: 1073343)
[PASS] test_directory_pin_rejects_wrong_rule_hash() (gas: 26215)
[PASS] test_file_subject_parent_raw_ingress_rejected() (gas: 2439602)
[PASS] test_lookalike_type_with_wrong_rule_is_not_a_directory() (gas: 3656869)
[PASS] test_missing_zero_and_wrong_length_directory_seeds_rejected() (gas: 1861584)
[PASS] test_nonexistent_parent_raw_ingress_rejected() (gas: 2044078)
[PASS] test_page_conflict_keeps_file_tag_and_unknown_revision_tag() (gas: 13052883)
[PASS] test_page_continuations_bind_caller_filter_basis_and_swap_removal() (gas: 14519737)
[PASS] test_page_fault_matrix_matches_independent_point_and_name_oracles() (gas: 17381552)
[PASS] test_page_forged_terminal_cannot_license_whole_query_absence() (gas: 15248337)
[PASS] test_page_header_helper_refuses_unguarded_external_use() (gas: 10921686)
[PASS] test_page_masked_budget_exhaustion_is_partial_not_empty() (gas: 13365874)
[PASS] test_page_name_header_and_tag_failures_keep_known_axes() (gas: 12455389)
[PASS] test_page_partial_family_coverage_is_unknown() (gas: 10980076)
[PASS] test_page_unavailable_head_keeps_selected_placement_name_and_file_tag() (gas: 11712398)
[PASS] test_page_uncertain_join_cannot_license_filtered_empty_origin() (gas: 12333750)
[PASS] test_page_unsupported_header_cannot_disappear_under_filter() (gas: 12164869)
[PASS] test_required_index_failure_rolls_back_whole_signed_batch() (gas: 1603759)
[PASS] test_self_link_raw_ingress_rejected() (gas: 2631993)
[PASS] test_unrelated_record_parent_raw_ingress_rejected() (gas: 2619805)
[PASS] test_unrelated_record_target_raw_ingress_rejected() (gas: 3184993)
[PASS] test_valid_directory_bootstrap_and_nested_file_without_head() (gas: 5218443)
[PASS] test_withdrawn_descriptor_remains_valid_and_bind_before_name_parent_publish_is_atomic() (gas: 3244601)
Suite result: ok. 24 passed; 0 failed; 0 skipped; finished in 54.89ms (60.91ms CPU time)

Ran 33 tests for test/FilesQueryOrigin.t.sol:FilesQueryOriginTest
[PASS] test_carrier_child_reverse_parent_postings_and_reuse() (gas: 3887812)
[PASS] test_directory_exact_body_length_required() (gas: 1073425)
[PASS] test_directory_pin_rejects_wrong_rule_hash() (gas: 26443)
[PASS] test_file_subject_parent_raw_ingress_rejected() (gas: 2439683)
[PASS] test_lookalike_type_with_wrong_rule_is_not_a_directory() (gas: 3656906)
[PASS] test_missing_zero_and_wrong_length_directory_seeds_rejected() (gas: 1861666)
[PASS] test_nonexistent_parent_raw_ingress_rejected() (gas: 2044125)
[PASS] test_page_conflict_keeps_file_tag_and_unknown_revision_tag() (gas: 13053084)
[PASS] test_page_continuations_bind_caller_filter_basis_and_swap_removal() (gas: 14519943)
[PASS] test_page_fault_matrix_matches_independent_point_and_name_oracles() (gas: 17381961)
[PASS] test_page_forged_terminal_cannot_license_whole_query_absence() (gas: 15248624)
[PASS] test_page_header_helper_refuses_unguarded_external_use() (gas: 10921900)
[PASS] test_page_masked_budget_exhaustion_is_partial_not_empty() (gas: 13366045)
[PASS] test_page_name_header_and_tag_failures_keep_known_axes() (gas: 12455732)
[PASS] test_page_partial_family_coverage_is_unknown() (gas: 10980223)
[PASS] test_page_unavailable_head_keeps_selected_placement_name_and_file_tag() (gas: 11712532)
[PASS] test_page_uncertain_join_cannot_license_filtered_empty_origin() (gas: 12333883)
[PASS] test_page_unsupported_header_cannot_disappear_under_filter() (gas: 12165086)
[PASS] test_query_empty_consumed_terminal_scopes_guarded_other_folder_allowed() (gas: 15471618)
[PASS] test_query_historical_heads_masks_first_head_tags_and_conflict() (gas: 25825142)
[PASS] test_query_missing_history_keeps_unknown_and_never_falls_through() (gas: 15834314)
[PASS] test_query_nested_origin_generation_epoch_execution_and_gap_refuse() (gas: 15577305)
[PASS] test_query_owned_negative_is_historical_not_current_authority() (gas: 13900044)
[PASS] test_query_owned_prefix_progress_and_reject_foreign_restart_suffix() (gas: 16187260)
[PASS] test_query_owned_unknown_and_old_empty_start_refuse_absence() (gas: 14677098)
[PASS] test_query_post_origin_withdrawal_preserves_retained_headers() (gas: 15172956)
[PASS] test_query_selected_overwrite_mask_swap_restore_refuse() (gas: 55287122)
[PASS] test_required_index_failure_rolls_back_whole_signed_batch() (gas: 1603991)
[PASS] test_self_link_raw_ingress_rejected() (gas: 2632184)
[PASS] test_unrelated_record_parent_raw_ingress_rejected() (gas: 2620018)
[PASS] test_unrelated_record_target_raw_ingress_rejected() (gas: 3185075)
[PASS] test_valid_directory_bootstrap_and_nested_file_without_head() (gas: 5218635)
[PASS] test_withdrawn_descriptor_remains_valid_and_bind_before_name_parent_publish_is_atomic() (gas: 3244808)
Suite result: ok. 33 passed; 0 failed; 0 skipped; finished in 54.92ms (125.16ms CPU time)

Ran 26 tests for test/FilesRetainedQuery.t.sol:FilesRetainedQueryTest
[PASS] test_carrier_child_reverse_parent_postings_and_reuse() (gas: 3887774)
[PASS] test_directory_exact_body_length_required() (gas: 1073365)
[PASS] test_directory_pin_rejects_wrong_rule_hash() (gas: 26259)
[PASS] test_file_subject_parent_raw_ingress_rejected() (gas: 2439624)
[PASS] test_lookalike_type_with_wrong_rule_is_not_a_directory() (gas: 3656869)
[PASS] test_missing_zero_and_wrong_length_directory_seeds_rejected() (gas: 1861606)
[PASS] test_nonexistent_parent_raw_ingress_rejected() (gas: 2044078)
[PASS] test_page_conflict_keeps_file_tag_and_unknown_revision_tag() (gas: 13052869)
[PASS] test_page_continuations_bind_caller_filter_basis_and_swap_removal() (gas: 14519725)
[PASS] test_page_fault_matrix_matches_independent_point_and_name_oracles() (gas: 17381579)
[PASS] test_page_forged_terminal_cannot_license_whole_query_absence() (gas: 15248347)
[PASS] test_page_header_helper_refuses_unguarded_external_use() (gas: 10921713)
[PASS] test_page_masked_budget_exhaustion_is_partial_not_empty() (gas: 13365879)
[PASS] test_page_name_header_and_tag_failures_keep_known_axes() (gas: 12455372)
[PASS] test_page_partial_family_coverage_is_unknown() (gas: 10980102)
[PASS] test_page_unavailable_head_keeps_selected_placement_name_and_file_tag() (gas: 11712352)
[PASS] test_page_uncertain_join_cannot_license_filtered_empty_origin() (gas: 12333733)
[PASS] test_page_unsupported_header_cannot_disappear_under_filter() (gas: 12164823)
[PASS] test_required_index_failure_rolls_back_whole_signed_batch() (gas: 1603803)
[PASS] test_retained_placement_uses_historical_higher_masks_and_origin_lengths() (gas: 15940098)
[PASS] test_retained_query_advances_across_selected_folder_churn() (gas: 17614692)
[PASS] test_self_link_raw_ingress_rejected() (gas: 2632037)
[PASS] test_unrelated_record_parent_raw_ingress_rejected() (gas: 2619849)
[PASS] test_unrelated_record_target_raw_ingress_rejected() (gas: 3185015)
[PASS] test_valid_directory_bootstrap_and_nested_file_without_head() (gas: 5218487)
[PASS] test_withdrawn_descriptor_remains_valid_and_bind_before_name_parent_publish_is_atomic() (gas: 3244677)
Suite result: ok. 26 passed; 0 failed; 0 skipped; finished in 57.67ms (92.91ms CPU time)

Ran 25 tests for test/SelectionHead.t.sol:SelectionHeadFilesTest
[PASS] test_carrier_child_reverse_parent_postings_and_reuse() (gas: 3887926)
[PASS] test_directory_exact_body_length_required() (gas: 1073397)
[PASS] test_directory_pin_rejects_wrong_rule_hash() (gas: 26309)
[PASS] test_file_subject_parent_raw_ingress_rejected() (gas: 2439648)
[PASS] test_lookalike_type_with_wrong_rule_is_not_a_directory() (gas: 3656936)
[PASS] test_missing_zero_and_wrong_length_directory_seeds_rejected() (gas: 1861750)
[PASS] test_nonexistent_parent_raw_ingress_rejected() (gas: 2044113)
[PASS] test_page_conflict_keeps_file_tag_and_unknown_revision_tag() (gas: 13053009)
[PASS] test_page_continuations_bind_caller_filter_basis_and_swap_removal() (gas: 14519848)
[PASS] test_page_fault_matrix_matches_independent_point_and_name_oracles() (gas: 17381744)
[PASS] test_page_forged_terminal_cannot_license_whole_query_absence() (gas: 15248434)
[PASS] test_page_header_helper_refuses_unguarded_external_use() (gas: 10921773)
[PASS] test_page_masked_budget_exhaustion_is_partial_not_empty() (gas: 13365996)
[PASS] test_page_name_header_and_tag_failures_keep_known_axes() (gas: 12455587)
[PASS] test_page_partial_family_coverage_is_unknown() (gas: 10980178)
[PASS] test_page_unavailable_head_keeps_selected_placement_name_and_file_tag() (gas: 11712537)
[PASS] test_page_uncertain_join_cannot_license_filtered_empty_origin() (gas: 12333906)
[PASS] test_page_unsupported_header_cannot_disappear_under_filter() (gas: 12165059)
[PASS] test_required_index_failure_rolls_back_whole_signed_batch() (gas: 1603912)
[PASS] test_selection_full_rows_history_withdrawal_unknown_scope_parity() (gas: 36161944)
[PASS] test_self_link_raw_ingress_rejected() (gas: 2632034)
[PASS] test_unrelated_record_parent_raw_ingress_rejected() (gas: 2619868)
[PASS] test_unrelated_record_target_raw_ingress_rejected() (gas: 3185059)
[PASS] test_valid_directory_bootstrap_and_nested_file_without_head() (gas: 5218539)
[PASS] test_withdrawn_descriptor_remains_valid_and_bind_before_name_parent_publish_is_atomic() (gas: 3244810)
Suite result: ok. 25 passed; 0 failed; 0 skipped; finished in 57.70ms (84.89ms CPU time)

Ran 10 tests for test/FoundationGuard.t.sol:FoundationGuardTest
[PASS] testDifferentGuardsDoNotAliasAtSameNonce() (gas: 1077563)
[PASS] testGuardedBindingEpochAndIndexABAAreStale() (gas: 913865)
[PASS] testGuardedRequiredIndexFailureRollsBackReadSetAndAllEffects() (gas: 1132181)
[PASS] testGuardedSignatureRetainsFullReadSetAndCannotBeStripped() (gas: 990003)
[PASS] testReadSetMutationOmissionAndPrincipalOrderRejected() (gas: 397061)
[PASS] testReadSetRejectsDuplicatesLengthsAndBounds() (gas: 735344)
[PASS] testRetainsNativePrincipalWithoutAccountReclassification() (gas: 698850)
[PASS] testSamePublicationMultipleWritesCheckOnlyPreState() (gas: 1590021)
[PASS] testSameTargetNewRevisionAndLowerIncludedAuthorAreStale() (gas: 2412034)
[PASS] testSelectedSourceAndDestinationGuardEveryIncludedHead() (gas: 2457000)
Suite result: ok. 10 passed; 0 failed; 0 skipped; finished in 57.71ms (14.31ms CPU time)

Ran 8 test suites in 67.49ms (327.93ms CPU time): 132 tests passed, 0 failed, 0 skipped (132 total tests)
