Compiling 1 files with Solc 0.8.30
Solc 0.8.30 finished in 4.69s
Compiler run successful with warnings:
Warning (2519): This declaration shadows an existing declaration.
  --> src/Keys.sol:92:21:
   |
92 |     function record(bytes32 typeId, bytes memory data) internal pure returns (bytes32) {
   |                     ^^^^^^^^^^^^^^
Note: The shadowed declaration is here:
  --> src/Keys.sol:88:5:
   |
88 |     function typeId(bytes32 shape, bytes32[] memory refTypes, bytes32 ruleId) internal pure returns (bytes32) {
   |     ^ (Relevant source part starts here and spans across multiple lines).

Warning (2519): This declaration shadows an existing declaration.
  --> src/Keys.sol:97:29:
   |
97 |     function recordFromHash(bytes32 typeId, bytes32 bodyHash) internal pure returns (bytes32) {
   |                             ^^^^^^^^^^^^^^
Note: The shadowed declaration is here:
  --> src/Keys.sol:88:5:
   |
88 |     function typeId(bytes32 shape, bytes32[] memory refTypes, bytes32 ruleId) internal pure returns (bytes32) {
   |     ^ (Relevant source part starts here and spans across multiple lines).

Warning (2519): This declaration shadows an existing declaration.
   --> src/Keys.sol:117:22:
    |
117 |     function posting(bytes32 typeId, uint8 kind, uint8 ordinal, bytes32 valueKey) internal pure returns (bytes32) {
    |                      ^^^^^^^^^^^^^^
Note: The shadowed declaration is here:
  --> src/Keys.sol:88:5:
   |
88 |     function typeId(bytes32 shape, bytes32[] memory refTypes, bytes32 ruleId) internal pure returns (bytes32) {
   |     ^ (Relevant source part starts here and spans across multiple lines).

Warning (2519): This declaration shadows an existing declaration.
   --> src/Keys.sol:121:25:
    |
121 |     function byTypeList(bytes32 typeId) internal pure returns (bytes32) {
    |                         ^^^^^^^^^^^^^^
Note: The shadowed declaration is here:
  --> src/Keys.sol:88:5:
   |
88 |     function typeId(bytes32 shape, bytes32[] memory refTypes, bytes32 ruleId) internal pure returns (bytes32) {
   |     ^ (Relevant source part starts here and spans across multiple lines).

Warning (3860): Contract initcode size is 95521 bytes and exceeds 49152 bytes (a limit introduced in Shanghai). This contract may not be deployable on Mainnet. Consider enabling the optimizer (with a low "runs" value!), turning off revert strings, or using libraries.
 --> test/SelectionHead.t.sol:8:1:
  |
8 | contract SelectionHeadTest is LabBase {
  | ^ (Relevant source part starts here and spans across multiple lines).


Ran 2 tests for test/SelectionHead.t.sol:SelectionHeadTest
[FAIL: selectionHead ABI unavailable] test_selection_absent_live_mask_and_raw_guard_parity() (gas: 712925)
[FAIL: selectionHead ABI unavailable] test_selection_malformed_raw_target_retained_and_wide_metadata() (gas: 8752)
Suite result: FAILED. 0 passed; 2 failed; 0 skipped; finished in 9.02ms (1.96ms CPU time)

Ran 1 test suite in 18.51ms (9.02ms CPU time): 0 tests passed, 2 failed, 0 skipped (2 total tests)

Failing tests:
Encountered 2 failing tests in test/SelectionHead.t.sol:SelectionHeadTest
[FAIL: selectionHead ABI unavailable] test_selection_absent_live_mask_and_raw_guard_parity() (gas: 712925)
[FAIL: selectionHead ABI unavailable] test_selection_malformed_raw_target_retained_and_wide_metadata() (gas: 8752)

Encountered a total of 2 failing tests, 0 tests succeeded

Tip: Run `forge test --rerun` to retry only the 2 failed tests
