Compiling 1 files with Solc 0.8.30
Solc 0.8.30 finished in 15.96s
Compiler run successful with warnings:
Warning (2519): This declaration shadows an existing declaration.
  --> src/Keys.sol:92:21:
   |
92 |     function record(bytes32 typeId, bytes memory data) internal pure returns (bytes32) {
   |                     ^^^^^^^^^^^^^^
Note: The shadowed declaration is here:
  --> src/Keys.sol:88:5:
   |
88 |     function typeId(bytes32 shape, bytes32[] memory refTypes, bytes32 ruleId) internal pure returns (bytes32) {
   |     ^ (Relevant source part starts here and spans across multiple lines).

Warning (2519): This declaration shadows an existing declaration.
  --> src/Keys.sol:97:29:
   |
97 |     function recordFromHash(bytes32 typeId, bytes32 bodyHash) internal pure returns (bytes32) {
   |                             ^^^^^^^^^^^^^^
Note: The shadowed declaration is here:
  --> src/Keys.sol:88:5:
   |
88 |     function typeId(bytes32 shape, bytes32[] memory refTypes, bytes32 ruleId) internal pure returns (bytes32) {
   |     ^ (Relevant source part starts here and spans across multiple lines).

Warning (2519): This declaration shadows an existing declaration.
   --> src/Keys.sol:117:22:
    |
117 |     function posting(bytes32 typeId, uint8 kind, uint8 ordinal, bytes32 valueKey) internal pure returns (bytes32) {
    |                      ^^^^^^^^^^^^^^
Note: The shadowed declaration is here:
  --> src/Keys.sol:88:5:
   |
88 |     function typeId(bytes32 shape, bytes32[] memory refTypes, bytes32 ruleId) internal pure returns (bytes32) {
   |     ^ (Relevant source part starts here and spans across multiple lines).

Warning (2519): This declaration shadows an existing declaration.
   --> src/Keys.sol:121:25:
    |
121 |     function byTypeList(bytes32 typeId) internal pure returns (bytes32) {
    |                         ^^^^^^^^^^^^^^
Note: The shadowed declaration is here:
  --> src/Keys.sol:88:5:
   |
88 |     function typeId(bytes32 shape, bytes32[] memory refTypes, bytes32 ruleId) internal pure returns (bytes32) {
   |     ^ (Relevant source part starts here and spans across multiple lines).

Warning (2018): Function state mutability can be restricted to view
  --> test/FilesDirectoryProfile.t.sol:60:5:
   |
60 |     function test_directory_pin_rejects_wrong_rule_hash() public {
   |     ^ (Relevant source part starts here and spans across multiple lines).

Warning (3860): Contract initcode size is 96390 bytes and exceeds 49152 bytes (a limit introduced in Shanghai). This contract may not be deployable on Mainnet. Consider enabling the optimizer (with a low "runs" value!), turning off revert strings, or using libraries.
  --> test/SelectionHead.t.sol:14:1:
   |
14 | contract SelectionHeadTest is LabBase {
   | ^ (Relevant source part starts here and spans across multiple lines).

Warning (3860): Contract initcode size is 302185 bytes and exceeds 49152 bytes (a limit introduced in Shanghai). This contract may not be deployable on Mainnet. Consider enabling the optimizer (with a low "runs" value!), turning off revert strings, or using libraries.
  --> test/SelectionHead.t.sol:64:1:
   |
64 | contract SelectionHeadFilesTest is FilesPageReaderTest {
   | ^ (Relevant source part starts here and spans across multiple lines).


Ran 3 tests for test/SelectionHead.t.sol:SelectionHeadTest
[PASS] test_selection_absent_live_mask_and_raw_guard_parity() (gas: 2141563)
[PASS] test_selection_malformed_raw_target_retained_and_wide_metadata() (gas: 74374)
[PASS] test_selection_newer_tombstone_retains_history_at_origin() (gas: 2182012)
Suite result: ok. 3 passed; 0 failed; 0 skipped; finished in 2.73ms (1.74ms CPU time)

Ran 1 test for test/SelectionHead.t.sol:SelectionHeadFilesTest
[PASS] test_selection_full_rows_history_withdrawal_unknown_scope_parity() (gas: 37661192)
Suite result: ok. 1 passed; 0 failed; 0 skipped; finished in 18.11ms (15.55ms CPU time)

Ran 2 test suites in 18.81ms (20.84ms CPU time): 4 tests passed, 0 failed, 0 skipped (4 total tests)
