Compiling 1 files with Solc 0.8.30
Solc 0.8.30 finished in 8.94s
Compiler run successful with warnings:
Warning (2519): This declaration shadows an existing declaration.
  --> src/Keys.sol:92:21:
   |
92 |     function record(bytes32 typeId, bytes memory data) internal pure returns (bytes32) {
   |                     ^^^^^^^^^^^^^^
Note: The shadowed declaration is here:
  --> src/Keys.sol:88:5:
   |
88 |     function typeId(bytes32 shape, bytes32[] memory refTypes, bytes32 ruleId) internal pure returns (bytes32) {
   |     ^ (Relevant source part starts here and spans across multiple lines).

Warning (2519): This declaration shadows an existing declaration.
  --> src/Keys.sol:97:29:
   |
97 |     function recordFromHash(bytes32 typeId, bytes32 bodyHash) internal pure returns (bytes32) {
   |                             ^^^^^^^^^^^^^^
Note: The shadowed declaration is here:
  --> src/Keys.sol:88:5:
   |
88 |     function typeId(bytes32 shape, bytes32[] memory refTypes, bytes32 ruleId) internal pure returns (bytes32) {
   |     ^ (Relevant source part starts here and spans across multiple lines).

Warning (2519): This declaration shadows an existing declaration.
   --> src/Keys.sol:117:22:
    |
117 |     function posting(bytes32 typeId, uint8 kind, uint8 ordinal, bytes32 valueKey) internal pure returns (bytes32) {
    |                      ^^^^^^^^^^^^^^
Note: The shadowed declaration is here:
  --> src/Keys.sol:88:5:
   |
88 |     function typeId(bytes32 shape, bytes32[] memory refTypes, bytes32 ruleId) internal pure returns (bytes32) {
   |     ^ (Relevant source part starts here and spans across multiple lines).

Warning (2519): This declaration shadows an existing declaration.
   --> src/Keys.sol:121:25:
    |
121 |     function byTypeList(bytes32 typeId) internal pure returns (bytes32) {
    |                         ^^^^^^^^^^^^^^
Note: The shadowed declaration is here:
  --> src/Keys.sol:88:5:
   |
88 |     function typeId(bytes32 shape, bytes32[] memory refTypes, bytes32 ruleId) internal pure returns (bytes32) {
   |     ^ (Relevant source part starts here and spans across multiple lines).

Warning (3860): Contract initcode size is 189682 bytes and exceeds 49152 bytes (a limit introduced in Shanghai). This contract may not be deployable on Mainnet. Consider enabling the optimizer (with a low "runs" value!), turning off revert strings, or using libraries.
  --> test/TagStanceProfile.t.sol:26:1:
   |
26 | contract TagStanceProfileTest is LabBase {
   | ^ (Relevant source part starts here and spans across multiple lines).


Ran 3 tests for test/TagStanceProfile.t.sol:TagStanceProfileTest
[PASS] test_tag_baseline_gap_controls() (gas: 12107740)
[FAIL: new inverse missing exact role candidates] test_tag_fresh_inverse_is_exact_author_concept_coordinate() (gas: 12126712)
[FAIL: matching Type allowed non-profile token] test_tag_wrong_token_matching_type_rejected() (gas: 10906829)
Suite result: FAILED. 1 passed; 2 failed; 0 skipped; finished in 18.46ms (15.01ms CPU time)

Ran 1 test suite in 28.58ms (18.46ms CPU time): 1 tests passed, 2 failed, 0 skipped (3 total tests)

Failing tests:
Encountered 2 failing tests in test/TagStanceProfile.t.sol:TagStanceProfileTest
[FAIL: new inverse missing exact role candidates] test_tag_fresh_inverse_is_exact_author_concept_coordinate() (gas: 12126712)
[FAIL: matching Type allowed non-profile token] test_tag_wrong_token_matching_type_rejected() (gas: 10906829)

Encountered a total of 2 failing tests, 1 tests succeeded

Tip: Run `forge test --rerun` to retry only the 2 failed tests
