{
  "complete": true,
  "actions": [
    {
      "label": "action/matched-native-first",
      "gas": "1047493"
    },
    {
      "label": "action/matched-signed-first",
      "gas": "1097558"
    },
    {
      "label": "action/DENY",
      "gas": "879957"
    },
    {
      "label": "action/SILENT",
      "gas": "863024"
    },
    {
      "label": "action/ASSERT-again",
      "gas": "868138"
    },
    {
      "label": "action/UNBIND",
      "gas": "638937"
    },
    {
      "label": "action/ASSERT-after-UNBIND",
      "gas": "879710"
    },
    {
      "label": "action/inverse-count2",
      "gas": "1023712"
    },
    {
      "label": "action/orphan-H",
      "gas": "1006779"
    },
    {
      "label": "action/older-revision",
      "gas": "1040179"
    },
    {
      "label": "action/inverse-count5-directory",
      "gas": "1023333"
    },
    {
      "label": "action/inverse-count6",
      "gas": "1056170"
    },
    {
      "label": "action/same-label-C2",
      "gas": "1023712"
    },
    {
      "label": "action/new-Concept-plus-ASSERT",
      "gas": "1358034"
    },
    {
      "label": "action/guarded-selected-revision",
      "gas": "973738"
    }
  ],
  "queries": [
    {
      "label": "query/inverse-count1",
      "steps": 1,
      "total": 1,
      "gas": [
        "460497"
      ]
    },
    {
      "label": "query/inverse-count2",
      "steps": 1,
      "total": 2,
      "gas": [
        "561845"
      ]
    },
    {
      "label": "query/inverse-count5",
      "steps": 1,
      "total": 5,
      "gas": [
        "918694"
      ]
    },
    {
      "label": "query/inverse-count6",
      "steps": 1,
      "total": 6,
      "gas": [
        "1054324"
      ]
    },
    {
      "label": "query/selected-origin",
      "steps": 6,
      "total": 6,
      "gas": [
        "705501",
        "445215",
        "445215",
        "550071",
        "470338",
        "538860"
      ]
    },
    {
      "label": "query/tags-P1",
      "steps": 1,
      "total": 2,
      "gas": [
        "561438"
      ]
    },
    {
      "label": "query/subjects-P1",
      "steps": 2,
      "total": 6,
      "gas": [
        "705501",
        "972567"
      ]
    },
    {
      "label": "query/tags-P8",
      "steps": 1,
      "total": 2,
      "gas": [
        "907674"
      ]
    },
    {
      "label": "query/subjects-P8",
      "steps": 2,
      "total": 6,
      "gas": [
        "928842",
        "1918720"
      ]
    },
    {
      "label": "query/tags-P64",
      "steps": 1,
      "total": 2,
      "gas": [
        "4091746"
      ]
    },
    {
      "label": "query/subjects-P64",
      "steps": 3,
      "total": 6,
      "gas": [
        "2953710",
        "708356",
        "10000170"
      ]
    }
  ],
  "refusals": [
    {
      "label": "refusal/stale-selected-HEAD",
      "gas": "178204"
    },
    {
      "label": "refusal/budget257/step2",
      "gas": "708356"
    }
  ],
  "closed": true
}
