Compiling 3 files with Solc 0.8.30
Solc 0.8.30 finished in 14.53s
Compiler run successful with warnings:
Warning (2519): This declaration shadows an existing declaration.
  --> src/Keys.sol:92:21:
   |
92 |     function record(bytes32 typeId, bytes memory data) internal pure returns (bytes32) {
   |                     ^^^^^^^^^^^^^^
Note: The shadowed declaration is here:
  --> src/Keys.sol:88:5:
   |
88 |     function typeId(bytes32 shape, bytes32[] memory refTypes, bytes32 ruleId) internal pure returns (bytes32) {
   |     ^ (Relevant source part starts here and spans across multiple lines).

Warning (2519): This declaration shadows an existing declaration.
  --> src/Keys.sol:97:29:
   |
97 |     function recordFromHash(bytes32 typeId, bytes32 bodyHash) internal pure returns (bytes32) {
   |                             ^^^^^^^^^^^^^^
Note: The shadowed declaration is here:
  --> src/Keys.sol:88:5:
   |
88 |     function typeId(bytes32 shape, bytes32[] memory refTypes, bytes32 ruleId) internal pure returns (bytes32) {
   |     ^ (Relevant source part starts here and spans across multiple lines).

Warning (2519): This declaration shadows an existing declaration.
   --> src/Keys.sol:117:22:
    |
117 |     function posting(bytes32 typeId, uint8 kind, uint8 ordinal, bytes32 valueKey) internal pure returns (bytes32) {
    |                      ^^^^^^^^^^^^^^
Note: The shadowed declaration is here:
  --> src/Keys.sol:88:5:
   |
88 |     function typeId(bytes32 shape, bytes32[] memory refTypes, bytes32 ruleId) internal pure returns (bytes32) {
   |     ^ (Relevant source part starts here and spans across multiple lines).

Warning (2519): This declaration shadows an existing declaration.
   --> src/Keys.sol:121:25:
    |
121 |     function byTypeList(bytes32 typeId) internal pure returns (bytes32) {
    |                         ^^^^^^^^^^^^^^
Note: The shadowed declaration is here:
  --> src/Keys.sol:88:5:
   |
88 |     function typeId(bytes32 shape, bytes32[] memory refTypes, bytes32 ruleId) internal pure returns (bytes32) {
   |     ^ (Relevant source part starts here and spans across multiple lines).

Warning (3860): Contract initcode size is 294887 bytes and exceeds 49152 bytes (a limit introduced in Shanghai). This contract may not be deployable on Mainnet. Consider enabling the optimizer (with a low "runs" value!), turning off revert strings, or using libraries.
 --> test/TagStanceQuery.t.sol:9:1:
  |
9 | contract TagStanceQueryTest is TagStanceProfileTest {
  | ^ (Relevant source part starts here and spans across multiple lines).


Ran 31 tests for test/TagStanceQuery.t.sol:TagStanceQueryTest
[PASS] test_query_both_directions_deduplicate_exact_identity_and_keep_orphan() (gas: 20451432)
[PASS] test_query_conflicting_head_explicit_and_unrelated_inventory_isolated() (gas: 20879544)
[PASS] test_query_diagnostic_attributes_assert_deny_without_changing_priority() (gas: 18826674)
[PASS] test_query_diagnostic_attributes_conflicting_heads_at_origin() (gas: 19076400)
[PASS] test_query_diagnostic_silence_tombstone_and_unknown_are_not_votes() (gas: 19357385)
[PASS] test_query_frozen_origin_and_zero_match_partial() (gas: 20079803)
[PASS] test_query_literal_priority_and_new_tombstone() (gas: 19889106)
[PASS] test_query_missing_query_meaning_cannot_certify_empty() (gas: 17392390)
[PASS] test_query_owned_prefix_rejects_suffix_reset_and_wrong_session() (gas: 20466575)
[PASS] test_query_owned_unknown_accumulates_and_pins_profile() (gas: 20461143)
[PASS] test_query_point_intrinsic_identity_and_missing_selected_head() (gas: 19461533)
[PASS] test_query_subject_modes_and_selected_head_at_origin() (gas: 21218631)
[PASS] test_query_unknown_higher_never_falls_through() (gas: 18621266)
[PASS] test_tag_baseline_gap_controls() (gas: 12304848)
[PASS] test_tag_corrupt_intrinsic_file_parent_mismatch_rejected() (gas: 10270986)
[PASS] test_tag_dependency_before_bind_exposes_validated_prefix_to_rule() (gas: 10746917)
[PASS] test_tag_exact_retained_described_bytes_are_mandatory() (gas: 9793926)
[PASS] test_tag_fresh_inverse_is_exact_author_concept_coordinate() (gas: 12072543)
[PASS] test_tag_full_supported_revision_domain_replay_and_checked_cutover() (gas: 39907103)
[PASS] test_tag_future_concept_prefix_rejected_before_later_rule() (gas: 10285324)
[PASS] test_tag_future_directory_and_create_subject_rejected() (gas: 11363691)
[PASS] test_tag_helper_hash_configuration_and_code_drift_refused() (gas: 19080171)
[PASS] test_tag_invalid_then_valid_overwrite_rejects_whole_publication() (gas: 10812744)
[PASS] test_tag_later_concept_cannot_repair_earlier_replay() (gas: 20180098)
[PASS] test_tag_malformed_unbind_coordinate_rejected() (gas: 10712737)
[PASS] test_tag_maximum_existing_concept_revision_and_name_domains() (gas: 14462798)
[PASS] test_tag_missing_wrong_concept_and_unsupported_subject_rejected() (gas: 12865745)
[PASS] test_tag_ordinary_runtime_and_actual_initcode_fit() (gas: 126765)
[PASS] test_tag_transitions_keep_one_coordinate_and_real_history() (gas: 11926749)
[PASS] test_tag_withdrawal_keeps_stance_and_name_after_bind_still_works() (gas: 11462458)
[PASS] test_tag_wrong_token_matching_type_rejected() (gas: 10615667)
Suite result: ok. 31 passed; 0 failed; 0 skipped; finished in 41.42ms (253.86ms CPU time)

Ran 1 test suite in 42.19ms (41.42ms CPU time): 31 tests passed, 0 failed, 0 skipped (31 total tests)
