Compiling 2 files with Solc 0.8.30
Solc 0.8.30 finished in 12.43s
Compiler run successful with warnings:
Warning (2519): This declaration shadows an existing declaration.
  --> src/Keys.sol:92:21:
   |
92 |     function record(bytes32 typeId, bytes memory data) internal pure returns (bytes32) {
   |                     ^^^^^^^^^^^^^^
Note: The shadowed declaration is here:
  --> src/Keys.sol:88:5:
   |
88 |     function typeId(bytes32 shape, bytes32[] memory refTypes, bytes32 ruleId) internal pure returns (bytes32) {
   |     ^ (Relevant source part starts here and spans across multiple lines).

Warning (2519): This declaration shadows an existing declaration.
  --> src/Keys.sol:97:29:
   |
97 |     function recordFromHash(bytes32 typeId, bytes32 bodyHash) internal pure returns (bytes32) {
   |                             ^^^^^^^^^^^^^^
Note: The shadowed declaration is here:
  --> src/Keys.sol:88:5:
   |
88 |     function typeId(bytes32 shape, bytes32[] memory refTypes, bytes32 ruleId) internal pure returns (bytes32) {
   |     ^ (Relevant source part starts here and spans across multiple lines).

Warning (2519): This declaration shadows an existing declaration.
   --> src/Keys.sol:117:22:
    |
117 |     function posting(bytes32 typeId, uint8 kind, uint8 ordinal, bytes32 valueKey) internal pure returns (bytes32) {
    |                      ^^^^^^^^^^^^^^
Note: The shadowed declaration is here:
  --> src/Keys.sol:88:5:
   |
88 |     function typeId(bytes32 shape, bytes32[] memory refTypes, bytes32 ruleId) internal pure returns (bytes32) {
   |     ^ (Relevant source part starts here and spans across multiple lines).

Warning (2519): This declaration shadows an existing declaration.
   --> src/Keys.sol:121:25:
    |
121 |     function byTypeList(bytes32 typeId) internal pure returns (bytes32) {
    |                         ^^^^^^^^^^^^^^
Note: The shadowed declaration is here:
  --> src/Keys.sol:88:5:
   |
88 |     function typeId(bytes32 shape, bytes32[] memory refTypes, bytes32 ruleId) internal pure returns (bytes32) {
   |     ^ (Relevant source part starts here and spans across multiple lines).

Warning (2018): Function state mutability can be restricted to pure
  --> test/TagStanceReader.sol:16:5:
   |
16 |     function assess(bytes32[] calldata, ... ;r.concept=concept;r.assessment=2;}
   |     ^^^^^^^^^^^^^^^^^^^^^^^^^^^^^^^^^^^^^^^^^^^^^^^^^^^^^^^^^^^^^^^^^^^^^^^^^^^

Warning (2018): Function state mutability can be restricted to pure
  --> test/TagStanceReader.sol:17:5:
   |
17 |     function readPage(bytes32[] calldat ... canStatus=2;p.startsAtOrigin=true;}
   |     ^^^^^^^^^^^^^^^^^^^^^^^^^^^^^^^^^^^^^^^^^^^^^^^^^^^^^^^^^^^^^^^^^^^^^^^^^^^

Warning (3860): Contract initcode size is 253548 bytes and exceeds 49152 bytes (a limit introduced in Shanghai). This contract may not be deployable on Mainnet. Consider enabling the optimizer (with a low "runs" value!), turning off revert strings, or using libraries.
 --> test/TagStanceQuery.t.sol:8:1:
  |
8 | contract TagStanceQueryTest is TagStanceProfileTest {
  | ^ (Relevant source part starts here and spans across multiple lines).


Ran 5 tests for test/TagStanceQuery.t.sol:TagStanceQueryTest
[FAIL: exact concepts not deduplicated] test_query_both_directions_deduplicate_exact_identity_and_keep_orphan() (gas: 15584284)
[FAIL: empty budget incorrectly complete] test_query_frozen_origin_and_zero_match_partial() (gas: 14319897)
[FAIL: SILENT did not fall through] test_query_literal_priority_and_new_tombstone() (gas: 14273497)
[FAIL: panic: array out-of-bounds access (0x32)] test_query_subject_modes_and_selected_head_at_origin() (gas: 15587515)
[FAIL: unknown fell through] test_query_unknown_higher_never_falls_through() (gas: 14280331)
Suite result: FAILED. 0 passed; 5 failed; 0 skipped; finished in 21.82ms (32.47ms CPU time)

Ran 1 test suite in 31.98ms (21.82ms CPU time): 0 tests passed, 5 failed, 0 skipped (5 total tests)

Failing tests:
Encountered 5 failing tests in test/TagStanceQuery.t.sol:TagStanceQueryTest
[FAIL: exact concepts not deduplicated] test_query_both_directions_deduplicate_exact_identity_and_keep_orphan() (gas: 15584284)
[FAIL: empty budget incorrectly complete] test_query_frozen_origin_and_zero_match_partial() (gas: 14319897)
[FAIL: SILENT did not fall through] test_query_literal_priority_and_new_tombstone() (gas: 14273497)
[FAIL: panic: array out-of-bounds access (0x32)] test_query_subject_modes_and_selected_head_at_origin() (gas: 15587515)
[FAIL: unknown fell through] test_query_unknown_higher_never_falls_through() (gas: 14280331)

Encountered a total of 5 failing tests, 0 tests succeeded

Tip: Run `forge test --rerun` to retry only the 5 failed tests
