Compiling 2 files with Solc 0.8.30
Solc 0.8.30 finished in 13.27s
Compiler run successful with warnings:
Warning (2519): This declaration shadows an existing declaration.
  --> src/Keys.sol:92:21:
   |
92 |     function record(bytes32 typeId, bytes memory data) internal pure returns (bytes32) {
   |                     ^^^^^^^^^^^^^^
Note: The shadowed declaration is here:
  --> src/Keys.sol:88:5:
   |
88 |     function typeId(bytes32 shape, bytes32[] memory refTypes, bytes32 ruleId) internal pure returns (bytes32) {
   |     ^ (Relevant source part starts here and spans across multiple lines).

Warning (2519): This declaration shadows an existing declaration.
  --> src/Keys.sol:97:29:
   |
97 |     function recordFromHash(bytes32 typeId, bytes32 bodyHash) internal pure returns (bytes32) {
   |                             ^^^^^^^^^^^^^^
Note: The shadowed declaration is here:
  --> src/Keys.sol:88:5:
   |
88 |     function typeId(bytes32 shape, bytes32[] memory refTypes, bytes32 ruleId) internal pure returns (bytes32) {
   |     ^ (Relevant source part starts here and spans across multiple lines).

Warning (2519): This declaration shadows an existing declaration.
   --> src/Keys.sol:117:22:
    |
117 |     function posting(bytes32 typeId, uint8 kind, uint8 ordinal, bytes32 valueKey) internal pure returns (bytes32) {
    |                      ^^^^^^^^^^^^^^
Note: The shadowed declaration is here:
  --> src/Keys.sol:88:5:
   |
88 |     function typeId(bytes32 shape, bytes32[] memory refTypes, bytes32 ruleId) internal pure returns (bytes32) {
   |     ^ (Relevant source part starts here and spans across multiple lines).

Warning (2519): This declaration shadows an existing declaration.
   --> src/Keys.sol:121:25:
    |
121 |     function byTypeList(bytes32 typeId) internal pure returns (bytes32) {
    |                         ^^^^^^^^^^^^^^
Note: The shadowed declaration is here:
  --> src/Keys.sol:88:5:
   |
88 |     function typeId(bytes32 shape, bytes32[] memory refTypes, bytes32 ruleId) internal pure returns (bytes32) {
   |     ^ (Relevant source part starts here and spans across multiple lines).

Warning (2519): This declaration shadows an existing declaration.
   --> test/TagStanceReader.sol:147:13:
    |
147 |         for(uint256 k;k<principals.length;k++){
    |             ^^^^^^^^^
Note: The shadowed declaration is here:
   --> test/TagStanceReader.sol:157:59:
    |
157 |         page.items=new Selection[](budget);uint256 filled;uint256 k=cursor.lensIndex;uint64 j=cursor.rawIndex;
    |                                                           ^^^^^^^^^

Warning (5574): Contract code size is 27496 bytes and exceeds 24576 bytes (a limit introduced in Spurious Dragon). This contract may not be deployable on Mainnet. Consider enabling the optimizer (with a low "runs" value!), turning off revert strings, or using libraries.
  --> test/TagStanceReader.sol:11:1:
   |
11 | contract TagStanceReader is LensReader {
   | ^ (Relevant source part starts here and spans across multiple lines).

Warning (3860): Contract initcode size is 268948 bytes and exceeds 49152 bytes (a limit introduced in Shanghai). This contract may not be deployable on Mainnet. Consider enabling the optimizer (with a low "runs" value!), turning off revert strings, or using libraries.
 --> test/TagStanceQuery.t.sol:8:1:
  |
8 | contract TagStanceQueryTest is TagStanceProfileTest {
  | ^ (Relevant source part starts here and spans across multiple lines).


Ran 5 tests for test/TagStanceQuery.t.sol:TagStanceQueryTest
[PASS] test_query_both_directions_deduplicate_exact_identity_and_keep_orphan() (gas: 19056882)
[PASS] test_query_frozen_origin_and_zero_match_partial() (gas: 18683359)
[PASS] test_query_literal_priority_and_new_tombstone() (gas: 18486082)
[PASS] test_query_subject_modes_and_selected_head_at_origin() (gas: 19804907)
[PASS] test_query_unknown_higher_never_falls_through() (gas: 17245260)
Suite result: ok. 5 passed; 0 failed; 0 skipped; finished in 15.65ms (40.80ms CPU time)

Ran 1 test suite in 16.41ms (15.65ms CPU time): 5 tests passed, 0 failed, 0 skipped (5 total tests)
