Compiling 2 files with Solc 0.8.30
Solc 0.8.30 finished in 13.45s
Compiler run successful with warnings:
Warning (2519): This declaration shadows an existing declaration.
  --> src/Keys.sol:92:21:
   |
92 |     function record(bytes32 typeId, bytes memory data) internal pure returns (bytes32) {
   |                     ^^^^^^^^^^^^^^
Note: The shadowed declaration is here:
  --> src/Keys.sol:88:5:
   |
88 |     function typeId(bytes32 shape, bytes32[] memory refTypes, bytes32 ruleId) internal pure returns (bytes32) {
   |     ^ (Relevant source part starts here and spans across multiple lines).

Warning (2519): This declaration shadows an existing declaration.
  --> src/Keys.sol:97:29:
   |
97 |     function recordFromHash(bytes32 typeId, bytes32 bodyHash) internal pure returns (bytes32) {
   |                             ^^^^^^^^^^^^^^
Note: The shadowed declaration is here:
  --> src/Keys.sol:88:5:
   |
88 |     function typeId(bytes32 shape, bytes32[] memory refTypes, bytes32 ruleId) internal pure returns (bytes32) {
   |     ^ (Relevant source part starts here and spans across multiple lines).

Warning (2519): This declaration shadows an existing declaration.
   --> src/Keys.sol:117:22:
    |
117 |     function posting(bytes32 typeId, uint8 kind, uint8 ordinal, bytes32 valueKey) internal pure returns (bytes32) {
    |                      ^^^^^^^^^^^^^^
Note: The shadowed declaration is here:
  --> src/Keys.sol:88:5:
   |
88 |     function typeId(bytes32 shape, bytes32[] memory refTypes, bytes32 ruleId) internal pure returns (bytes32) {
   |     ^ (Relevant source part starts here and spans across multiple lines).

Warning (2519): This declaration shadows an existing declaration.
   --> src/Keys.sol:121:25:
    |
121 |     function byTypeList(bytes32 typeId) internal pure returns (bytes32) {
    |                         ^^^^^^^^^^^^^^
Note: The shadowed declaration is here:
  --> src/Keys.sol:88:5:
   |
88 |     function typeId(bytes32 shape, bytes32[] memory refTypes, bytes32 ruleId) internal pure returns (bytes32) {
   |     ^ (Relevant source part starts here and spans across multiple lines).

Warning (2519): This declaration shadows an existing declaration.
  --> test/TagStanceReader.sol:73:13:
   |
73 |         for(uint256 k;k<principals.length;k++){
   |             ^^^^^^^^^
Note: The shadowed declaration is here:
  --> test/TagStanceReader.sol:83:59:
   |
83 |         page.items=new Selection[](budget);uint256 filled;uint256 k=cursor.lensIndex;uint64 j=cursor.rawIndex;
   |                                                           ^^^^^^^^^

Warning (3860): Contract initcode size is 278404 bytes and exceeds 49152 bytes (a limit introduced in Shanghai). This contract may not be deployable on Mainnet. Consider enabling the optimizer (with a low "runs" value!), turning off revert strings, or using libraries.
 --> test/TagStanceQuery.t.sol:9:1:
  |
9 | contract TagStanceQueryTest is TagStanceProfileTest {
  | ^ (Relevant source part starts here and spans across multiple lines).


Ran 2 tests for test/TagStanceQuery.t.sol:TagStanceQueryTest
[FAIL: unstarted absence] test_query_owned_prefix_rejects_suffix_reset_and_wrong_session() (gas: 18286299)
[FAIL: unknown reset by terminal page] test_query_owned_unknown_accumulates_and_pins_profile() (gas: 18295238)
Suite result: FAILED. 0 passed; 2 failed; 0 skipped; finished in 8.46ms (9.25ms CPU time)

Ran 1 test suite in 9.25ms (8.46ms CPU time): 0 tests passed, 2 failed, 0 skipped (2 total tests)

Failing tests:
Encountered 2 failing tests in test/TagStanceQuery.t.sol:TagStanceQueryTest
[FAIL: unstarted absence] test_query_owned_prefix_rejects_suffix_reset_and_wrong_session() (gas: 18286299)
[FAIL: unknown reset by terminal page] test_query_owned_unknown_accumulates_and_pins_profile() (gas: 18295238)

Encountered a total of 2 failing tests, 0 tests succeeded

Tip: Run `forge test --rerun` to retry only the 2 failed tests
