✖ the signed whole publication is admitted and read back semantically (940.444334ms)
ℹ tests 1
ℹ suites 0
ℹ pass 0
ℹ fail 1
ℹ cancelled 0
ℹ skipped 0
ℹ todo 0
ℹ duration_ms 4099.477208

✖ failing tests:

test at browser/tag-stance-planner.integration.test.mjs:39:1
✖ the signed whole publication is admitted and read back semantically (940.444334ms)
  AssertionError [ERR_ASSERTION]: Expected values to be strictly equal:
  + actual - expected
  
  + 'REVERTED'
  - 'SUCCESS'
  
      at TestContext.<anonymous> (file:///Users/james/Code/EFS/planning-warroom-b-run/Reviews/2026-09-12-efs-path-decision/lab-b/browser/tag-stance-planner.integration.test.mjs:42:10)
      at async Test.run (node:internal/test_runner/test:1208:7)
      at async startSubtestAfterBootstrap (node:internal/test_runner/harness:385:3) {
    generatedMessage: true,
    code: 'ERR_ASSERTION',
    actual: 'REVERTED',
    expected: 'SUCCESS',
    operator: 'strictEqual',
    diff: 'simple'
  }
