Compiler run failed:
Warning (2519): This declaration shadows an existing declaration.
  --> src/Keys.sol:92:21:
   |
92 |     function record(bytes32 typeId, bytes memory data) internal pure returns (bytes32) {
   |                     ^^^^^^^^^^^^^^
Note: The shadowed declaration is here:
  --> src/Keys.sol:88:5:
   |
88 |     function typeId(bytes32 shape, bytes32[] memory refTypes, bytes32 ruleId) internal pure returns (bytes32) {
   |     ^ (Relevant source part starts here and spans across multiple lines).

Warning (2519): This declaration shadows an existing declaration.
  --> src/Keys.sol:97:29:
   |
97 |     function recordFromHash(bytes32 typeId, bytes32 bodyHash) internal pure returns (bytes32) {
   |                             ^^^^^^^^^^^^^^
Note: The shadowed declaration is here:
  --> src/Keys.sol:88:5:
   |
88 |     function typeId(bytes32 shape, bytes32[] memory refTypes, bytes32 ruleId) internal pure returns (bytes32) {
   |     ^ (Relevant source part starts here and spans across multiple lines).

Warning (2519): This declaration shadows an existing declaration.
   --> src/Keys.sol:117:22:
    |
117 |     function posting(bytes32 typeId, uint8 kind, uint8 ordinal, bytes32 valueKey) internal pure returns (bytes32) {
    |                      ^^^^^^^^^^^^^^
Note: The shadowed declaration is here:
  --> src/Keys.sol:88:5:
   |
88 |     function typeId(bytes32 shape, bytes32[] memory refTypes, bytes32 ruleId) internal pure returns (bytes32) {
   |     ^ (Relevant source part starts here and spans across multiple lines).

Warning (2519): This declaration shadows an existing declaration.
   --> src/Keys.sol:121:25:
    |
121 |     function byTypeList(bytes32 typeId) internal pure returns (bytes32) {
    |                         ^^^^^^^^^^^^^^
Note: The shadowed declaration is here:
  --> src/Keys.sol:88:5:
   |
88 |     function typeId(bytes32 shape, bytes32[] memory refTypes, bytes32 ruleId) internal pure returns (bytes32) {
   |     ^ (Relevant source part starts here and spans across multiple lines).

Warning (2519): This declaration shadows an existing declaration.
   --> test/CoreIndexReplay.t.sol:113:14:
    |
113 |             (bool ok,)=address(ledger).call(abi.encodeCall(CutoverEntry.replaceIndexWhenReady,(r)));
    |              ^^^^^^^
Note: The shadowed declaration is here:
   --> test/CoreIndexReplay.t.sol:123:10:
    |
123 |         (bool ok,)=address(ledger).call(abi.encodeCall(CutoverEntry.replaceIndexWhenReady,(request)));
    |          ^^^^^^^

Warning (8760): This declaration has the same name as another declaration.
   --> test/FaultyReads.sol:121:83:
    |
121 |         returns (uint8 status, bytes32 selected, uint32 revision, address author, uint64 admission)
    |                                                                                   ^^^^^^^^^^^^^^^^
Note: The other declaration is here:
  --> test/FaultyReads.sol:67:5:
   |
67 |     function admission(uint64 ordinal)
   |     ^ (Relevant source part starts here and spans across multiple lines).

Warning (2519): This declaration shadows an existing declaration.
   --> test/FilesJoined.t.sol:487:14:
    |
487 |             (uint8 status, uint64 from, uint64 through) = filesIndex.coverage(filesIndex.FAMILY_FILES_PARENT(), 0);
    |              ^^^^^^^^^^^^
Note: The shadowed declaration is here:
   --> test/FilesJoined.t.sol:513:10:
    |
513 |         (uint8 status, uint64 from, uint64 through) =
    |          ^^^^^^^^^^^^

Warning (2519): This declaration shadows an existing declaration.
   --> test/FilesJoined.t.sol:487:28:
    |
487 |             (uint8 status, uint64 from, uint64 through) = filesIndex.coverage(filesIndex.FAMILY_FILES_PARENT(), 0);
    |                            ^^^^^^^^^^^
Note: The shadowed declaration is here:
   --> test/FilesJoined.t.sol:513:24:
    |
513 |         (uint8 status, uint64 from, uint64 through) =
    |                        ^^^^^^^^^^^

Warning (2519): This declaration shadows an existing declaration.
   --> test/FilesJoined.t.sol:487:41:
    |
487 |             (uint8 status, uint64 from, uint64 through) = filesIndex.coverage(filesIndex.FAMILY_FILES_PARENT(), 0);
    |                                         ^^^^^^^^^^^^^^
Note: The shadowed declaration is here:
   --> test/FilesJoined.t.sol:513:37:
    |
513 |         (uint8 status, uint64 from, uint64 through) =
    |                                     ^^^^^^^^^^^^^^

Warning (2519): This declaration shadows an existing declaration.
   --> test/FilesNames.t.sol:316:14:
    |
316 |             (bool ok, bytes memory err) = address(reader).staticcall(abi.encodeCall(reader.readName, (position, MOUNT, role, bad)));
    |              ^^^^^^^
Note: The shadowed declaration is here:
   --> test/FilesNames.t.sol:320:10:
    |
320 |         (bool ok, bytes memory err) = address(reader).staticcall(abi.encodeCall(reader.readName,
    |          ^^^^^^^

Warning (2519): This declaration shadows an existing declaration.
   --> test/FilesNames.t.sol:316:23:
    |
316 |             (bool ok, bytes memory err) = address(reader).staticcall(abi.encodeCall(reader.readName, (position, MOUNT, role, bad)));
    |                       ^^^^^^^^^^^^^^^^
Note: The shadowed declaration is here:
   --> test/FilesNames.t.sol:320:19:
    |
320 |         (bool ok, bytes memory err) = address(reader).staticcall(abi.encodeCall(reader.readName,
    |                   ^^^^^^^^^^^^^^^^

Warning (2519): This declaration shadows an existing declaration.
   --> test/IndexConfigExpectation.t.sol:146:14:
    |
146 |             (uint64 publication, uint64 first) = bob.execute(one(aPublish(BINARY, bobBodies[0])), bobBodies);
    |              ^^^^^^^^^^^^^^^^^^
Note: The shadowed declaration is here:
   --> test/IndexConfigExpectation.t.sol:168:10:
    |
168 |         (uint64 publication, uint64 first) = ledger.executeSigned(intent, actions, bodies, signature);
    |          ^^^^^^^^^^^^^^^^^^

Warning (2519): This declaration shadows an existing declaration.
   --> test/IndexConfigExpectation.t.sol:146:34:
    |
146 |             (uint64 publication, uint64 first) = bob.execute(one(aPublish(BINARY, bobBodies[0])), bobBodies);
    |                                  ^^^^^^^^^^^^
Note: The shadowed declaration is here:
   --> test/IndexConfigExpectation.t.sol:168:30:
    |
168 |         (uint64 publication, uint64 first) = ledger.executeSigned(intent, actions, bodies, signature);
    |                              ^^^^^^^^^^^^

Error (9097): Identifier already declared.
  --> src/LensReader.sol:62:5:
   |
62 |     struct Page {
   |     ^ (Relevant source part starts here and spans across multiple lines).
Note: The previous declaration is here:
  --> test/TagStanceReader.sol:14:5:
   |
14 |     struct Page {Row[] rows;uint8 scanS ... 4 observedCurrent;uint64 unknowns;}
   |     ^^^^^^^^^^^^^^^^^^^^^^^^^^^^^^^^^^^^^^^^^^^^^^^^^^^^^^^^^^^^^^^^^^^^^^^^^^^

Error: Compilation failed
