Compiling 6 files with Solc 0.8.30
Solc 0.8.30 finished in 31.28s
Compiler run successful with warnings:
Warning (2519): This declaration shadows an existing declaration.
  --> src/Keys.sol:92:21:
   |
92 |     function record(bytes32 typeId, bytes memory data) internal pure returns (bytes32) {
   |                     ^^^^^^^^^^^^^^
Note: The shadowed declaration is here:
  --> src/Keys.sol:88:5:
   |
88 |     function typeId(bytes32 shape, bytes32[] memory refTypes, bytes32 ruleId) internal pure returns (bytes32) {
   |     ^ (Relevant source part starts here and spans across multiple lines).

Warning (2519): This declaration shadows an existing declaration.
  --> src/Keys.sol:97:29:
   |
97 |     function recordFromHash(bytes32 typeId, bytes32 bodyHash) internal pure returns (bytes32) {
   |                             ^^^^^^^^^^^^^^
Note: The shadowed declaration is here:
  --> src/Keys.sol:88:5:
   |
88 |     function typeId(bytes32 shape, bytes32[] memory refTypes, bytes32 ruleId) internal pure returns (bytes32) {
   |     ^ (Relevant source part starts here and spans across multiple lines).

Warning (2519): This declaration shadows an existing declaration.
   --> src/Keys.sol:117:22:
    |
117 |     function posting(bytes32 typeId, uint8 kind, uint8 ordinal, bytes32 valueKey) internal pure returns (bytes32) {
    |                      ^^^^^^^^^^^^^^
Note: The shadowed declaration is here:
  --> src/Keys.sol:88:5:
   |
88 |     function typeId(bytes32 shape, bytes32[] memory refTypes, bytes32 ruleId) internal pure returns (bytes32) {
   |     ^ (Relevant source part starts here and spans across multiple lines).

Warning (2519): This declaration shadows an existing declaration.
   --> src/Keys.sol:121:25:
    |
121 |     function byTypeList(bytes32 typeId) internal pure returns (bytes32) {
    |                         ^^^^^^^^^^^^^^
Note: The shadowed declaration is here:
  --> src/Keys.sol:88:5:
   |
88 |     function typeId(bytes32 shape, bytes32[] memory refTypes, bytes32 ruleId) internal pure returns (bytes32) {
   |     ^ (Relevant source part starts here and spans across multiple lines).

Warning (2519): This declaration shadows an existing declaration.
  --> test/TagStanceReader.sol:73:13:
   |
73 |         for(uint256 k;k<principals.length;k++){
   |             ^^^^^^^^^
Note: The shadowed declaration is here:
  --> test/TagStanceReader.sol:83:59:
   |
83 |         page.items=new Selection[](budget);uint256 filled;uint256 k=cursor.lensIndex;uint64 j=cursor.rawIndex;
   |                                                           ^^^^^^^^^

Warning (2018): Function state mutability can be restricted to view
  --> test/FilesDirectoryProfile.t.sol:60:5:
   |
60 |     function test_directory_pin_rejects_wrong_rule_hash() public {
   |     ^ (Relevant source part starts here and spans across multiple lines).

Warning (3860): Contract initcode size is 291266 bytes and exceeds 49152 bytes (a limit introduced in Shanghai). This contract may not be deployable on Mainnet. Consider enabling the optimizer (with a low "runs" value!), turning off revert strings, or using libraries.
  --> test/FilesPageReader.t.sol:14:1:
   |
14 | contract FilesPageReaderTest is FilesCarrierIndexTest {
   | ^ (Relevant source part starts here and spans across multiple lines).

Warning (3860): Contract initcode size is 335622 bytes and exceeds 49152 bytes (a limit introduced in Shanghai). This contract may not be deployable on Mainnet. Consider enabling the optimizer (with a low "runs" value!), turning off revert strings, or using libraries.
  --> test/FilesQueryOrigin.t.sol:10:1:
   |
10 | contract FilesQueryOriginTest is FilesPageReaderTest {
   | ^ (Relevant source part starts here and spans across multiple lines).

Warning (3860): Contract initcode size is 285623 bytes and exceeds 49152 bytes (a limit introduced in Shanghai). This contract may not be deployable on Mainnet. Consider enabling the optimizer (with a low "runs" value!), turning off revert strings, or using libraries.
 --> test/TagStanceQuery.t.sol:9:1:
  |
9 | contract TagStanceQueryTest is TagStanceProfileTest {
  | ^ (Relevant source part starts here and spans across multiple lines).


Ran 27 tests for test/TagStanceQuery.t.sol:TagStanceQueryTest
[PASS] test_query_both_directions_deduplicate_exact_identity_and_keep_orphan() (gas: 19854061)
[PASS] test_query_conflicting_head_explicit_and_unrelated_inventory_isolated() (gas: 20282989)
[PASS] test_query_frozen_origin_and_zero_match_partial() (gas: 19483308)
[PASS] test_query_literal_priority_and_new_tombstone() (gas: 19257076)
[PASS] test_query_missing_query_meaning_cannot_certify_empty() (gas: 16797179)
[PASS] test_query_owned_prefix_rejects_suffix_reset_and_wrong_session() (gas: 19857128)
[PASS] test_query_owned_unknown_accumulates_and_pins_profile() (gas: 19851749)
[PASS] test_query_subject_modes_and_selected_head_at_origin() (gas: 20620529)
[PASS] test_query_unknown_higher_never_falls_through() (gas: 18017218)
[PASS] test_tag_baseline_gap_controls() (gas: 12304826)
[PASS] test_tag_corrupt_intrinsic_file_parent_mismatch_rejected() (gas: 10270888)
[PASS] test_tag_dependency_before_bind_exposes_validated_prefix_to_rule() (gas: 10746711)
[PASS] test_tag_exact_retained_described_bytes_are_mandatory() (gas: 9793904)
[PASS] test_tag_fresh_inverse_is_exact_author_concept_coordinate() (gas: 12072499)
[PASS] test_tag_full_supported_revision_domain_replay_and_checked_cutover() (gas: 39906983)
[PASS] test_tag_future_concept_prefix_rejected_before_later_rule() (gas: 10285118)
[PASS] test_tag_future_directory_and_create_subject_rejected() (gas: 11363431)
[PASS] test_tag_helper_hash_configuration_and_code_drift_refused() (gas: 19080029)
[PASS] test_tag_invalid_then_valid_overwrite_rejects_whole_publication() (gas: 10812592)
[PASS] test_tag_later_concept_cannot_repair_earlier_replay() (gas: 20180054)
[PASS] test_tag_malformed_unbind_coordinate_rejected() (gas: 10712661)
[PASS] test_tag_maximum_existing_concept_revision_and_name_domains() (gas: 14462602)
[PASS] test_tag_missing_wrong_concept_and_unsupported_subject_rejected() (gas: 12865463)
[PASS] test_tag_ordinary_runtime_and_actual_initcode_fit() (gas: 126743)
[PASS] test_tag_transitions_keep_one_coordinate_and_real_history() (gas: 11926705)
[PASS] test_tag_withdrawal_keeps_stance_and_name_after_bind_still_works() (gas: 11462274)
[PASS] test_tag_wrong_token_matching_type_rejected() (gas: 10615623)
Suite result: ok. 27 passed; 0 failed; 0 skipped; finished in 58.87ms (213.68ms CPU time)

Ran 33 tests for test/FilesQueryOrigin.t.sol:FilesQueryOriginTest
[PASS] test_carrier_child_reverse_parent_postings_and_reuse() (gas: 3898011)
[PASS] test_directory_exact_body_length_required() (gas: 1075177)
[PASS] test_directory_pin_rejects_wrong_rule_hash() (gas: 26751)
[PASS] test_file_subject_parent_raw_ingress_rejected() (gas: 2445085)
[PASS] test_lookalike_type_with_wrong_rule_is_not_a_directory() (gas: 3666321)
[PASS] test_missing_zero_and_wrong_length_directory_seeds_rejected() (gas: 1863284)
[PASS] test_nonexistent_parent_raw_ingress_rejected() (gas: 2048307)
[PASS] test_page_conflict_keeps_file_tag_and_unknown_revision_tag() (gas: 13070918)
[PASS] test_page_continuations_bind_caller_filter_basis_and_swap_removal() (gas: 14543675)
[PASS] test_page_fault_matrix_matches_independent_point_and_name_oracles() (gas: 17406698)
[PASS] test_page_forged_terminal_cannot_license_whole_query_absence() (gas: 15273425)
[PASS] test_page_header_helper_refuses_unguarded_external_use() (gas: 10932295)
[PASS] test_page_masked_budget_exhaustion_is_partial_not_empty() (gas: 13384790)
[PASS] test_page_name_header_and_tag_failures_keep_known_axes() (gas: 12474013)
[PASS] test_page_partial_family_coverage_is_unknown() (gas: 10991124)
[PASS] test_page_unavailable_head_keeps_selected_placement_name_and_file_tag() (gas: 11725687)
[PASS] test_page_uncertain_join_cannot_license_filtered_empty_origin() (gas: 12349228)
[PASS] test_page_unsupported_header_cannot_disappear_under_filter() (gas: 12180181)
[PASS] test_query_empty_consumed_terminal_scopes_guarded_other_folder_allowed() (gas: 15496637)
[PASS] test_query_historical_heads_masks_first_head_tags_and_conflict() (gas: 25881379)
[PASS] test_query_missing_history_keeps_unknown_and_never_falls_through() (gas: 15860790)
[PASS] test_query_nested_origin_generation_epoch_execution_and_gap_refuse() (gas: 15603743)
[PASS] test_query_owned_negative_is_historical_not_current_authority() (gas: 13915487)
[PASS] test_query_owned_prefix_progress_and_reject_foreign_restart_suffix() (gas: 16209315)
[PASS] test_query_owned_unknown_and_old_empty_start_refuse_absence() (gas: 14690775)
[PASS] test_query_post_origin_withdrawal_preserves_retained_headers() (gas: 15197127)
[PASS] test_query_selected_overwrite_mask_swap_restore_refuse() (gas: 55373327)
[PASS] test_required_index_failure_rolls_back_whole_signed_batch() (gas: 1606962)
[PASS] test_self_link_raw_ingress_rejected() (gas: 2638176)
[PASS] test_unrelated_record_parent_raw_ingress_rejected() (gas: 2625921)
[PASS] test_unrelated_record_target_raw_ingress_rejected() (gas: 3192764)
[PASS] test_valid_directory_bootstrap_and_nested_file_without_head() (gas: 5232103)
[PASS] test_withdrawn_descriptor_remains_valid_and_bind_before_name_parent_publish_is_atomic() (gas: 3252851)
Suite result: ok. 33 passed; 0 failed; 0 skipped; finished in 58.98ms (158.34ms CPU time)

Ran 18 tests for test/TagStanceProfile.t.sol:TagStanceProfileTest
[PASS] test_tag_baseline_gap_controls() (gas: 12304738)
[PASS] test_tag_corrupt_intrinsic_file_parent_mismatch_rejected() (gas: 10270690)
[PASS] test_tag_dependency_before_bind_exposes_validated_prefix_to_rule() (gas: 10746601)
[PASS] test_tag_exact_retained_described_bytes_are_mandatory() (gas: 9793816)
[PASS] test_tag_fresh_inverse_is_exact_author_concept_coordinate() (gas: 12072301)
[PASS] test_tag_full_supported_revision_domain_replay_and_checked_cutover() (gas: 39906749)
[PASS] test_tag_future_concept_prefix_rejected_before_later_rule() (gas: 10284964)
[PASS] test_tag_future_directory_and_create_subject_rejected() (gas: 11363255)
[PASS] test_tag_helper_hash_configuration_and_code_drift_refused() (gas: 19079809)
[PASS] test_tag_invalid_then_valid_overwrite_rejects_whole_publication() (gas: 10812394)
[PASS] test_tag_later_concept_cannot_repair_earlier_replay() (gas: 20179900)
[PASS] test_tag_malformed_unbind_coordinate_rejected() (gas: 10712573)
[PASS] test_tag_maximum_existing_concept_revision_and_name_domains() (gas: 14462404)
[PASS] test_tag_missing_wrong_concept_and_unsupported_subject_rejected() (gas: 12865265)
[PASS] test_tag_ordinary_runtime_and_actual_initcode_fit() (gas: 126655)
[PASS] test_tag_transitions_keep_one_coordinate_and_real_history() (gas: 11926493)
[PASS] test_tag_withdrawal_keeps_stance_and_name_after_bind_still_works() (gas: 11462186)
[PASS] test_tag_wrong_token_matching_type_rejected() (gas: 10615469)
Suite result: ok. 18 passed; 0 failed; 0 skipped; finished in 60.42ms (155.13ms CPU time)

Ran 3 test suites in 61.42ms (178.26ms CPU time): 78 tests passed, 0 failed, 0 skipped (78 total tests)
