No files changed, compilation skipped

Ran 28 tests for test/TagStanceQuery.t.sol:TagStanceQueryTest
[PASS] test_query_both_directions_deduplicate_exact_identity_and_keep_orphan() (gas: 19885557)
[PASS] test_query_conflicting_head_explicit_and_unrelated_inventory_isolated() (gas: 20314482)
[PASS] test_query_frozen_origin_and_zero_match_partial() (gas: 19514800)
[PASS] test_query_literal_priority_and_new_tombstone() (gas: 19323561)
[PASS] test_query_missing_query_meaning_cannot_certify_empty() (gas: 16828006)
[PASS] test_query_owned_prefix_rejects_suffix_reset_and_wrong_session() (gas: 19901594)
[PASS] test_query_owned_unknown_accumulates_and_pins_profile() (gas: 19896282)
[PASS] test_query_point_intrinsic_identity_and_missing_selected_head() (gas: 18896633)
[PASS] test_query_subject_modes_and_selected_head_at_origin() (gas: 20652428)
[PASS] test_query_unknown_higher_never_falls_through() (gas: 18056856)
[PASS] test_tag_baseline_gap_controls() (gas: 12304848)
[PASS] test_tag_corrupt_intrinsic_file_parent_mismatch_rejected() (gas: 10270910)
[PASS] test_tag_dependency_before_bind_exposes_validated_prefix_to_rule() (gas: 10746733)
[PASS] test_tag_exact_retained_described_bytes_are_mandatory() (gas: 9793927)
[PASS] test_tag_fresh_inverse_is_exact_author_concept_coordinate() (gas: 12072521)
[PASS] test_tag_full_supported_revision_domain_replay_and_checked_cutover() (gas: 39907005)
[PASS] test_tag_future_concept_prefix_rejected_before_later_rule() (gas: 10285140)
[PASS] test_tag_future_directory_and_create_subject_rejected() (gas: 11363453)
[PASS] test_tag_helper_hash_configuration_and_code_drift_refused() (gas: 19080083)
[PASS] test_tag_invalid_then_valid_overwrite_rejects_whole_publication() (gas: 10812614)
[PASS] test_tag_later_concept_cannot_repair_earlier_replay() (gas: 20180076)
[PASS] test_tag_malformed_unbind_coordinate_rejected() (gas: 10712683)
[PASS] test_tag_maximum_existing_concept_revision_and_name_domains() (gas: 14462624)
[PASS] test_tag_missing_wrong_concept_and_unsupported_subject_rejected() (gas: 12865485)
[PASS] test_tag_ordinary_runtime_and_actual_initcode_fit() (gas: 126765)
[PASS] test_tag_transitions_keep_one_coordinate_and_real_history() (gas: 11926727)
[PASS] test_tag_withdrawal_keeps_stance_and_name_after_bind_still_works() (gas: 11462296)
[PASS] test_tag_wrong_token_matching_type_rejected() (gas: 10615645)
Suite result: ok. 28 passed; 0 failed; 0 skipped; finished in 53.54ms (264.59ms CPU time)

Ran 1 test suite in 64.07ms (53.54ms CPU time): 28 tests passed, 0 failed, 0 skipped (28 total tests)
