Compiling 1 files with Solc 0.8.30
Solc 0.8.30 finished in 11.29s
Compiler run successful with warnings:
Warning (2519): This declaration shadows an existing declaration.
  --> src/Keys.sol:92:21:
   |
92 |     function record(bytes32 typeId, bytes memory data) internal pure returns (bytes32) {
   |                     ^^^^^^^^^^^^^^
Note: The shadowed declaration is here:
  --> src/Keys.sol:88:5:
   |
88 |     function typeId(bytes32 shape, bytes32[] memory refTypes, bytes32 ruleId) internal pure returns (bytes32) {
   |     ^ (Relevant source part starts here and spans across multiple lines).

Warning (2519): This declaration shadows an existing declaration.
  --> src/Keys.sol:97:29:
   |
97 |     function recordFromHash(bytes32 typeId, bytes32 bodyHash) internal pure returns (bytes32) {
   |                             ^^^^^^^^^^^^^^
Note: The shadowed declaration is here:
  --> src/Keys.sol:88:5:
   |
88 |     function typeId(bytes32 shape, bytes32[] memory refTypes, bytes32 ruleId) internal pure returns (bytes32) {
   |     ^ (Relevant source part starts here and spans across multiple lines).

Warning (2519): This declaration shadows an existing declaration.
   --> src/Keys.sol:117:22:
    |
117 |     function posting(bytes32 typeId, uint8 kind, uint8 ordinal, bytes32 valueKey) internal pure returns (bytes32) {
    |                      ^^^^^^^^^^^^^^
Note: The shadowed declaration is here:
  --> src/Keys.sol:88:5:
   |
88 |     function typeId(bytes32 shape, bytes32[] memory refTypes, bytes32 ruleId) internal pure returns (bytes32) {
   |     ^ (Relevant source part starts here and spans across multiple lines).

Warning (2519): This declaration shadows an existing declaration.
   --> src/Keys.sol:121:25:
    |
121 |     function byTypeList(bytes32 typeId) internal pure returns (bytes32) {
    |                         ^^^^^^^^^^^^^^
Note: The shadowed declaration is here:
  --> src/Keys.sol:88:5:
   |
88 |     function typeId(bytes32 shape, bytes32[] memory refTypes, bytes32 ruleId) internal pure returns (bytes32) {
   |     ^ (Relevant source part starts here and spans across multiple lines).

Warning (3860): Contract initcode size is 228134 bytes and exceeds 49152 bytes (a limit introduced in Shanghai). This contract may not be deployable on Mainnet. Consider enabling the optimizer (with a low "runs" value!), turning off revert strings, or using libraries.
  --> test/TagStanceProfile.t.sol:28:1:
   |
28 | contract TagStanceProfileTest is LabBase {
   | ^ (Relevant source part starts here and spans across multiple lines).


Ran 5 tests for test/TagStanceProfile.t.sol:TagStanceProfileTest
[PASS] test_tag_exact_retained_described_bytes_are_mandatory() (gas: 9793816)
[PASS] test_tag_full_supported_revision_domain_replay_and_checked_cutover() (gas: 39844619)
[PASS] test_tag_helper_hash_configuration_and_code_drift_refused() (gas: 19079809)
[PASS] test_tag_later_concept_cannot_repair_earlier_replay() (gas: 20179900)
[PASS] test_tag_ordinary_runtime_and_actual_initcode_fit() (gas: 126655)
Suite result: ok. 5 passed; 0 failed; 0 skipped; finished in 32.80ms (36.23ms CPU time)

Ran 1 test suite in 43.15ms (32.80ms CPU time): 5 tests passed, 0 failed, 0 skipped (5 total tests)
