Compiling 9 files with Solc 0.8.30
Solc 0.8.30 finished in 189.74s
Compiler run successful with warnings:
Warning (2519): This declaration shadows an existing declaration.
  --> src/Keys.sol:92:21:
   |
92 |     function record(bytes32 typeId, bytes memory data) internal pure returns (bytes32) {
   |                     ^^^^^^^^^^^^^^
Note: The shadowed declaration is here:
  --> src/Keys.sol:88:5:
   |
88 |     function typeId(bytes32 shape, bytes32[] memory refTypes, bytes32 ruleId) internal pure returns (bytes32) {
   |     ^ (Relevant source part starts here and spans across multiple lines).

Warning (2519): This declaration shadows an existing declaration.
  --> src/Keys.sol:97:29:
   |
97 |     function recordFromHash(bytes32 typeId, bytes32 bodyHash) internal pure returns (bytes32) {
   |                             ^^^^^^^^^^^^^^
Note: The shadowed declaration is here:
  --> src/Keys.sol:88:5:
   |
88 |     function typeId(bytes32 shape, bytes32[] memory refTypes, bytes32 ruleId) internal pure returns (bytes32) {
   |     ^ (Relevant source part starts here and spans across multiple lines).

Warning (2519): This declaration shadows an existing declaration.
   --> src/Keys.sol:117:22:
    |
117 |     function posting(bytes32 typeId, uint8 kind, uint8 ordinal, bytes32 valueKey) internal pure returns (bytes32) {
    |                      ^^^^^^^^^^^^^^
Note: The shadowed declaration is here:
  --> src/Keys.sol:88:5:
   |
88 |     function typeId(bytes32 shape, bytes32[] memory refTypes, bytes32 ruleId) internal pure returns (bytes32) {
   |     ^ (Relevant source part starts here and spans across multiple lines).

Warning (2519): This declaration shadows an existing declaration.
   --> src/Keys.sol:121:25:
    |
121 |     function byTypeList(bytes32 typeId) internal pure returns (bytes32) {
    |                         ^^^^^^^^^^^^^^
Note: The shadowed declaration is here:
  --> src/Keys.sol:88:5:
   |
88 |     function typeId(bytes32 shape, bytes32[] memory refTypes, bytes32 ruleId) internal pure returns (bytes32) {
   |     ^ (Relevant source part starts here and spans across multiple lines).

Warning (2519): This declaration shadows an existing declaration.
   --> test/CoreIndexReplay.t.sol:113:14:
    |
113 |             (bool ok,)=address(ledger).call(abi.encodeCall(CutoverEntry.replaceIndexWhenReady,(r)));
    |              ^^^^^^^
Note: The shadowed declaration is here:
   --> test/CoreIndexReplay.t.sol:123:10:
    |
123 |         (bool ok,)=address(ledger).call(abi.encodeCall(CutoverEntry.replaceIndexWhenReady,(request)));
    |          ^^^^^^^

Warning (2519): This declaration shadows an existing declaration.
   --> test/FilesNames.t.sol:316:14:
    |
316 |             (bool ok, bytes memory err) = address(reader).staticcall(abi.encodeCall(reader.readName, (position, MOUNT, role, bad)));
    |              ^^^^^^^
Note: The shadowed declaration is here:
   --> test/FilesNames.t.sol:320:10:
    |
320 |         (bool ok, bytes memory err) = address(reader).staticcall(abi.encodeCall(reader.readName,
    |          ^^^^^^^

Warning (2519): This declaration shadows an existing declaration.
   --> test/FilesNames.t.sol:316:23:
    |
316 |             (bool ok, bytes memory err) = address(reader).staticcall(abi.encodeCall(reader.readName, (position, MOUNT, role, bad)));
    |                       ^^^^^^^^^^^^^^^^
Note: The shadowed declaration is here:
   --> test/FilesNames.t.sol:320:19:
    |
320 |         (bool ok, bytes memory err) = address(reader).staticcall(abi.encodeCall(reader.readName,
    |                   ^^^^^^^^^^^^^^^^

Warning (2018): Function state mutability can be restricted to view
  --> test/FilesDirectoryProfile.t.sol:60:5:
   |
60 |     function test_directory_pin_rejects_wrong_rule_hash() public {
   |     ^ (Relevant source part starts here and spans across multiple lines).

Warning (3860): Contract initcode size is 118207 bytes and exceeds 49152 bytes (a limit introduced in Shanghai). This contract may not be deployable on Mainnet. Consider enabling the optimizer (with a low "runs" value!), turning off revert strings, or using libraries.
  --> test/CoreIndexReplay.t.sol:33:1:
   |
33 | contract CoreIndexReplayTest is LabBase {
   | ^ (Relevant source part starts here and spans across multiple lines).

Warning (3860): Contract initcode size is 279572 bytes and exceeds 49152 bytes (a limit introduced in Shanghai). This contract may not be deployable on Mainnet. Consider enabling the optimizer (with a low "runs" value!), turning off revert strings, or using libraries.
  --> test/CoreReadCostAudit.t.sol:11:1:
   |
11 | contract CoreReadCostAuditTest is FilesPageReaderTest {
   | ^ (Relevant source part starts here and spans across multiple lines).

Warning (3860): Contract initcode size is 191019 bytes and exceeds 49152 bytes (a limit introduced in Shanghai). This contract may not be deployable on Mainnet. Consider enabling the optimizer (with a low "runs" value!), turning off revert strings, or using libraries.
  --> test/FilesNames.t.sol:30:1:
   |
30 | contract FilesNamesTest is LabBase {
   | ^ (Relevant source part starts here and spans across multiple lines).

Warning (3860): Contract initcode size is 250943 bytes and exceeds 49152 bytes (a limit introduced in Shanghai). This contract may not be deployable on Mainnet. Consider enabling the optimizer (with a low "runs" value!), turning off revert strings, or using libraries.
 --> test/FilesLiveIndex.t.sol:9:1:
  |
9 | contract FilesLiveIndexTest is FilesNamesTest {
  | ^ (Relevant source part starts here and spans across multiple lines).

Warning (3860): Contract initcode size is 316683 bytes and exceeds 49152 bytes (a limit introduced in Shanghai). This contract may not be deployable on Mainnet. Consider enabling the optimizer (with a low "runs" value!), turning off revert strings, or using libraries.
  --> test/FilesQueryOrigin.t.sol:10:1:
   |
10 | contract FilesQueryOriginTest is FilesPageReaderTest {
   | ^ (Relevant source part starts here and spans across multiple lines).

Warning (3860): Contract initcode size is 305035 bytes and exceeds 49152 bytes (a limit introduced in Shanghai). This contract may not be deployable on Mainnet. Consider enabling the optimizer (with a low "runs" value!), turning off revert strings, or using libraries.
  --> test/FilesRetainedQuery.t.sol:10:1:
   |
10 | contract FilesRetainedQueryTest is FilesPageReaderTest {
   | ^ (Relevant source part starts here and spans across multiple lines).

Warning (3860): Contract initcode size is 106578 bytes and exceeds 49152 bytes (a limit introduced in Shanghai). This contract may not be deployable on Mainnet. Consider enabling the optimizer (with a low "runs" value!), turning off revert strings, or using libraries.
 --> test/LensReview.t.sol:9:1:
  |
9 | contract LensReviewTest is LabBase {
  | ^ (Relevant source part starts here and spans across multiple lines).

Warning (3860): Contract initcode size is 100286 bytes and exceeds 49152 bytes (a limit introduced in Shanghai). This contract may not be deployable on Mainnet. Consider enabling the optimizer (with a low "runs" value!), turning off revert strings, or using libraries.
  --> test/RecordOccurrenceBounds.t.sol:14:1:
   |
14 | contract RecordOccurrenceBoundsTest is LabBase {
   | ^ (Relevant source part starts here and spans across multiple lines).


Ran 2 tests for test/FilesBytework.t.sol:FilesNameByteBoundaryTest
[PASS] test_bytework_name_copy_exact_lengths() (gas: 1976603)
[PASS] test_bytework_name_decoder_rejects_malformed_bounds() (gas: 1547976)
Suite result: ok. 2 passed; 0 failed; 0 skipped; finished in 15.79ms (5.65ms CPU time)

Ran 8 tests for test/RecordOccurrenceBounds.t.sol:RecordOccurrenceBoundsTest
[PASS] test_fresh_one_withdraw_zero_reuse_one_keeps_retained_record() (gas: 918309)
[PASS] test_high_count_bit_refuses_publish_and_reuse_without_truncating_check() (gas: 1207343)
[PASS] test_max_duplicate_publish_refuses_without_state_or_index_change() (gas: 685228)
[PASS] test_max_minus_one_allows_exactly_one_publish() (gas: 1149565)
[PASS] test_max_minus_one_allows_exactly_one_reuse() (gas: 1131608)
[PASS] test_max_reuse_refuses_without_state_or_index_change() (gas: 685578)
[PASS] test_second_publish_at_max_rolls_back_first_reuse_prefix() (gas: 844136)
[PASS] test_second_reuse_at_max_rolls_back_first_publish_prefix() (gas: 864042)
Suite result: ok. 8 passed; 0 failed; 0 skipped; finished in 46.29ms (36.61ms CPU time)

Ran 7 tests for test/LensReview.t.sol:LensReviewTest
[PASS] testAddressAndPrincipalSelectionMaskConflictAndPagingParity() (gas: 5551930)
[PASS] testAddressAndPrincipalUnknownCoverageParity() (gas: 11488942)
[PASS] testExplicitAdmissionPinRemainsStricterThanLegacyAuditCursor() (gas: 2404531)
[PASS] testQualifiedHistoryRejectsOtherLedgersCompleteEmptyIndex() (gas: 15417178)
[PASS] testQualifiedListRejectsOtherLedgersCompleteEmptyIndex() (gas: 15424691)
[PASS] testQualifiedOwnershipValidDetachedAndZeroIndexControls() (gas: 4487079)
[PASS] testZeroExecutionRejectsEveryNoncanonicalFirstCursorField() (gas: 1519217)
Suite result: ok. 7 passed; 0 failed; 0 skipped; finished in 85.91ms (66.49ms CPU time)

Ran 9 tests for test/CoreIndexReplay.t.sol:CoreIndexReplayTest
[PASS] test_active_lock_and_incomplete_final_publication_cannot_advance_replay() (gas: 5538655)
[PASS] test_checked_cutover_stale_basis_suffix_retry_and_exactly_once_live() (gas: 10839380)
[PASS] test_cutover_rejects_wide_fixed_request_and_old_guarded_signature() (gas: 5208128)
[PASS] test_decoder_pin_and_unsupported_retained_execution_fail_closed() (gas: 4934002)
[PASS] test_detached_complete_replay_ignores_mutable_policy_and_live_instance_cannot_backfill() (gas: 5678069)
[PASS] test_detached_genesis_replays_historical_heads_and_withdrawal() (gas: 8780008)
[PASS] test_guard_codec_preserves_hash_error_before_exact_stale_coordinates() (gas: 252816)
[PASS] test_imported_create_replays_retained_source_creator() (gas: 12796986)
[PASS] test_readiness_rejects_wrong_basis_manifest_identity_and_malformed_getters() (gas: 10683513)
Suite result: ok. 9 passed; 0 failed; 0 skipped; finished in 95.80ms (76.81ms CPU time)

Ran 18 tests for test/CoreIndexReplayFiles.t.sol:CoreIndexReplayFilesTest
[PASS] test_carrier_child_reverse_parent_postings_and_reuse() (gas: 4001091)
[PASS] test_ciphertext_digest_descriptor_revision_selected_file_and_final_names() (gas: 5465863)
[PASS] test_directory_exact_body_length_required() (gas: 1082430)
[PASS] test_directory_pin_rejects_wrong_rule_hash() (gas: 25996)
[PASS] test_file_subject_parent_raw_ingress_rejected() (gas: 2457755)
[PASS] test_later_name_cannot_repair_earlier_invalid_publication_during_replay() (gas: 10955040)
[PASS] test_lookalike_type_with_wrong_rule_is_not_a_directory() (gas: 3701993)
[PASS] test_missing_zero_and_wrong_length_directory_seeds_rejected() (gas: 1886862)
[PASS] test_nonexistent_parent_raw_ingress_rejected() (gas: 2061572)
[PASS] test_replayed_late_files_index_qualifies_actual_page_reader() (gas: 25070165)
[PASS] test_replayed_scope_stamps_dense_order_two_authors_two_folders() (gas: 17903008)
[PASS] test_required_index_failure_rolls_back_whole_signed_batch() (gas: 1619741)
[PASS] test_scope_code_pin_rejects_replacement_and_live_write() (gas: 10654662)
[PASS] test_self_link_raw_ingress_rejected() (gas: 2662661)
[PASS] test_unrelated_record_parent_raw_ingress_rejected() (gas: 2650667)
[PASS] test_unrelated_record_target_raw_ingress_rejected() (gas: 3229305)
[PASS] test_valid_directory_bootstrap_and_nested_file_without_head() (gas: 5262058)
[PASS] test_withdrawn_descriptor_remains_valid_and_bind_before_name_parent_publish_is_atomic() (gas: 3275750)
Suite result: ok. 18 passed; 0 failed; 0 skipped; finished in 241.92ms (214.68ms CPU time)

Ran 26 tests for test/FilesRetainedQuery.t.sol:FilesRetainedQueryTest
[PASS] test_carrier_child_reverse_parent_postings_and_reuse() (gas: 3885618)
[PASS] test_directory_exact_body_length_required() (gas: 1072925)
[PASS] test_directory_pin_rejects_wrong_rule_hash() (gas: 26215)
[PASS] test_file_subject_parent_raw_ingress_rejected() (gas: 2438182)
[PASS] test_lookalike_type_with_wrong_rule_is_not_a_directory() (gas: 3654591)
[PASS] test_missing_zero_and_wrong_length_directory_seeds_rejected() (gas: 1861166)
[PASS] test_nonexistent_parent_raw_ingress_rejected() (gas: 2042944)
[PASS] test_page_conflict_keeps_file_tag_and_unknown_revision_tag() (gas: 13163888)
[PASS] test_page_continuations_bind_caller_filter_basis_and_swap_removal() (gas: 14617387)
[PASS] test_page_fault_matrix_matches_independent_point_and_name_oracles() (gas: 17501016)
[PASS] test_page_forged_terminal_cannot_license_whole_query_absence() (gas: 15350057)
[PASS] test_page_header_helper_refuses_unguarded_external_use() (gas: 11019201)
[PASS] test_page_masked_budget_exhaustion_is_partial_not_empty() (gas: 13469148)
[PASS] test_page_name_header_and_tag_failures_keep_known_axes() (gas: 12577105)
[PASS] test_page_partial_family_coverage_is_unknown() (gas: 11077250)
[PASS] test_page_unavailable_head_keeps_selected_placement_name_and_file_tag() (gas: 11811209)
[PASS] test_page_uncertain_join_cannot_license_filtered_empty_origin() (gas: 12458851)
[PASS] test_page_unsupported_header_cannot_disappear_under_filter() (gas: 12277242)
[PASS] test_required_index_failure_rolls_back_whole_signed_batch() (gas: 1602635)
[PASS] test_retained_placement_uses_historical_higher_masks_and_origin_lengths() (gas: 16063594)
[PASS] test_retained_query_advances_across_selected_folder_churn() (gas: 17718137)
[PASS] test_self_link_raw_ingress_rejected() (gas: 2630375)
[PASS] test_unrelated_record_parent_raw_ingress_rejected() (gas: 2618363)
[PASS] test_unrelated_record_target_raw_ingress_rejected() (gas: 3183045)
[PASS] test_valid_directory_bootstrap_and_nested_file_without_head() (gas: 5214943)
[PASS] test_withdrawn_descriptor_remains_valid_and_bind_before_name_parent_publish_is_atomic() (gas: 3242341)
Suite result: ok. 26 passed; 0 failed; 0 skipped; finished in 341.90ms (445.45ms CPU time)

Ran 24 tests for test/FilesPageReader.t.sol:FilesPageReaderTest
[PASS] test_carrier_child_reverse_parent_postings_and_reuse() (gas: 3885618)
[PASS] test_directory_exact_body_length_required() (gas: 1072903)
[PASS] test_directory_pin_rejects_wrong_rule_hash() (gas: 26171)
[PASS] test_file_subject_parent_raw_ingress_rejected() (gas: 2438160)
[PASS] test_lookalike_type_with_wrong_rule_is_not_a_directory() (gas: 3654591)
[PASS] test_missing_zero_and_wrong_length_directory_seeds_rejected() (gas: 1861144)
[PASS] test_nonexistent_parent_raw_ingress_rejected() (gas: 2042944)
[PASS] test_page_conflict_keeps_file_tag_and_unknown_revision_tag() (gas: 13163902)
[PASS] test_page_continuations_bind_caller_filter_basis_and_swap_removal() (gas: 14617399)
[PASS] test_page_fault_matrix_matches_independent_point_and_name_oracles() (gas: 17500989)
[PASS] test_page_forged_terminal_cannot_license_whole_query_absence() (gas: 15350047)
[PASS] test_page_header_helper_refuses_unguarded_external_use() (gas: 11019174)
[PASS] test_page_masked_budget_exhaustion_is_partial_not_empty() (gas: 13469143)
[PASS] test_page_name_header_and_tag_failures_keep_known_axes() (gas: 12577122)
[PASS] test_page_partial_family_coverage_is_unknown() (gas: 11077224)
[PASS] test_page_unavailable_head_keeps_selected_placement_name_and_file_tag() (gas: 11811255)
[PASS] test_page_uncertain_join_cannot_license_filtered_empty_origin() (gas: 12458868)
[PASS] test_page_unsupported_header_cannot_disappear_under_filter() (gas: 12277288)
[PASS] test_required_index_failure_rolls_back_whole_signed_batch() (gas: 1602591)
[PASS] test_self_link_raw_ingress_rejected() (gas: 2630331)
[PASS] test_unrelated_record_parent_raw_ingress_rejected() (gas: 2618319)
[PASS] test_unrelated_record_target_raw_ingress_rejected() (gas: 3183023)
[PASS] test_valid_directory_bootstrap_and_nested_file_without_head() (gas: 5214899)
[PASS] test_withdrawn_descriptor_remains_valid_and_bind_before_name_parent_publish_is_atomic() (gas: 3242265)
Suite result: ok. 24 passed; 0 failed; 0 skipped; finished in 405.71ms (380.17ms CPU time)

Ran 18 tests for test/FilesLiveIndex.t.sol:FilesLiveIndexTest
[PASS] test_explicit_live_swap_removal_invalidates_unpinned_continuation() (gas: 4188667)
[PASS] test_guarded_name_basis_tracks_execution_without_admission_change() (gas: 2124505)
[PASS] test_live_32_renames_scan_one_not_33() (gas: 31968882)
[PASS] test_live_address_explicit_parity_after_swap_removal() (gas: 5843628)
[PASS] test_live_higher_mask_still_suppresses_lower_positive_candidate() (gas: 3157066)
[PASS] test_live_late_attachment_never_claims_complete_empty() (gas: 11093544)
[PASS] test_live_rebind_is_not_duplicate_and_restore_readds_once() (gas: 3588736)
[PASS] test_live_removal_swaps_dense_candidate_without_erasing_audit() (gas: 5679745)
[PASS] test_live_scope_stamp_tracks_overwrite_removal_and_restore() (gas: 4056633)
[PASS] test_live_swap_removal_invalidates_unpinned_continuation() (gas: 4142574)
[PASS] test_name_grammar_exhaustive_bytes_and_255_boundaries() (gas: 562070)
[PASS] test_names_ascii_grammar_refuses_unsupported_bytes_without_normalizing() (gas: 7923706)
[PASS] test_names_forged_earlier_metadata_refuses_without_membership_change() (gas: 3846291)
[PASS] test_names_last_occurrence_withdrawal_preserves_name_membership_and_contents() (gas: 3438268)
[PASS] test_names_missing_signed_and_generic_ingress_roll_back() (gas: 3541862)
[PASS] test_names_multiple_positions_and_reused_name_without_republication() (gas: 4440640)
[PASS] test_names_response_faults_preserve_membership_and_reject_mixed_basis() (gas: 17128812)
[PASS] test_names_signed_name_after_bind_and_parent_maintenance() (gas: 3088162)
Suite result: ok. 18 passed; 0 failed; 0 skipped; finished in 405.72ms (506.65ms CPU time)

Ran 26 tests for test/FilesBytework.t.sol:FilesByteworkTest
[PASS] test_bytework_nonmatching_search_keeps_unknown_axes() (gas: 13171711)
[PASS] test_bytework_substring_boundaries() (gas: 15808074)
[PASS] test_carrier_child_reverse_parent_postings_and_reuse() (gas: 3885618)
[PASS] test_directory_exact_body_length_required() (gas: 1072925)
[PASS] test_directory_pin_rejects_wrong_rule_hash() (gas: 26215)
[PASS] test_file_subject_parent_raw_ingress_rejected() (gas: 2438182)
[PASS] test_lookalike_type_with_wrong_rule_is_not_a_directory() (gas: 3654591)
[PASS] test_missing_zero_and_wrong_length_directory_seeds_rejected() (gas: 1861166)
[PASS] test_nonexistent_parent_raw_ingress_rejected() (gas: 2042944)
[PASS] test_page_conflict_keeps_file_tag_and_unknown_revision_tag() (gas: 13163888)
[PASS] test_page_continuations_bind_caller_filter_basis_and_swap_removal() (gas: 14617387)
[PASS] test_page_fault_matrix_matches_independent_point_and_name_oracles() (gas: 17501045)
[PASS] test_page_forged_terminal_cannot_license_whole_query_absence() (gas: 15350057)
[PASS] test_page_header_helper_refuses_unguarded_external_use() (gas: 11019201)
[PASS] test_page_masked_budget_exhaustion_is_partial_not_empty() (gas: 13469148)
[PASS] test_page_name_header_and_tag_failures_keep_known_axes() (gas: 12577134)
[PASS] test_page_partial_family_coverage_is_unknown() (gas: 11077229)
[PASS] test_page_unavailable_head_keeps_selected_placement_name_and_file_tag() (gas: 11811209)
[PASS] test_page_uncertain_join_cannot_license_filtered_empty_origin() (gas: 12458947)
[PASS] test_page_unsupported_header_cannot_disappear_under_filter() (gas: 12277242)
[PASS] test_required_index_failure_rolls_back_whole_signed_batch() (gas: 1602664)
[PASS] test_self_link_raw_ingress_rejected() (gas: 2630375)
[PASS] test_unrelated_record_parent_raw_ingress_rejected() (gas: 2618363)
[PASS] test_unrelated_record_target_raw_ingress_rejected() (gas: 3183045)
[PASS] test_valid_directory_bootstrap_and_nested_file_without_head() (gas: 5214943)
[PASS] test_withdrawn_descriptor_remains_valid_and_bind_before_name_parent_publish_is_atomic() (gas: 3242345)
Suite result: ok. 26 passed; 0 failed; 0 skipped; finished in 426.62ms (454.20ms CPU time)

Ran 33 tests for test/FilesQueryOrigin.t.sol:FilesQueryOriginTest
[PASS] test_carrier_child_reverse_parent_postings_and_reuse() (gas: 3885656)
[PASS] test_directory_exact_body_length_required() (gas: 1072985)
[PASS] test_directory_pin_rejects_wrong_rule_hash() (gas: 26399)
[PASS] test_file_subject_parent_raw_ingress_rejected() (gas: 2438241)
[PASS] test_lookalike_type_with_wrong_rule_is_not_a_directory() (gas: 3654628)
[PASS] test_missing_zero_and_wrong_length_directory_seeds_rejected() (gas: 1861226)
[PASS] test_nonexistent_parent_raw_ingress_rejected() (gas: 2042991)
[PASS] test_page_conflict_keeps_file_tag_and_unknown_revision_tag() (gas: 13164103)
[PASS] test_page_continuations_bind_caller_filter_basis_and_swap_removal() (gas: 14617605)
[PASS] test_page_fault_matrix_matches_independent_point_and_name_oracles() (gas: 17501398)
[PASS] test_page_forged_terminal_cannot_license_whole_query_absence() (gas: 15350334)
[PASS] test_page_header_helper_refuses_unguarded_external_use() (gas: 11019388)
[PASS] test_page_masked_budget_exhaustion_is_partial_not_empty() (gas: 13469314)
[PASS] test_page_name_header_and_tag_failures_keep_known_axes() (gas: 12577465)
[PASS] test_page_partial_family_coverage_is_unknown() (gas: 11077371)
[PASS] test_page_unavailable_head_keeps_selected_placement_name_and_file_tag() (gas: 11811389)
[PASS] test_page_uncertain_join_cannot_license_filtered_empty_origin() (gas: 12459001)
[PASS] test_page_unsupported_header_cannot_disappear_under_filter() (gas: 12277505)
[PASS] test_query_empty_consumed_terminal_scopes_guarded_other_folder_allowed() (gas: 15581191)
[PASS] test_query_historical_heads_masks_first_head_tags_and_conflict() (gas: 25995007)
[PASS] test_query_missing_history_keeps_unknown_and_never_falls_through() (gas: 15953527)
[PASS] test_query_nested_origin_generation_epoch_execution_and_gap_refuse() (gas: 15676307)
[PASS] test_query_owned_negative_is_historical_not_current_authority() (gas: 13997854)
[PASS] test_query_owned_prefix_progress_and_reject_foreign_restart_suffix() (gas: 16286238)
[PASS] test_query_owned_unknown_and_old_empty_start_refuse_absence() (gas: 14774516)
[PASS] test_query_post_origin_withdrawal_preserves_retained_headers() (gas: 15271040)
[PASS] test_query_selected_overwrite_mask_swap_restore_refuse() (gas: 55672686)
[PASS] test_required_index_failure_rolls_back_whole_signed_batch() (gas: 1602823)
[PASS] test_self_link_raw_ingress_rejected() (gas: 2630522)
[PASS] test_unrelated_record_parent_raw_ingress_rejected() (gas: 2618532)
[PASS] test_unrelated_record_target_raw_ingress_rejected() (gas: 3183105)
[PASS] test_valid_directory_bootstrap_and_nested_file_without_head() (gas: 5215091)
[PASS] test_withdrawn_descriptor_remains_valid_and_bind_before_name_parent_publish_is_atomic() (gas: 3242472)
Suite result: ok. 33 passed; 0 failed; 0 skipped; finished in 426.70ms (786.56ms CPU time)

Ran 27 tests for test/CoreReadCostAudit.t.sol:CoreReadCostAuditTest
[PASS] test_audit_long_valid_names_filter_cost() (gas: 117477124)
Logs:
  candidate budget: 1
  short-negative warm call gas: 293387
  long-negative warm call gas: 550651
  long-negative success: 1
  candidate budget: 4
  short-negative warm call gas: 852200
  long-negative warm call gas: 1629445
  long-negative success: 1
  candidate budget: 8
  short-negative warm call gas: 1607074
  long-negative warm call gas: 3069630
  long-negative success: 1
  candidate budget: 32
  short-negative warm call gas: 6181201
  long-negative warm call gas: 11755515
  long-negative success: 1

[PASS] test_audit_unrelated_admission_preserves_contract_page_origin() (gas: 14741810)
Logs:
  classification: unchanged selected folder inventory permits retained-origin continuation

[PASS] test_audit_valid_long_name_single_bind_within_index_bound() (gas: 11869449)
Logs:
  Name255 native single bind warm gas: 747190

[PASS] test_carrier_child_reverse_parent_postings_and_reuse() (gas: 3885618)
[PASS] test_directory_exact_body_length_required() (gas: 1072925)
[PASS] test_directory_pin_rejects_wrong_rule_hash() (gas: 26215)
[PASS] test_file_subject_parent_raw_ingress_rejected() (gas: 2438263)
[PASS] test_lookalike_type_with_wrong_rule_is_not_a_directory() (gas: 3654650)
[PASS] test_missing_zero_and_wrong_length_directory_seeds_rejected() (gas: 1861166)
[PASS] test_nonexistent_parent_raw_ingress_rejected() (gas: 2043006)
[PASS] test_page_conflict_keeps_file_tag_and_unknown_revision_tag() (gas: 13163889)
[PASS] test_page_continuations_bind_caller_filter_basis_and_swap_removal() (gas: 14617367)
[PASS] test_page_fault_matrix_matches_independent_point_and_name_oracles() (gas: 17501017)
[PASS] test_page_forged_terminal_cannot_license_whole_query_absence() (gas: 15350059)
[PASS] test_page_header_helper_refuses_unguarded_external_use() (gas: 11019202)
[PASS] test_page_masked_budget_exhaustion_is_partial_not_empty() (gas: 13469171)
[PASS] test_page_name_header_and_tag_failures_keep_known_axes() (gas: 12577106)
[PASS] test_page_partial_family_coverage_is_unknown() (gas: 11077252)
[PASS] test_page_unavailable_head_keeps_selected_placement_name_and_file_tag() (gas: 11811210)
[PASS] test_page_uncertain_join_cannot_license_filtered_empty_origin() (gas: 12458852)
[PASS] test_page_unsupported_header_cannot_disappear_under_filter() (gas: 12277243)
[PASS] test_required_index_failure_rolls_back_whole_signed_batch() (gas: 1602635)
[PASS] test_self_link_raw_ingress_rejected() (gas: 2630434)
[PASS] test_unrelated_record_parent_raw_ingress_rejected() (gas: 2618427)
[PASS] test_unrelated_record_target_raw_ingress_rejected() (gas: 3183104)
[PASS] test_valid_directory_bootstrap_and_nested_file_without_head() (gas: 5214943)
[PASS] test_withdrawn_descriptor_remains_valid_and_bind_before_name_parent_publish_is_atomic() (gas: 3242319)
Suite result: ok. 27 passed; 0 failed; 0 skipped; finished in 494.02ms (901.85ms CPU time)

Ran 11 test suites in 509.95ms (2.99s CPU time): 198 tests passed, 0 failed, 0 skipped (198 total tests)
