{
  "status": "COMPLETE",
  "findings": [
    {
      "label": "unrelated/step-1",
      "status": "SUCCESS",
      "gasUsed": "682637",
      "principals": 2,
      "budget": 1,
      "origin": "42",
      "observedCurrent": "42",
      "scannedBefore": "0",
      "scannedAfter": "1",
      "prefixComparisons": "0",
      "prefixGasDiagnostic": "0"
    },
    {
      "label": "unrelated/step-2",
      "status": "SUCCESS",
      "gasUsed": "481391",
      "principals": 2,
      "budget": 1,
      "origin": "42",
      "observedCurrent": "51",
      "scannedBefore": "1",
      "scannedAfter": "2",
      "prefixComparisons": "0",
      "prefixGasDiagnostic": "0"
    },
    {
      "label": "unrelated/step-3",
      "status": "SUCCESS",
      "gasUsed": "481391",
      "principals": 2,
      "budget": 1,
      "origin": "42",
      "observedCurrent": "52",
      "scannedBefore": "2",
      "scannedAfter": "3",
      "prefixComparisons": "0",
      "prefixGasDiagnostic": "0"
    },
    {
      "label": "unrelated/step-4",
      "status": "SUCCESS",
      "gasUsed": "481391",
      "principals": 2,
      "budget": 1,
      "origin": "42",
      "observedCurrent": "53",
      "scannedBefore": "3",
      "scannedAfter": "4",
      "prefixComparisons": "0",
      "prefixGasDiagnostic": "0"
    },
    {
      "label": "unrelated/step-5",
      "status": "SUCCESS",
      "gasUsed": "481391",
      "principals": 2,
      "budget": 1,
      "origin": "42",
      "observedCurrent": "54",
      "scannedBefore": "4",
      "scannedAfter": "5",
      "prefixComparisons": "0",
      "prefixGasDiagnostic": "0"
    },
    {
      "label": "unrelated/step-6",
      "status": "SUCCESS",
      "gasUsed": "481391",
      "principals": 2,
      "budget": 1,
      "origin": "42",
      "observedCurrent": "55",
      "scannedBefore": "5",
      "scannedAfter": "6",
      "prefixComparisons": "0",
      "prefixGasDiagnostic": "0"
    },
    {
      "label": "unrelated/step-7",
      "status": "SUCCESS",
      "gasUsed": "481391",
      "principals": 2,
      "budget": 1,
      "origin": "42",
      "observedCurrent": "56",
      "scannedBefore": "6",
      "scannedAfter": "7",
      "prefixComparisons": "0",
      "prefixGasDiagnostic": "0"
    },
    {
      "label": "unrelated/step-8",
      "status": "SUCCESS",
      "gasUsed": "498075",
      "principals": 2,
      "budget": 1,
      "origin": "42",
      "observedCurrent": "57",
      "scannedBefore": "7",
      "scannedAfter": "8",
      "prefixComparisons": "0",
      "prefixGasDiagnostic": "0"
    },
    {
      "label": "unselected/step-1",
      "status": "SUCCESS",
      "gasUsed": "667955",
      "principals": 2,
      "budget": 1,
      "origin": "57",
      "observedCurrent": "57",
      "scannedBefore": "0",
      "scannedAfter": "1",
      "prefixComparisons": "0",
      "prefixGasDiagnostic": "0"
    },
    {
      "label": "unselected/step-2",
      "status": "SUCCESS",
      "gasUsed": "481391",
      "principals": 2,
      "budget": 1,
      "origin": "57",
      "observedCurrent": "60",
      "scannedBefore": "1",
      "scannedAfter": "2",
      "prefixComparisons": "0",
      "prefixGasDiagnostic": "0"
    },
    {
      "label": "unselected/step-3",
      "status": "SUCCESS",
      "gasUsed": "481391",
      "principals": 2,
      "budget": 1,
      "origin": "57",
      "observedCurrent": "63",
      "scannedBefore": "2",
      "scannedAfter": "3",
      "prefixComparisons": "0",
      "prefixGasDiagnostic": "0"
    },
    {
      "label": "unselected/step-4",
      "status": "SUCCESS",
      "gasUsed": "481391",
      "principals": 2,
      "budget": 1,
      "origin": "57",
      "observedCurrent": "66",
      "scannedBefore": "3",
      "scannedAfter": "4",
      "prefixComparisons": "0",
      "prefixGasDiagnostic": "0"
    },
    {
      "label": "unselected/step-5",
      "status": "SUCCESS",
      "gasUsed": "481391",
      "principals": 2,
      "budget": 1,
      "origin": "57",
      "observedCurrent": "69",
      "scannedBefore": "4",
      "scannedAfter": "5",
      "prefixComparisons": "0",
      "prefixGasDiagnostic": "0"
    },
    {
      "label": "unselected/step-6",
      "status": "SUCCESS",
      "gasUsed": "481391",
      "principals": 2,
      "budget": 1,
      "origin": "57",
      "observedCurrent": "72",
      "scannedBefore": "5",
      "scannedAfter": "6",
      "prefixComparisons": "0",
      "prefixGasDiagnostic": "0"
    },
    {
      "label": "unselected/step-7",
      "status": "SUCCESS",
      "gasUsed": "481391",
      "principals": 2,
      "budget": 1,
      "origin": "57",
      "observedCurrent": "75",
      "scannedBefore": "6",
      "scannedAfter": "7",
      "prefixComparisons": "0",
      "prefixGasDiagnostic": "0"
    },
    {
      "label": "unselected/step-8",
      "status": "SUCCESS",
      "gasUsed": "440092",
      "principals": 2,
      "budget": 1,
      "origin": "57",
      "observedCurrent": "78",
      "scannedBefore": "7",
      "scannedAfter": "8",
      "prefixComparisons": "0",
      "prefixGasDiagnostic": "0"
    },
    {
      "label": "deep-1/step-1",
      "status": "SUCCESS",
      "gasUsed": "638528",
      "principals": 1,
      "budget": 1,
      "origin": "78",
      "observedCurrent": "78",
      "scannedBefore": "0",
      "scannedAfter": "1",
      "prefixComparisons": "0",
      "prefixGasDiagnostic": "0"
    },
    {
      "label": "deep-1/step-2",
      "status": "SUCCESS",
      "gasUsed": "1478365",
      "principals": 1,
      "budget": 7,
      "origin": "78",
      "observedCurrent": "270",
      "scannedBefore": "1",
      "scannedAfter": "8",
      "prefixComparisons": "0",
      "prefixGasDiagnostic": "0"
    },
    {
      "label": "deep-8/step-1",
      "status": "SUCCESS",
      "gasUsed": "937988",
      "principals": 8,
      "budget": 1,
      "origin": "270",
      "observedCurrent": "270",
      "scannedBefore": "0",
      "scannedAfter": "1",
      "prefixComparisons": "0",
      "prefixGasDiagnostic": "0"
    },
    {
      "label": "deep-8/step-2",
      "status": "SUCCESS",
      "gasUsed": "1830234",
      "principals": 8,
      "budget": 4,
      "origin": "270",
      "observedCurrent": "462",
      "scannedBefore": "1",
      "scannedAfter": "5",
      "prefixComparisons": "0",
      "prefixGasDiagnostic": "0"
    },
    {
      "label": "deep-8/step-3",
      "status": "SUCCESS",
      "gasUsed": "1559900",
      "principals": 8,
      "budget": 4,
      "origin": "270",
      "observedCurrent": "462",
      "scannedBefore": "5",
      "scannedAfter": "8",
      "prefixComparisons": "0",
      "prefixGasDiagnostic": "0"
    },
    {
      "label": "deep-64/step-1",
      "status": "SUCCESS",
      "gasUsed": "3186237",
      "principals": 64,
      "budget": 1,
      "origin": "462",
      "observedCurrent": "462",
      "scannedBefore": "0",
      "scannedAfter": "1",
      "prefixComparisons": "0",
      "prefixGasDiagnostic": "0"
    },
    {
      "label": "stress-64/step-1",
      "status": "SUCCESS",
      "gasUsed": "3186237",
      "principals": 64,
      "budget": 1,
      "origin": "462",
      "observedCurrent": "462",
      "scannedBefore": "0",
      "scannedAfter": "1",
      "prefixComparisons": "0",
      "prefixGasDiagnostic": "0"
    },
    {
      "label": "deep-64/step-2",
      "status": "SUCCESS",
      "gasUsed": "3097152",
      "principals": 64,
      "budget": 1,
      "origin": "462",
      "observedCurrent": "654",
      "scannedBefore": "1",
      "scannedAfter": "2",
      "prefixComparisons": "0",
      "prefixGasDiagnostic": "0"
    },
    {
      "label": "deep-64/step-3",
      "status": "SUCCESS",
      "gasUsed": "3097152",
      "principals": 64,
      "budget": 1,
      "origin": "462",
      "observedCurrent": "654",
      "scannedBefore": "2",
      "scannedAfter": "3",
      "prefixComparisons": "0",
      "prefixGasDiagnostic": "0"
    },
    {
      "label": "deep-64/step-4",
      "status": "SUCCESS",
      "gasUsed": "3097152",
      "principals": 64,
      "budget": 1,
      "origin": "462",
      "observedCurrent": "654",
      "scannedBefore": "3",
      "scannedAfter": "4",
      "prefixComparisons": "0",
      "prefixGasDiagnostic": "0"
    },
    {
      "label": "deep-64/step-5",
      "status": "SUCCESS",
      "gasUsed": "3097152",
      "principals": 64,
      "budget": 1,
      "origin": "462",
      "observedCurrent": "654",
      "scannedBefore": "4",
      "scannedAfter": "5",
      "prefixComparisons": "0",
      "prefixGasDiagnostic": "0"
    },
    {
      "label": "deep-64/step-6",
      "status": "SUCCESS",
      "gasUsed": "3097152",
      "principals": 64,
      "budget": 1,
      "origin": "462",
      "observedCurrent": "654",
      "scannedBefore": "5",
      "scannedAfter": "6",
      "prefixComparisons": "0",
      "prefixGasDiagnostic": "0"
    },
    {
      "label": "deep-64/step-7",
      "status": "SUCCESS",
      "gasUsed": "3097152",
      "principals": 64,
      "budget": 1,
      "origin": "462",
      "observedCurrent": "654",
      "scannedBefore": "6",
      "scannedAfter": "7",
      "prefixComparisons": "0",
      "prefixGasDiagnostic": "0"
    },
    {
      "label": "deep-64/step-8",
      "status": "SUCCESS",
      "gasUsed": "3199148",
      "principals": 64,
      "budget": 1,
      "origin": "462",
      "observedCurrent": "654",
      "scannedBefore": "7",
      "scannedAfter": "8",
      "prefixComparisons": "0",
      "prefixGasDiagnostic": "0"
    },
    {
      "label": "joint-P64-B7-deep64/step-2",
      "status": "REVERTED",
      "gasUsed": "14768931",
      "principals": 64,
      "budget": 7,
      "origin": "462",
      "observedCurrent": "654",
      "scannedBefore": "1",
      "scannedAfter": "1"
    },
    {
      "label": "stress-64/step-3",
      "status": "SUCCESS",
      "gasUsed": "3097152",
      "principals": 64,
      "budget": 1,
      "origin": "462",
      "observedCurrent": "654",
      "scannedBefore": "1",
      "scannedAfter": "2",
      "prefixComparisons": "0",
      "prefixGasDiagnostic": "0"
    },
    {
      "label": "stress-64/step-4",
      "status": "SUCCESS",
      "gasUsed": "3097152",
      "principals": 64,
      "budget": 1,
      "origin": "462",
      "observedCurrent": "654",
      "scannedBefore": "2",
      "scannedAfter": "3",
      "prefixComparisons": "0",
      "prefixGasDiagnostic": "0"
    },
    {
      "label": "stress-64/step-5",
      "status": "SUCCESS",
      "gasUsed": "3097152",
      "principals": 64,
      "budget": 1,
      "origin": "462",
      "observedCurrent": "654",
      "scannedBefore": "3",
      "scannedAfter": "4",
      "prefixComparisons": "0",
      "prefixGasDiagnostic": "0"
    },
    {
      "label": "stress-64/step-6",
      "status": "SUCCESS",
      "gasUsed": "3097152",
      "principals": 64,
      "budget": 1,
      "origin": "462",
      "observedCurrent": "654",
      "scannedBefore": "4",
      "scannedAfter": "5",
      "prefixComparisons": "0",
      "prefixGasDiagnostic": "0"
    },
    {
      "label": "stress-64/step-7",
      "status": "SUCCESS",
      "gasUsed": "3097152",
      "principals": 64,
      "budget": 1,
      "origin": "462",
      "observedCurrent": "654",
      "scannedBefore": "5",
      "scannedAfter": "6",
      "prefixComparisons": "0",
      "prefixGasDiagnostic": "0"
    },
    {
      "label": "stress-64/step-8",
      "status": "SUCCESS",
      "gasUsed": "3097152",
      "principals": 64,
      "budget": 1,
      "origin": "462",
      "observedCurrent": "654",
      "scannedBefore": "6",
      "scannedAfter": "7",
      "prefixComparisons": "0",
      "prefixGasDiagnostic": "0"
    },
    {
      "label": "stress-64/step-9",
      "status": "SUCCESS",
      "gasUsed": "3199148",
      "principals": 64,
      "budget": 1,
      "origin": "462",
      "observedCurrent": "654",
      "scannedBefore": "7",
      "scannedAfter": "8",
      "prefixComparisons": "0",
      "prefixGasDiagnostic": "0"
    },
    {
      "label": "retained-churn/step-1",
      "status": "SUCCESS",
      "gasUsed": "734809",
      "principals": 1,
      "budget": 1,
      "origin": "654",
      "observedCurrent": "654",
      "scannedBefore": "0",
      "scannedAfter": "1",
      "prefixComparisons": "3",
      "prefixGasDiagnostic": "74279"
    },
    {
      "label": "retained-churn/step-2",
      "status": "SUCCESS",
      "gasUsed": "517264",
      "principals": 1,
      "budget": 1,
      "origin": "654",
      "observedCurrent": "657",
      "scannedBefore": "1",
      "scannedAfter": "2",
      "prefixComparisons": "3",
      "prefixGasDiagnostic": "74576"
    },
    {
      "label": "retained-churn/step-3",
      "status": "SUCCESS",
      "gasUsed": "519628",
      "principals": 1,
      "budget": 1,
      "origin": "654",
      "observedCurrent": "660",
      "scannedBefore": "2",
      "scannedAfter": "3",
      "prefixComparisons": "3",
      "prefixGasDiagnostic": "74940"
    },
    {
      "label": "retained-churn/step-4",
      "status": "SUCCESS",
      "gasUsed": "519628",
      "principals": 1,
      "budget": 1,
      "origin": "654",
      "observedCurrent": "663",
      "scannedBefore": "3",
      "scannedAfter": "4",
      "prefixComparisons": "3",
      "prefixGasDiagnostic": "74940"
    },
    {
      "label": "retained-churn/step-5",
      "status": "SUCCESS",
      "gasUsed": "532977",
      "principals": 1,
      "budget": 1,
      "origin": "654",
      "observedCurrent": "666",
      "scannedBefore": "4",
      "scannedAfter": "5",
      "prefixComparisons": "4",
      "prefixGasDiagnostic": "88283"
    },
    {
      "label": "retained-churn/step-6",
      "status": "SUCCESS",
      "gasUsed": "532977",
      "principals": 1,
      "budget": 1,
      "origin": "654",
      "observedCurrent": "669",
      "scannedBefore": "5",
      "scannedAfter": "6",
      "prefixComparisons": "4",
      "prefixGasDiagnostic": "90283"
    },
    {
      "label": "retained-churn/step-7",
      "status": "SUCCESS",
      "gasUsed": "535268",
      "principals": 1,
      "budget": 1,
      "origin": "654",
      "observedCurrent": "672",
      "scannedBefore": "6",
      "scannedAfter": "7",
      "prefixComparisons": "4",
      "prefixGasDiagnostic": "92574"
    },
    {
      "label": "retained-churn/step-8",
      "status": "SUCCESS",
      "gasUsed": "530044",
      "principals": 1,
      "budget": 1,
      "origin": "654",
      "observedCurrent": "675",
      "scannedBefore": "7",
      "scannedAfter": "8",
      "prefixComparisons": "4",
      "prefixGasDiagnostic": "92574"
    },
    {
      "label": "selected-churn/step-1",
      "status": "SUCCESS",
      "gasUsed": "660782",
      "principals": 1,
      "budget": 1,
      "origin": "675",
      "observedCurrent": "675",
      "scannedBefore": "0",
      "scannedAfter": "1",
      "prefixComparisons": "0",
      "prefixGasDiagnostic": "0"
    },
    {
      "label": "selected-churn-refuses/step-2",
      "status": "REVERTED",
      "gasUsed": "204218",
      "principals": 1,
      "budget": 1,
      "origin": "675",
      "observedCurrent": "723",
      "scannedBefore": "1",
      "scannedAfter": "1"
    }
  ],
  "companion": {
    "address": "0x624dC0EcEFD94640D316eE3ACfD147Ed9B764638",
    "codehash": "0x8e6b625b0f0a71ff0a7515525ea9e2fbe6683d53f2f17ecaa2a70f3d4f2041a7",
    "pin": "0x8e6b625b0f0a71ff0a7515525ea9e2fbe6683d53f2f17ecaa2a70f3d4f2041a7",
    "runtimeBytes": 1527,
    "ledger": "0xe7f1725E7734CE288F8367e1Bb143E90bb3F0512",
    "writer": "0xc6e7DF5E7b4f2A278906862b61205850344D4e7d"
  },
  "retainedInventoryGap": {
    "implemented": true,
    "measuredProfile": "P1, candidate budget1, origin length8;7 selected-folder renames between8 paid pages",
    "originLengthPin": "0xb5b6d1ccf05066fb82e8d692bebb5a3235a76e8f14836cf3ca303aa8af50121e",
    "selectedRenames": 23,
    "fixtureLifetimeCandidates": "31",
    "fixtureDenseCandidates": "8",
    "candidateAmplificationAtNewOrigin": 3.875,
    "remainingGap": "P64/deep-inventory prefix discovery and joint maxima not measured; no fixed lifetime-inventory work bound",
    "costModel": "every page rediscovers origin prefix lengths by bisection, separately counted; a new retained-inventory query here scans31 candidates rather than8; placement and masks also use retained history; fast profile still refuses selected-folder churn"
  }
}
