authority gas: { createDir: '4607880', createBig: '7657541' }
✔ author-account authorization with routed consent binding (5670.251833ms)
✔ completeness composition regressions at the reader boundary (4787.489375ms)
valid bundle verified; 15 hostile mutations all refused
✔ valid export verifies offline; every hostile mutation fails (7998.258375ms)
not an authenticated EFS export (kind "EFS_FILES_EXPORT_V0"); V0 bundles predate the authenticated format and are unverifiable
✔ the V0 envelope is refused as unverifiable (119.83325ms)
✔ fabricated bundle is refused by the real checks, not certified (110.908625ms)
✔ nonsense with a valid-looking envelope is refused (118.046417ms)
✔ empty evidence and zeroed execution set are not "retained evidence" (113.11775ms)
✔ nested navigation, verified bytes, history and revisions (5137.361917ms)
routed gas: {
  createDir: '4634856',
  createFile: '7831356',
  edit: '3620400',
  rename: '4909475',
  moveDir: '4948205',
  copy: '6857390',
  placement: '2799592',
  remove: '4714376',
  restore: '3875913',
  tag: '2759014'
}
✔ routed everyday loop with contract-enforced authority and preconditions (5536.697292ms)
✔ the sponsor refuses abusive requests without spending gas (4530.993708ms)
ℹ tests 10
ℹ suites 0
ℹ pass 10
ℹ fail 0
ℹ cancelled 0
ℹ skipped 0
ℹ todo 0
ℹ duration_ms 35055.826125
exit=0
