Compiling 74 files with Solc 0.8.30
Solc 0.8.30 finished in 190.42s
Compiler run successful with warnings:
Warning (2519): This declaration shadows an existing declaration.
  --> src/Keys.sol:92:21:
   |
92 |     function record(bytes32 typeId, bytes memory data) internal pure returns (bytes32) {
   |                     ^^^^^^^^^^^^^^
Note: The shadowed declaration is here:
  --> src/Keys.sol:88:5:
   |
88 |     function typeId(bytes32 shape, bytes32[] memory refTypes, bytes32 ruleId) internal pure returns (bytes32) {
   |     ^ (Relevant source part starts here and spans across multiple lines).

Warning (2519): This declaration shadows an existing declaration.
  --> src/Keys.sol:97:29:
   |
97 |     function recordFromHash(bytes32 typeId, bytes32 bodyHash) internal pure returns (bytes32) {
   |                             ^^^^^^^^^^^^^^
Note: The shadowed declaration is here:
  --> src/Keys.sol:88:5:
   |
88 |     function typeId(bytes32 shape, bytes32[] memory refTypes, bytes32 ruleId) internal pure returns (bytes32) {
   |     ^ (Relevant source part starts here and spans across multiple lines).

Warning (2519): This declaration shadows an existing declaration.
   --> src/Keys.sol:117:22:
    |
117 |     function posting(bytes32 typeId, uint8 kind, uint8 ordinal, bytes32 valueKey) internal pure returns (bytes32) {
    |                      ^^^^^^^^^^^^^^
Note: The shadowed declaration is here:
  --> src/Keys.sol:88:5:
   |
88 |     function typeId(bytes32 shape, bytes32[] memory refTypes, bytes32 ruleId) internal pure returns (bytes32) {
   |     ^ (Relevant source part starts here and spans across multiple lines).

Warning (2519): This declaration shadows an existing declaration.
   --> src/Keys.sol:121:25:
    |
121 |     function byTypeList(bytes32 typeId) internal pure returns (bytes32) {
    |                         ^^^^^^^^^^^^^^
Note: The shadowed declaration is here:
  --> src/Keys.sol:88:5:
   |
88 |     function typeId(bytes32 shape, bytes32[] memory refTypes, bytes32 ruleId) internal pure returns (bytes32) {
   |     ^ (Relevant source part starts here and spans across multiple lines).

Warning (2519): This declaration shadows an existing declaration.
   --> test/CoreIndexReplay.t.sol:113:14:
    |
113 |             (bool ok,)=address(ledger).call(abi.encodeCall(CutoverEntry.replaceIndexWhenReady,(r)));
    |              ^^^^^^^
Note: The shadowed declaration is here:
   --> test/CoreIndexReplay.t.sol:123:10:
    |
123 |         (bool ok,)=address(ledger).call(abi.encodeCall(CutoverEntry.replaceIndexWhenReady,(request)));
    |          ^^^^^^^

Warning (8760): This declaration has the same name as another declaration.
   --> test/FaultyReads.sol:121:83:
    |
121 |         returns (uint8 status, bytes32 selected, uint32 revision, address author, uint64 admission)
    |                                                                                   ^^^^^^^^^^^^^^^^
Note: The other declaration is here:
  --> test/FaultyReads.sol:67:5:
   |
67 |     function admission(uint64 ordinal)
   |     ^ (Relevant source part starts here and spans across multiple lines).

Warning (2519): This declaration shadows an existing declaration.
   --> test/FilesJoined.t.sol:487:14:
    |
487 |             (uint8 status, uint64 from, uint64 through) = filesIndex.coverage(filesIndex.FAMILY_FILES_PARENT(), 0);
    |              ^^^^^^^^^^^^
Note: The shadowed declaration is here:
   --> test/FilesJoined.t.sol:513:10:
    |
513 |         (uint8 status, uint64 from, uint64 through) =
    |          ^^^^^^^^^^^^

Warning (2519): This declaration shadows an existing declaration.
   --> test/FilesJoined.t.sol:487:28:
    |
487 |             (uint8 status, uint64 from, uint64 through) = filesIndex.coverage(filesIndex.FAMILY_FILES_PARENT(), 0);
    |                            ^^^^^^^^^^^
Note: The shadowed declaration is here:
   --> test/FilesJoined.t.sol:513:24:
    |
513 |         (uint8 status, uint64 from, uint64 through) =
    |                        ^^^^^^^^^^^

Warning (2519): This declaration shadows an existing declaration.
   --> test/FilesJoined.t.sol:487:41:
    |
487 |             (uint8 status, uint64 from, uint64 through) = filesIndex.coverage(filesIndex.FAMILY_FILES_PARENT(), 0);
    |                                         ^^^^^^^^^^^^^^
Note: The shadowed declaration is here:
   --> test/FilesJoined.t.sol:513:37:
    |
513 |         (uint8 status, uint64 from, uint64 through) =
    |                                     ^^^^^^^^^^^^^^

Warning (2519): This declaration shadows an existing declaration.
   --> test/FilesNames.t.sol:316:14:
    |
316 |             (bool ok, bytes memory err) = address(reader).staticcall(abi.encodeCall(reader.readName, (position, MOUNT, role, bad)));
    |              ^^^^^^^
Note: The shadowed declaration is here:
   --> test/FilesNames.t.sol:320:10:
    |
320 |         (bool ok, bytes memory err) = address(reader).staticcall(abi.encodeCall(reader.readName,
    |          ^^^^^^^

Warning (2519): This declaration shadows an existing declaration.
   --> test/FilesNames.t.sol:316:23:
    |
316 |             (bool ok, bytes memory err) = address(reader).staticcall(abi.encodeCall(reader.readName, (position, MOUNT, role, bad)));
    |                       ^^^^^^^^^^^^^^^^
Note: The shadowed declaration is here:
   --> test/FilesNames.t.sol:320:19:
    |
320 |         (bool ok, bytes memory err) = address(reader).staticcall(abi.encodeCall(reader.readName,
    |                   ^^^^^^^^^^^^^^^^

Warning (2519): This declaration shadows an existing declaration.
   --> test/IndexConfigExpectation.t.sol:146:14:
    |
146 |             (uint64 publication, uint64 first) = bob.execute(one(aPublish(BINARY, bobBodies[0])), bobBodies);
    |              ^^^^^^^^^^^^^^^^^^
Note: The shadowed declaration is here:
   --> test/IndexConfigExpectation.t.sol:168:10:
    |
168 |         (uint64 publication, uint64 first) = ledger.executeSigned(intent, actions, bodies, signature);
    |          ^^^^^^^^^^^^^^^^^^

Warning (2519): This declaration shadows an existing declaration.
   --> test/IndexConfigExpectation.t.sol:146:34:
    |
146 |             (uint64 publication, uint64 first) = bob.execute(one(aPublish(BINARY, bobBodies[0])), bobBodies);
    |                                  ^^^^^^^^^^^^
Note: The shadowed declaration is here:
   --> test/IndexConfigExpectation.t.sol:168:30:
    |
168 |         (uint64 publication, uint64 first) = ledger.executeSigned(intent, actions, bodies, signature);
    |                              ^^^^^^^^^^^^

Warning (2072): Unused local variable.
  --> test/LedgerImport.t.sol:46:42:
   |
46 |         (Ledger.Action[] memory rebuilt, bytes32 h, bytes32 digest, address recovered, bool ok) = fresh.reconstruct(ledger, pub);
   |                                          ^^^^^^^^^

Warning (2018): Function state mutability can be restricted to view
  --> test/FilesDirectoryProfile.t.sol:60:5:
   |
60 |     function test_directory_pin_rejects_wrong_rule_hash() public {
   |     ^ (Relevant source part starts here and spans across multiple lines).

Warning (2018): Function state mutability can be restricted to view
  --> test/FoundationGuard.t.sol:60:5:
   |
60 |     function testReadSetRejectsDuplicatesLengthsAndBounds() public {
   |     ^ (Relevant source part starts here and spans across multiple lines).

Warning (3860): Contract initcode size is 101314 bytes and exceeds 49152 bytes (a limit introduced in Shanghai). This contract may not be deployable on Mainnet. Consider enabling the optimizer (with a low "runs" value!), turning off revert strings, or using libraries.
  --> test/CoreAcceptanceAudit.t.sol:24:1:
   |
24 | contract CoreAcceptanceAuditTest is LabBase {
   | ^ (Relevant source part starts here and spans across multiple lines).

Warning (3860): Contract initcode size is 142941 bytes and exceeds 49152 bytes (a limit introduced in Shanghai). This contract may not be deployable on Mainnet. Consider enabling the optimizer (with a low "runs" value!), turning off revert strings, or using libraries.
  --> test/FilesDirectoryProfile.t.sol:11:1:
   |
11 | contract FilesDirectoryProfileTest is LabBase {
   | ^ (Relevant source part starts here and spans across multiple lines).

Warning (3860): Contract initcode size is 108006 bytes and exceeds 49152 bytes (a limit introduced in Shanghai). This contract may not be deployable on Mainnet. Consider enabling the optimizer (with a low "runs" value!), turning off revert strings, or using libraries.
  --> test/FilesCarrierProfile.t.sol:10:1:
   |
10 | contract FilesCarrierProfileTest is LabBase {
   | ^ (Relevant source part starts here and spans across multiple lines).

Warning (3860): Contract initcode size is 188439 bytes and exceeds 49152 bytes (a limit introduced in Shanghai). This contract may not be deployable on Mainnet. Consider enabling the optimizer (with a low "runs" value!), turning off revert strings, or using libraries.
  --> test/FilesCarrierProfile.t.sol:71:1:
   |
71 | contract FilesCarrierIndexTest is FilesDirectoryProfileTest {
   | ^ (Relevant source part starts here and spans across multiple lines).

Warning (3860): Contract initcode size is 236922 bytes and exceeds 49152 bytes (a limit introduced in Shanghai). This contract may not be deployable on Mainnet. Consider enabling the optimizer (with a low "runs" value!), turning off revert strings, or using libraries.
  --> test/CoreIndexFiles.t.sol:10:1:
   |
10 | contract CoreIndexFilesTest is FilesCarrierIndexTest {
   | ^ (Relevant source part starts here and spans across multiple lines).

Warning (3860): Contract initcode size is 168434 bytes and exceeds 49152 bytes (a limit introduced in Shanghai). This contract may not be deployable on Mainnet. Consider enabling the optimizer (with a low "runs" value!), turning off revert strings, or using libraries.
  --> test/CoreIndexMaterialization.t.sol:19:1:
   |
19 | contract CoreIndexMaterializationTest is LabBase {
   | ^ (Relevant source part starts here and spans across multiple lines).

Warning (3860): Contract initcode size is 118899 bytes and exceeds 49152 bytes (a limit introduced in Shanghai). This contract may not be deployable on Mainnet. Consider enabling the optimizer (with a low "runs" value!), turning off revert strings, or using libraries.
  --> test/CoreIndexReplay.t.sol:33:1:
   |
33 | contract CoreIndexReplayTest is LabBase {
   | ^ (Relevant source part starts here and spans across multiple lines).

Warning (3860): Contract initcode size is 284382 bytes and exceeds 49152 bytes (a limit introduced in Shanghai). This contract may not be deployable on Mainnet. Consider enabling the optimizer (with a low "runs" value!), turning off revert strings, or using libraries.
  --> test/CoreIndexReplayFiles.t.sol:13:1:
   |
13 | contract CoreIndexReplayFilesTest is CoreIndexFilesTest {
   | ^ (Relevant source part starts here and spans across multiple lines).

Warning (3860): Contract initcode size is 69023 bytes and exceeds 49152 bytes (a limit introduced in Shanghai). This contract may not be deployable on Mainnet. Consider enabling the optimizer (with a low "runs" value!), turning off revert strings, or using libraries.
   --> test/CoreOrderedAcceptance.t.sol:141:1:
    |
141 | contract CallbackOwner {
    | ^ (Relevant source part starts here and spans across multiple lines).

Warning (3860): Contract initcode size is 259297 bytes and exceeds 49152 bytes (a limit introduced in Shanghai). This contract may not be deployable on Mainnet. Consider enabling the optimizer (with a low "runs" value!), turning off revert strings, or using libraries.
   --> test/CoreOrderedAcceptance.t.sol:205:1:
    |
205 | contract CoreOrderedAcceptanceTest is LabBase {
    | ^ (Relevant source part starts here and spans across multiple lines).

Warning (3860): Contract initcode size is 273019 bytes and exceeds 49152 bytes (a limit introduced in Shanghai). This contract may not be deployable on Mainnet. Consider enabling the optimizer (with a low "runs" value!), turning off revert strings, or using libraries.
  --> test/FilesPageReader.t.sol:14:1:
   |
14 | contract FilesPageReaderTest is FilesCarrierIndexTest {
   | ^ (Relevant source part starts here and spans across multiple lines).

Warning (3860): Contract initcode size is 280264 bytes and exceeds 49152 bytes (a limit introduced in Shanghai). This contract may not be deployable on Mainnet. Consider enabling the optimizer (with a low "runs" value!), turning off revert strings, or using libraries.
  --> test/CoreReadCostAudit.t.sol:11:1:
   |
11 | contract CoreReadCostAuditTest is FilesPageReaderTest {
   | ^ (Relevant source part starts here and spans across multiple lines).

Warning (3860): Contract initcode size is 130889 bytes and exceeds 49152 bytes (a limit introduced in Shanghai). This contract may not be deployable on Mainnet. Consider enabling the optimizer (with a low "runs" value!), turning off revert strings, or using libraries.
  --> test/Falsify.t.sol:61:1:
   |
61 | contract FalsifyTest is LabBase {
   | ^ (Relevant source part starts here and spans across multiple lines).

Warning (3860): Contract initcode size is 237000 bytes and exceeds 49152 bytes (a limit introduced in Shanghai). This contract may not be deployable on Mainnet. Consider enabling the optimizer (with a low "runs" value!), turning off revert strings, or using libraries.
  --> test/FilesJoined.t.sol:14:1:
   |
14 | contract FilesJoinedTest is LabBase {
   | ^ (Relevant source part starts here and spans across multiple lines).

Warning (3860): Contract initcode size is 253169 bytes and exceeds 49152 bytes (a limit introduced in Shanghai). This contract may not be deployable on Mainnet. Consider enabling the optimizer (with a low "runs" value!), turning off revert strings, or using libraries.
  --> test/FilesApplication.t.sol:18:1:
   |
18 | contract FilesApplicationTest is FilesJoinedTest {
   | ^ (Relevant source part starts here and spans across multiple lines).

Warning (3860): Contract initcode size is 278068 bytes and exceeds 49152 bytes (a limit introduced in Shanghai). This contract may not be deployable on Mainnet. Consider enabling the optimizer (with a low "runs" value!), turning off revert strings, or using libraries.
  --> test/FilesBytework.t.sol:10:1:
   |
10 | contract FilesByteworkTest is FilesPageReaderTest {
   | ^ (Relevant source part starts here and spans across multiple lines).

Warning (3860): Contract initcode size is 191711 bytes and exceeds 49152 bytes (a limit introduced in Shanghai). This contract may not be deployable on Mainnet. Consider enabling the optimizer (with a low "runs" value!), turning off revert strings, or using libraries.
  --> test/FilesNames.t.sol:30:1:
   |
30 | contract FilesNamesTest is LabBase {
   | ^ (Relevant source part starts here and spans across multiple lines).

Warning (3860): Contract initcode size is 251635 bytes and exceeds 49152 bytes (a limit introduced in Shanghai). This contract may not be deployable on Mainnet. Consider enabling the optimizer (with a low "runs" value!), turning off revert strings, or using libraries.
 --> test/FilesLiveIndex.t.sol:9:1:
  |
9 | contract FilesLiveIndexTest is FilesNamesTest {
  | ^ (Relevant source part starts here and spans across multiple lines).

Warning (3860): Contract initcode size is 244916 bytes and exceeds 49152 bytes (a limit introduced in Shanghai). This contract may not be deployable on Mainnet. Consider enabling the optimizer (with a low "runs" value!), turning off revert strings, or using libraries.
  --> test/FilesPaidRead.t.sol:20:1:
   |
20 | contract FilesPaidReadTest is FilesJoinedTest {
   | ^ (Relevant source part starts here and spans across multiple lines).

Warning (3860): Contract initcode size is 105311 bytes and exceeds 49152 bytes (a limit introduced in Shanghai). This contract may not be deployable on Mainnet. Consider enabling the optimizer (with a low "runs" value!), turning off revert strings, or using libraries.
  --> test/FilesParentBudget.t.sol:70:1:
   |
70 | contract ColdParentReadBudgetTest is LabBase {
   | ^ (Relevant source part starts here and spans across multiple lines).

Warning (3860): Contract initcode size is 317375 bytes and exceeds 49152 bytes (a limit introduced in Shanghai). This contract may not be deployable on Mainnet. Consider enabling the optimizer (with a low "runs" value!), turning off revert strings, or using libraries.
  --> test/FilesQueryOrigin.t.sol:10:1:
   |
10 | contract FilesQueryOriginTest is FilesPageReaderTest {
   | ^ (Relevant source part starts here and spans across multiple lines).

Warning (3860): Contract initcode size is 305727 bytes and exceeds 49152 bytes (a limit introduced in Shanghai). This contract may not be deployable on Mainnet. Consider enabling the optimizer (with a low "runs" value!), turning off revert strings, or using libraries.
  --> test/FilesRetainedQuery.t.sol:10:1:
   |
10 | contract FilesRetainedQueryTest is FilesPageReaderTest {
   | ^ (Relevant source part starts here and spans across multiple lines).

Warning (3860): Contract initcode size is 254527 bytes and exceeds 49152 bytes (a limit introduced in Shanghai). This contract may not be deployable on Mainnet. Consider enabling the optimizer (with a low "runs" value!), turning off revert strings, or using libraries.
  --> test/FilesWithdrawal.t.sol:12:1:
   |
12 | contract FilesWithdrawalTest is FilesJoinedTest {
   | ^ (Relevant source part starts here and spans across multiple lines).

Warning (3860): Contract initcode size is 100516 bytes and exceeds 49152 bytes (a limit introduced in Shanghai). This contract may not be deployable on Mainnet. Consider enabling the optimizer (with a low "runs" value!), turning off revert strings, or using libraries.
 --> test/FoundationCost.t.sol:9:1:
  |
9 | contract FoundationCostTest is LabBase {
  | ^ (Relevant source part starts here and spans across multiple lines).

Warning (3860): Contract initcode size is 154769 bytes and exceeds 49152 bytes (a limit introduced in Shanghai). This contract may not be deployable on Mainnet. Consider enabling the optimizer (with a low "runs" value!), turning off revert strings, or using libraries.
  --> test/FoundationFiles.t.sol:14:1:
   |
14 | contract FoundationFilesTest is LabBase {
   | ^ (Relevant source part starts here and spans across multiple lines).

Warning (3860): Contract initcode size is 107866 bytes and exceeds 49152 bytes (a limit introduced in Shanghai). This contract may not be deployable on Mainnet. Consider enabling the optimizer (with a low "runs" value!), turning off revert strings, or using libraries.
 --> test/FoundationGuard.t.sol:9:1:
  |
9 | contract FoundationGuardTest is LabBase {
  | ^ (Relevant source part starts here and spans across multiple lines).

Warning (3860): Contract initcode size is 102467 bytes and exceeds 49152 bytes (a limit introduced in Shanghai). This contract may not be deployable on Mainnet. Consider enabling the optimizer (with a low "runs" value!), turning off revert strings, or using libraries.
  --> test/FoundationIdentity.t.sol:26:1:
   |
26 | contract FoundationIdentityTest is LabBase {
   | ^ (Relevant source part starts here and spans across multiple lines).

Warning (3860): Contract initcode size is 186786 bytes and exceeds 49152 bytes (a limit introduced in Shanghai). This contract may not be deployable on Mainnet. Consider enabling the optimizer (with a low "runs" value!), turning off revert strings, or using libraries.
  --> test/FoundationUpgrade.t.sol:36:1:
   |
36 | contract FoundationUpgradeTest is LabBase {
   | ^ (Relevant source part starts here and spans across multiple lines).

Warning (3860): Contract initcode size is 176028 bytes and exceeds 49152 bytes (a limit introduced in Shanghai). This contract may not be deployable on Mainnet. Consider enabling the optimizer (with a low "runs" value!), turning off revert strings, or using libraries.
  --> test/SignedClaimArchive.t.sol:31:1:
   |
31 | contract SignedClaimArchiveTest is LabBase {
   | ^ (Relevant source part starts here and spans across multiple lines).

Warning (3860): Contract initcode size is 120488 bytes and exceeds 49152 bytes (a limit introduced in Shanghai). This contract may not be deployable on Mainnet. Consider enabling the optimizer (with a low "runs" value!), turning off revert strings, or using libraries.
  --> test/GuardedArchive.t.sol:19:1:
   |
19 | contract GuardedArchiveTest is LabBase {
   | ^ (Relevant source part starts here and spans across multiple lines).

Warning (3860): Contract initcode size is 128978 bytes and exceeds 49152 bytes (a limit introduced in Shanghai). This contract may not be deployable on Mainnet. Consider enabling the optimizer (with a low "runs" value!), turning off revert strings, or using libraries.
  --> test/GuardedRecovery.t.sol:12:1:
   |
12 | contract GuardedRecoveryTest is LabBase {
   | ^ (Relevant source part starts here and spans across multiple lines).

Warning (3860): Contract initcode size is 102807 bytes and exceeds 49152 bytes (a limit introduced in Shanghai). This contract may not be deployable on Mainnet. Consider enabling the optimizer (with a low "runs" value!), turning off revert strings, or using libraries.
  --> test/IdentityTransition.t.sol:15:1:
   |
15 | contract IdentityTransitionTest is LabBase {
   | ^ (Relevant source part starts here and spans across multiple lines).

Warning (3860): Contract initcode size is 181190 bytes and exceeds 49152 bytes (a limit introduced in Shanghai). This contract may not be deployable on Mainnet. Consider enabling the optimizer (with a low "runs" value!), turning off revert strings, or using libraries.
  --> test/IncomingQuotes.t.sol:18:1:
   |
18 | contract IncomingQuotesTest is LabBase {
   | ^ (Relevant source part starts here and spans across multiple lines).

Warning (3860): Contract initcode size is 136075 bytes and exceeds 49152 bytes (a limit introduced in Shanghai). This contract may not be deployable on Mainnet. Consider enabling the optimizer (with a low "runs" value!), turning off revert strings, or using libraries.
  --> test/IndexConfigExpectation.t.sol:27:1:
   |
27 | contract IndexConfigExpectationTest is LabBase {
   | ^ (Relevant source part starts here and spans across multiple lines).

Warning (3860): Contract initcode size is 92394 bytes and exceeds 49152 bytes (a limit introduced in Shanghai). This contract may not be deployable on Mainnet. Consider enabling the optimizer (with a low "runs" value!), turning off revert strings, or using libraries.
 --> test/IndexDigestVectors.t.sol:6:1:
  |
6 | contract IndexDigestVectorsTest is LabBase {
  | ^ (Relevant source part starts here and spans across multiple lines).

Warning (3860): Contract initcode size is 180551 bytes and exceeds 49152 bytes (a limit introduced in Shanghai). This contract may not be deployable on Mainnet. Consider enabling the optimizer (with a low "runs" value!), turning off revert strings, or using libraries.
  --> test/JoinedConsumer.t.sol:15:1:
   |
15 | contract JoinedConsumerTest is LabBase {
   | ^ (Relevant source part starts here and spans across multiple lines).

Warning (3860): Contract initcode size is 122351 bytes and exceeds 49152 bytes (a limit introduced in Shanghai). This contract may not be deployable on Mainnet. Consider enabling the optimizer (with a low "runs" value!), turning off revert strings, or using libraries.
  --> test/LabelType.t.sol:16:1:
   |
16 | contract LabelTypeTest is LabBase {
   | ^ (Relevant source part starts here and spans across multiple lines).

Warning (3860): Contract initcode size is 112682 bytes and exceeds 49152 bytes (a limit introduced in Shanghai). This contract may not be deployable on Mainnet. Consider enabling the optimizer (with a low "runs" value!), turning off revert strings, or using libraries.
  --> test/LedgerEvidence.t.sol:13:1:
   |
13 | contract LedgerEvidenceTest is LabBase {
   | ^ (Relevant source part starts here and spans across multiple lines).

Warning (3860): Contract initcode size is 110598 bytes and exceeds 49152 bytes (a limit introduced in Shanghai). This contract may not be deployable on Mainnet. Consider enabling the optimizer (with a low "runs" value!), turning off revert strings, or using libraries.
  --> test/LedgerImport.t.sol:14:1:
   |
14 | contract LedgerImportTest is LabBase {
   | ^ (Relevant source part starts here and spans across multiple lines).

Warning (3860): Contract initcode size is 130941 bytes and exceeds 49152 bytes (a limit introduced in Shanghai). This contract may not be deployable on Mainnet. Consider enabling the optimizer (with a low "runs" value!), turning off revert strings, or using libraries.
  --> test/LedgerMatrix.t.sol:14:1:
   |
14 | contract LedgerMatrixTest is LabBase {
   | ^ (Relevant source part starts here and spans across multiple lines).

Warning (3860): Contract initcode size is 107270 bytes and exceeds 49152 bytes (a limit introduced in Shanghai). This contract may not be deployable on Mainnet. Consider enabling the optimizer (with a low "runs" value!), turning off revert strings, or using libraries.
 --> test/LensReview.t.sol:9:1:
  |
9 | contract LensReviewTest is LabBase {
  | ^ (Relevant source part starts here and spans across multiple lines).

Warning (3860): Contract initcode size is 144853 bytes and exceeds 49152 bytes (a limit introduced in Shanghai). This contract may not be deployable on Mainnet. Consider enabling the optimizer (with a low "runs" value!), turning off revert strings, or using libraries.
  --> test/MatchedRollback.t.sol:35:1:
   |
35 | contract MatchedRollbackTest is LabBase {
   | ^ (Relevant source part starts here and spans across multiple lines).

Warning (3860): Contract initcode size is 146288 bytes and exceeds 49152 bytes (a limit introduced in Shanghai). This contract may not be deployable on Mainnet. Consider enabling the optimizer (with a low "runs" value!), turning off revert strings, or using libraries.
  --> test/PublicationPreparation.t.sol:30:1:
   |
30 | contract PublicationPreparationTest is LabBase {
   | ^ (Relevant source part starts here and spans across multiple lines).

Warning (3860): Contract initcode size is 100365 bytes and exceeds 49152 bytes (a limit introduced in Shanghai). This contract may not be deployable on Mainnet. Consider enabling the optimizer (with a low "runs" value!), turning off revert strings, or using libraries.
  --> test/ReadSetCarrier.t.sol:15:1:
   |
15 | contract ReadSetCarrierTest is LabBase {
   | ^ (Relevant source part starts here and spans across multiple lines).

Warning (3860): Contract initcode size is 100978 bytes and exceeds 49152 bytes (a limit introduced in Shanghai). This contract may not be deployable on Mainnet. Consider enabling the optimizer (with a low "runs" value!), turning off revert strings, or using libraries.
  --> test/RecordOccurrenceBounds.t.sol:14:1:
   |
14 | contract RecordOccurrenceBoundsTest is LabBase {
   | ^ (Relevant source part starts here and spans across multiple lines).


Ran 1 test for test/GuardedDelegate.t.sol:GuardedDelegateTest
[PASS] testNonSelfCallerCannotPublishThroughDelegate() (gas: 8151415)
Suite result: ok. 1 passed; 0 failed; 0 skipped; finished in 8.11ms (2.03ms CPU time)

Ran 1 test for test/IndexWork.t.sol:IndexWorkTest
[PASS] test_finite_quote_full_profile_ceiling_and_scalar_output_bounds() (gas: 3710556)
Suite result: ok. 1 passed; 0 failed; 0 skipped; finished in 9.11ms (3.05ms CPU time)

Ran 6 tests for test/FoundationIdentity.t.sol:FoundationIdentityTest
[PASS] testBindingOnlySignedPolicyDriftRejected() (gas: 787917)
[PASS] testConstructorNativeIngressRejectedBeforeState() (gas: 165506)
[PASS] testDirectKeyCheckedIngressAndConstructorSignatureRelay() (gas: 1392559)
[PASS] testExplicitHistorySurvivesAccountReclassification() (gas: 1285991)
[PASS] testRealmOriginSeparatesIdenticalDeployments() (gas: 7207020)
[PASS] testSameAddressDifferentKindCannotWithdrawHistoricalContractAdmission() (gas: 1188940)
Suite result: ok. 6 passed; 0 failed; 0 skipped; finished in 15.06ms (5.49ms CPU time)

Ran 3 tests for test/CoreAcceptanceAudit.t.sol:CoreAcceptanceAuditTest
[PASS] test_audit_singleton_separate_publication_negative_control() (gas: 1553611)
[PASS] test_indexed_rule_observes_ordered_prefix_and_rolls_back() (gas: 1330234)
[PASS] test_ordered_singleton_rejection_across_native_signed_and_guarded_ingress() (gas: 5197476)
Suite result: ok. 3 passed; 0 failed; 0 skipped; finished in 15.74ms (6.39ms CPU time)

Ran 7 tests for test/FoundationUpgrade.t.sol:FoundationUpgradeTest
[PASS] testExplicitListConflictAndHistoricalKeysNeverReclassifyAccounts() (gas: 2364432)
[PASS] testGenesisChainChangeRefusesIngressButNotHistoricalOrigin() (gas: 115470)
[PASS] testPopulatedUpgradePreservesRootsMaskHistoryAndWithdrawal() (gas: 3499279)
[PASS] testProxyExplicitlyRejectsEmptyCallsAndEther() (gas: 50590)
[PASS] testProxyLegacyIngressExplicitlyUnsupportedDirectStillSupported() (gas: 881457)
[PASS] testRollbackAndSameCodeReactivationCannotReviveSignedPlan() (gas: 223141)
[PASS] testUpgradeRejectsUnauthorizedAndIncompatibleTargetsAtomically() (gas: 37389921)
Suite result: ok. 7 passed; 0 failed; 0 skipped; finished in 16.89ms (6.52ms CPU time)

Ran 1 test for test/FoundationFiles.t.sol:FoundationFilesTest
[PASS] testSameApplicationUsesRetainedSelectorsAndNewExecutionAfterUpgrade() (gas: 9475443)
Suite result: ok. 1 passed; 0 failed; 0 skipped; finished in 4.53ms (2.24ms CPU time)

Ran 13 tests for test/CoreIndexMaterialization.t.sol:CoreIndexMaterializationTest
[PASS] test_bounded_manifest_is_exposed_and_required_by_signed_obligations() (gas: 71250)
[PASS] test_declared_scalar_and_digest_are_retained_unique_records() (gas: 7394512)
[PASS] test_generic_references_same_target_two_roles_dedup_and_withdraw() (gas: 2739902)
[PASS] test_global_digest_two_declared_types_and_algorithm_separation() (gas: 8801083)
[PASS] test_manifest_header_exposes_limits_and_callback_abi() (gas: 8747)
[PASS] test_manifest_immutable_data_not_progress_and_unknown_fields() (gas: 12478640)
[PASS] test_occurrences_distinct_from_retained_records_and_withdrawals() (gas: 3160848)
[PASS] test_profile_bounds_and_wrong_algorithm_roll_back_every_family() (gas: 7419657)
[PASS] test_scalar_type_codec_and_digest_algorithm_separation() (gas: 7117599)
[PASS] test_singleton_saving_and_word_equivalence_boundaries() (gas: 4299746)
[PASS] test_undeclared_field_spec_kind_and_algorithm_remain_unknown() (gas: 5325899)
[PASS] test_unregistered_exact_type_is_unknown_not_future_complete() (gas: 20024)
[PASS] test_withdrawn_singleton_keeps_word_when_second_occurrence_arrives() (gas: 1676295)
Suite result: ok. 13 passed; 0 failed; 0 skipped; finished in 23.55ms (13.97ms CPU time)

Ran 13 tests for test/FilesCarrierProfile.t.sol:FilesCarrierIndexTest
[PASS] test_carrier_child_reverse_parent_postings_and_reuse() (gas: 3886685)
[PASS] test_directory_exact_body_length_required() (gas: 1073002)
[PASS] test_directory_pin_rejects_wrong_rule_hash() (gas: 25973)
[PASS] test_file_subject_parent_raw_ingress_rejected() (gas: 2438777)
[PASS] test_lookalike_type_with_wrong_rule_is_not_a_directory() (gas: 3655736)
[PASS] test_missing_zero_and_wrong_length_directory_seeds_rejected() (gas: 1861216)
[PASS] test_nonexistent_parent_raw_ingress_rejected() (gas: 2043506)
[PASS] test_required_index_failure_rolls_back_whole_signed_batch() (gas: 1602819)
[PASS] test_self_link_raw_ingress_rejected() (gas: 2630970)
[PASS] test_unrelated_record_parent_raw_ingress_rejected() (gas: 2618848)
[PASS] test_unrelated_record_target_raw_ingress_rejected() (gas: 3183904)
[PASS] test_valid_directory_bootstrap_and_nested_file_without_head() (gas: 5216472)
[PASS] test_withdrawn_descriptor_remains_valid_and_bind_before_name_parent_publish_is_atomic() (gas: 3243101)
Suite result: ok. 13 passed; 0 failed; 0 skipped; finished in 28.42ms (17.98ms CPU time)

Ran 16 tests for test/CoreOrderedAcceptance.t.sol:CoreOrderedAcceptanceTest
[PASS] test_callback_cannot_reenter_mutation_configuration_or_proxy_upgrade() (gas: 21504513)
[PASS] test_callback_returndata_is_bounded_before_copy() (gas: 794483)
[PASS] test_duplicate_reuse_withdraw_and_binding_prefix_agreement() (gas: 6047570)
[PASS] test_earlier_same_batch_reference_succeeds_future_reference_rolls_back() (gas: 1881915)
[PASS] test_eight_reference_quota_mutable_dependency_and_application_atomicity() (gas: 13222898)
Logs:
  8-ref guarded app warm call gas: 1184665

[PASS] test_final_phase_is_static_and_rolls_back_prefix_writes() (gas: 1133292)
[PASS] test_fixed_dispatch_identity_mismatch_fails_closed() (gas: 719321)
[PASS] test_legacy_fallback_index_cannot_skip_mandatory_final_phase() (gas: 2185481)
[PASS] test_low_work_55_leaf_publication_uses_actual_gas_not_unused_allowance() (gas: 5754056)
Logs:
  55 CREATE warm call gas: 5716950

[PASS] test_noncontiguous_required_index_refuses_without_laundering_coverage() (gas: 1793884)
[PASS] test_prefix_and_final_failure_restore_all_state() (gas: 10718850)
[PASS] test_prefix_and_final_spend_one_joint_allowance() (gas: 11452717)
[PASS] test_registry_and_execution_drift_roll_back_before_next_rule() (gas: 66784752)
[PASS] test_runtime_and_initcode_fit_ordinary_deployment_limits() (gas: 18137)
[PASS] test_static_codecs_preserve_hashes_order_and_unknown_type_behavior() (gas: 630285)
Logs:
  read-set 2x1 warm call gas: 17029
  two-action profile warm call gas: 21489

[PASS] test_static_type_rule_cannot_mutate_dependency() (gas: 1197384)
Suite result: ok. 16 passed; 0 failed; 0 skipped; finished in 35.17ms (25.82ms CPU time)

Ran 10 tests for test/FoundationGuard.t.sol:FoundationGuardTest
[PASS] testDifferentGuardsDoNotAliasAtSameNonce() (gas: 1076922)
[PASS] testGuardedBindingEpochAndIndexABAAreStale() (gas: 913161)
[PASS] testGuardedRequiredIndexFailureRollsBackReadSetAndAllEffects() (gas: 1131810)
[PASS] testGuardedSignatureRetainsFullReadSetAndCannotBeStripped() (gas: 989613)
[PASS] testReadSetMutationOmissionAndPrincipalOrderRejected() (gas: 396200)
[PASS] testReadSetRejectsDuplicatesLengthsAndBounds() (gas: 733606)
[PASS] testRetainsNativePrincipalWithoutAccountReclassification() (gas: 698718)
[PASS] testSamePublicationMultipleWritesCheckOnlyPreState() (gas: 1589490)
[PASS] testSameTargetNewRevisionAndLowerIncludedAuthorAreStale() (gas: 2410780)
[PASS] testSelectedSourceAndDestinationGuardEveryIncludedHead() (gas: 2455746)
Suite result: ok. 10 passed; 0 failed; 0 skipped; finished in 15.63ms (13.11ms CPU time)

Ran 9 tests for test/CoreIndexReplay.t.sol:CoreIndexReplayTest
[PASS] test_active_lock_and_incomplete_final_publication_cannot_advance_replay() (gas: 5539161)
[PASS] test_checked_cutover_stale_basis_suffix_retry_and_exactly_once_live() (gas: 10840502)
[PASS] test_cutover_rejects_wide_fixed_request_and_old_guarded_signature() (gas: 5208744)
[PASS] test_decoder_pin_and_unsupported_retained_execution_fail_closed() (gas: 4934222)
[PASS] test_detached_complete_replay_ignores_mutable_policy_and_live_instance_cannot_backfill() (gas: 5678465)
[PASS] test_detached_genesis_replays_historical_heads_and_withdrawal() (gas: 8781758)
[PASS] test_guard_codec_preserves_hash_error_before_exact_stale_coordinates() (gas: 253300)
[PASS] test_imported_create_replays_retained_source_creator() (gas: 12936606)
[PASS] test_readiness_rejects_wrong_basis_manifest_identity_and_malformed_getters() (gas: 10685427)
Suite result: ok. 9 passed; 0 failed; 0 skipped; finished in 13.99ms (12.03ms CPU time)

Ran 14 tests for test/CoreIndexFiles.t.sol:CoreIndexFilesTest
[PASS] test_carrier_child_reverse_parent_postings_and_reuse() (gas: 4002181)
[PASS] test_ciphertext_digest_descriptor_revision_selected_file_and_final_names() (gas: 5467312)
[PASS] test_directory_exact_body_length_required() (gas: 1082609)
[PASS] test_directory_pin_rejects_wrong_rule_hash() (gas: 25973)
[PASS] test_file_subject_parent_raw_ingress_rejected() (gas: 2458317)
[PASS] test_lookalike_type_with_wrong_rule_is_not_a_directory() (gas: 3703008)
[PASS] test_missing_zero_and_wrong_length_directory_seeds_rejected() (gas: 1886863)
[PASS] test_nonexistent_parent_raw_ingress_rejected() (gas: 2061988)
[PASS] test_required_index_failure_rolls_back_whole_signed_batch() (gas: 1620047)
[PASS] test_self_link_raw_ingress_rejected() (gas: 2663318)
[PASS] test_unrelated_record_parent_raw_ingress_rejected() (gas: 2651218)
[PASS] test_unrelated_record_target_raw_ingress_rejected() (gas: 3230118)
[PASS] test_valid_directory_bootstrap_and_nested_file_without_head() (gas: 5263726)
[PASS] test_withdrawn_descriptor_remains_valid_and_bind_before_name_parent_publish_is_atomic() (gas: 3276643)
Suite result: ok. 14 passed; 0 failed; 0 skipped; finished in 22.65ms (18.06ms CPU time)

Ran 12 tests for test/GuardedRecovery.t.sol:GuardedRecoveryTest
[PASS] test_changed_source_realm_and_origin_rejected_mid_prefix() (gas: 3775240)
[PASS] test_equal_revision_different_target_cannot_start_recovery() (gas: 2849940)
[PASS] test_exact_front_run_reconciles_and_continues_prefix() (gas: 3873630)
[PASS] test_independent_other_author_interleaving_preserves_prefix() (gas: 4209167)
[PASS] test_legacy_signed_claim_rejected() (gas: 622033)
[PASS] test_linked_duplicate_rejects_inconsistent_readset_preimage() (gas: 2420225)
[PASS] test_original_author_recovery_preserves_subject_and_duplicate_has_no_effect() (gas: 2429567)
[PASS] test_rejected_policy_rolls_back_helper_core_and_index_then_retry_succeeds() (gas: 3446623)
[PASS] test_required_index_rejection_rolls_back_progress_publication_and_subject() (gas: 3425777)
[PASS] test_sixty_four_source_actions_leave_no_room_for_statement() (gas: 5177859)
[PASS] test_tampered_statement_and_post_front_run_interleaving_rejected() (gas: 2914290)
[PASS] test_wrong_author_lineage_prefix_and_withdraw_rejected() (gas: 2285416)
Suite result: ok. 12 passed; 0 failed; 0 skipped; finished in 38.04ms (35.69ms CPU time)

Ran 6 tests for test/GuardedArchive.t.sol:GuardedArchiveTest
[PASS] test_guarded_64_leaves_max_readset_shared_dedupe_retries_and_claim_local_completion() (gas: 22065039)
[PASS] test_guarded_all_intent_execution_action_fields_order_domains_and_signature_tamper() (gas: 738910)
[PASS] test_guarded_optional_bodies_bounds_duplicates_empty_and_unknown_actions() (gas: 1483728)
[PASS] test_guarded_readset_shape_bounds_and_missing_preimages() (gas: 181548)
[PASS] test_guarded_retains_exact_mandatory_preimages_and_refuses_legacy_getter() (gas: 869625)
[PASS] test_paid_full_preimages_require_presence_and_return_exact_commitments() (gas: 4598531)
Suite result: ok. 6 passed; 0 failed; 0 skipped; finished in 32.59ms (31.50ms CPU time)

Ran 13 tests for test/FilesCarrierProfile.t.sol:FilesCarrierProfileTest
[PASS] test_bytes_and_concept_limits() (gas: 3844727)
[PASS] test_bytes_maximum_payload_admission() (gas: 1521142)
[PASS] test_bytes_supplied_digest_must_match_payload() (gas: 596623)
[PASS] test_descriptor_extra_missing_length_rejected() (gas: 1627464)
[PASS] test_empty_and_binary_descriptor_accepted() (gas: 2836156)
[PASS] test_encrypted_public_plaintext_fingerprint_rejected_direct_core() (gas: 2284025)
[PASS] test_encryption_canonical_parameters_required() (gas: 2269704)
[PASS] test_external_requires_empty_inline_sentinel() (gas: 2523465)
[PASS] test_inline_target_length_hash_and_type_rejected() (gas: 2874348)
[PASS] test_maximum_inline_descriptor_inside_mandatory_budget() (gas: 2270939)
[PASS] test_root_child_exact_lineage_and_finite_parent_profiles() (gas: 7823034)
[PASS] test_signed_batch_rejection_rolls_back_prior_create_and_publication() (gas: 1450142)
[PASS] test_unsupported_algorithm_carrier_media_rejected() (gas: 1884390)
Suite result: ok. 13 passed; 0 failed; 0 skipped; finished in 19.54ms (18.10ms CPU time)

Ran 9 tests for test/FoundationCost.t.sol:FoundationCostTest
[PASS] testCostGuarded1x1() (gas: 1542208)
Logs:
  cold EVM call gas: 904204
  calldata bytes: 1252
  retained preimage bytes: 320
  readset allocated words incl length: 11
  guard event topic bytes: 96
  same-preimage second cold call gas: 532816
  calldata bytes: 1252

[PASS] testCostGuarded32x2() (gas: 3591445)
Logs:
  cold EVM call gas: 2118171
  calldata bytes: 4292
  retained preimage bytes: 3360
  readset allocated words incl length: 106
  guard event topic bytes: 96
  same-preimage second cold call gas: 1136340
  calldata bytes: 4292

[PASS] testCostGuarded64x1() (gas: 4892224)
Logs:
  cold EVM call gas: 2677510
  calldata bytes: 5284
  retained preimage bytes: 4352
  readset allocated words incl length: 137
  guard event topic bytes: 96
  same-preimage second cold call gas: 1496421
  calldata bytes: 5284

[PASS] testCostGuarded64x2() (gas: 6368964)
Logs:
  cold EVM call gas: 3579644
  calldata bytes: 7364
  retained preimage bytes: 6432
  readset allocated words incl length: 202
  guard event topic bytes: 96
  same-preimage second cold call gas: 1980634
  calldata bytes: 7364

[PASS] testCostGuarded64x4() (gas: 9342475)
Logs:
  cold EVM call gas: 5388356
  calldata bytes: 11524
  retained preimage bytes: 10592
  readset allocated words incl length: 332
  guard event topic bytes: 96
  same-preimage second cold call gas: 2951934
  calldata bytes: 11524

[PASS] testCostGuarded8x1() (gas: 1780362)
Logs:
  cold EVM call gas: 1056642
  calldata bytes: 1700
  retained preimage bytes: 768
  readset allocated words incl length: 25
  guard event topic bytes: 96
  same-preimage second cold call gas: 595317
  calldata bytes: 1700

[PASS] testCostGuarded8x2() (gas: 1971908)
Logs:
  cold EVM call gas: 1175559
  calldata bytes: 1988
  retained preimage bytes: 1056
  readset allocated words incl length: 34
  guard event topic bytes: 96
  same-preimage second cold call gas: 656415
  calldata bytes: 1988

[PASS] testCostGuardedZero() (gas: 1502605)
Logs:
  cold EVM call gas: 876311
  calldata bytes: 1156
  retained preimage bytes: 224
  readset allocated words incl length: 8
  guard event topic bytes: 96
  same-preimage second cold call gas: 524195
  calldata bytes: 1156

[PASS] testCostLegacyCreate() (gas: 814680)
Logs:
  cold EVM call gas: 748439
  calldata bytes: 868

Suite result: ok. 9 passed; 0 failed; 0 skipped; finished in 49.80ms (40.43ms CPU time)

Ran 6 tests for test/IdentityTransition.t.sol:IdentityTransitionTest
[PASS] test_delegate_replacement_clear_and_reinstall_preserve_key_namespace() (gas: 2428743)
[PASS] test_native_delegated_ingress_keeps_native_evidence_not_action_signature() (gas: 1454987)
[PASS] test_only_exact_delegation_indicator_is_key_identity() (gas: 32275)
[PASS] test_signed_head_survives_account_code_transition() (gas: 2438833)
[PASS] test_signed_removal_mask_does_not_fall_through_after_account_code_transition() (gas: 2861996)
[PASS] test_withdrawal_releases_original_authors_occurrence_count() (gas: 2769963)
Suite result: ok. 6 passed; 0 failed; 0 skipped; finished in 9.69ms (8.33ms CPU time)

Ran 7 tests for test/LensReview.t.sol:LensReviewTest
[PASS] testAddressAndPrincipalSelectionMaskConflictAndPagingParity() (gas: 5556110)
[PASS] testAddressAndPrincipalUnknownCoverageParity() (gas: 11489734)
[PASS] testExplicitAdmissionPinRemainsStricterThanLegacyAuditCursor() (gas: 2405543)
[PASS] testQualifiedHistoryRejectsOtherLedgersCompleteEmptyIndex() (gas: 15556458)
[PASS] testQualifiedListRejectsOtherLedgersCompleteEmptyIndex() (gas: 15563971)
[PASS] testQualifiedOwnershipValidDetachedAndZeroIndexControls() (gas: 4488091)
[PASS] testZeroExecutionRejectsEveryNoncanonicalFirstCursorField() (gas: 1520823)
Suite result: ok. 7 passed; 0 failed; 0 skipped; finished in 18.40ms (9.16ms CPU time)

Ran 11 tests for test/Falsify.t.sol:FalsifyTest
[PASS] test_F1a_grade0_import_is_unsupported_and_mints_nothing() (gas: 912592)
[PASS] test_F1b_grade0_import_by_contract_is_unsupported_and_mints_nothing() (gas: 440424)
[PASS] test_F2_signed_source_packet_authorizes_nothing_at_the_destination() (gas: 2988306)
[PASS] test_F3_type_identity_is_exact_and_immutable() (gas: 2956513)
[PASS] test_F4_policy_activation_is_separate_from_identity_and_basis_is_recorded() (gas: 2670550)
[PASS] test_F5a_activate_zero_keeps_the_mandatory_rule() (gas: 2262730)
[PASS] test_F5b_permissive_policy_keeps_the_mandatory_rule() (gas: 2363598)
[PASS] test_F5c_policy_adds_constraints_but_cannot_remove_them() (gas: 2904956)
[PASS] test_F5d_mutable_mandatory_acceptor_is_a_documented_gap_not_detected() (gas: 1586410)
[PASS] test_R3_import_reruns_destination_policy_and_retains_source_basis() (gas: 12407048)
[PASS] test_R3_signature_under_epoch_N_rejected_after_activation_old_evidence_reconstructs() (gas: 1891619)
Suite result: ok. 11 passed; 0 failed; 0 skipped; finished in 21.36ms (20.28ms CPU time)

Ran 4 tests for test/MatchedRollback.t.sol:MatchedRollbackTest
[PASS] test_direct_late_index_call_remains_ledger_only() (gas: 4152557)
[PASS] test_scale_seven_complete_a1_reverts_with_full_mandatory_error_and_s0() (gas: 6692551)
[PASS] test_scale_six_complete_a1_late_tag_refusal_rolls_back_full_prefix() (gas: 7780496)
[PASS] test_scale_six_complete_a1_zero_poison_calibrates_full_state() (gas: 7761624)
Suite result: ok. 4 passed; 0 failed; 0 skipped; finished in 11.07ms (7.60ms CPU time)

Ran 12 tests for test/FilesDirectoryProfile.t.sol:FilesDirectoryProfileTest
[PASS] test_directory_exact_body_length_required() (gas: 1048320)
[PASS] test_directory_pin_rejects_wrong_rule_hash() (gas: 25951)
[PASS] test_file_subject_parent_raw_ingress_rejected() (gas: 2408920)
[PASS] test_lookalike_type_with_wrong_rule_is_not_a_directory() (gas: 3620843)
[PASS] test_missing_zero_and_wrong_length_directory_seeds_rejected() (gas: 1794480)
[PASS] test_nonexistent_parent_raw_ingress_rejected() (gas: 2016093)
[PASS] test_required_index_failure_rolls_back_whole_signed_batch() (gas: 1577590)
[PASS] test_self_link_raw_ingress_rejected() (gas: 2601006)
[PASS] test_unrelated_record_parent_raw_ingress_rejected() (gas: 2588884)
[PASS] test_unrelated_record_target_raw_ingress_rejected() (gas: 3151411)
[PASS] test_valid_directory_bootstrap_and_nested_file_without_head() (gas: 5174122)
[PASS] test_withdrawn_descriptor_remains_valid_and_bind_before_name_parent_publish_is_atomic() (gas: 3210351)
Suite result: ok. 12 passed; 0 failed; 0 skipped; finished in 20.51ms (19.15ms CPU time)

Ran 18 tests for test/CoreIndexReplayFiles.t.sol:CoreIndexReplayFilesTest
[PASS] test_carrier_child_reverse_parent_postings_and_reuse() (gas: 4002169)
[PASS] test_ciphertext_digest_descriptor_revision_selected_file_and_final_names() (gas: 5467593)
[PASS] test_directory_exact_body_length_required() (gas: 1082650)
[PASS] test_directory_pin_rejects_wrong_rule_hash() (gas: 26018)
[PASS] test_file_subject_parent_raw_ingress_rejected() (gas: 2458493)
[PASS] test_later_name_cannot_repair_earlier_invalid_publication_during_replay() (gas: 10956372)
[PASS] test_lookalike_type_with_wrong_rule_is_not_a_directory() (gas: 3703149)
[PASS] test_missing_zero_and_wrong_length_directory_seeds_rejected() (gas: 1887082)
[PASS] test_nonexistent_parent_raw_ingress_rejected() (gas: 2062156)
[PASS] test_replayed_late_files_index_qualifies_actual_page_reader() (gas: 25072423)
[PASS] test_replayed_scope_stamps_dense_order_two_authors_two_folders() (gas: 17908696)
[PASS] test_required_index_failure_rolls_back_whole_signed_batch() (gas: 1620359)
[PASS] test_scope_code_pin_rejects_replacement_and_live_write() (gas: 10655696)
[PASS] test_self_link_raw_ingress_rejected() (gas: 2663509)
[PASS] test_unrelated_record_parent_raw_ingress_rejected() (gas: 2651427)
[PASS] test_unrelated_record_target_raw_ingress_rejected() (gas: 3230307)
[PASS] test_valid_directory_bootstrap_and_nested_file_without_head() (gas: 5263864)
[PASS] test_withdrawn_descriptor_remains_valid_and_bind_before_name_parent_publish_is_atomic() (gas: 3276986)
Suite result: ok. 18 passed; 0 failed; 0 skipped; finished in 36.29ms (42.35ms CPU time)

Ran 5 tests for test/IndexConfigExpectation.t.sol:IndexConfigExpectationTest
[PASS] test_actual_module_replacement_rejects_old_signature() (gas: 5101650)
[PASS] test_default_unset_index_keeps_zero_obligation_and_unknown_listing() (gas: 10938843)
[PASS] test_internal_required_declarations_are_constructor_only() (gas: 4216364)
[PASS] test_required_downgrade_refuses_without_invalidating_signed_publication() (gas: 1843144)
[PASS] test_signed_write_survives_other_author_optional_and_generation_progress() (gas: 3817142)
Suite result: ok. 5 passed; 0 failed; 0 skipped; finished in 5.64ms (4.52ms CPU time)

Ran 2 tests for test/IndexDigestVectors.t.sol:IndexDigestVectorsTest
[PASS] test_guarded_digest_matches_independent_static_word_vector() (gas: 13163)
[PASS] test_legacy_digest_matches_independent_static_word_vector() (gas: 14613)
Suite result: ok. 2 passed; 0 failed; 0 skipped; finished in 925.88µs (31.88µs CPU time)

Ran 9 tests for test/PublicationPreparation.t.sol:PublicationPreparationTest
[PASS] test_admission_action_bound_is_early_but_public_profile_getter_stays_available() (gas: 542480)
[PASS] test_changed_helper_code_is_refused_before_preparation() (gas: 44805)
[PASS] test_guard_hash_mismatch_precedes_stale_head_and_bad_signature() (gas: 221090)
[PASS] test_guarded_proxy_uses_proxy_heads_not_relayer_and_preserves_exact_preimage() (gas: 6540468)
[PASS] test_maximum_guard_preimage_survives_preparation_and_deduplicates() (gas: 7474138)
[PASS] test_native_preparation_is_static_544_bytes_and_uses_actual_caller() (gas: 11395257)
[PASS] test_native_preparation_rejects_wrong_return_sizes_before_any_write() (gas: 104104)
[PASS] test_preparation_preserves_bounded_errors_and_refuses_oversized_error_copy() (gas: 65182)
[PASS] test_unused_preparation_ceiling_is_not_an_outer_gas_reserve() (gas: 691102)
Suite result: ok. 9 passed; 0 failed; 0 skipped; finished in 17.78ms (15.73ms CPU time)

Ran 4 tests for test/ReadSetCarrier.t.sol:ReadSetCarrierTest
[PASS] testCorruptPrefixSizeAndHashCannotMasqueradeAsReadSet() (gas: 1554416)
[PASS] testLargeReadSetLivesInCarrierAndRepeatCreatesNothing() (gas: 8831711)
[PASS] testRejectedPublicationRollsBackCarrierNoncePointerEvidenceAndAuthorNonce() (gas: 1701434)
[PASS] testUnknownAndCanonicalEmptyRemainDifferent() (gas: 855625)
Suite result: ok. 4 passed; 0 failed; 0 skipped; finished in 18.11ms (16.39ms CPU time)

Ran 8 tests for test/RecordOccurrenceBounds.t.sol:RecordOccurrenceBoundsTest
[PASS] test_fresh_one_withdraw_zero_reuse_one_keeps_retained_record() (gas: 918653)
[PASS] test_high_count_bit_refuses_publish_and_reuse_without_truncating_check() (gas: 1208437)
[PASS] test_max_duplicate_publish_refuses_without_state_or_index_change() (gas: 685814)
[PASS] test_max_minus_one_allows_exactly_one_publish() (gas: 1150305)
[PASS] test_max_minus_one_allows_exactly_one_reuse() (gas: 1132394)
[PASS] test_max_reuse_refuses_without_state_or_index_change() (gas: 686198)
[PASS] test_second_publish_at_max_rolls_back_first_reuse_prefix() (gas: 844778)
[PASS] test_second_reuse_at_max_rolls_back_first_publish_prefix() (gas: 864684)
Suite result: ok. 8 passed; 0 failed; 0 skipped; finished in 11.33ms (8.05ms CPU time)

Ran 21 tests for test/JoinedConsumer.t.sol:JoinedConsumerTest
[PASS] test_consumer_exposes_no_quote_on_absent_masked_wrong_type_or_unknown_page() (gas: 2814188)
[PASS] test_faulty_actual_reply_admission_not_a_bind_is_refused() (gas: 5045980)
[PASS] test_faulty_actual_reply_admission_outside_its_publication_range_is_refused() (gas: 5061708)
[PASS] test_faulty_actual_reply_cursor_generation_epoch_core_scope_and_packed_lens_context_are_refused() (gas: 5392987)
[PASS] test_faulty_actual_reply_imported_signed_and_native_publications_are_refused_as_local_fixture_evidence() (gas: 5188156)
[PASS] test_faulty_actual_reply_mismatched_or_wrapping_admission_revision_is_refused() (gas: 5277256)
[PASS] test_faulty_actual_reply_missing_pair_is_refused() (gas: 5179574)
[PASS] test_faulty_actual_reply_partial_page_claiming_ended_is_refused() (gas: 5084301)
[PASS] test_faulty_actual_reply_same_author_and_target_at_wrong_head_or_folder_coordinate_is_refused() (gas: 5161584)
[PASS] test_faulty_actual_reply_short_evidence_fails_closed() (gas: 5056167)
[PASS] test_faulty_actual_reply_wrong_selected_revision_is_refused() (gas: 5037759)
[PASS] test_faulty_actual_reply_wrong_type_item_is_refused() (gas: 5104230)
[PASS] test_faulty_actual_reply_zero_or_future_record_first_admission_is_refused_for_quote_pair_and_both_items() (gas: 5600671)
[PASS] test_faulty_actual_reply_zero_or_future_selected_and_placement_admissions_are_refused() (gas: 5241995)
[PASS] test_joined_step_6_move_replace_remove_restore_keeps_identity() (gas: 8109302)
[PASS] test_joined_steps_1_to_5_point_list_tag_history() (gas: 5577685)
[PASS] test_paid_slice_point_and_list_agree_under_both_lenses_with_A_placement_provenance() (gas: 5442184)
[PASS] test_paid_slice_refuses_extra_placement_wrong_provenance_and_incomplete_coverage() (gas: 8085444)
[PASS] test_paid_slice_refuses_wrong_author_proof_category_pair_items_and_mantissa() (gas: 7331536)
[PASS] test_quote_acceptor_pins_shape_scale_bounds_and_pair_reference() (gas: 5349956)
[PASS] test_stateless_twin_commits_exactly_what_the_storing_consumer_stores() (gas: 2569273)
Suite result: ok. 21 passed; 0 failed; 0 skipped; finished in 89.26ms (86.91ms CPU time)

Ran 3 tests for test/LabelType.t.sol:LabelTypeTest
[PASS] test_label_acceptor_is_a_lab_convention_utf8_1_to_255() (gas: 149167)
[PASS] test_label_admission_rejects_non_utf8_empty_and_over_255() (gas: 2672959)
[PASS] test_label_fresh_republished_omitted_and_hash_only_retrieval() (gas: 6472490)
Suite result: ok. 3 passed; 0 failed; 0 skipped; finished in 5.40ms (4.28ms CPU time)

Ran 7 tests for test/LedgerEvidence.t.sol:LedgerEvidenceTest
[PASS] test_exact_native_retry_is_noop() (gas: 1035489)
[PASS] test_page_across_mutation_cursor_law() (gas: 5969805)
[PASS] test_reconstruction_from_state_only_all_kinds() (gas: 2514008)
[PASS] test_rename_move_recreate_old_path_keeps_identity() (gas: 6782677)
[PASS] test_same_batch_typed_reference_and_wrong_type() (gas: 2422692)
[PASS] test_signature_binds_every_field() (gas: 2251934)
[PASS] test_subject_id_portable_across_fresh_deployment() (gas: 9197041)
Suite result: ok. 7 passed; 0 failed; 0 skipped; finished in 14.89ms (13.29ms CPU time)

Ran 5 tests for test/LedgerImport.t.sol:LedgerImportTest
[PASS] test_contract_principal_is_origin_qualified() (gas: 8432744)
[PASS] test_cursor_rejects_stale_basis_and_dedupes_names() (gas: 4343974)
[PASS] test_fresh_reader_reconstructs_identical_digest_with_negatives() (gas: 2422171)
[PASS] test_import_of_native_source_is_unsupported_and_fails_closed() (gas: 8481932)
[PASS] test_import_requires_destination_authorization_and_keeps_identity() (gas: 18351940)
Suite result: ok. 5 passed; 0 failed; 0 skipped; finished in 11.21ms (6.30ms CPU time)

Ran 17 tests for test/SignedClaimArchive.t.sol:SignedClaimArchiveTest
[PASS] test_any_account_can_complete_claim_without_changing_first_importer() (gas: 644035)
[PASS] test_arbitrary_signed_tuples_and_unknown_type_are_claims_not_admissions() (gas: 693104)
[PASS] test_claim_local_coverage_requires_explicit_attachment_after_global_cache_hit() (gas: 1087318)
[PASS] test_codeblob_retry_preserves_event_location_codehash_and_creation_nonce() (gas: 2806119)
[PASS] test_conflicting_same_nonce_signed_claims_remain_distinct() (gas: 969481)
[PASS] test_joined_diverged_cas_current_rejection_and_missing_body() (gas: 4309826)
[PASS] test_leaf_63_round_trips_and_wrong_leaf_reverts() (gas: 11918905)
[PASS] test_maximum_vector_and_exact_calldata_ceilings() (gas: 16289682)
[PASS] test_packed_and_codeblob_reconstruct_identical_1_2_64_vectors() (gas: 47784268)
[PASS] test_paid_consumer_emits_exact_first_last_action_hash_without_storage() (gas: 28021332)
[PASS] test_record_postings_are_per_leaf_even_for_repeated_record_id() (gas: 856579)
[PASS] test_rejects_zero_actions_65_actions_65_bodies_duplicate_body_leaf_and_8193_bytes() (gas: 693867)
[PASS] test_retry_keeps_first_importer_vector_and_posting_counts() (gas: 659712)
[PASS] test_reuse_rejects_conflicting_type_or_body() (gas: 1687967)
[PASS] test_signature_rejects_empty_bad_v_high_s_wrong_author_and_expired_is_archivable() (gas: 574113)
[PASS] test_staged_attachments_only_set_requested_bits() (gas: 10400128)
[PASS] test_valid_empty_body_is_present_and_attached() (gas: 544223)
Suite result: ok. 17 passed; 0 failed; 0 skipped; finished in 47.03ms (41.16ms CPU time)

Ran 18 tests for test/FilesLiveIndex.t.sol:FilesLiveIndexTest
[PASS] test_explicit_live_swap_removal_invalidates_unpinned_continuation() (gas: 4190294)
[PASS] test_guarded_name_basis_tracks_execution_without_admission_change() (gas: 2125343)
[PASS] test_live_32_renames_scan_one_not_33() (gas: 31982563)
[PASS] test_live_address_explicit_parity_after_swap_removal() (gas: 5846081)
[PASS] test_live_higher_mask_still_suppresses_lower_positive_candidate() (gas: 3158259)
[PASS] test_live_late_attachment_never_claims_complete_empty() (gas: 11094285)
[PASS] test_live_rebind_is_not_duplicate_and_restore_readds_once() (gas: 3590378)
[PASS] test_live_removal_swaps_dense_candidate_without_erasing_audit() (gas: 5681758)
[PASS] test_live_scope_stamp_tracks_overwrite_removal_and_restore() (gas: 4058363)
[PASS] test_live_swap_removal_invalidates_unpinned_continuation() (gas: 4144003)
[PASS] test_name_grammar_exhaustive_bytes_and_255_boundaries() (gas: 562070)
[PASS] test_names_ascii_grammar_refuses_unsupported_bytes_without_normalizing() (gas: 7927063)
[PASS] test_names_forged_earlier_metadata_refuses_without_membership_change() (gas: 3848300)
[PASS] test_names_last_occurrence_withdrawal_preserves_name_membership_and_contents() (gas: 3440031)
[PASS] test_names_missing_signed_and_generic_ingress_roll_back() (gas: 3543984)
[PASS] test_names_multiple_positions_and_reused_name_without_republication() (gas: 4442820)
[PASS] test_names_response_faults_preserve_membership_and_reject_mixed_basis() (gas: 17133365)
[PASS] test_names_signed_name_after_bind_and_parent_maintenance() (gas: 3089574)
Suite result: ok. 18 passed; 0 failed; 0 skipped; finished in 64.48ms (62.44ms CPU time)

Ran 24 tests for test/FilesPageReader.t.sol:FilesPageReaderTest
[PASS] test_carrier_child_reverse_parent_postings_and_reuse() (gas: 3886696)
[PASS] test_directory_exact_body_length_required() (gas: 1073123)
[PASS] test_directory_pin_rejects_wrong_rule_hash() (gas: 26193)
[PASS] test_file_subject_parent_raw_ingress_rejected() (gas: 2438898)
[PASS] test_lookalike_type_with_wrong_rule_is_not_a_directory() (gas: 3655747)
[PASS] test_missing_zero_and_wrong_length_directory_seeds_rejected() (gas: 1861364)
[PASS] test_nonexistent_parent_raw_ingress_rejected() (gas: 2043528)
[PASS] test_page_conflict_keeps_file_tag_and_unknown_revision_tag() (gas: 13167150)
[PASS] test_page_continuations_bind_caller_filter_basis_and_swap_removal() (gas: 14621627)
[PASS] test_page_fault_matrix_matches_independent_point_and_name_oracles() (gas: 17506739)
[PASS] test_page_forged_terminal_cannot_license_whole_query_absence() (gas: 15355223)
[PASS] test_page_header_helper_refuses_unguarded_external_use() (gas: 11020484)
[PASS] test_page_masked_budget_exhaustion_is_partial_not_empty() (gas: 13472337)
[PASS] test_page_name_header_and_tag_failures_keep_known_axes() (gas: 12581834)
[PASS] test_page_partial_family_coverage_is_unknown() (gas: 11078710)
[PASS] test_page_unavailable_head_keeps_selected_placement_name_and_file_tag() (gas: 11813369)
[PASS] test_page_uncertain_join_cannot_license_filtered_empty_origin() (gas: 12462644)
[PASS] test_page_unsupported_header_cannot_disappear_under_filter() (gas: 12279754)
[PASS] test_required_index_failure_rolls_back_whole_signed_batch() (gas: 1603234)
[PASS] test_self_link_raw_ingress_rejected() (gas: 2631179)
[PASS] test_unrelated_record_parent_raw_ingress_rejected() (gas: 2619079)
[PASS] test_unrelated_record_target_raw_ingress_rejected() (gas: 3184025)
[PASS] test_valid_directory_bootstrap_and_nested_file_without_head() (gas: 5216705)
[PASS] test_withdrawn_descriptor_remains_valid_and_bind_before_name_parent_publish_is_atomic() (gas: 3243501)
Suite result: ok. 24 passed; 0 failed; 0 skipped; finished in 90.73ms (85.83ms CPU time)

Ran 12 tests for test/LedgerMatrix.t.sol:LedgerMatrixTest
[PASS] test_binding_role_demands_target_type() (gas: 3873007)
[PASS] test_checked_references_direct_batch_dedup_reuse() (gas: 5478166)
[PASS] test_failed_acceptance_rolls_back_publication() (gas: 4542975)
[PASS] test_failed_index_module_reverts_and_coverage_is_honest() (gas: 2249426)
[PASS] test_folder_listing_mask_count_and_paging() (gas: 5766015)
[PASS] test_history_as_of_tombstone_and_rebind() (gas: 3703455)
[PASS] test_native_single_author_lifecycle() (gas: 2840572)
[PASS] test_native_two_authors_lens_mask_fallthrough() (gas: 2586610)
[PASS] test_signed_single_author() (gas: 2193260)
[PASS] test_signed_two_authors_and_reconstruction() (gas: 2319758)
[PASS] test_stale_cas_and_not_live() (gas: 3433093)
[PASS] test_two_authors_identical_record_and_withdraw() (gas: 2365104)
Suite result: ok. 12 passed; 0 failed; 0 skipped; finished in 30.36ms (28.20ms CPU time)

Ran 29 tests for test/FilesApplication.t.sol:FilesApplicationTest
[PASS] test_absent_masked_and_wrong_target_tags_remain_qualified() (gas: 7166329)
[PASS] test_app_actual_foreign_file_selection_rejected_without_effects() (gas: 10075626)
[PASS] test_app_adopts_verified_revision_under_its_own_author() (gas: 9585557)
[PASS] test_app_current_policy_refusal_rolls_back() (gas: 9195440)
[PASS] test_app_file_tag_does_not_authorize_selected_revision() (gas: 7308548)
[PASS] test_app_required_index_failure_rolls_back_every_effect() (gas: 15397016)
[PASS] test_app_root_fits_but_child_prefix_exceeds_body_limit_and_rolls_back() (gas: 11091474)
[PASS] test_app_stale_basis_rolls_back() (gas: 8596055)
[PASS] test_app_stale_own_cas_rolls_back_child_and_app_state() (gas: 9382651)
[PASS] test_app_unauthorized_caller_has_no_effect() (gas: 8697620)
[PASS] test_app_withdrawn_parent_still_readable() (gas: 9993871)
[PASS] test_app_wrong_approval_author_has_no_effect() (gas: 12880814)
[PASS] test_app_wrong_selected_revision_has_no_effect() (gas: 8693136)
[PASS] test_cold_large_root_and_child_headers_accept() (gas: 5388568)
[PASS] test_complete_one_page_folder_tag_join_is_not_point_evidence() (gas: 9309115)
[PASS] test_conflict_preserves_both_exact_revisions() (gas: 7697117)
[PASS] test_index_constructor_pins_exact_reviewed_profile() (gas: 13274391)
[PASS] test_missing_unrelated_and_wrong_file_parents_roll_back() (gas: 9533640)
[PASS] test_partial_stale_and_wrong_index_reads_fail_closed() (gas: 11985845)
[PASS] test_point_selection_applies_revision_tag_after_head() (gas: 8876474)
[PASS] test_reader_rechecks_parent_and_scope_coverage() (gas: 9336499)
[PASS] test_reader_rejects_nonprofile_and_wrong_file_selected_records() (gas: 8052428)
[PASS] test_real_files_move_reuse_whiteout_restore() (gas: 21558559)
[PASS] test_real_files_two_name_churn_requires_four_scans() (gas: 11180295)
[PASS] test_required_parent_callback_failure_rolls_back() (gas: 10533458)
[PASS] test_reuse_does_not_duplicate_parent_membership() (gas: 5368152)
[PASS] test_revision_acceptance_history() (gas: 5198261)
[PASS] test_revision_acceptance_history_and_parent_backlinks() (gas: 5256555)
[PASS] test_root_requires_existing_nonzero_file_and_shape() (gas: 3573365)
Suite result: ok. 29 passed; 0 failed; 0 skipped; finished in 160.97ms (150.88ms CPU time)

Ran 26 tests for test/FilesRetainedQuery.t.sol:FilesRetainedQueryTest
[PASS] test_carrier_child_reverse_parent_postings_and_reuse() (gas: 3886696)
[PASS] test_directory_exact_body_length_required() (gas: 1073145)
[PASS] test_directory_pin_rejects_wrong_rule_hash() (gas: 26237)
[PASS] test_file_subject_parent_raw_ingress_rejected() (gas: 2438920)
[PASS] test_lookalike_type_with_wrong_rule_is_not_a_directory() (gas: 3655747)
[PASS] test_missing_zero_and_wrong_length_directory_seeds_rejected() (gas: 1861386)
[PASS] test_nonexistent_parent_raw_ingress_rejected() (gas: 2043528)
[PASS] test_page_conflict_keeps_file_tag_and_unknown_revision_tag() (gas: 13167136)
[PASS] test_page_continuations_bind_caller_filter_basis_and_swap_removal() (gas: 14621615)
[PASS] test_page_fault_matrix_matches_independent_point_and_name_oracles() (gas: 17506766)
[PASS] test_page_forged_terminal_cannot_license_whole_query_absence() (gas: 15355233)
[PASS] test_page_header_helper_refuses_unguarded_external_use() (gas: 11020511)
[PASS] test_page_masked_budget_exhaustion_is_partial_not_empty() (gas: 13472342)
[PASS] test_page_name_header_and_tag_failures_keep_known_axes() (gas: 12581817)
[PASS] test_page_partial_family_coverage_is_unknown() (gas: 11078736)
[PASS] test_page_unavailable_head_keeps_selected_placement_name_and_file_tag() (gas: 11813323)
[PASS] test_page_uncertain_join_cannot_license_filtered_empty_origin() (gas: 12462627)
[PASS] test_page_unsupported_header_cannot_disappear_under_filter() (gas: 12279708)
[PASS] test_required_index_failure_rolls_back_whole_signed_batch() (gas: 1603278)
[PASS] test_retained_placement_uses_historical_higher_masks_and_origin_lengths() (gas: 16069376)
[PASS] test_retained_query_advances_across_selected_folder_churn() (gas: 17722697)
[PASS] test_self_link_raw_ingress_rejected() (gas: 2631223)
[PASS] test_unrelated_record_parent_raw_ingress_rejected() (gas: 2619123)
[PASS] test_unrelated_record_target_raw_ingress_rejected() (gas: 3184047)
[PASS] test_valid_directory_bootstrap_and_nested_file_without_head() (gas: 5216749)
[PASS] test_withdrawn_descriptor_remains_valid_and_bind_before_name_parent_publish_is_atomic() (gas: 3243577)
Suite result: ok. 26 passed; 0 failed; 0 skipped; finished in 89.37ms (84.73ms CPU time)

Ran 17 tests for test/FilesJoined.t.sol:FilesJoinedTest
[PASS] test_absent_masked_and_wrong_target_tags_remain_qualified() (gas: 7165976)
[PASS] test_cold_large_root_and_child_headers_accept() (gas: 5388275)
[PASS] test_complete_one_page_folder_tag_join_is_not_point_evidence() (gas: 9308712)
[PASS] test_conflict_preserves_both_exact_revisions() (gas: 7696625)
[PASS] test_index_constructor_pins_exact_reviewed_profile() (gas: 13274019)
[PASS] test_missing_unrelated_and_wrong_file_parents_roll_back() (gas: 9533180)
[PASS] test_partial_stale_and_wrong_index_reads_fail_closed() (gas: 11985419)
[PASS] test_point_selection_applies_revision_tag_after_head() (gas: 8876074)
[PASS] test_reader_rechecks_parent_and_scope_coverage() (gas: 9336009)
[PASS] test_reader_rejects_nonprofile_and_wrong_file_selected_records() (gas: 8052072)
[PASS] test_real_files_move_reuse_whiteout_restore() (gas: 21556883)
[PASS] test_real_files_two_name_churn_requires_four_scans() (gas: 11179756)
[PASS] test_required_parent_callback_failure_rolls_back() (gas: 10533172)
[PASS] test_reuse_does_not_duplicate_parent_membership() (gas: 5367876)
[PASS] test_revision_acceptance_history() (gas: 5198016)
[PASS] test_revision_acceptance_history_and_parent_backlinks() (gas: 5256195)
[PASS] test_root_requires_existing_nonzero_file_and_shape() (gas: 3573116)
Suite result: ok. 17 passed; 0 failed; 0 skipped; finished in 107.42ms (124.26ms CPU time)

Ran 2 tests for test/FilesBytework.t.sol:FilesNameByteBoundaryTest
[PASS] test_bytework_name_copy_exact_lengths() (gas: 1976603)
[PASS] test_bytework_name_decoder_rejects_malformed_bounds() (gas: 1547976)
Suite result: ok. 2 passed; 0 failed; 0 skipped; finished in 865.79µs (653.54µs CPU time)

Ran 6 tests for test/FilesParentBudget.t.sol:ColdParentReadBudgetTest
[PASS] test_cold_64_parent_permits_valid_child() (gas: 1913620)
[PASS] test_cold_8192_extsload_same_file_accepts_and_indexes() (gas: 3149444)
[PASS] test_cold_8192_extsload_wrong_file_rejects_and_rolls_back() (gas: 2655046)
[PASS] test_cold_8192_parent_refuses_exactly_and_rolls_back() (gas: 2559459)
[PASS] test_cold_short_extsload_matching_padded_word_still_rejects_and_rolls_back() (gas: 1270288)
[PASS] test_warm_fresh_8192_parent_permits_valid_child() (gas: 2594415)
Suite result: ok. 6 passed; 0 failed; 0 skipped; finished in 13.86ms (12.75ms CPU time)

Ran 9 tests for test/FilesNames.t.sol:FilesNamesTest
[PASS] test_guarded_name_basis_tracks_execution_without_admission_change() (gas: 2018847)
[PASS] test_name_grammar_exhaustive_bytes_and_255_boundaries() (gas: 561916)
[PASS] test_names_ascii_grammar_refuses_unsupported_bytes_without_normalizing() (gas: 7874900)
[PASS] test_names_forged_earlier_metadata_refuses_without_membership_change() (gas: 3723802)
[PASS] test_names_last_occurrence_withdrawal_preserves_name_membership_and_contents() (gas: 3225128)
[PASS] test_names_missing_signed_and_generic_ingress_roll_back() (gas: 3328303)
[PASS] test_names_multiple_positions_and_reused_name_without_republication() (gas: 4278008)
[PASS] test_names_response_faults_preserve_membership_and_reject_mixed_basis() (gas: 17132739)
[PASS] test_names_signed_name_after_bind_and_parent_maintenance() (gas: 2965229)
Suite result: ok. 9 passed; 0 failed; 0 skipped; finished in 39.90ms (26.10ms CPU time)

Ran 16 tests for test/IncomingQuotes.t.sol:IncomingQuotesTest
[FAIL: E_COVERAGE()] test_64_returned_ids_fit_Page_4096_bound() (gas: 42594605)
[FAIL: E_COVERAGE()] test_B_only_auxiliary_zero_occurrence_record_still_returned() (gas: 4159087)
[FAIL: E_COVERAGE()] test_binding_backlink_rebind_unbind_preserved_and_retained_membership_unchanged() (gas: 5336351)
[FAIL: E_COVERAGE()] test_each_cursor_commitment_mutation_and_same_graph_cross_mode_replay_rejected() (gas: 10639186)
[PASS] test_exactly_one_pair_reference_and_reciprocal_ledger_required() (gas: 11519913)
[FAIL: E_COVERAGE()] test_full_signed_schedule_old_and_current_against_current_tail() (gas: 10637062)
[FAIL: E_INDEX(0x889b9ddf)] test_gapped_and_optional_family_never_complete() (gas: 6981781)
[FAIL: E_COVERAGE()] test_generation_invalidation_and_changed_attachment_rejected() (gas: 10636910)
[PASS] test_invalid_budget_basis_absent_or_wrong_target_rejected() (gas: 2458073)
[FAIL: E_COVERAGE()] test_late_attachment_exhausted_partial_never_complete() (gas: 10854731)
[PASS] test_max64_action_distinct_quote_targets_existing_callback_allowance() (gas: 60565720)
[FAIL: constructor requirement and maintained coverage preserved] test_required_family_downgrades_refuse_and_queries_remain_complete() (gas: 2866063)
[FAIL: E_COVERAGE()] test_retained_revisions_and_cross_page_reuse_both_readers() (gas: 6065118)
[PASS] test_runtime_pins_rechecked_for_ledger_index_and_rule() (gas: 2182221)
[FAIL: E_COVERAGE()] test_scan_works_with_original_nonselective_index() (gas: 16403901)
[PASS] test_wrong_source_ordinal_rule_shape_and_code_constructor_rejected() (gas: 8578284)
Suite result: FAILED. 5 passed; 11 failed; 0 skipped; finished in 156.78ms (123.86ms CPU time)

Ran 27 tests for test/CoreReadCostAudit.t.sol:CoreReadCostAuditTest
[PASS] test_audit_long_valid_names_filter_cost() (gas: 117526460)
Logs:
  candidate budget: 1
  short-negative warm call gas: 293905
  long-negative warm call gas: 551169
  long-negative success: 1
  candidate budget: 4
  short-negative warm call gas: 853414
  long-negative warm call gas: 1630659
  long-negative success: 1
  candidate budget: 8
  short-negative warm call gas: 1609216
  long-negative warm call gas: 3071772
  long-negative success: 1
  candidate budget: 32
  short-negative warm call gas: 6188911
  long-negative warm call gas: 11763225
  long-negative success: 1

[PASS] test_audit_unrelated_admission_preserves_contract_page_origin() (gas: 14745510)
Logs:
  classification: unchanged selected folder inventory permits retained-origin continuation

[PASS] test_audit_valid_long_name_single_bind_within_index_bound() (gas: 11871443)
Logs:
  Name255 native single bind warm gas: 747444

[PASS] test_carrier_child_reverse_parent_postings_and_reuse() (gas: 3886696)
[PASS] test_directory_exact_body_length_required() (gas: 1073145)
[PASS] test_directory_pin_rejects_wrong_rule_hash() (gas: 26237)
[PASS] test_file_subject_parent_raw_ingress_rejected() (gas: 2439001)
[PASS] test_lookalike_type_with_wrong_rule_is_not_a_directory() (gas: 3655806)
[PASS] test_missing_zero_and_wrong_length_directory_seeds_rejected() (gas: 1861386)
[PASS] test_nonexistent_parent_raw_ingress_rejected() (gas: 2043590)
[PASS] test_page_conflict_keeps_file_tag_and_unknown_revision_tag() (gas: 13167137)
[PASS] test_page_continuations_bind_caller_filter_basis_and_swap_removal() (gas: 14621595)
[PASS] test_page_fault_matrix_matches_independent_point_and_name_oracles() (gas: 17506767)
[PASS] test_page_forged_terminal_cannot_license_whole_query_absence() (gas: 15355235)
[PASS] test_page_header_helper_refuses_unguarded_external_use() (gas: 11020512)
[PASS] test_page_masked_budget_exhaustion_is_partial_not_empty() (gas: 13472365)
[PASS] test_page_name_header_and_tag_failures_keep_known_axes() (gas: 12581818)
[PASS] test_page_partial_family_coverage_is_unknown() (gas: 11078738)
[PASS] test_page_unavailable_head_keeps_selected_placement_name_and_file_tag() (gas: 11813324)
[PASS] test_page_uncertain_join_cannot_license_filtered_empty_origin() (gas: 12462628)
[PASS] test_page_unsupported_header_cannot_disappear_under_filter() (gas: 12279709)
[PASS] test_required_index_failure_rolls_back_whole_signed_batch() (gas: 1603278)
[PASS] test_self_link_raw_ingress_rejected() (gas: 2631282)
[PASS] test_unrelated_record_parent_raw_ingress_rejected() (gas: 2619187)
[PASS] test_unrelated_record_target_raw_ingress_rejected() (gas: 3184106)
[PASS] test_valid_directory_bootstrap_and_nested_file_without_head() (gas: 5216749)
[PASS] test_withdrawn_descriptor_remains_valid_and_bind_before_name_parent_publish_is_atomic() (gas: 3243555)
Suite result: ok. 27 passed; 0 failed; 0 skipped; finished in 183.22ms (238.65ms CPU time)

Ran 18 tests for test/FilesPaidRead.t.sol:FilesPaidReadTest
[PASS] test_absent_masked_and_wrong_target_tags_remain_qualified() (gas: 7166111)
[PASS] test_cold_large_root_and_child_headers_accept() (gas: 5388275)
[PASS] test_complete_one_page_folder_tag_join_is_not_point_evidence() (gas: 9309000)
[PASS] test_conflict_preserves_both_exact_revisions() (gas: 7696755)
[PASS] test_index_constructor_pins_exact_reviewed_profile() (gas: 13274041)
[PASS] test_missing_unrelated_and_wrong_file_parents_roll_back() (gas: 9533202)
[PASS] test_paid_files_emits_six_exact_real_results_without_storage() (gas: 9125432)
[PASS] test_partial_stale_and_wrong_index_reads_fail_closed() (gas: 11985452)
[PASS] test_point_selection_applies_revision_tag_after_head() (gas: 8876258)
[PASS] test_reader_rechecks_parent_and_scope_coverage() (gas: 9336112)
[PASS] test_reader_rejects_nonprofile_and_wrong_file_selected_records() (gas: 8052072)
[PASS] test_real_files_move_reuse_whiteout_restore() (gas: 21557747)
[PASS] test_real_files_two_name_churn_requires_four_scans() (gas: 11179828)
[PASS] test_required_parent_callback_failure_rolls_back() (gas: 10533172)
[PASS] test_reuse_does_not_duplicate_parent_membership() (gas: 5367876)
[PASS] test_revision_acceptance_history() (gas: 5198016)
[PASS] test_revision_acceptance_history_and_parent_backlinks() (gas: 5256217)
[PASS] test_root_requires_existing_nonzero_file_and_shape() (gas: 3573116)
Suite result: ok. 18 passed; 0 failed; 0 skipped; finished in 58.61ms (103.35ms CPU time)

Ran 33 tests for test/FilesQueryOrigin.t.sol:FilesQueryOriginTest
[PASS] test_carrier_child_reverse_parent_postings_and_reuse() (gas: 3886734)
[PASS] test_directory_exact_body_length_required() (gas: 1073205)
[PASS] test_directory_pin_rejects_wrong_rule_hash() (gas: 26421)
[PASS] test_file_subject_parent_raw_ingress_rejected() (gas: 2438979)
[PASS] test_lookalike_type_with_wrong_rule_is_not_a_directory() (gas: 3655784)
[PASS] test_missing_zero_and_wrong_length_directory_seeds_rejected() (gas: 1861446)
[PASS] test_nonexistent_parent_raw_ingress_rejected() (gas: 2043575)
[PASS] test_page_conflict_keeps_file_tag_and_unknown_revision_tag() (gas: 13167351)
[PASS] test_page_continuations_bind_caller_filter_basis_and_swap_removal() (gas: 14621833)
[PASS] test_page_fault_matrix_matches_independent_point_and_name_oracles() (gas: 17507148)
[PASS] test_page_forged_terminal_cannot_license_whole_query_absence() (gas: 15355510)
[PASS] test_page_header_helper_refuses_unguarded_external_use() (gas: 11020698)
[PASS] test_page_masked_budget_exhaustion_is_partial_not_empty() (gas: 13472508)
[PASS] test_page_name_header_and_tag_failures_keep_known_axes() (gas: 12582177)
[PASS] test_page_partial_family_coverage_is_unknown() (gas: 11078857)
[PASS] test_page_unavailable_head_keeps_selected_placement_name_and_file_tag() (gas: 11813503)
[PASS] test_page_uncertain_join_cannot_license_filtered_empty_origin() (gas: 12462777)
[PASS] test_page_unsupported_header_cannot_disappear_under_filter() (gas: 12279971)
[PASS] test_query_empty_consumed_terminal_scopes_guarded_other_folder_allowed() (gas: 15586005)
[PASS] test_query_historical_heads_masks_first_head_tags_and_conflict() (gas: 26005953)
[PASS] test_query_missing_history_keeps_unknown_and_never_falls_through() (gas: 15958427)
[PASS] test_query_nested_origin_generation_epoch_execution_and_gap_refuse() (gas: 15681317)
[PASS] test_query_owned_negative_is_historical_not_current_authority() (gas: 14000508)
[PASS] test_query_owned_prefix_progress_and_reject_foreign_restart_suffix() (gas: 16289784)
[PASS] test_query_owned_unknown_and_old_empty_start_refuse_absence() (gas: 14776630)
[PASS] test_query_post_origin_withdrawal_preserves_retained_headers() (gas: 15275084)
[PASS] test_query_selected_overwrite_mask_swap_restore_refuse() (gas: 55686164)
[PASS] test_required_index_failure_rolls_back_whole_signed_batch() (gas: 1603466)
[PASS] test_self_link_raw_ingress_rejected() (gas: 2631370)
[PASS] test_unrelated_record_parent_raw_ingress_rejected() (gas: 2619292)
[PASS] test_unrelated_record_target_raw_ingress_rejected() (gas: 3184107)
[PASS] test_valid_directory_bootstrap_and_nested_file_without_head() (gas: 5216897)
[PASS] test_withdrawn_descriptor_remains_valid_and_bind_before_name_parent_publish_is_atomic() (gas: 3243708)
Suite result: ok. 33 passed; 0 failed; 0 skipped; finished in 146.60ms (140.14ms CPU time)

Ran 26 tests for test/FilesBytework.t.sol:FilesByteworkTest
[PASS] test_bytework_nonmatching_search_keeps_unknown_axes() (gas: 13177887)
[PASS] test_bytework_substring_boundaries() (gas: 15817002)
[PASS] test_carrier_child_reverse_parent_postings_and_reuse() (gas: 3886696)
[PASS] test_directory_exact_body_length_required() (gas: 1073145)
[PASS] test_directory_pin_rejects_wrong_rule_hash() (gas: 26237)
[PASS] test_file_subject_parent_raw_ingress_rejected() (gas: 2438920)
[PASS] test_lookalike_type_with_wrong_rule_is_not_a_directory() (gas: 3655747)
[PASS] test_missing_zero_and_wrong_length_directory_seeds_rejected() (gas: 1861386)
[PASS] test_nonexistent_parent_raw_ingress_rejected() (gas: 2043528)
[PASS] test_page_conflict_keeps_file_tag_and_unknown_revision_tag() (gas: 13167136)
[PASS] test_page_continuations_bind_caller_filter_basis_and_swap_removal() (gas: 14621615)
[PASS] test_page_fault_matrix_matches_independent_point_and_name_oracles() (gas: 17506795)
[PASS] test_page_forged_terminal_cannot_license_whole_query_absence() (gas: 15355233)
[PASS] test_page_header_helper_refuses_unguarded_external_use() (gas: 11020511)
[PASS] test_page_masked_budget_exhaustion_is_partial_not_empty() (gas: 13472342)
[PASS] test_page_name_header_and_tag_failures_keep_known_axes() (gas: 12581846)
[PASS] test_page_partial_family_coverage_is_unknown() (gas: 11078715)
[PASS] test_page_unavailable_head_keeps_selected_placement_name_and_file_tag() (gas: 11813323)
[PASS] test_page_uncertain_join_cannot_license_filtered_empty_origin() (gas: 12462723)
[PASS] test_page_unsupported_header_cannot_disappear_under_filter() (gas: 12279708)
[PASS] test_required_index_failure_rolls_back_whole_signed_batch() (gas: 1603307)
[PASS] test_self_link_raw_ingress_rejected() (gas: 2631223)
[PASS] test_unrelated_record_parent_raw_ingress_rejected() (gas: 2619123)
[PASS] test_unrelated_record_target_raw_ingress_rejected() (gas: 3184047)
[PASS] test_valid_directory_bootstrap_and_nested_file_without_head() (gas: 5216749)
[PASS] test_withdrawn_descriptor_remains_valid_and_bind_before_name_parent_publish_is_atomic() (gas: 3243581)
Suite result: ok. 26 passed; 0 failed; 0 skipped; finished in 61.47ms (87.68ms CPU time)

Ran 20 tests for test/FilesWithdrawal.t.sol:FilesWithdrawalTest
[PASS] test_absent_masked_and_wrong_target_tags_remain_qualified() (gas: 7166128)
[PASS] test_cold_large_root_and_child_headers_accept() (gas: 5388297)
[PASS] test_complete_one_page_folder_tag_join_is_not_point_evidence() (gas: 9308830)
[PASS] test_conflict_preserves_both_exact_revisions() (gas: 7696797)
[PASS] test_index_constructor_pins_exact_reviewed_profile() (gas: 13274085)
[PASS] test_missing_unrelated_and_wrong_file_parents_roll_back() (gas: 9533582)
[PASS] test_partial_stale_and_wrong_index_reads_fail_closed() (gas: 11985480)
[PASS] test_point_selection_applies_revision_tag_after_head() (gas: 8876296)
[PASS] test_reader_rechecks_parent_and_scope_coverage() (gas: 9336108)
[PASS] test_reader_rejects_nonprofile_and_wrong_file_selected_records() (gas: 8052092)
[PASS] test_real_files_move_reuse_whiteout_restore() (gas: 21558326)
[PASS] test_real_files_two_name_churn_requires_four_scans() (gas: 11179702)
[PASS] test_required_parent_callback_failure_rolls_back() (gas: 10532933)
[PASS] test_reuse_does_not_duplicate_parent_membership() (gas: 5367970)
[PASS] test_revision_acceptance_history() (gas: 5198013)
[PASS] test_revision_acceptance_history_and_parent_backlinks() (gas: 5256256)
[PASS] test_root_requires_existing_nonzero_file_and_shape() (gas: 3573304)
[PASS] test_withdraw_other_author_reuse_does_not_toggle_selected_reads() (gas: 12174482)
[PASS] test_withdraw_parent_keeps_descendants_and_new_child_admissible() (gas: 14396971)
[PASS] test_withdraw_selected_revision_retained_and_readable() (gas: 10440747)
Suite result: ok. 20 passed; 0 failed; 0 skipped; finished in 47.44ms (147.75ms CPU time)

Ran 47 test suites in 235.96ms (1.94s CPU time): 545 tests passed, 11 failed, 0 skipped (556 total tests)

Failing tests:
Encountered 11 failing tests in test/IncomingQuotes.t.sol:IncomingQuotesTest
[FAIL: E_COVERAGE()] test_64_returned_ids_fit_Page_4096_bound() (gas: 42594605)
[FAIL: E_COVERAGE()] test_B_only_auxiliary_zero_occurrence_record_still_returned() (gas: 4159087)
[FAIL: E_COVERAGE()] test_binding_backlink_rebind_unbind_preserved_and_retained_membership_unchanged() (gas: 5336351)
[FAIL: E_COVERAGE()] test_each_cursor_commitment_mutation_and_same_graph_cross_mode_replay_rejected() (gas: 10639186)
[FAIL: E_COVERAGE()] test_full_signed_schedule_old_and_current_against_current_tail() (gas: 10637062)
[FAIL: E_INDEX(0x889b9ddf)] test_gapped_and_optional_family_never_complete() (gas: 6981781)
[FAIL: E_COVERAGE()] test_generation_invalidation_and_changed_attachment_rejected() (gas: 10636910)
[FAIL: E_COVERAGE()] test_late_attachment_exhausted_partial_never_complete() (gas: 10854731)
[FAIL: constructor requirement and maintained coverage preserved] test_required_family_downgrades_refuse_and_queries_remain_complete() (gas: 2866063)
[FAIL: E_COVERAGE()] test_retained_revisions_and_cross_page_reuse_both_readers() (gas: 6065118)
[FAIL: E_COVERAGE()] test_scan_works_with_original_nonselective_index() (gas: 16403901)

Encountered a total of 11 failing tests, 545 tests succeeded

Tip: Run `forge test --rerun` to retry only the 11 failed tests
