Compiling 11 files with Solc 0.8.30
Solc 0.8.30 finished in 10.16s
Compiler run successful with warnings:
Warning (2519): This declaration shadows an existing declaration.
  --> src/Keys.sol:92:21:
   |
92 |     function record(bytes32 typeId, bytes memory data) internal pure returns (bytes32) {
   |                     ^^^^^^^^^^^^^^
Note: The shadowed declaration is here:
  --> src/Keys.sol:88:5:
   |
88 |     function typeId(bytes32 shape, bytes32[] memory refTypes, bytes32 ruleId) internal pure returns (bytes32) {
   |     ^ (Relevant source part starts here and spans across multiple lines).

Warning (2519): This declaration shadows an existing declaration.
  --> src/Keys.sol:97:29:
   |
97 |     function recordFromHash(bytes32 typeId, bytes32 bodyHash) internal pure returns (bytes32) {
   |                             ^^^^^^^^^^^^^^
Note: The shadowed declaration is here:
  --> src/Keys.sol:88:5:
   |
88 |     function typeId(bytes32 shape, bytes32[] memory refTypes, bytes32 ruleId) internal pure returns (bytes32) {
   |     ^ (Relevant source part starts here and spans across multiple lines).

Warning (2519): This declaration shadows an existing declaration.
   --> src/Keys.sol:117:22:
    |
117 |     function posting(bytes32 typeId, uint8 kind, uint8 ordinal, bytes32 valueKey) internal pure returns (bytes32) {
    |                      ^^^^^^^^^^^^^^
Note: The shadowed declaration is here:
  --> src/Keys.sol:88:5:
   |
88 |     function typeId(bytes32 shape, bytes32[] memory refTypes, bytes32 ruleId) internal pure returns (bytes32) {
   |     ^ (Relevant source part starts here and spans across multiple lines).

Warning (2519): This declaration shadows an existing declaration.
   --> src/Keys.sol:121:25:
    |
121 |     function byTypeList(bytes32 typeId) internal pure returns (bytes32) {
    |                         ^^^^^^^^^^^^^^
Note: The shadowed declaration is here:
  --> src/Keys.sol:88:5:
   |
88 |     function typeId(bytes32 shape, bytes32[] memory refTypes, bytes32 ruleId) internal pure returns (bytes32) {
   |     ^ (Relevant source part starts here and spans across multiple lines).

Warning (3860): Contract initcode size is 100171 bytes and exceeds 49152 bytes (a limit introduced in Shanghai). This contract may not be deployable on Mainnet. Consider enabling the optimizer (with a low "runs" value!), turning off revert strings, or using libraries.
  --> test/ReadSetCarrier.t.sol:15:1:
   |
15 | contract ReadSetCarrierTest is LabBase {
   | ^ (Relevant source part starts here and spans across multiple lines).


Ran 4 tests for test/ReadSetCarrier.t.sol:ReadSetCarrierTest
[PASS] testCorruptPrefixSizeAndHashCannotMasqueradeAsReadSet() (gas: 1548568)
[PASS] testLargeReadSetLivesInCarrierAndRepeatCreatesNothing() (gas: 8831668)
[PASS] testRejectedPublicationRollsBackCarrierNoncePointerEvidenceAndAuthorNonce() (gas: 1701434)
[PASS] testUnknownAndCanonicalEmptyRemainDifferent() (gas: 855625)
Suite result: ok. 4 passed; 0 failed; 0 skipped; finished in 8.18ms (9.02ms CPU time)

Ran 1 test suite in 8.75ms (8.18ms CPU time): 4 tests passed, 0 failed, 0 skipped (4 total tests)
