✖ browser transport preserves typed EVM errors without manufacturing metadata for HTTP failures (4.470584ms)
ℹ tests 1
ℹ suites 0
ℹ pass 0
ℹ fail 1
ℹ cancelled 0
ℹ skipped 0
ℹ todo 0
ℹ duration_ms 76.562083

✖ failing tests:

test at browser/readset-profile.test.mjs:17:1
✖ browser transport preserves typed EVM errors without manufacturing metadata for HTTP failures (4.470584ms)
  AssertionError [ERR_ASSERTION]: The validation function is expected to return "true". Received false

  Caught error:

  Error: execution reverted
      at async TestContext.<anonymous> (file:///Users/james/Code/EFS/planning-warroom-b-run/Reviews/2026-09-12-efs-path-decision/lab-b/browser/readset-profile.test.mjs:20:3)
      at async Test.run (node:internal/test_runner/test:1208:7)
      at async startSubtestAfterBootstrap (node:internal/test_runner/harness:385:3) {
    generatedMessage: true,
    code: 'ERR_ASSERTION',
    actual: Error: execution reverted
        at rpc (evalmachine.<anonymous>:10:29)
        at async waitForActual (node:assert:615:5)
        at async strict.rejects (node:assert:738:25)
        at async TestContext.<anonymous> (file:///Users/james/Code/EFS/planning-warroom-b-run/Reviews/2026-09-12-efs-path-decision/lab-b/browser/readset-profile.test.mjs:20:3)
        at async Test.run (node:internal/test_runner/test:1208:7)
        at async startSubtestAfterBootstrap (node:internal/test_runner/harness:385:3),
    operator: 'rejects',
    diff: 'simple'
  }
