✔ raw successful reads deduplicate in-flight, stay immutable, and isolate instances/options (1.304ms)
✔ failed validation/rejection is retried and finite entry/byte/inflight budgets are enforced (0.5075ms)
✔ legacy factory refuses a guarded manifest instead of silently signing the legacy format (0.822833ms)
✔ typed Record evidence has its own qualified point API, without extending Files profiles (10.523375ms)
✔ guarded Files factory rejects the earlier public-plaintext-fingerprint carrier profile before RPC (2.4635ms)
✔ legacy create retains its own-CAS overwrite semantics without adding a selected-destination read (23.170167ms)
✔ cache-backed public reads reuse exact bytes but independently fail reorg and final provider checks (14.392208ms)
✔ verified same-hash context reuse still acquires latest header and chain identity (11.68925ms)
✔ bounded independent groups preserve global order and indices across the 64-principal fixture (4.530833ms)
✔ concurrent same-hash pins keep one accounted evidence entry and distinct owned capabilities (24.266459ms)
✔ late deployment with proven genesis materialization can list, but missing provenance cannot (30.173ms)
✔ pinned legacy index ABI preserves genesis attachment qualification without probing a new getter (30.553458ms)
✔ new provenance RPC refusal never falls back to genesis deployment time (12.445125ms)
✔ a missing Name preserves the positive member and resumable PARTIAL coverage (16.828208ms)
✔ corrupt names are integrity failures, never fixture labels or omitted members (15.267084ms)
✔ a terminal caller cursor cannot certify that the folder is empty (11.990083ms)
✔ mixed block/index contexts and forged context copies fail closed (12.33825ms)
✔ a higher author mask never falls through to a lower live HEAD (11.749333ms)
✔ File and selected revision tags retain their subjects and independent provenance (18.090375ms)
✔ tag assessments never infer a negative from missing or malformed discriminants (0.076084ms)
✔ point tag assessments preserve qualified positives negatives and RPC uncertainty (85.923291ms)
✔ missing conflicting and unavailable revisions have unknown tag assessment, never Directory N/A (38.338ms)
✔ no-tiebreak conflicts expose candidates without an overall selected revision (14.396042ms)
✔ oversized bodies are rejected before authorization (11.891ms)
✔ create encodes File then document, retains Name reuse, and publishes atomically (14.897167ms)
✔ a new higher-author removal mask binds then unbinds using own CAS zero (15.614375ms)
✔ historical restore creates a child of current selection from historical bytes (16.313416ms)
✔ a stale own CAS is refused before send without automatic resigning (24.415875ms)
✔ response loss retains the exact pre-send journal and stays BROADCAST_UNKNOWN (30.396292ms)
✔ a successful receipt without canonical effects is not semantic success (30.534042ms)
✔ legacy recovery observes the receipt before preserving its existing context-failure rejection (25.668625ms)
✔ legacy local malformed envelope codecs reject before any RPC or journal write (25.930458ms)
✔ an unrelated receipt is not attributed to the authorized action or its cost (278.322958ms)
✔ edit uses the explicit manifest Lens, not merely the writing author (16.793167ms)
✔ selected HEAD drift requires fresh authorization even when own CAS stays zero (25.343542ms)
✔ lower-author source placement drift is checked before removal broadcast (24.927416ms)
✔ concurrent submit calls share one broadcast within the SDK instance (25.496625ms)
✔ unavailable no-tiebreak body preserves the known conflict and both authors (13.693334ms)
✔ an unavailable content response retains selected HEAD as UNKNOWN, never ABSENT (12.160541ms)
✔ a corrupt selected body is INVALID, not a verified document or absence (14.422ms)
✔ durable journal failure prevents the external send (20.746417ms)
✔ response loss reconciles exact canonical admissions and heads after reload (57.24825ms)
✔ journal tampering cannot redirect reconciliation to a different publication (24.2275ms)
✔ first use publishes the exact Name bytes in the same atomic create batch (14.828541ms)
✔ move removes only the requested source and binds the named destination in one batch (16.028667ms)
✔ restoring placement binds the retained File without republishing its history or Name (14.076583ms)
✔ tag writes bind the exact File or selected revision subject (31.596167ms)
✔ a public direct Name read verifies a preimage without claiming membership (13.771834ms)
✔ code/index/profile mismatch fails closed instead of producing an empty read (27.986709ms)
✔ exact-hash caches refresh unchanged-admission blocks, epoch, account code, index and reorgs (461.029042ms)
✔ failed pin is retryable and final reconciliation canonicality failure cannot persist success (339.89975ms)
▶ guarded initial-context failure retains only independently refreshed receipt evidence
  ✔ unavailable/available (17.068791ms)
  ✔ unavailable/missing (16.291667ms)
  ✔ unavailable/offline (12.424042ms)
  ✔ missing-block/available (12.857959ms)
  ✔ missing-block/missing (11.966959ms)
  ✔ missing-block/offline (11.915042ms)
  ✔ unsupported/available (32.654792ms)
  ✔ unsupported/missing (31.28825ms)
  ✔ unsupported/offline (30.833041ms)
✔ guarded initial-context failure retains only independently refreshed receipt evidence (678.366625ms)
▶ guarded malformed local envelope bytes shapes and ranges reject before RPC or journal mutation
  ✔ body malformed hex (9.375458ms)
  ✔ body odd hex (8.669708ms)
  ✔ body wrong type (10.0665ms)
  ✔ signature malformed hex (8.919625ms)
  ✔ calldata malformed hex (11.084667ms)
  ✔ action shape (8.208625ms)
  ✔ action array shape (7.902458ms)
  ✔ action uint32 underflow (8.31875ms)
  ✔ action uint32 overflow (8.361ms)
  ✔ intent uint64 overflow (8.362375ms)
  ✔ intent shape (8.69275ms)
  ✔ read-set array shape (8.914875ms)
  ✔ read-set bytes32 shape (8.554917ms)
  ✔ value quantity shape (8.533292ms)
✔ guarded malformed local envelope bytes shapes and ranges reject before RPC or journal mutation (468.523209ms)
✔ guarded environment deploys a reviewed proxy family without changing legacy defaults (236.768083ms)
▶ mined independent-author competition is rejected after preflight, in both transaction orders
  ✔ source-edit/competitor-first (232.834ms)
  ✔ source-edit/victim-first (216.436125ms)
  ✔ higher-absent-live/competitor-first (136.497458ms)
  ✔ higher-absent-live/victim-first (139.166709ms)
  ✔ higher-mask/competitor-first (141.559541ms)
  ✔ higher-mask/victim-first (137.402583ms)
  ✔ included-lower/competitor-first (148.721166ms)
  ✔ included-lower/victim-first (139.511667ms)
  ✔ destination-replace/competitor-first (149.78825ms)
  ✔ destination-replace/victim-first (153.199375ms)
  ✔ destination-mask/competitor-first (147.114167ms)
  ✔ destination-mask/victim-first (147.416542ms)
  ✔ policy/competitor-first (134.573209ms)
  ✔ policy/victim-first (131.520541ms)
  ✔ unrelated/competitor-first (137.654042ms)
  ✔ unrelated/victim-first (138.246917ms)
Report: /var/folders/xj/wwg7k2z54psbr2f_jb8xpytr0000gn/T/efs-compact-demo-FBgowq/guarded-ordering.json
✔ mined independent-author competition is rejected after preflight, in both transaction orders (2706.020041ms)
Report: /var/folders/xj/wwg7k2z54psbr2f_jb8xpytr0000gn/T/efs-compact-demo-7iyufq/guarded-engine.json
✔ guarded Files engine binds complete positions and independently verifies untrusted recovery envelopes (810.152083ms)
Report: /var/folders/xj/wwg7k2z54psbr2f_jb8xpytr0000gn/T/efs-compact-demo-tBjQhN/guarded-upgrades.json
✔ populated proxy upgrades preserve native application identity and fresh historical reconstruction across same-block schedules (1195.850333ms)
Report: /var/folders/xj/wwg7k2z54psbr2f_jb8xpytr0000gn/T/efs-compact-demo-X617Nx/guarded-prague.json
✔ real Prague type-4 install change clear and reverted native delegation preserve the key principal (934.578833ms)
Report: /var/folders/xj/wwg7k2z54psbr2f_jb8xpytr0000gn/T/efs-compact-demo-6VwSmY/guarded-costs.json
✔ whole-transaction guard retention costs remain within the explicit per-transaction cap (510.315667ms)
Report: /var/folders/xj/wwg7k2z54psbr2f_jb8xpytr0000gn/T/efs-compact-demo-kiqnw5/guarded-recovery.json
✔ cold signed Files prefix reconstructs with fresh EOA authority and native carrier use (4274.623708ms)
▶ unavailable selected header makes positive and negative keyed revision tags unknown
  ✔ raw keyed presence false (44.091833ms)
  ✔ raw keyed presence true (47.400833ms)
✔ unavailable selected header makes positive and negative keyed revision tags unknown (755.538ms)
✔ requested tag joins stay partial independently of either and none matches (684.674833ms)
✔ joined pages qualify headers and own exact context Lens query continuations (935.568792ms)
✔ failed Name-coordinate read preserves successful placement provenance (446.955292ms)
▶ joined rows match independent placement Name File and tag observations across pinned cases
  ✔ mixed masked/none (57.735ms)
  ✔ mixed masked/file (20.885875ms)
  ✔ mixed masked/revision (13.1035ms)
  ✔ mixed masked/either (20.460166ms)
  ✔ new HEAD drops selected revision tag (35.137333ms)
  ✔ new HEAD retains stable tag (26.302542ms)
  ✔ ordered Alice then Bob (54.93725ms)
  ✔ ordered Bob then Alice (32.274167ms)
  ✔ diagnostic conflict retains independent stable tag (15.372708ms)
  ✔ definite Directory match after an uncertain File (20.642125ms)
  ✔ unknown-only predicate is not a known match (13.372083ms)
✔ joined rows match independent placement Name File and tag observations across pinned cases (1160.781459ms)
✔ read batching correlates shuffled IDs, preserves options, and separates writes/preflight (24.642875ms)
✔ missing duplicate unknown or malformed batch IDs reject whole batch; item errors remain item-local (1.189542ms)
✔ explicit unsupported batch falls back with identical request IDs and parameters (0.458959ms)
✔ finite batch chunks, byte caps, queue caps and timeouts cannot return partial success (6.101167ms)
✔ HTTP concurrency remains bounded while queued independent read groups drain (25.689917ms)
ℹ tests 122
ℹ suites 0
ℹ pass 122
ℹ fail 0
ℹ cancelled 0
ℹ skipped 0
ℹ todo 0
ℹ duration_ms 30545.444
