✔ no pins keeps the runner explicitly diagnostic (2.459208ms)
✔ incomplete, malformed, unreadable and changed pins fail before module loading (1.305208ms)
✔ a pinned module must export both hook functions (1.113583ms)
✔ beforeFixture rejects malformed schema, metadata and context hashes (5.607625ms)
✔ an empty hook return is a malformed acknowledgement, not a controller exception (1.689916ms)
✔ beforeFixture rejects missing, extra, wrongly typed and mutated input fields with the exact path (13.280584ms)
✔ beforeFixture requires exact nonzero uint32 expectedRevision strings A_FIRST=2 and B_FIRST=1 (5.087541ms)
✔ REFUSE and rejected hooks stop the guarded continuation and retain failure status (5.691834ms)
✔ timeout clears its timer, blocks continuation, and late hook completion cannot race a send (48.965625ms)
✔ successful beforeFixture consumes a deep-copied ack and retains context, ack and comparison separately (2.257458ms)
✔ afterB1 validates stage binding and the complete sealed checkpoint before continuing (2.599917ms)
✔ afterB1 succeeds only after beforeFixture and preserves hook ordering (2.694708ms)
✔ consumerCheck catches a receipt-basis regression for every storing-consumer readback stage (4.159666ms)
✔ consumerCheck catches a dropped expected-field comparison by counting the mismatch (0.502666ms)
✔ report finalizer catches accepting a nonzero cell mismatch as a successful finish (1.100833ms)
✔ report finalizer catches rejecting a zero-mismatch run before successful finish (1.390708ms)
✔ failureRow catches accepting an unavailable expected selector (1.061416ms)
✔ failureRow catches accepting a wrong revert selector (0.926334ms)
✔ failureRow catches accepting changed state after the reverted transaction (0.68975ms)
✔ failureRow simulates the static probe FROM the actual sender and sends from that same wallet (0.762208ms)
✔ failureRow catches a caller-insensitive probe: E_ADMIN would be observed instead of E_TYPE_EXISTS without from (1.392292ms)
✔ failureRow asserts the decoded revert ARGUMENTS when expected arguments are given (3.100667ms)
✔ selectCells rejects unknown keys and empty selections before any chain starts, and keeps plan order (0.580708ms)
✔ joinBasis flags a basis whose policy row, codehash or epoch disagree with the registry row (0.455833ms)
✔ persist catches overwriting prior evidence when the replacement write fails (0.904584ms)
✔ watchdog failure marker catches exiting with initialized evidence still looking successful (0.441292ms)
✔ watchdog failure marker catches pretending evidence exists before report initialization (0.71925ms)
✔ abstractRow builds the arm-neutral comparison row with the RPC_OBSERVED grade and every required field (0.845666ms)
✔ abstractRow catches a missing, unknown, ordinal-labelled or point-charged-lookup row instead of defaulting it (0.721917ms)
✔ checkPaidRowOrdering accepts seal -> (revert -> first tx -> retained) x 4 and returns the rows in order (0.584292ms)
✔ checkPaidRowOrdering catches a second transaction on the same revert, a revert before retention, a wrong head, a wrong parent and an unretained row (0.598708ms)
✔ checkPaidRowOrdering catches a wrong timestamp, a wrong next-block timestamp, a non-zero transaction index and an extra transaction in the block (0.604209ms)
✔ deriveAbstractResult keeps the labels and outcomes only for a fully passing self-check (0.864708ms)
✔ deriveAbstractResult catches a replay that differs from the log: every derived field UNKNOWN, raw log and replay retained (0.727583ms)
✔ deriveAbstractResult catches a missing PaidResult log: UNKNOWN throughout, no log to cite, replay retained (0.557083ms)
✔ assertAnvilOnlyCells refuses the sealing cells without --anvil before any chain call and leaves the other cells alone (0.955084ms)
✔ assertUnrelatedCaller catches a caller that is the deployer, an author or a lab contract (case-insensitive) and pins wallet index 3 (0.537167ms)
✔ buildPaidCalls consumes controller-supplied lenses, Expect and PlacementExpect values verbatim (0.574708ms)
✔ controllerFailureRow maps timeout separately and records every other gate refusal without inventing a send (0.475916ms)
✔ evidenceCategoryOf maps the two proof kinds and refuses an unknown kind instead of defaulting (0.573667ms)
✔ selectCells keeps an optional cell out of the default and substring selections and admits it only by exact name (0.653917ms)
✔ deployAll catches attaching evidence sinks only after a deployment failure (1.0485ms)
ℹ tests 42
ℹ suites 0
ℹ pass 42
ℹ fail 0
ℹ cancelled 0
ℹ skipped 0
ℹ todo 0
ℹ duration_ms 125.895
