No files changed, compilation skipped

Ran 7 tests for test/LedgerEvidence.t.sol:LedgerEvidenceTest
[PASS] test_exact_native_retry_is_noop() (gas: 529727)
[PASS] test_page_across_mutation_cursor_law() (gas: 3838175)
[PASS] test_reconstruction_from_state_only_all_kinds() (gas: 1837114)
[PASS] test_rename_move_recreate_old_path_keeps_identity() (gas: 4430646)
[PASS] test_same_batch_typed_reference_and_wrong_type() (gas: 1412265)
[PASS] test_signature_binds_every_field() (gas: 1613614)
[PASS] test_subject_id_portable_across_fresh_deployment() (gas: 4833048)
Suite result: ok. 7 passed; 0 failed; 0 skipped; finished in 4.92ms (4.11ms CPU time)

Ran 11 tests for test/Falsify.t.sol:FalsifyTest
[PASS] test_F1a_grade0_import_is_unsupported_and_mints_nothing() (gas: 445735)
[PASS] test_F1b_grade0_import_by_contract_is_unsupported_and_mints_nothing() (gas: 424992)
[PASS] test_F2_signed_source_packet_authorizes_nothing_at_the_destination() (gas: 2151769)
[PASS] test_F3_type_identity_is_exact_and_immutable() (gas: 2342459)
[PASS] test_F4_policy_activation_is_separate_from_identity_and_basis_is_recorded() (gas: 1542791)
[PASS] test_F5a_activate_zero_keeps_the_mandatory_rule() (gas: 1085558)
[PASS] test_F5b_permissive_policy_keeps_the_mandatory_rule() (gas: 1186386)
[PASS] test_F5c_policy_adds_constraints_but_cannot_remove_them() (gas: 1636490)
[PASS] test_F5d_mutable_mandatory_acceptor_is_a_documented_gap_not_detected() (gas: 1035753)
[PASS] test_R3_import_reruns_destination_policy_and_retains_source_basis() (gas: 7419059)
[PASS] test_R3_signature_under_epoch_N_rejected_after_activation_old_evidence_reconstructs() (gas: 1153613)
Suite result: ok. 11 passed; 0 failed; 0 skipped; finished in 5.96ms (4.99ms CPU time)

Ran 5 tests for test/LedgerImport.t.sol:LedgerImportTest
[PASS] test_contract_principal_is_origin_qualified() (gas: 4021278)
[PASS] test_cursor_rejects_stale_basis_and_dedupes_names() (gas: 2847590)
[PASS] test_fresh_reader_reconstructs_identical_digest_with_negatives() (gas: 1871441)
[PASS] test_import_of_native_source_is_unsupported_and_fails_closed() (gas: 4062054)
[PASS] test_import_requires_destination_authorization_and_keeps_identity() (gas: 9230435)
Suite result: ok. 5 passed; 0 failed; 0 skipped; finished in 3.20ms (2.60ms CPU time)

Ran 12 tests for test/LedgerMatrix.t.sol:LedgerMatrixTest
[PASS] test_binding_role_demands_target_type() (gas: 2330392)
[PASS] test_checked_references_direct_batch_dedup_reuse() (gas: 3314462)
[PASS] test_failed_acceptance_rolls_back_publication() (gas: 2383987)
[PASS] test_failed_index_module_reverts_and_coverage_is_honest() (gas: 1258065)
[PASS] test_folder_listing_mask_count_and_paging() (gas: 3752032)
[PASS] test_history_as_of_tombstone_and_rebind() (gas: 2199753)
[PASS] test_native_single_author_lifecycle() (gas: 2049768)
[PASS] test_native_two_authors_lens_mask_fallthrough() (gas: 1836768)
[PASS] test_signed_single_author() (gas: 1426226)
[PASS] test_signed_two_authors_and_reconstruction() (gas: 1732858)
[PASS] test_stale_cas_and_not_live() (gas: 1858085)
[PASS] test_two_authors_identical_record_and_withdraw() (gas: 1270420)
Suite result: ok. 12 passed; 0 failed; 0 skipped; finished in 6.73ms (6.06ms CPU time)

Ran 3 tests for test/LabelType.t.sol:LabelTypeTest
[PASS] test_label_acceptor_is_a_lab_convention_utf8_1_to_255() (gas: 149167)
[PASS] test_label_admission_rejects_non_utf8_empty_and_over_255() (gas: 1106670)
[PASS] test_label_fresh_republished_omitted_and_hash_only_retrieval() (gas: 4775458)
Suite result: ok. 3 passed; 0 failed; 0 skipped; finished in 1.90ms (1.18ms CPU time)

Ran 21 tests for test/JoinedConsumer.t.sol:JoinedConsumerTest
[PASS] test_consumer_exposes_no_quote_on_absent_masked_wrong_type_or_unknown_page() (gas: 1628672)
[PASS] test_faulty_actual_reply_admission_not_a_bind_is_refused() (gas: 3880827)
[PASS] test_faulty_actual_reply_admission_outside_its_publication_range_is_refused() (gas: 3896005)
[PASS] test_faulty_actual_reply_cursor_generation_epoch_core_scope_and_packed_lens_context_are_refused() (gas: 4182290)
[PASS] test_faulty_actual_reply_imported_signed_and_native_publications_are_refused_as_local_fixture_evidence() (gas: 4006932)
[PASS] test_faulty_actual_reply_mismatched_or_wrapping_admission_revision_is_refused() (gas: 4085100)
[PASS] test_faulty_actual_reply_missing_pair_is_refused() (gas: 4005528)
[PASS] test_faulty_actual_reply_partial_page_claiming_ended_is_refused() (gas: 3914368)
[PASS] test_faulty_actual_reply_same_author_and_target_at_wrong_head_or_folder_coordinate_is_refused() (gas: 3985800)
[PASS] test_faulty_actual_reply_short_evidence_fails_closed() (gas: 3890464)
[PASS] test_faulty_actual_reply_wrong_selected_revision_is_refused() (gas: 3872914)
[PASS] test_faulty_actual_reply_wrong_type_item_is_refused() (gas: 3936983)
[PASS] test_faulty_actual_reply_zero_or_future_record_first_admission_is_refused_for_quote_pair_and_both_items() (gas: 4383739)
[PASS] test_faulty_actual_reply_zero_or_future_selected_and_placement_admissions_are_refused() (gas: 4051093)
[PASS] test_joined_step_6_move_replace_remove_restore_keeps_identity() (gas: 6083461)
[PASS] test_joined_steps_1_to_5_point_list_tag_history() (gas: 4310414)
[PASS] test_paid_slice_point_and_list_agree_under_both_lenses_with_A_placement_provenance() (gas: 4230030)
[PASS] test_paid_slice_refuses_extra_placement_wrong_provenance_and_incomplete_coverage() (gas: 5793721)
[PASS] test_paid_slice_refuses_wrong_author_proof_category_pair_items_and_mantissa() (gas: 5570194)
[PASS] test_quote_acceptor_pins_shape_scale_bounds_and_pair_reference() (gas: 3123710)
[PASS] test_stateless_twin_commits_exactly_what_the_storing_consumer_stores() (gas: 1935077)
Suite result: ok. 21 passed; 0 failed; 0 skipped; finished in 17.70ms (22.94ms CPU time)

Ran 6 test suites in 24.03ms (40.41ms CPU time): 59 tests passed, 0 failed, 0 skipped (59 total tests)
